Component: ARM Compiler 5.05 (build 41) Tool: armlink [4d0eb9]

==============================================================================

Section Cross References

    startup_lpc17xx.o(STACK) refers (Special) to heapauxi.o(.text) for __use_two_region_memory
    startup_lpc17xx.o(HEAP) refers (Special) to heapauxi.o(.text) for __use_two_region_memory
    startup_lpc17xx.o(RESET) refers (Special) to heapauxi.o(.text) for __use_two_region_memory
    startup_lpc17xx.o(RESET) refers to startup_lpc17xx.o(STACK) for __initial_sp
    startup_lpc17xx.o(RESET) refers to startup_lpc17xx.o(.text) for Reset_Handler
    startup_lpc17xx.o(RESET) refers to uart.o(.text) for UART1_IRQHandler
    startup_lpc17xx.o(RESET) refers to lpc17xx_spi.o(.text) for SPI_IRQHandler
    startup_lpc17xx.o(RESET) refers to main.o(.text) for EINT3_IRQHandler
    startup_lpc17xx.o(.ARM.__at_0x02FC) refers (Special) to heapauxi.o(.text) for __use_two_region_memory
    startup_lpc17xx.o(.text) refers (Special) to heapauxi.o(.text) for __use_two_region_memory
    startup_lpc17xx.o(.text) refers to __main.o(!!!main) for __main
    startup_lpc17xx.o(.text) refers to startup_lpc17xx.o(HEAP) for Heap_Mem
    startup_lpc17xx.o(.text) refers to startup_lpc17xx.o(STACK) for Stack_Mem
    system_lpc17xx.o(.text) refers to system_lpc17xx.o(.data) for SystemFrequency
    uart.o(.text) refers to dflt_clz.o(x$fpl$dfltu) for __aeabi_ui2d
    uart.o(.text) refers to dmul.o(x$fpl$dmul) for __aeabi_dmul
    uart.o(.text) refers to ddiv.o(x$fpl$ddiv) for __aeabi_ddiv
    uart.o(.text) refers to dfixu.o(x$fpl$dfixu) for __aeabi_d2uiz
    uart.o(.text) refers to uart.o(.bss) for uart1_env
    lpc17xx_spi.o(.text) refers to lpc17xx_libcfg_default.o(.text) for check_failed
    lpc17xx_spi.o(.text) refers to main.o(.text) for CS_Force
    lpc17xx_spi.o(.text) refers to lpc17xx_clkpwr.o(.text) for CLKPWR_GetPCLK
    lpc17xx_spi.o(.text) refers to lpc17xx_spi.o(.bss) for spidat
    lpc17xx_spi.o(.text) refers to rt_memcpy_v6.o(.text) for __aeabi_memcpy
    lpc17xx_spi.o(.text) refers to lpc17xx_spi.o(.data) for rd_ongoing
    lpc17xx_spi.o(.text) refers to main.o(.bss) for xferConfig
    lpc17xx_clkpwr.o(.text) refers to system_lpc17xx.o(.data) for SystemFrequency
    eaci.o(.text) refers to eaci_uart.o(.text) for eaci_uart_init
    eaci.o(.text) refers to app_generic.o(.text) for app_eaci_evt
    eaci.o(.text) refers to app_data.o(.text) for app_eaci_data_ind
    eaci_uart.o(.text) refers to uart.o(.text) for uart_read
    eaci_uart.o(.text) refers to h1_alloc.o(.text) for malloc
    eaci_uart.o(.text) refers to app_msg.o(.text) for eaci_msg_que_push
    eaci_uart.o(.text) refers to lpc17xx_spi.o(.data) for wr_ongoing
    eaci_uart.o(.text) refers to eaci.o(.data) for eaci_env
    eaci_uart.o(.text) refers to app_env.o(.bss) for app_env
    app_env.o(.text) refers to rt_memclr_w.o(.text) for __aeabi_memclr4
    app_env.o(.text) refers to app_sys.o(.text) for app_debug_init
    app_env.o(.text) refers to eaci.o(.text) for app_eaci_init
    app_env.o(.text) refers to app_menu.o(.text) for app_menu_hdl
    app_env.o(.text) refers to app_env.o(.bss) for app_env
    app_sys.o(.text) refers to uart.o(.text) for uart_read
    app_sys.o(.text) refers to app_sys.o(.bss) for app_debug_env
    app_sys.o(.text) refers to app_env.o(.bss) for app_env
    app_util.o(.text) refers to app_env.o(.bss) for app_env
    app_generic.o(.text) refers to _printf_percent.o(.ARM.Collect$$_printf_percent$$00000000) for _printf_percent
    app_generic.o(.text) refers to _printf_d.o(.ARM.Collect$$_printf_percent$$00000009) for _printf_d
    app_generic.o(.text) refers to _printf_dec.o(.text) for _printf_int_dec
    app_generic.o(.text) refers to _printf_pad.o(.text) for _printf_pre_padding
    app_generic.o(.text) refers to _printf_x.o(.ARM.Collect$$_printf_percent$$0000000C) for _printf_x
    app_generic.o(.text) refers to _printf_c.o(.ARM.Collect$$_printf_percent$$00000013) for _printf_c
    app_generic.o(.text) refers to _printf_hex_int.o(.text) for _printf_longlong_hex
    app_generic.o(.text) refers to _printf_str.o(.text) for _printf_str
    app_generic.o(.text) refers to eaci_uart.o(.text) for eaci_uart_write
    app_generic.o(.text) refers to app_util.o(.text) for app_eaci_set_bd_addr_by_param
    app_generic.o(.text) refers to h1_alloc.o(.text) for malloc
    app_generic.o(.text) refers to rt_memclr.o(.text) for __aeabi_memclr
    app_generic.o(.text) refers to noretval__2printf.o(.text) for __2printf
    app_generic.o(.text) refers to h1_free.o(.text) for free
    app_generic.o(.text) refers to app_env.o(.bss) for app_env
    app_generic.o(.text) refers to app_generic.o(.conststring) for .conststring
    app_data.o(.text) refers to _printf_pad.o(.text) for _printf_pre_padding
    app_data.o(.text) refers to _printf_percent.o(.ARM.Collect$$_printf_percent$$00000000) for _printf_percent
[...]
    libinit2.o(.ARM.Collect$$libinit$$00000012) refers to libinit2.o(.ARM.Collect$$libinit$$0000000F) for .ARM.Collect$$libinit$$0000000F
    libinit2.o(.ARM.Collect$$libinit$$00000014) refers to libinit2.o(.ARM.Collect$$libinit$$0000000F) for .ARM.Collect$$libinit$$0000000F
    libinit2.o(.ARM.Collect$$libinit$$00000016) refers to libinit2.o(.ARM.Collect$$libinit$$0000000F) for .ARM.Collect$$libinit$$0000000F
    libinit2.o(.ARM.Collect$$libinit$$00000018) refers to libinit2.o(.ARM.Collect$$libinit$$0000000F) for .ARM.Collect$$libinit$$0000000F
    libinit2.o(.ARM.Collect$$libinit$$00000026) refers to argv_veneer.o(.emb_text) for __ARM_argv_veneer
    libinit2.o(.ARM.Collect$$libinit$$00000027) refers to argv_veneer.o(.emb_text) for __ARM_argv_veneer
    dnaninf.o(x$fpl$dnaninf) refers (Special) to usenofp.o(x$fpl$usenofp) for __I$use$fp
    dretinf.o(x$fpl$dretinf) refers (Special) to usenofp.o(x$fpl$usenofp) for __I$use$fp
    sys_command.o(.text) refers (Special) to use_no_semi.o(.text) for __I$use$semihosting
    sys_command.o(.text) refers (Special) to indicate_semi.o(.text) for __semihosting_library_function
    libspace.o(.text) refers to libspace.o(.bss) for __libspace_start
    __rtentry2.o(.ARM.Collect$$rtentry$$00000008) refers to boardinit2.o(.text) for _platform_post_stackheap_init
    __rtentry2.o(.ARM.Collect$$rtentry$$0000000A) refers to libinit.o(.ARM.Collect$$libinit$$00000000) for __rt_lib_init
    __rtentry2.o(.ARM.Collect$$rtentry$$0000000B) refers to boardinit3.o(.text) for _platform_post_lib_init
    __rtentry2.o(.ARM.Collect$$rtentry$$0000000D) refers to main.o(.text) for main
    __rtentry2.o(.ARM.Collect$$rtentry$$0000000D) refers to exit.o(.text) for exit
    __rtentry2.o(.ARM.exidx) refers to __rtentry2.o(.ARM.Collect$$rtentry$$00000001) for .ARM.Collect$$rtentry$$00000001
    __rtentry2.o(.ARM.exidx) refers to __rtentry2.o(.ARM.Collect$$rtentry$$00000008) for .ARM.Collect$$rtentry$$00000008
    __rtentry2.o(.ARM.exidx) refers to __rtentry2.o(.ARM.Collect$$rtentry$$0000000A) for .ARM.Collect$$rtentry$$0000000A
    __rtentry2.o(.ARM.exidx) refers to __rtentry2.o(.ARM.Collect$$rtentry$$0000000B) for .ARM.Collect$$rtentry$$0000000B
    __rtentry2.o(.ARM.exidx) refers to __rtentry2.o(.ARM.Collect$$rtentry$$0000000D) for .ARM.Collect$$rtentry$$0000000D
    __rtentry4.o(.ARM.Collect$$rtentry$$00000004) refers to sys_stackheap_outer.o(.text) for __user_setup_stackheap
    __rtentry4.o(.ARM.exidx) refers to __rtentry4.o(.ARM.Collect$$rtentry$$00000004) for .ARM.Collect$$rtentry$$00000004
    maybetermalloc2.o(.emb_text) refers (Special) to term_alloc.o(.text) for _terminate_alloc
    h1_extend.o(.text) refers to h1_free.o(.text) for free
    h1_extend_mt.o(.text) refers to h1_free_mt.o(.text) for _free_internal
    _printf_char_common.o(.text) refers to __printf_flags_wp.o(.text) for __printf
    defsig_rtmem_outer.o(.text) refers to defsig_rtmem_inner.o(.text) for __rt_SIGRTMEM_inner
    defsig_rtmem_outer.o(.text) refers to defsig_exit.o(.text) for __sig_exit
    defsig_rtmem_formal.o(.text) refers to rt_raise.o(.text) for __rt_raise
    heapauxa.o(.text) refers to heapauxa.o(.data) for .data
    argv_veneer.o(.emb_text) refers to no_argv.o(.text) for __ARM_get_argv
    sys_stackheap_outer.o(.text) refers to libspace.o(.text) for __user_perproc_libspace
    sys_stackheap_outer.o(.text) refers to startup_lpc17xx.o(.text) for __user_initial_stackheap
    rt_raise.o(.text) refers to __raise.o(.text) for __raise
    rt_raise.o(.text) refers to retarget.o(.text) for _sys_exit
    term_alloc.o(.text) refers (Special) to libshutdown2.o(.ARM.Collect$$libshutdown$$0000000D) for __rt_lib_shutdown_heap_2
    term_alloc.o(.text) refers to rt_heap_descriptor_intlibspace.o(.text) for __rt_heap_descriptor
    term_alloc.o(.text) refers to h1_final.o(.text) for __Heap_Finalize
    exit.o(.text) refers to rtexit.o(.ARM.Collect$$rtexit$$00000000) for __rt_exit
    defsig_exit.o(.text) refers to retarget.o(.text) for _sys_exit
    defsig_rtmem_inner.o(.text) refers to defsig_general.o(.text) for __default_signal_display
    _get_argv_nomalloc.o(.text) refers (Special) to hrguard.o(.text) for __heap_region$guard
    _get_argv_nomalloc.o(.text) refers to defsig_rtmem_outer.o(.text) for __rt_SIGRTMEM
    _get_argv_nomalloc.o(.text) refers to sys_command.o(.text) for _sys_command_string
    libinit.o(.ARM.Collect$$libinit$$00000000) refers (Special) to libinit2.o(.ARM.Collect$$libinit$$0000002E) for __rt_lib_init_alloca_1
    libinit.o(.ARM.Collect$$libinit$$00000000) refers (Special) to libinit2.o(.ARM.Collect$$libinit$$0000002C) for __rt_lib_init_argv_1
    libinit.o(.ARM.Collect$$libinit$$00000000) refers (Special) to libinit2.o(.ARM.Collect$$libinit$$0000001B) for __rt_lib_init_atexit_1
    libinit.o(.ARM.Collect$$libinit$$00000000) refers (Special) to libinit2.o(.ARM.Collect$$libinit$$00000021) for __rt_lib_init_clock_1
    libinit.o(.ARM.Collect$$libinit$$00000000) refers (Special) to libinit2.o(.ARM.Collect$$libinit$$00000032) for __rt_lib_init_cpp_1
    libinit.o(.ARM.Collect$$libinit$$00000000) refers (Special) to libinit2.o(.ARM.Collect$$libinit$$00000030) for __rt_lib_init_exceptions_1
    libinit.o(.ARM.Collect$$libinit$$00000000) refers (Special) to libinit2.o(.ARM.Collect$$libinit$$00000002) for __rt_lib_init_fp_1
    libinit.o(.ARM.Collect$$libinit$$00000000) refers (Special) to libinit2.o(.ARM.Collect$$libinit$$0000001F) for __rt_lib_init_fp_trap_1
    libinit.o(.ARM.Collect$$libinit$$00000000) refers (Special) to libinit2.o(.ARM.Collect$$libinit$$00000023) for __rt_lib_init_getenv_1
    libinit.o(.ARM.Collect$$libinit$$00000000) refers (Special) to libinit2.o(.ARM.Collect$$libinit$$0000000A) for __rt_lib_init_heap_1
    libinit.o(.ARM.Collect$$libinit$$00000000) refers (Special) to libinit2.o(.ARM.Collect$$libinit$$00000011) for __rt_lib_init_lc_collate_1
    libinit.o(.ARM.Collect$$libinit$$00000000) refers (Special) to libinit2.o(.ARM.Collect$$libinit$$00000013) for __rt_lib_init_lc_ctype_1
    libinit.o(.ARM.Collect$$libinit$$00000000) refers (Special) to libinit2.o(.ARM.Collect$$libinit$$00000015) for __rt_lib_init_lc_monetary_1
    libinit.o(.ARM.Collect$$libinit$$00000000) refers (Special) to libinit2.o(.ARM.Collect$$libinit$$00000017) for __rt_lib_init_lc_numeric_1
    libinit.o(.ARM.Collect$$libinit$$00000000) refers (Special) to libinit2.o(.ARM.Collect$$libinit$$00000019) for __rt_lib_init_lc_time_1
    libinit.o(.ARM.Collect$$libinit$$00000000) refers (Special) to libinit2.o(.ARM.Collect$$libinit$$00000004) for __rt_lib_init_preinit_1
    libinit.o(.ARM.Collect$$libinit$$00000000) refers (Special) to libinit2.o(.ARM.Collect$$libinit$$0000000E) for __rt_lib_init_rand_1
    libinit.o(.ARM.Collect$$libinit$$00000000) refers (Special) to libinit2.o(.ARM.Collect$$libinit$$00000033) for __rt_lib_init_return
    libinit.o(.ARM.Collect$$libinit$$00000000) refers (Special) to libinit2.o(.ARM.Collect$$libinit$$0000001D) for __rt_lib_init_signal_1
    libinit.o(.ARM.Collect$$libinit$$00000000) refers (Special) to libinit2.o(.ARM.Collect$$libinit$$00000025) for __rt_lib_init_stdio_1
    libinit.o(.ARM.Collect$$libinit$$00000000) refers (Special) to libinit2.o(.ARM.Collect$$libinit$$0000000C) for __rt_lib_init_user_alloc_1
    rtexit.o(.ARM.Collect$$rtexit$$00000000) refers (Special) to rtexit2.o(.ARM.Collect$$rtexit$$00000004) for __rt_exit_exit
    rtexit.o(.ARM.Collect$$rtexit$$00000000) refers (Special) to rtexit2.o(.ARM.Collect$$rtexit$$00000003) for __rt_exit_ls
    rtexit.o(.ARM.Collect$$rtexit$$00000000) refers (Special) to rtexit2.o(.ARM.Collect$$rtexit$$00000002) for __rt_exit_prels_1
    rtexit.o(.ARM.exidx) refers (Special) to rtexit2.o(.ARM.Collect$$rtexit$$00000004) for __rt_exit_exit
    rtexit.o(.ARM.exidx) refers (Special) to rtexit2.o(.ARM.Collect$$rtexit$$00000003) for __rt_exit_ls
    rtexit.o(.ARM.exidx) refers (Special) to rtexit2.o(.ARM.Collect$$rtexit$$00000002) for __rt_exit_prels_1
    rtexit.o(.ARM.exidx) refers to rtexit.o(.ARM.Collect$$rtexit$$00000000) for .ARM.Collect$$rtexit$$00000000
    __raise.o(.text) refers to defsig.o(CL$$defsig) for __default_signal_handler
    defsig_general.o(.text) refers to retarget.o(.text) for _ttywrch
    libshutdown2.o(.ARM.Collect$$libshutdown$$0000000C) refers (Weak) to term_alloc.o(.text) for _terminate_alloc
    rtexit2.o(.ARM.Collect$$rtexit$$00000003) refers to libshutdown.o(.ARM.Collect$$libshutdown$$00000000) for __rt_lib_shutdown
    rtexit2.o(.ARM.Collect$$rtexit$$00000004) refers to retarget.o(.text) for _sys_exit
    rtexit2.o(.ARM.exidx) refers to rtexit2.o(.ARM.Collect$$rtexit$$00000001) for .ARM.Collect$$rtexit$$00000001
    rtexit2.o(.ARM.exidx) refers to rtexit2.o(.ARM.Collect$$rtexit$$00000003) for .ARM.Collect$$rtexit$$00000003
    rtexit2.o(.ARM.exidx) refers to rtexit2.o(.ARM.Collect$$rtexit$$00000004) for .ARM.Collect$$rtexit$$00000004
    defsig.o(CL$$defsig) refers to defsig_rtmem_inner.o(.text) for __rt_SIGRTMEM_inner
    defsig_abrt_inner.o(.text) refers to defsig_general.o(.text) for __default_signal_display
    defsig_fpe_inner.o(.text) refers to defsig_general.o(.text) for __default_signal_display
    defsig_rtred_inner.o(.text) refers to defsig_general.o(.text) for __default_signal_display
    defsig_stak_inner.o(.text) refers to defsig_general.o(.text) for __default_signal_display
    defsig_pvfn_inner.o(.text) refers to defsig_general.o(.text) for __default_signal_display
    defsig_cppl_inner.o(.text) refers to defsig_general.o(.text) for __default_signal_display
    defsig_segv_inner.o(.text) refers to defsig_general.o(.text) for __default_signal_display
    defsig_other.o(.text) refers to defsig_general.o(.text) for __default_signal_display
    libshutdown.o(.ARM.Collect$$libshutdown$$00000000) refers (Special) to libshutdown2.o(.ARM.Collect$$libshutdown$$00000006) for __rt_lib_shutdown_fp_trap_1
    libshutdown.o(.ARM.Collect$$libshutdown$$00000000) refers (Special) to libshutdown2.o(.ARM.Collect$$libshutdown$$0000000E) for __rt_lib_shutdown_heap_1
    libshutdown.o(.ARM.Collect$$libshutdown$$00000000) refers (Special) to libshutdown2.o(.ARM.Collect$$libshutdown$$0000000F) for __rt_lib_shutdown_return
    libshutdown.o(.ARM.Collect$$libshutdown$$00000000) refers (Special) to libshutdown2.o(.ARM.Collect$$libshutdown$$00000009) for __rt_lib_shutdown_signal_1
    libshutdown.o(.ARM.Collect$$libshutdown$$00000000) refers (Special) to libshutdown2.o(.ARM.Collect$$libshutdown$$00000003) for __rt_lib_shutdown_stdio_1
    libshutdown.o(.ARM.Collect$$libshutdown$$00000000) refers (Special) to libshutdown2.o(.ARM.Collect$$libshutdown$$0000000B) for __rt_lib_shutdown_user_alloc_1


==============================================================================

Removing Unused input sections from the image.

    Removing lpc17xx_pinsel.o(.text), (256 bytes).
    Removing lpc17xx_nvic.o(.text), (164 bytes).
    Removing eaci_uart.o(.data), (9 bytes).

3 unused section(s) (total 429 bytes) removed from the image.

==============================================================================

Image Symbol Table

    Local Symbols

    Symbol Name                              Value     Ov Type        Size  Object(Section)

    RESET                                    0x00000000   Section      204  startup_lpc17xx.o(RESET)
    ../clib/angel/boardlib.s                 0x00000000   Number         0  boardinit1.o ABSOLUTE
    ../clib/angel/boardlib.s                 0x00000000   Number         0  boardshut.o ABSOLUTE
    ../clib/angel/boardlib.s                 0x00000000   Number         0  boardinit3.o ABSOLUTE
    ../clib/angel/boardlib.s                 0x00000000   Number         0  boardinit2.o ABSOLUTE
    ../clib/angel/handlers.s                 0x00000000   Number         0  __scatter_zi.o ABSOLUTE
    ../clib/angel/handlers.s                 0x00000000   Number         0  __scatter_copy.o ABSOLUTE
    ../clib/angel/kernel.s                   0x00000000   Number         0  rtexit.o ABSOLUTE
    ../clib/angel/kernel.s                   0x00000000   Number         0  __rtentry2.o ABSOLUTE
    ../clib/angel/kernel.s                   0x00000000   Number         0  __rtentry.o ABSOLUTE
    ../clib/angel/kernel.s                   0x00000000   Number         0  rtexit2.o ABSOLUTE
    ../clib/angel/kernel.s                   0x00000000   Number         0  __rtentry4.o ABSOLUTE
    ../clib/angel/rt.s                       0x00000000   Number         0  rt_raise.o ABSOLUTE
    ../clib/angel/rt.s                       0x00000000   Number         0  rt_heap_descriptor.o ABSOLUTE
    ../clib/angel/rt.s                       0x00000000   Number         0  rt_heap_descriptor_intlibspace.o ABSOLUTE
    ../clib/angel/scatter.s                  0x00000000   Number         0  __scatter.o ABSOLUTE
    ../clib/angel/startup.s                  0x00000000   Number         0  __main.o ABSOLUTE
    ../clib/angel/sys.s                      0x00000000   Number         0  libspace.o ABSOLUTE
    ../clib/angel/sys.s                      0x00000000   Number         0  use_no_semi.o ABSOLUTE
    ../clib/angel/sys.s                      0x00000000   Number         0  indicate_semi.o ABSOLUTE
    ../clib/angel/sys.s                      0x00000000   Number         0  sys_stackheap_outer.o ABSOLUTE
    ../clib/angel/sys.s                      0x00000000   Number         0  mutex_dummy.o ABSOLUTE
    ../clib/angel/sysapp.c                   0x00000000   Number         0  sys_command.o ABSOLUTE
    ../clib/armsys.c                         0x00000000   Number         0  _get_argv_nomalloc.o ABSOLUTE
    ../clib/armsys.c                         0x00000000   Number         0  _get_argv.o ABSOLUTE
    ../clib/armsys.c                         0x00000000   Number         0  argv_veneer.o ABSOLUTE
    ../clib/armsys.c                         0x00000000   Number         0  argv_veneer.o ABSOLUTE
    ../clib/armsys.c                         0x00000000   Number         0  no_argv.o ABSOLUTE
    ../clib/heap1.c                          0x00000000   Number         0  h1_init.o ABSOLUTE
    ../clib/heap1.c                          0x00000000   Number         0  h1_extend.o ABSOLUTE
    ../clib/heap1.c                          0x00000000   Number         0  h1_final_mt.o ABSOLUTE
    ../clib/heap1.c                          0x00000000   Number         0  h1_final.o ABSOLUTE
    ../clib/heap1.c                          0x00000000   Number         0  h1_free_mt.o ABSOLUTE
    ../clib/heap1.c                          0x00000000   Number         0  h1_alloc_mt.o ABSOLUTE
    ../clib/heap1.c                          0x00000000   Number         0  h1_init_mt.o ABSOLUTE
    ../clib/heap1.c                          0x00000000   Number         0  h1_free.o ABSOLUTE
    ../clib/heap1.c                          0x00000000   Number         0  h1_alloc.o ABSOLUTE
    ../clib/heap1.c                          0x00000000   Number         0  h1_extend_mt.o ABSOLUTE
    ../clib/heap2.c                          0x00000000   Number         0  heap2mt.o ABSOLUTE
    ../clib/heap2.c                          0x00000000   Number         0  heap2.o ABSOLUTE
    ../clib/heap2.c                          0x00000000   Number         0  fdtree.o ABSOLUTE
    ../clib/heapalloc.c                      0x00000000   Number         0  free.o ABSOLUTE
    ../clib/heapalloc.c                      0x00000000   Number         0  maybetermalloc1.o ABSOLUTE
    ../clib/heapalloc.c                      0x00000000   Number         0  malloc.o ABSOLUTE
    ../clib/heapalloc.c                      0x00000000   Number         0  init_alloc.o ABSOLUTE
    ../clib/heapalloc.c                      0x00000000   Number         0  heapstubs.o ABSOLUTE
    ../clib/heapalloc.c                      0x00000000   Number         0  term_alloc.o ABSOLUTE
    ../clib/heapalloc.c                      0x00000000   Number         0  maybetermalloc2.o ABSOLUTE
    ../clib/heapalloc.c                      0x00000000   Number         0  maybetermalloc2.o ABSOLUTE
    ../clib/heapalloc.c                      0x00000000   Number         0  maybetermalloc1.o ABSOLUTE
    ../clib/heapalloc.c                      0x00000000   Number         0  hrguard.o ABSOLUTE
    ../clib/heapalloc.c                      0x00000000   Number         0  hguard.o ABSOLUTE
    ../clib/heapaux.c                        0x00000000   Number         0  heapauxa.o ABSOLUTE
    ../clib/heapaux.c                        0x00000000   Number         0  heapauxi.o ABSOLUTE
    ../clib/libinit.s                        0x00000000   Number         0  libinit2.o ABSOLUTE
    ../clib/libinit.s                        0x00000000   Number         0  libshutdown.o ABSOLUTE
    ../clib/libinit.s                        0x00000000   Number         0  libinit.o ABSOLUTE
    ../clib/libinit.s                        0x00000000   Number         0  libshutdown2.o ABSOLUTE
    ../clib/memcpset.s                       0x00000000   Number         0  rt_memcpy_w.o ABSOLUTE
    ../clib/memcpset.s                       0x00000000   Number         0  rt_memcpy_v6.o ABSOLUTE
    ../clib/memcpset.s                       0x00000000   Number         0  rt_memclr.o ABSOLUTE
    ../clib/memcpset.s                       0x00000000   Number         0  rt_memclr_w.o ABSOLUTE
    ../clib/misc.s                           0x00000000   Number         0  printf_stubs.o ABSOLUTE
    ../clib/printf.c                         0x00000000   Number         0  _printf_pad.o ABSOLUTE
    ../clib/printf.c                         0x00000000   Number         0  __printf_nopercent.o ABSOLUTE
    ../clib/printf.c                         0x00000000   Number         0  __printf_ss.o ABSOLUTE
    ../clib/printf.c                         0x00000000   Number         0  __printf_flags.o ABSOLUTE
    ../clib/printf.c                         0x00000000   Number         0  _printf_hex_int_ll_ptr.o ABSOLUTE
    ../clib/printf.c                         0x00000000   Number         0  _printf_hex_int_ptr.o ABSOLUTE
    ../clib/printf.c                         0x00000000   Number         0  _printf_char_common.o ABSOLUTE
    ../clib/printf.c                         0x00000000   Number         0  _printf_hex_int_ll.o ABSOLUTE
    ../clib/printf.c                         0x00000000   Number         0  __printf_flags_ss_wp.o ABSOLUTE
    ../clib/printf.c                         0x00000000   Number         0  _printf_hex_ptr.o ABSOLUTE
    ../clib/printf.c                         0x00000000   Number         0  _printf_dec.o ABSOLUTE
    ../clib/printf.c                         0x00000000   Number         0  __printf_flags_ss.o ABSOLUTE
    ../clib/printf.c                         0x00000000   Number         0  __2printf.o ABSOLUTE
    ../clib/printf.c                         0x00000000   Number         0  _printf_char.o ABSOLUTE
    ../clib/printf.c                         0x00000000   Number         0  __printf_flags_wp.o ABSOLUTE
    ../clib/printf.c                         0x00000000   Number         0  noretval__2printf.o ABSOLUTE
    ../clib/printf.c                         0x00000000   Number         0  _printf_hex_ll_ptr.o ABSOLUTE
    ../clib/printf.c                         0x00000000   Number         0  _printf_hex_ll.o ABSOLUTE
    ../clib/printf.c                         0x00000000   Number         0  __printf_wp.o ABSOLUTE
    ../clib/printf.c                         0x00000000   Number         0  _printf_char_file.o ABSOLUTE
    ../clib/printf.c                         0x00000000   Number         0  _printf_hex_int.o ABSOLUTE
    ../clib/printf.c                         0x00000000   Number         0  __printf.o ABSOLUTE
    ../clib/printf.c                         0x00000000   Number         0  _printf_intcommon.o ABSOLUTE
    ../clib/printf.c                         0x00000000   Number         0  _printf_str.o ABSOLUTE
    ../clib/printf.c                         0x00000000   Number         0  __printf_ss_wp.o ABSOLUTE
    ../clib/printf_percent.s                 0x00000000   Number         0  _printf_c.o ABSOLUTE
    ../clib/printf_percent.s                 0x00000000   Number         0  _printf_x.o ABSOLUTE
    ../clib/printf_percent.s                 0x00000000   Number         0  _printf_d.o ABSOLUTE
    ../clib/printf_percent.s                 0x00000000   Number         0  _printf_percent.o ABSOLUTE
    ../clib/printf_percent.s                 0x00000000   Number         0  _printf_percent_end.o ABSOLUTE
    ../clib/signal.c                         0x00000000   Number         0  defsig_general.o ABSOLUTE
    ../clib/signal.c                         0x00000000   Number         0  defsig_exit.o ABSOLUTE
    ../clib/signal.c                         0x00000000   Number         0  defsig_rtmem_inner.o ABSOLUTE
    ../clib/signal.c                         0x00000000   Number         0  defsig_stak_inner.o ABSOLUTE
    ../clib/signal.c                         0x00000000   Number         0  defsig_cppl_inner.o ABSOLUTE
    ../clib/signal.c                         0x00000000   Number         0  defsig_pvfn_inner.o ABSOLUTE
    ../clib/signal.c                         0x00000000   Number         0  defsig_rtmem_formal.o ABSOLUTE
    ../clib/signal.c                         0x00000000   Number         0  defsig_fpe_inner.o ABSOLUTE
    ../clib/signal.c                         0x00000000   Number         0  defsig_other.o ABSOLUTE
    ../clib/signal.c                         0x00000000   Number         0  __raise.o ABSOLUTE
    ../clib/signal.c                         0x00000000   Number         0  defsig_rtmem_outer.o ABSOLUTE
    ../clib/signal.c                         0x00000000   Number         0  defsig_segv_inner.o ABSOLUTE
    ../clib/signal.c                         0x00000000   Number         0  defsig_abrt_inner.o ABSOLUTE
    ../clib/signal.c                         0x00000000   Number         0  defsig_rtred_inner.o ABSOLUTE
    ../clib/signal.s                         0x00000000   Number         0  defsig.o ABSOLUTE
    ../clib/stdlib.c                         0x00000000   Number         0  exit.o ABSOLUTE
    ../fplib/ddiv.s                          0x00000000   Number         0  ddiv.o ABSOLUTE
    ../fplib/dfixu.s                         0x00000000   Number         0  dfixu.o ABSOLUTE
    ../fplib/dflt.s                          0x00000000   Number         0  dflt_clz.o ABSOLUTE
    ../fplib/dmul.s                          0x00000000   Number         0  dmul.o ABSOLUTE
    ../fplib/dnaninf.s                       0x00000000   Number         0  dnaninf.o ABSOLUTE
    ../fplib/dretinf.s                       0x00000000   Number         0  dretinf.o ABSOLUTE
    ../fplib/fpinit.s                        0x00000000   Number         0  fpinit.o ABSOLUTE
    ../fplib/usenofp.s                       0x00000000   Number         0  usenofp.o ABSOLUTE
    ..\..\src\retarget\retarget.c            0x00000000   Number         0  retarget.o ABSOLUTE
    ..\src\LPC17xx\startup\startup_LPC17xx.s 0x00000000   Number         0  startup_lpc17xx.o ABSOLUTE
    ..\src\LPC17xx\system_LPC17xx.c          0x00000000   Number         0  system_lpc17xx.o ABSOLUTE
    ..\src\aci\eaci.c                        0x00000000   Number         0  eaci.o ABSOLUTE
    ..\src\aci\eaci_uart.c                   0x00000000   Number         0  eaci_uart.o ABSOLUTE
    ..\src\app\app_data.c                    0x00000000   Number         0  app_data.o ABSOLUTE
    ..\src\app\app_env.c                     0x00000000   Number         0  app_env.o ABSOLUTE
    ..\src\app\app_generic.c                 0x00000000   Number         0  app_generic.o ABSOLUTE
    ..\src\app\app_menu.c                    0x00000000   Number         0  app_menu.o ABSOLUTE
    ..\src\app\app_msg.c                     0x00000000   Number         0  app_msg.o ABSOLUTE
    ..\src\app\app_sys.c                     0x00000000   Number         0  app_sys.o ABSOLUTE
    ..\src\app\app_util.c                    0x00000000   Number         0  app_util.o ABSOLUTE
    ..\src\driver\lpc17xx_clkpwr.c           0x00000000   Number         0  lpc17xx_clkpwr.o ABSOLUTE
    ..\src\driver\lpc17xx_gpio.c             0x00000000   Number         0  lpc17xx_gpio.o ABSOLUTE
    ..\src\driver\lpc17xx_libcfg_default.c   0x00000000   Number         0  lpc17xx_libcfg_default.o ABSOLUTE
    ..\src\driver\lpc17xx_nvic.c             0x00000000   Number         0  lpc17xx_nvic.o ABSOLUTE
    ..\src\driver\lpc17xx_pinsel.c           0x00000000   Number         0  lpc17xx_pinsel.o ABSOLUTE
    ..\src\driver\lpc17xx_spi.c              0x00000000   Number         0  lpc17xx_spi.o ABSOLUTE
    ..\src\driver\uart.c                     0x00000000   Number         0  uart.o ABSOLUTE
    ..\src\main\main.c                       0x00000000   Number         0  main.o ABSOLUTE
    dc.s                                     0x00000000   Number         0  dc.o ABSOLUTE
    !!!main                                  0x000000cc   Section        8  __main.o(!!!main)
    !!!scatter                               0x000000d4   Section       52  __scatter.o(!!!scatter)
    !!handler_copy                           0x00000108   Section       26  __scatter_copy.o(!!handler_copy)
    !!handler_zi                             0x00000124   Section       28  __scatter_zi.o(!!handler_zi)
    .ARM.Collect$$_printf_percent$$00000000  0x00000140   Section        0  _printf_percent.o(.ARM.Collect$$_printf_percent$$00000000)
    .ARM.Collect$$_printf_percent$$00000009  0x00000140   Section        6  _printf_d.o(.ARM.Collect$$_printf_percent$$00000009)
    .ARM.Collect$$_printf_percent$$0000000C  0x00000146   Section        6  _printf_x.o(.ARM.Collect$$_printf_percent$$0000000C)
    .ARM.Collect$$_printf_percent$$00000013  0x0000014c   Section        6  _printf_c.o(.ARM.Collect$$_printf_percent$$00000013)
    .ARM.Collect$$_printf_percent$$00000017  0x00000152   Section        4  _printf_percent_end.o(.ARM.Collect$$_printf_percent$$00000017)
    .ARM.Collect$$libinit$$00000000          0x00000156   Section        2  libinit.o(.ARM.Collect$$libinit$$00000000)
    .ARM.Collect$$libinit$$00000002          0x00000158   Section        0  libinit2.o(.ARM.Collect$$libinit$$00000002)
    .ARM.Collect$$libinit$$00000004          0x00000158   Section        0  libinit2.o(.ARM.Collect$$libinit$$00000004)
    .ARM.Collect$$libinit$$00000005          0x00000158   Section        8  libinit2.o(.ARM.Collect$$libinit$$00000005)
    .ARM.Collect$$libinit$$0000000A          0x00000160   Section        0  libinit2.o(.ARM.Collect$$libinit$$0000000A)
    .ARM.Collect$$libinit$$0000000C          0x00000160   Section        0  libinit2.o(.ARM.Collect$$libinit$$0000000C)
    .ARM.Collect$$libinit$$0000000E          0x00000160   Section        0  libinit2.o(.ARM.Collect$$libinit$$0000000E)
    .ARM.Collect$$libinit$$00000011          0x00000160   Section        0  libinit2.o(.ARM.Collect$$libinit$$00000011)
    .ARM.Collect$$libinit$$00000013          0x00000160   Section        0  libinit2.o(.ARM.Collect$$libinit$$00000013)
    .ARM.Collect$$libinit$$00000015          0x00000160   Section        0  libinit2.o(.ARM.Collect$$libinit$$00000015)
    .ARM.Collect$$libinit$$00000017          0x00000160   Section        0  libinit2.o(.ARM.Collect$$libinit$$00000017)
    .ARM.Collect$$libinit$$00000019          0x00000160   Section        0  libinit2.o(.ARM.Collect$$libinit$$00000019)
    .ARM.Collect$$libinit$$0000001B          0x00000160   Section        0  libinit2.o(.ARM.Collect$$libinit$$0000001B)
    .ARM.Collect$$libinit$$0000001D          0x00000160   Section        0  libinit2.o(.ARM.Collect$$libinit$$0000001D)
    .ARM.Collect$$libinit$$0000001F          0x00000160   Section        0  libinit2.o(.ARM.Collect$$libinit$$0000001F)
    .ARM.Collect$$libinit$$00000021          0x00000160   Section        0  libinit2.o(.ARM.Collect$$libinit$$00000021)
    .ARM.Collect$$libinit$$00000023          0x00000160   Section        0  libinit2.o(.ARM.Collect$$libinit$$00000023)
    .ARM.Collect$$libinit$$00000025          0x00000160   Section        0  libinit2.o(.ARM.Collect$$libinit$$00000025)
    .ARM.Collect$$libinit$$0000002C          0x00000160   Section        0  libinit2.o(.ARM.Collect$$libinit$$0000002C)
    .ARM.Collect$$libinit$$0000002E          0x00000160   Section        0  libinit2.o(.ARM.Collect$$libinit$$0000002E)
    .ARM.Collect$$libinit$$00000030          0x00000160   Section        0  libinit2.o(.ARM.Collect$$libinit$$00000030)
    .ARM.Collect$$libinit$$00000032          0x00000160   Section        0  libinit2.o(.ARM.Collect$$libinit$$00000032)
    .ARM.Collect$$libinit$$00000033          0x00000160   Section        2  libinit2.o(.ARM.Collect$$libinit$$00000033)
    .ARM.Collect$$libshutdown$$00000000      0x00000162   Section        2  libshutdown.o(.ARM.Collect$$libshutdown$$00000000)
    .ARM.Collect$$libshutdown$$00000003      0x00000164   Section        0  libshutdown2.o(.ARM.Collect$$libshutdown$$00000003)
    .ARM.Collect$$libshutdown$$00000006      0x00000164   Section        0  libshutdown2.o(.ARM.Collect$$libshutdown$$00000006)
    .ARM.Collect$$libshutdown$$00000009      0x00000164   Section        0  libshutdown2.o(.ARM.Collect$$libshutdown$$00000009)
    .ARM.Collect$$libshutdown$$0000000B      0x00000164   Section        0  libshutdown2.o(.ARM.Collect$$libshutdown$$0000000B)
    .ARM.Collect$$libshutdown$$0000000E      0x00000164   Section        0  libshutdown2.o(.ARM.Collect$$libshutdown$$0000000E)
    .ARM.Collect$$libshutdown$$0000000F      0x00000164   Section        2  libshutdown2.o(.ARM.Collect$$libshutdown$$0000000F)
    .ARM.Collect$$rtentry$$00000000          0x00000166   Section        0  __rtentry.o(.ARM.Collect$$rtentry$$00000000)
    .ARM.Collect$$rtentry$$00000002          0x00000166   Section        0  __rtentry2.o(.ARM.Collect$$rtentry$$00000002)
    .ARM.Collect$$rtentry$$00000004          0x00000166   Section        6  __rtentry4.o(.ARM.Collect$$rtentry$$00000004)
    .ARM.Collect$$rtentry$$00000009          0x0000016c   Section        0  __rtentry2.o(.ARM.Collect$$rtentry$$00000009)
    .ARM.Collect$$rtentry$$0000000A          0x0000016c   Section        4  __rtentry2.o(.ARM.Collect$$rtentry$$0000000A)
    .ARM.Collect$$rtentry$$0000000C          0x00000170   Section        0  __rtentry2.o(.ARM.Collect$$rtentry$$0000000C)
    .ARM.Collect$$rtentry$$0000000D          0x00000170   Section        8  __rtentry2.o(.ARM.Collect$$rtentry$$0000000D)
    .ARM.Collect$$rtexit$$00000000           0x00000178   Section        2  rtexit.o(.ARM.Collect$$rtexit$$00000000)
    .ARM.Collect$$rtexit$$00000002           0x0000017a   Section        0  rtexit2.o(.ARM.Collect$$rtexit$$00000002)
    .ARM.Collect$$rtexit$$00000003           0x0000017a   Section        4  rtexit2.o(.ARM.Collect$$rtexit$$00000003)
    .ARM.Collect$$rtexit$$00000004           0x0000017e   Section        6  rtexit2.o(.ARM.Collect$$rtexit$$00000004)
    .emb_text                                0x00000184   Section        0  maybetermalloc1.o(.emb_text)
    .text                                    0x00000184   Section       56  startup_lpc17xx.o(.text)
    .text                                    0x000001bc   Section        0  lpc17xx_clkpwr.o(.text)
    .ARM.__at_0x02FC                         0x000002fc   Section        4  startup_lpc17xx.o(.ARM.__at_0x02FC)
    .text                                    0x00000300   Section        0  system_lpc17xx.o(.text)
    .text                                    0x000004ec   Section        0  uart.o(.text)
    NVIC_SetPriority                         0x000004ed   Thumb Code    32  uart.o(.text)
    uart_send_byte                           0x00000ad1   Thumb Code    52  uart.o(.text)
    uart_transmit_data                       0x00000b05   Thumb Code    36  uart.o(.text)
    uart_recv_byte                           0x00000ca5   Thumb Code    56  uart.o(.text)
    NVIC_EnableIRQ                           0x00000cf7   Thumb Code    50  uart.o(.text)
    .text                                    0x00000d28   Section        0  lpc17xx_spi.o(.text)
    .text                                    0x000012dc   Section        0  lpc17xx_libcfg_default.o(.text)
    .text                                    0x000012e0   Section        0  lpc17xx_gpio.o(.text)
    GPIO_GetPointer                          0x000012e1   Thumb Code    52  lpc17xx_gpio.o(.text)
    FIO_HalfWordGetPointer                   0x00001315   Thumb Code    52  lpc17xx_gpio.o(.text)
    FIO_ByteGetPointer                       0x00001349   Thumb Code    52  lpc17xx_gpio.o(.text)
    .text                                    0x00001600   Section        0  eaci.o(.text)
    .text                                    0x00001688   Section        0  eaci_uart.o(.text)
    eaci_uart_read_payl                      0x000016c3   Thumb Code    26  eaci_uart.o(.text)
    eaci_uart_read_hdr                       0x000016dd   Thumb Code    20  eaci_uart.o(.text)
    eaci_uart_read_start                     0x0000179d   Thumb Code    24  eaci_uart.o(.text)
    .text                                    0x000017f4   Section        0  app_env.o(.text)
    app_env_init                             0x000017f5   Thumb Code    36  app_env.o(.text)
    .text                                    0x00001838   Section        0  app_sys.o(.text)
    app_debug_uart_rx_done                   0x00001839   Thumb Code    96  app_sys.o(.text)
    .text                                    0x000018bc   Section        0  app_util.o(.text)
    .text                                    0x000019bc   Section        0  app_msg.o(.text)
    .text                                    0x000019f8   Section        0  app_generic.o(.text)
    .text                                    0x000020a0   Section        0  app_data.o(.text)
    app_eaci_data_ind_blpc                   0x0000213b   Thumb Code   460  app_data.o(.text)
    .text                                    0x0000264c   Section        0  app_menu.o(.text)
    app_menu_show_line                       0x0000264d   Thumb Code    10  app_menu.o(.text)
    app_menu_show_main                       0x00002657   Thumb Code    42  app_menu.o(.text)
    app_menu_show_blpc                       0x00002681   Thumb Code    72  app_menu.o(.text)
    app_menu_show_gap_dev_record             0x000026c9   Thumb Code   160  app_menu.o(.text)
    app_menu_show_gap_inq_record             0x00002769   Thumb Code   148  app_menu.o(.text)
    app_menu_show_gap                        0x000027fd   Thumb Code  1100  app_menu.o(.text)
    app_menu_show                            0x00002c49   Thumb Code   162  app_menu.o(.text)
    app_menu_handler_main                    0x00002ceb   Thumb Code    56  app_menu.o(.text)
    app_menu_handler_gap                     0x00002d23   Thumb Code   182  app_menu.o(.text)
    app_menu_handler_gap_dev_select          0x00002dd9   Thumb Code   530  app_menu.o(.text)
    app_menu_handler_blpc                    0x00002feb   Thumb Code   588  app_menu.o(.text)
    .text                                    0x000032d8   Section        0  main.o(.text)
    AppInit                                  0x00003311   Thumb Code    80  main.o(.text)
    AppSchedule                              0x00003361   Thumb Code    72  main.o(.text)
    .text                                    0x000033c4   Section        0  retarget.o(.text)
    .text                                    0x000033fa   Section        2  use_no_semi.o(.text)
    .text                                    0x000033fc   Section        0  h1_alloc.o(.text)
    .text                                    0x0000345a   Section        0  h1_free.o(.text)
    .text                                    0x000034a8   Section        0  noretval__2printf.o(.text)
    .text                                    0x000034c0   Section        0  _printf_pad.o(.text)
    .text                                    0x0000350e   Section        0  _printf_str.o(.text)
    .text                                    0x00003560   Section        0  _printf_dec.o(.text)
    .text                                    0x000035d8   Section        0  _printf_hex_int.o(.text)
    .text                                    0x00003630   Section        0  __printf_flags_wp.o(.text)
    .text                                    0x00003768   Section      138  rt_memcpy_v6.o(.text)
    .text                                    0x000037f2   Section       68  rt_memclr.o(.text)
    .text                                    0x00003836   Section       78  rt_memclr_w.o(.text)
    .text                                    0x00003884   Section        0  heapauxi.o(.text)
    .text                                    0x0000388c   Section        8  rt_heap_descriptor_intlibspace.o(.text)
    .text                                    0x00003894   Section        0  hguard.o(.text)
    .text                                    0x00003898   Section        0  init_alloc.o(.text)
    .text                                    0x00003922   Section        0  h1_init.o(.text)
    .text                                    0x00003930   Section        0  _printf_intcommon.o(.text)
    .text                                    0x000039e2   Section        0  _printf_char.o(.text)
    .text                                    0x00003a10   Section        0  _printf_char_file.o(.text)
    .text                                    0x00003a34   Section      100  rt_memcpy_w.o(.text)
    .text                                    0x00003a98   Section        8  libspace.o(.text)
    .text                                    0x00003aa0   Section        0  h1_extend.o(.text)
    .text                                    0x00003ad4   Section        0  _printf_char_common.o(.text)
    _printf_input_char                       0x00003ad5   Thumb Code    10  _printf_char_common.o(.text)
    .text                                    0x00003b04   Section        0  defsig_rtmem_outer.o(.text)
    .text                                    0x00003b12   Section       74  sys_stackheap_outer.o(.text)
    .text                                    0x00003b5c   Section        0  exit.o(.text)
    .text                                    0x00003b68   Section        0  defsig_exit.o(.text)
    .text                                    0x00003b74   Section        0  defsig_rtmem_inner.o(.text)
    .text                                    0x00003bc4   Section        0  defsig_general.o(.text)
    i._is_digit                              0x00003bf6   Section        0  __printf_wp.o(i._is_digit)
    x$fpl$ddiv                               0x00003c04   Section      688  ddiv.o(x$fpl$ddiv)
    ddiv_entry                               0x00003c0b   Thumb Code     0  ddiv.o(x$fpl$ddiv)
    x$fpl$dfixu                              0x00003eb4   Section       90  dfixu.o(x$fpl$dfixu)
    x$fpl$dfltu                              0x00003f0e   Section       38  dflt_clz.o(x$fpl$dfltu)
    x$fpl$dmul                               0x00003f34   Section      340  dmul.o(x$fpl$dmul)
    x$fpl$dnaninf                            0x00004088   Section      156  dnaninf.o(x$fpl$dnaninf)
    x$fpl$dretinf                            0x00004124   Section       12  dretinf.o(x$fpl$dretinf)
    .constdata                               0x00004130   Section       40  _printf_hex_int.o(.constdata)
    x$fpl$usenofp                            0x00004130   Section        0  usenofp.o(x$fpl$usenofp)
    uc_hextab                                0x00004130   Data          20  _printf_hex_int.o(.constdata)
    lc_hextab                                0x00004144   Data          20  _printf_hex_int.o(.constdata)
    .constdata                               0x00004158   Section       17  __printf_flags_wp.o(.constdata)
    maptable                                 0x00004158   Data          17  __printf_flags_wp.o(.constdata)
    .conststring                             0x0000416c   Section       79  app_generic.o(.conststring)
    .data                                    0x10000000   Section        4  system_lpc17xx.o(.data)
    .data                                    0x10000004   Section        2  lpc17xx_spi.o(.data)
    .data                                    0x10000008   Section        8  eaci.o(.data)
    .data                                    0x10000010   Section        1  app_data.o(.data)
    .data                                    0x10000014   Section        8  retarget.o(.data)
    .bss                                     0x1000001c   Section       48  uart.o(.bss)
    uart1_env                                0x1000001c   Data          24  uart.o(.bss)
    uart3_env                                0x10000034   Data          24  uart.o(.bss)
    .bss                                     0x1000004c   Section       92  lpc17xx_spi.o(.bss)
    spidat                                   0x1000009c   Data          12  lpc17xx_spi.o(.bss)
    .bss                                     0x100000a8   Section      140  app_env.o(.bss)
    .bss                                     0x10000134   Section       17  app_sys.o(.bss)
    .bss                                     0x10000148   Section       56  main.o(.bss)
    .bss                                     0x10000180   Section       96  libspace.o(.bss)
    HEAP                                     0x100001e0   Section    12288  startup_lpc17xx.o(HEAP)
    Heap_Mem                                 0x100001e0   Data       12288  startup_lpc17xx.o(HEAP)
    STACK                                    0x100031e0   Section    12288  startup_lpc17xx.o(STACK)
    Stack_Mem                                0x100031e0   Data       12288  startup_lpc17xx.o(STACK)
    __initial_sp                             0x100061e0   Data           0  startup_lpc17xx.o(STACK)

    Global Symbols

    Symbol Name                              Value     Ov Type        Size  Object(Section)

    BuildAttributes$$THM_ISAv4$P$D$K$B$S$PE$A:L22UL41UL21$X:L11$S22US41US21$IEEE1$IW$USESV6$~STKCKD$USESV7$~SHL$OTIME$ROPI$EBA8$UX$STANDARDLIB$REQ8$PRES8$EABIv2 0x00000000   Number         0  anon$$obj.o ABSOLUTE
    __ARM_use_no_argv                        0x00000000   Number         0  main.o ABSOLUTE
    __Vectors                                0x00000000   Data           4  startup_lpc17xx.o(RESET)
    _printf_flags                            0x00000000   Number         0  printf_stubs.o ABSOLUTE
    _printf_return_value                     0x00000000   Number         0  printf_stubs.o ABSOLUTE
    _printf_sizespec                         0x00000000   Number         0  printf_stubs.o ABSOLUTE
    _printf_widthprec                        0x00000000   Number         0  printf_stubs.o ABSOLUTE
    __ARM_exceptions_init                     - Undefined Weak Reference
    __alloca_initialize                       - Undefined Weak Reference
    __arm_preinit_                            - Undefined Weak Reference
    __cpp_initialize__aeabi_                  - Undefined Weak Reference
    __cxa_finalize                            - Undefined Weak Reference
    __rt_locale                               - Undefined Weak Reference
    __sigvec_lookup                           - Undefined Weak Reference
    __user_heap_extent                        - Undefined Weak Reference
    _atexit_init                              - Undefined Weak Reference
    _call_atexit_fns                          - Undefined Weak Reference
    _clock_init                               - Undefined Weak Reference
    _fp_trap_init                             - Undefined Weak Reference
    _fp_trap_shutdown                         - Undefined Weak Reference
    _get_lc_collate                           - Undefined Weak Reference
    _get_lc_ctype                             - Undefined Weak Reference
    _get_lc_monetary                          - Undefined Weak Reference
    _get_lc_numeric                           - Undefined Weak Reference
    _get_lc_time                              - Undefined Weak Reference
    _getenv_init                              - Undefined Weak Reference
    _handle_redirection                       - Undefined Weak Reference
    _initio                                   - Undefined Weak Reference
    _mutex_acquire                            - Undefined Weak Reference
    _mutex_free                               - Undefined Weak Reference
    _mutex_release                            - Undefined Weak Reference
    _printf_mbtowc                            - Undefined Weak Reference
    _printf_truncate_signed                   - Undefined Weak Reference
    _printf_truncate_unsigned                 - Undefined Weak Reference
    _rand_init                                - Undefined Weak Reference
    _signal_finish                            - Undefined Weak Reference
    _signal_init                              - Undefined Weak Reference
    _terminateio                              - Undefined Weak Reference
    __main                                   0x000000cd   Thumb Code     8  __main.o(!!!main)
    __scatterload                            0x000000d5   Thumb Code     0  __scatter.o(!!!scatter)
    __scatterload_rt2                        0x000000d5   Thumb Code    44  __scatter.o(!!!scatter)
    __scatterload_rt2_thumb_only             0x000000d5   Thumb Code     0  __scatter.o(!!!scatter)
    __scatterload_null                       0x000000e3   Thumb Code     0  __scatter.o(!!!scatter)
    __scatterload_copy                       0x00000109   Thumb Code    26  __scatter_copy.o(!!handler_copy)
    __scatterload_zeroinit                   0x00000125   Thumb Code    28  __scatter_zi.o(!!handler_zi)
    _printf_d                                0x00000141   Thumb Code     0  _printf_d.o(.ARM.Collect$$_printf_percent$$00000009)
    _printf_percent                          0x00000141   Thumb Code     0  _printf_percent.o(.ARM.Collect$$_printf_percent$$00000000)
    _printf_x                                0x00000147   Thumb Code     0  _printf_x.o(.ARM.Collect$$_printf_percent$$0000000C)
    _printf_c                                0x0000014d   Thumb Code     0  _printf_c.o(.ARM.Collect$$_printf_percent$$00000013)
    _printf_percent_end                      0x00000153   Thumb Code     0  _printf_percent_end.o(.ARM.Collect$$_printf_percent$$00000017)
    __rt_lib_init                            0x00000157   Thumb Code     0  libinit.o(.ARM.Collect$$libinit$$00000000)
    __rt_lib_init_fp_1                       0x00000159   Thumb Code     0  libinit2.o(.ARM.Collect$$libinit$$00000002)
    __rt_lib_init_heap_2                     0x00000159   Thumb Code     0  libinit2.o(.ARM.Collect$$libinit$$00000005)
    __rt_lib_init_preinit_1                  0x00000159   Thumb Code     0  libinit2.o(.ARM.Collect$$libinit$$00000004)
    __rt_lib_init_alloca_1                   0x00000161   Thumb Code     0  libinit2.o(.ARM.Collect$$libinit$$0000002E)
    __rt_lib_init_argv_1                     0x00000161   Thumb Code     0  libinit2.o(.ARM.Collect$$libinit$$0000002C)
    __rt_lib_init_atexit_1                   0x00000161   Thumb Code     0  libinit2.o(.ARM.Collect$$libinit$$0000001B)
    __rt_lib_init_clock_1                    0x00000161   Thumb Code     0  libinit2.o(.ARM.Collect$$libinit$$00000021)
    __rt_lib_init_cpp_1                      0x00000161   Thumb Code     0  libinit2.o(.ARM.Collect$$libinit$$00000032)
    __rt_lib_init_exceptions_1               0x00000161   Thumb Code     0  libinit2.o(.ARM.Collect$$libinit$$00000030)
    __rt_lib_init_fp_trap_1                  0x00000161   Thumb Code     0  libinit2.o(.ARM.Collect$$libinit$$0000001F)
    __rt_lib_init_getenv_1                   0x00000161   Thumb Code     0  libinit2.o(.ARM.Collect$$libinit$$00000023)
    __rt_lib_init_heap_1                     0x00000161   Thumb Code     0  libinit2.o(.ARM.Collect$$libinit$$0000000A)
    __rt_lib_init_lc_collate_1               0x00000161   Thumb Code     0  libinit2.o(.ARM.Collect$$libinit$$00000011)
    __rt_lib_init_lc_ctype_1                 0x00000161   Thumb Code     0  libinit2.o(.ARM.Collect$$libinit$$00000013)
    __rt_lib_init_lc_monetary_1              0x00000161   Thumb Code     0  libinit2.o(.ARM.Collect$$libinit$$00000015)
    __rt_lib_init_lc_numeric_1               0x00000161   Thumb Code     0  libinit2.o(.ARM.Collect$$libinit$$00000017)
    __rt_lib_init_lc_time_1                  0x00000161   Thumb Code     0  libinit2.o(.ARM.Collect$$libinit$$00000019)
    __rt_lib_init_rand_1                     0x00000161   Thumb Code     0  libinit2.o(.ARM.Collect$$libinit$$0000000E)
    __rt_lib_init_return                     0x00000161   Thumb Code     0  libinit2.o(.ARM.Collect$$libinit$$00000033)
    __rt_lib_init_signal_1                   0x00000161   Thumb Code     0  libinit2.o(.ARM.Collect$$libinit$$0000001D)
    __rt_lib_init_stdio_1                    0x00000161   Thumb Code     0  libinit2.o(.ARM.Collect$$libinit$$00000025)
    __rt_lib_init_user_alloc_1               0x00000161   Thumb Code     0  libinit2.o(.ARM.Collect$$libinit$$0000000C)
    __rt_lib_shutdown                        0x00000163   Thumb Code     0  libshutdown.o(.ARM.Collect$$libshutdown$$00000000)
    __rt_lib_shutdown_fp_trap_1              0x00000165   Thumb Code     0  libshutdown2.o(.ARM.Collect$$libshutdown$$00000006)
    __rt_lib_shutdown_heap_1                 0x00000165   Thumb Code     0  libshutdown2.o(.ARM.Collect$$libshutdown$$0000000E)
    __rt_lib_shutdown_return                 0x00000165   Thumb Code     0  libshutdown2.o(.ARM.Collect$$libshutdown$$0000000F)
    __rt_lib_shutdown_signal_1               0x00000165   Thumb Code     0  libshutdown2.o(.ARM.Collect$$libshutdown$$00000009)
    __rt_lib_shutdown_stdio_1                0x00000165   Thumb Code     0  libshutdown2.o(.ARM.Collect$$libshutdown$$00000003)
    __rt_lib_shutdown_user_alloc_1           0x00000165   Thumb Code     0  libshutdown2.o(.ARM.Collect$$libshutdown$$0000000B)
    __rt_entry                               0x00000167   Thumb Code     0  __rtentry.o(.ARM.Collect$$rtentry$$00000000)
    __rt_entry_presh_1                       0x00000167   Thumb Code     0  __rtentry2.o(.ARM.Collect$$rtentry$$00000002)
    __rt_entry_sh                            0x00000167   Thumb Code     0  __rtentry4.o(.ARM.Collect$$rtentry$$00000004)
    __rt_entry_li                            0x0000016d   Thumb Code     0  __rtentry2.o(.ARM.Collect$$rtentry$$0000000A)
    __rt_entry_postsh_1                      0x0000016d   Thumb Code     0  __rtentry2.o(.ARM.Collect$$rtentry$$00000009)
    __rt_entry_main                          0x00000171   Thumb Code     0  __rtentry2.o(.ARM.Collect$$rtentry$$0000000D)
    __rt_entry_postli_1                      0x00000171   Thumb Code     0  __rtentry2.o(.ARM.Collect$$rtentry$$0000000C)
    __rt_exit                                0x00000179   Thumb Code     0  rtexit.o(.ARM.Collect$$rtexit$$00000000)
    __rt_exit_ls                             0x0000017b   Thumb Code     0  rtexit2.o(.ARM.Collect$$rtexit$$00000003)
    __rt_exit_prels_1                        0x0000017b   Thumb Code     0  rtexit2.o(.ARM.Collect$$rtexit$$00000002)
    __rt_exit_exit                           0x0000017f   Thumb Code     0  rtexit2.o(.ARM.Collect$$rtexit$$00000004)
    Reset_Handler                            0x00000185   Thumb Code     4  startup_lpc17xx.o(.text)
    _maybe_terminate_alloc                   0x00000185   Thumb Code     0  maybetermalloc1.o(.emb_text)
    NMI_Handler                              0x00000189   Thumb Code     2  startup_lpc17xx.o(.text)
    HardFault_Handler                        0x0000018b   Thumb Code     2  startup_lpc17xx.o(.text)
    MemManage_Handler                        0x0000018d   Thumb Code     2  startup_lpc17xx.o(.text)
    BusFault_Handler                         0x0000018f   Thumb Code     2  startup_lpc17xx.o(.text)
    UsageFault_Handler                       0x00000191   Thumb Code     2  startup_lpc17xx.o(.text)
    SVC_Handler                              0x00000193   Thumb Code     2  startup_lpc17xx.o(.text)
    DebugMon_Handler                         0x00000195   Thumb Code     2  startup_lpc17xx.o(.text)
    PendSV_Handler                           0x00000197   Thumb Code     2  startup_lpc17xx.o(.text)
    SysTick_Handler                          0x00000199   Thumb Code     2  startup_lpc17xx.o(.text)
    ADC_IRQHandler                           0x0000019b   Thumb Code     0  startup_lpc17xx.o(.text)
    BOD_IRQHandler                           0x0000019b   Thumb Code     0  startup_lpc17xx.o(.text)
    CANActivity_IRQHandler                   0x0000019b   Thumb Code     0  startup_lpc17xx.o(.text)
    CAN_IRQHandler                           0x0000019b   Thumb Code     0  startup_lpc17xx.o(.text)
    DMA_IRQHandler                           0x0000019b   Thumb Code     0  startup_lpc17xx.o(.text)
    EINT0_IRQHandler                         0x0000019b   Thumb Code     0  startup_lpc17xx.o(.text)
    EINT1_IRQHandler                         0x0000019b   Thumb Code     0  startup_lpc17xx.o(.text)
    EINT2_IRQHandler                         0x0000019b   Thumb Code     0  startup_lpc17xx.o(.text)
    ENET_IRQHandler                          0x0000019b   Thumb Code     0  startup_lpc17xx.o(.text)
    I2C0_IRQHandler                          0x0000019b   Thumb Code     0  startup_lpc17xx.o(.text)
    I2C1_IRQHandler                          0x0000019b   Thumb Code     0  startup_lpc17xx.o(.text)
    I2C2_IRQHandler                          0x0000019b   Thumb Code     0  startup_lpc17xx.o(.text)
    I2S_IRQHandler                           0x0000019b   Thumb Code     0  startup_lpc17xx.o(.text)
    MCPWM_IRQHandler                         0x0000019b   Thumb Code     0  startup_lpc17xx.o(.text)
    PLL0_IRQHandler                          0x0000019b   Thumb Code     0  startup_lpc17xx.o(.text)
    PLL1_IRQHandler                          0x0000019b   Thumb Code     0  startup_lpc17xx.o(.text)
    PWM1_IRQHandler                          0x0000019b   Thumb Code     0  startup_lpc17xx.o(.text)
    QEI_IRQHandler                           0x0000019b   Thumb Code     0  startup_lpc17xx.o(.text)
    RIT_IRQHandler                           0x0000019b   Thumb Code     0  startup_lpc17xx.o(.text)
    RTC_IRQHandler                           0x0000019b   Thumb Code     0  startup_lpc17xx.o(.text)
    SSP0_IRQHandler                          0x0000019b   Thumb Code     0  startup_lpc17xx.o(.text)
    SSP1_IRQHandler                          0x0000019b   Thumb Code     0  startup_lpc17xx.o(.text)
    TIMER0_IRQHandler                        0x0000019b   Thumb Code     0  startup_lpc17xx.o(.text)
    TIMER1_IRQHandler                        0x0000019b   Thumb Code     0  startup_lpc17xx.o(.text)
    TIMER2_IRQHandler                        0x0000019b   Thumb Code     0  startup_lpc17xx.o(.text)
    TIMER3_IRQHandler                        0x0000019b   Thumb Code     0  startup_lpc17xx.o(.text)
    UART0_IRQHandler                         0x0000019b   Thumb Code     0  startup_lpc17xx.o(.text)
    UART2_IRQHandler                         0x0000019b   Thumb Code     0  startup_lpc17xx.o(.text)
    USBActivity_IRQHandler                   0x0000019b   Thumb Code     0  startup_lpc17xx.o(.text)
    USB_IRQHandler                           0x0000019b   Thumb Code     0  startup_lpc17xx.o(.text)
    WDT_IRQHandler                           0x0000019b   Thumb Code     0  startup_lpc17xx.o(.text)
    __user_initial_stackheap                 0x0000019d   Thumb Code     0  startup_lpc17xx.o(.text)
    CLKPWR_SetPCLKDiv                        0x000001bd   Thumb Code    94  lpc17xx_clkpwr.o(.text)
    CLKPWR_GetPCLKSEL                        0x0000021b   Thumb Code    34  lpc17xx_clkpwr.o(.text)
    CLKPWR_GetPCLK                           0x0000023d   Thumb Code    58  lpc17xx_clkpwr.o(.text)
    CLKPWR_ConfigPPWR                        0x00000277   Thumb Code    46  lpc17xx_clkpwr.o(.text)
    CLKPWR_Sleep                             0x000002a5   Thumb Code    12  lpc17xx_clkpwr.o(.text)
    CLKPWR_DeepSleep                         0x000002b1   Thumb Code    18  lpc17xx_clkpwr.o(.text)
    CLKPWR_PowerDown                         0x000002c3   Thumb Code    18  lpc17xx_clkpwr.o(.text)
    CLKPWR_DeepPowerDown                     0x000002d5   Thumb Code    18  lpc17xx_clkpwr.o(.text)
    SystemInit                               0x00000301   Thumb Code   468  system_lpc17xx.o(.text)
    uart_init                                0x0000050d   Thumb Code  1258  uart.o(.text)
    uart_tx_enable                           0x000009f7   Thumb Code    54  uart.o(.text)
    uart_rx_enable                           0x00000a2d   Thumb Code    54  uart.o(.text)
    uart_tx_int_enable                       0x00000a63   Thumb Code    64  uart.o(.text)
    uart_rx_int_enable                       0x00000aa3   Thumb Code    46  uart.o(.text)
    uart_printf                              0x00000b29   Thumb Code    26  uart.o(.text)
    uart_read                                0x00000b43   Thumb Code    46  uart.o(.text)
    uart_write                               0x00000b71   Thumb Code    60  uart.o(.text)
    UART1_IRQHandler                         0x00000bad   Thumb Code   120  uart.o(.text)
    UART3_IRQHandler                         0x00000c25   Thumb Code   128  uart.o(.text)
    UartPutc                                 0x00000cdd   Thumb Code    16  uart.o(.text)
    UartGetc                                 0x00000ced   Thumb Code    10  uart.o(.text)
    SPI_IntCmd                               0x00000d29   Thumb Code    68  lpc17xx_spi.o(.text)
    SPI_SendData                             0x00000d6d   Thumb Code    48  lpc17xx_spi.o(.text)
    SPI_ReceiveData                          0x00000d9d   Thumb Code    28  lpc17xx_spi.o(.text)
    SPI_IntHandler                           0x00000db9   Thumb Code   280  lpc17xx_spi.o(.text)
    SPI_SetClock                             0x00000ed1   Thumb Code    78  lpc17xx_spi.o(.text)
    SPI_DeInit                               0x00000f1f   Thumb Code    36  lpc17xx_spi.o(.text)
    SPI_Init                                 0x00000f43   Thumb Code   120  lpc17xx_spi.o(.text)
    SPI_ConfigStructInit                     0x00000fbb   Thumb Code    26  lpc17xx_spi.o(.text)
    SPI_ReadWrite                            0x00000fd5   Thumb Code   374  lpc17xx_spi.o(.text)
    SPI_GetIntStatus                         0x0000114b   Thumb Code    32  lpc17xx_spi.o(.text)
    SPI_ClearIntPending                      0x0000116b   Thumb Code    30  lpc17xx_spi.o(.text)
    SPI_GetStatus                            0x00001189   Thumb Code    32  lpc17xx_spi.o(.text)
    SPI_CheckStatus                          0x000011a9   Thumb Code    54  lpc17xx_spi.o(.text)
    SPI_StdIntHandler                        0x000011df   Thumb Code    10  lpc17xx_spi.o(.text)
    SPI_IRQHandler                           0x000011e9   Thumb Code     8  lpc17xx_spi.o(.text)
    spi_read                                 0x000011f1   Thumb Code    92  lpc17xx_spi.o(.text)
    spi_write                                0x0000124d   Thumb Code   118  lpc17xx_spi.o(.text)
    check_failed                             0x000012dd   Thumb Code     4  lpc17xx_libcfg_default.o(.text)
    GPIO_SetDir                              0x0000137d   Thumb Code    40  lpc17xx_gpio.o(.text)
    GPIO_SetValue                            0x000013a5   Thumb Code    20  lpc17xx_gpio.o(.text)
    GPIO_ClearValue                          0x000013b9   Thumb Code    20  lpc17xx_gpio.o(.text)
    GPIO_ReadValue                           0x000013cd   Thumb Code    22  lpc17xx_gpio.o(.text)
    FIO_SetDir                               0x000013e3   Thumb Code    20  lpc17xx_gpio.o(.text)
    FIO_SetValue                             0x000013f7   Thumb Code    16  lpc17xx_gpio.o(.text)
    FIO_ClearValue                           0x00001407   Thumb Code    16  lpc17xx_gpio.o(.text)
    FIO_ReadValue                            0x00001417   Thumb Code    12  lpc17xx_gpio.o(.text)
    FIO_SetMask                              0x00001423   Thumb Code    40  lpc17xx_gpio.o(.text)
    FIO_HalfWordSetDir                       0x0000144b   Thumb Code    62  lpc17xx_gpio.o(.text)
    FIO_HalfWordSetMask                      0x00001489   Thumb Code    62  lpc17xx_gpio.o(.text)
    FIO_HalfWordSetValue                     0x000014c7   Thumb Code    32  lpc17xx_gpio.o(.text)
    FIO_HalfWordClearValue                   0x000014e7   Thumb Code    32  lpc17xx_gpio.o(.text)
    FIO_HalfWordReadValue                    0x00001507   Thumb Code    30  lpc17xx_gpio.o(.text)
    FIO_ByteSetDir                           0x00001525   Thumb Code    50  lpc17xx_gpio.o(.text)
    FIO_ByteSetMask                          0x00001557   Thumb Code    66  lpc17xx_gpio.o(.text)
    FIO_ByteSetValue                         0x00001599   Thumb Code    34  lpc17xx_gpio.o(.text)
    FIO_ByteClearValue                       0x000015bb   Thumb Code    34  lpc17xx_gpio.o(.text)
    FIO_ByteReadValue                        0x000015dd   Thumb Code    32  lpc17xx_gpio.o(.text)
    app_eaci_init                            0x00001601   Thumb Code    42  eaci.o(.text)
    app_eaci_msg_hdl                         0x0000162b   Thumb Code    86  eaci.o(.text)
    tx_complete                              0x00001689   Thumb Code    20  eaci_uart.o(.text)
    myDelay                                  0x0000169d   Thumb Code    30  eaci_uart.o(.text)
    eaci_uart_init                           0x000016bb   Thumb Code     8  eaci_uart.o(.text)
    eaci_uart_rx_done                        0x000016f1   Thumb Code   172  eaci_uart.o(.text)
    eaci_uart_write                          0x000017b5   Thumb Code    40  eaci_uart.o(.text)
    app_init                                 0x00001819   Thumb Code    26  app_env.o(.text)
    app_debug_init                           0x00001899   Thumb Code    22  app_sys.o(.text)
    app_eaci_bd_addr_cmp                     0x000018bd   Thumb Code    34  app_util.o(.text)
    app_eaci_set_bd_addr_by_param            0x000018df   Thumb Code    20  app_util.o(.text)
    app_eaci_get_bd_addr_by_param            0x000018f3   Thumb Code    20  app_util.o(.text)
    app_eaci_get_free_rec_idx                0x00001907   Thumb Code    32  app_util.o(.text)
    app_eaci_get_rec_idx                     0x00001927   Thumb Code    42  app_util.o(.text)
    app_eaci_set_link_status                 0x00001951   Thumb Code   102  app_util.o(.text)
    eaci_msg_que_is_empty                    0x000019bd   Thumb Code    14  app_msg.o(.text)
    eaci_msg_que_push                        0x000019cb   Thumb Code    30  app_msg.o(.text)
    eaci_msg_que_pop                         0x000019e9   Thumb Code    14  app_msg.o(.text)
    app_eaci_cmd_adv                         0x000019f9   Thumb Code    54  app_generic.o(.text)
    app_eaci_cmd_scan                        0x00001a2f   Thumb Code    34  app_generic.o(.text)
    app_eaci_cmd_conn                        0x00001a51   Thumb Code    84  app_generic.o(.text)
    app_eaci_cmd_disc                        0x00001aa5   Thumb Code    32  app_generic.o(.text)
    app_eaci_set_dev_name_cmd                0x00001ac5   Thumb Code    96  app_generic.o(.text)
    app_eaci_cen_update_param_cmd            0x00001b25   Thumb Code   100  app_generic.o(.text)
    app_eaci_slave_update_param_cmd          0x00001b89   Thumb Code    64  app_generic.o(.text)
    app_eaci_cmd_bond                        0x00001bc9   Thumb Code    32  app_generic.o(.text)
    app_eaci_evt                             0x00001be9   Thumb Code   980  app_generic.o(.text)
    app_eaci_data_req_blpc                   0x000020a1   Thumb Code   154  app_data.o(.text)
    app_eaci_data_error_rsp                  0x00002307   Thumb Code    32  app_data.o(.text)
    app_eaci_data_ind                        0x00002327   Thumb Code    70  app_data.o(.text)
    app_menu_hdl                             0x00003237   Thumb Code   158  app_menu.o(.text)
    CS_Init                                  0x000032d9   Thumb Code    24  main.o(.text)
    CS_Force                                 0x000032f1   Thumb Code    30  main.o(.text)
    EINT3_IRQHandler                         0x0000330f   Thumb Code     2  main.o(.text)
    main                                     0x000033a9   Thumb Code    20  main.o(.text)
    fputc                                    0x000033c5   Thumb Code    14  retarget.o(.text)
    fgetc                                    0x000033d3   Thumb Code    16  retarget.o(.text)
    _ttywrch                                 0x000033e3   Thumb Code    12  retarget.o(.text)
    ferror                                   0x000033ef   Thumb Code     8  retarget.o(.text)
    _sys_exit                                0x000033f7   Thumb Code     4  retarget.o(.text)
    __I$use$semihosting                      0x000033fb   Thumb Code     0  use_no_semi.o(.text)
    __use_no_semihosting_swi                 0x000033fb   Thumb Code     2  use_no_semi.o(.text)
    malloc                                   0x000033fd   Thumb Code    94  h1_alloc.o(.text)
    free                                     0x0000345b   Thumb Code    78  h1_free.o(.text)
    __2printf                                0x000034a9   Thumb Code    20  noretval__2printf.o(.text)
    _printf_pre_padding                      0x000034c1   Thumb Code    44  _printf_pad.o(.text)
    _printf_post_padding                     0x000034ed   Thumb Code    34  _printf_pad.o(.text)
    _printf_str                              0x0000350f   Thumb Code    82  _printf_str.o(.text)
    _printf_int_dec                          0x00003561   Thumb Code   104  _printf_dec.o(.text)
    _printf_int_hex                          0x000035d9   Thumb Code    84  _printf_hex_int.o(.text)
    _printf_longlong_hex                     0x000035d9   Thumb Code     0  _printf_hex_int.o(.text)
    __printf                                 0x00003631   Thumb Code   308  __printf_flags_wp.o(.text)
    __aeabi_memcpy                           0x00003769   Thumb Code     0  rt_memcpy_v6.o(.text)
    __rt_memcpy                              0x00003769   Thumb Code   138  rt_memcpy_v6.o(.text)
    _memcpy_lastbytes                        0x000037cf   Thumb Code     0  rt_memcpy_v6.o(.text)
    __aeabi_memclr                           0x000037f3   Thumb Code     0  rt_memclr.o(.text)
    __rt_memclr                              0x000037f3   Thumb Code    68  rt_memclr.o(.text)
    _memset                                  0x000037f7   Thumb Code     0  rt_memclr.o(.text)
    __aeabi_memclr4                          0x00003837   Thumb Code     0  rt_memclr_w.o(.text)
    __aeabi_memclr8                          0x00003837   Thumb Code     0  rt_memclr_w.o(.text)
    __rt_memclr_w                            0x00003837   Thumb Code    78  rt_memclr_w.o(.text)
    _memset_w                                0x0000383b   Thumb Code     0  rt_memclr_w.o(.text)
    __use_two_region_memory                  0x00003885   Thumb Code     2  heapauxi.o(.text)
    __rt_heap_escrow                         0x00003887   Thumb Code     2  heapauxi.o(.text)
    __rt_heap_expand                         0x00003889   Thumb Code     2  heapauxi.o(.text)
    __rt_heap_descriptor                     0x0000388d   Thumb Code     8  rt_heap_descriptor_intlibspace.o(.text)
    __use_no_heap                            0x00003895   Thumb Code     2  hguard.o(.text)
    __heap$guard                             0x00003897   Thumb Code     2  hguard.o(.text)
    _terminate_user_alloc                    0x00003899   Thumb Code     2  init_alloc.o(.text)
    _init_user_alloc                         0x0000389b   Thumb Code     2  init_alloc.o(.text)
    __Heap_Full                              0x0000389d   Thumb Code    34  init_alloc.o(.text)
    __Heap_Broken                            0x000038bf   Thumb Code     6  init_alloc.o(.text)
    _init_alloc                              0x000038c5   Thumb Code    94  init_alloc.o(.text)
    __Heap_Initialize                        0x00003923   Thumb Code    10  h1_init.o(.text)
    __Heap_DescSize                          0x0000392d   Thumb Code     4  h1_init.o(.text)
    _printf_int_common                       0x00003931   Thumb Code   178  _printf_intcommon.o(.text)
    _printf_cs_common                        0x000039e3   Thumb Code    20  _printf_char.o(.text)
    _printf_char                             0x000039f7   Thumb Code    16  _printf_char.o(.text)
    _printf_string                           0x00003a07   Thumb Code     8  _printf_char.o(.text)
    _printf_char_file                        0x00003a11   Thumb Code    32  _printf_char_file.o(.text)
    __aeabi_memcpy4                          0x00003a35   Thumb Code     0  rt_memcpy_w.o(.text)
    __aeabi_memcpy8                          0x00003a35   Thumb Code     0  rt_memcpy_w.o(.text)
    __rt_memcpy_w                            0x00003a35   Thumb Code   100  rt_memcpy_w.o(.text)
    _memcpy_lastbytes_aligned                0x00003a7d   Thumb Code     0  rt_memcpy_w.o(.text)
    __user_libspace                          0x00003a99   Thumb Code     8  libspace.o(.text)
    __user_perproc_libspace                  0x00003a99   Thumb Code     0  libspace.o(.text)
    __user_perthread_libspace                0x00003a99   Thumb Code     0  libspace.o(.text)
    __Heap_ProvideMemory                     0x00003aa1   Thumb Code    52  h1_extend.o(.text)
    _printf_char_common                      0x00003adf   Thumb Code    32  _printf_char_common.o(.text)
    __rt_SIGRTMEM                            0x00003b05   Thumb Code    14  defsig_rtmem_outer.o(.text)
    __user_setup_stackheap                   0x00003b13   Thumb Code    74  sys_stackheap_outer.o(.text)
    exit                                     0x00003b5d   Thumb Code    12  exit.o(.text)
    __sig_exit                               0x00003b69   Thumb Code    10  defsig_exit.o(.text)
    __rt_SIGRTMEM_inner                      0x00003b75   Thumb Code    22  defsig_rtmem_inner.o(.text)
    __default_signal_display                 0x00003bc5   Thumb Code    50  defsig_general.o(.text)
    _is_digit                                0x00003bf7   Thumb Code    14  __printf_wp.o(i._is_digit)
    __aeabi_ddiv                             0x00003c05   Thumb Code     0  ddiv.o(x$fpl$ddiv)
    _ddiv                                    0x00003c05   Thumb Code   552  ddiv.o(x$fpl$ddiv)
    __aeabi_d2uiz                            0x00003eb5   Thumb Code     0  dfixu.o(x$fpl$dfixu)
    _dfixu                                   0x00003eb5   Thumb Code    90  dfixu.o(x$fpl$dfixu)
    __aeabi_ui2d                             0x00003f0f   Thumb Code     0  dflt_clz.o(x$fpl$dfltu)
    _dfltu                                   0x00003f0f   Thumb Code    38  dflt_clz.o(x$fpl$dfltu)
    __aeabi_dmul                             0x00003f35   Thumb Code     0  dmul.o(x$fpl$dmul)
    _dmul                                    0x00003f35   Thumb Code   332  dmul.o(x$fpl$dmul)
    __fpl_dnaninf                            0x00004089   Thumb Code   156  dnaninf.o(x$fpl$dnaninf)
    __fpl_dretinf                            0x00004125   Thumb Code    12  dretinf.o(x$fpl$dretinf)
    __I$use$fp                               0x00004130   Number         0  usenofp.o(x$fpl$usenofp)
    Region$$Table$$Base                      0x000041bc   Number         0  anon$$obj.o(Region$$Table)
    Region$$Table$$Limit                     0x000041dc   Number         0  anon$$obj.o(Region$$Table)
    SystemFrequency                          0x10000000   Data           4  system_lpc17xx.o(.data)
    rd_ongoing                               0x10000004   Data           1  lpc17xx_spi.o(.data)
    wr_ongoing                               0x10000005   Data           1  lpc17xx_spi.o(.data)
    eaci_env                                 0x10000008   Data           8  eaci.o(.data)
    bp_rd_char                               0x10000010   Data           1  app_data.o(.data)
    __stdout                                 0x10000014   Data           4  retarget.o(.data)
    __stdin                                  0x10000018   Data           4  retarget.o(.data)
    tx_buffer                                0x1000004c   Data          80  lpc17xx_spi.o(.bss)
    app_env                                  0x100000a8   Data         140  app_env.o(.bss)
    app_debug_env                            0x10000134   Data          17  app_sys.o(.bss)
    SPI_ConfigStruct                         0x10000148   Data          24  main.o(.bss)
    xferConfig                               0x10000160   Data          32  main.o(.bss)
    __libspace_start                         0x10000180   Data          96  libspace.o(.bss)
    __temporary_stack_top$libspace           0x100001e0   Data           0  libspace.o(.bss)



==============================================================================

Memory Map of the image

  Image Entry point : 0x000000cd

  Load Region LR_IROM1 (Base: 0x00000000, Size: 0x000041f8, Max: 0x00080000, ABSOLUTE)

    Execution Region ER_IROM1 (Base: 0x00000000, Size: 0x000041dc, Max: 0x00080000, ABSOLUTE)

    Base Addr    Size         Type   Attr      Idx    E Section Name        Object

    0x00000000   0x000000cc   Data   RO            3    RESET               startup_lpc17xx.o
    0x000000cc   0x00000008   Code   RO          708  * !!!main             c_w.l(__main.o)
    0x000000d4   0x00000034   Code   RO          936    !!!scatter          c_w.l(__scatter.o)
    0x00000108   0x0000001a   Code   RO          938    !!handler_copy      c_w.l(__scatter_copy.o)
    0x00000122   0x00000002   PAD
    0x00000124   0x0000001c   Code   RO          940    !!handler_zi        c_w.l(__scatter_zi.o)
    0x00000140   0x00000000   Code   RO          699    .ARM.Collect$$_printf_percent$$00000000  c_w.l(_printf_percent.o)
    0x00000140   0x00000006   Code   RO          698    .ARM.Collect$$_printf_percent$$00000009  c_w.l(_printf_d.o)
    0x00000146   0x00000006   Code   RO          697    .ARM.Collect$$_printf_percent$$0000000C  c_w.l(_printf_x.o)
    0x0000014c   0x00000006   Code   RO          696    .ARM.Collect$$_printf_percent$$00000013  c_w.l(_printf_c.o)
    0x00000152   0x00000004   Code   RO          760    .ARM.Collect$$_printf_percent$$00000017  c_w.l(_printf_percent_end.o)
    0x00000156   0x00000002   Code   RO          880    .ARM.Collect$$libinit$$00000000  c_w.l(libinit.o)
    0x00000158   0x00000000   Code   RO          766    .ARM.Collect$$libinit$$00000002  c_w.l(libinit2.o)
    0x00000158   0x00000000   Code   RO          768    .ARM.Collect$$libinit$$00000004  c_w.l(libinit2.o)
    0x00000158   0x00000008   Code   RO          769    .ARM.Collect$$libinit$$00000005  c_w.l(libinit2.o)
    0x00000160   0x00000000   Code   RO          771    .ARM.Collect$$libinit$$0000000A  c_w.l(libinit2.o)
    0x00000160   0x00000000   Code   RO          773    .ARM.Collect$$libinit$$0000000C  c_w.l(libinit2.o)
    0x00000160   0x00000000   Code   RO          775    .ARM.Collect$$libinit$$0000000E  c_w.l(libinit2.o)
    0x00000160   0x00000000   Code   RO          778    .ARM.Collect$$libinit$$00000011  c_w.l(libinit2.o)
    0x00000160   0x00000000   Code   RO          780    .ARM.Collect$$libinit$$00000013  c_w.l(libinit2.o)
    0x00000160   0x00000000   Code   RO          782    .ARM.Collect$$libinit$$00000015  c_w.l(libinit2.o)
    0x00000160   0x00000000   Code   RO          784    .ARM.Collect$$libinit$$00000017  c_w.l(libinit2.o)
    0x00000160   0x00000000   Code   RO          786    .ARM.Collect$$libinit$$00000019  c_w.l(libinit2.o)
    0x00000160   0x00000000   Code   RO          788    .ARM.Collect$$libinit$$0000001B  c_w.l(libinit2.o)
    0x00000160   0x00000000   Code   RO          790    .ARM.Collect$$libinit$$0000001D  c_w.l(libinit2.o)
    0x00000160   0x00000000   Code   RO          792    .ARM.Collect$$libinit$$0000001F  c_w.l(libinit2.o)
    0x00000160   0x00000000   Code   RO          794    .ARM.Collect$$libinit$$00000021  c_w.l(libinit2.o)
    0x00000160   0x00000000   Code   RO          796    .ARM.Collect$$libinit$$00000023  c_w.l(libinit2.o)
    0x00000160   0x00000000   Code   RO          798    .ARM.Collect$$libinit$$00000025  c_w.l(libinit2.o)
    0x00000160   0x00000000   Code   RO          802    .ARM.Collect$$libinit$$0000002C  c_w.l(libinit2.o)
    0x00000160   0x00000000   Code   RO          804    .ARM.Collect$$libinit$$0000002E  c_w.l(libinit2.o)
    0x00000160   0x00000000   Code   RO          806    .ARM.Collect$$libinit$$00000030  c_w.l(libinit2.o)
    0x00000160   0x00000000   Code   RO          808    .ARM.Collect$$libinit$$00000032  c_w.l(libinit2.o)
    0x00000160   0x00000002   Code   RO          809    .ARM.Collect$$libinit$$00000033  c_w.l(libinit2.o)
    0x00000162   0x00000002   Code   RO          933    .ARM.Collect$$libshutdown$$00000000  c_w.l(libshutdown.o)
    0x00000164   0x00000000   Code   RO          893    .ARM.Collect$$libshutdown$$00000003  c_w.l(libshutdown2.o)
    0x00000164   0x00000000   Code   RO          896    .ARM.Collect$$libshutdown$$00000006  c_w.l(libshutdown2.o)
    0x00000164   0x00000000   Code   RO          899    .ARM.Collect$$libshutdown$$00000009  c_w.l(libshutdown2.o)
    0x00000164   0x00000000   Code   RO          901    .ARM.Collect$$libshutdown$$0000000B  c_w.l(libshutdown2.o)
    0x00000164   0x00000000   Code   RO          904    .ARM.Collect$$libshutdown$$0000000E  c_w.l(libshutdown2.o)
    0x00000164   0x00000002   Code   RO          905    .ARM.Collect$$libshutdown$$0000000F  c_w.l(libshutdown2.o)
    0x00000166   0x00000000   Code   RO          728    .ARM.Collect$$rtentry$$00000000  c_w.l(__rtentry.o)
    0x00000166   0x00000000   Code   RO          821    .ARM.Collect$$rtentry$$00000002  c_w.l(__rtentry2.o)
    0x00000166   0x00000006   Code   RO          833    .ARM.Collect$$rtentry$$00000004  c_w.l(__rtentry4.o)
    0x0000016c   0x00000000   Code   RO          823    .ARM.Collect$$rtentry$$00000009  c_w.l(__rtentry2.o)
    0x0000016c   0x00000004   Code   RO          824    .ARM.Collect$$rtentry$$0000000A  c_w.l(__rtentry2.o)
    0x00000170   0x00000000   Code   RO          826    .ARM.Collect$$rtentry$$0000000C  c_w.l(__rtentry2.o)
    0x00000170   0x00000008   Code   RO          827    .ARM.Collect$$rtentry$$0000000D  c_w.l(__rtentry2.o)
    0x00000178   0x00000002   Code   RO          881    .ARM.Collect$$rtexit$$00000000  c_w.l(rtexit.o)
    0x0000017a   0x00000000   Code   RO          907    .ARM.Collect$$rtexit$$00000002  c_w.l(rtexit2.o)
    0x0000017a   0x00000004   Code   RO          908    .ARM.Collect$$rtexit$$00000003  c_w.l(rtexit2.o)
    0x0000017e   0x00000006   Code   RO          909    .ARM.Collect$$rtexit$$00000004  c_w.l(rtexit2.o)
    0x00000184   0x00000000   Code   RO          837    .emb_text           c_w.l(maybetermalloc1.o)
    0x00000184   0x00000038   Code   RO            5    .text               startup_lpc17xx.o
    0x000001bc   0x00000140   Code   RO          255    .text               lpc17xx_clkpwr.o
    0x000002fc   0x00000004   Code   RO            4    .ARM.__at_0x02FC    startup_lpc17xx.o
    0x00000300   0x000001ec   Code   RO           13    .text               system_lpc17xx.o
    0x000004ec   0x0000083c   Code   RO           47    .text               uart.o
    0x00000d28   0x000005b4   Code   RO          229    .text               lpc17xx_spi.o
    0x000012dc   0x00000004   Code   RO          273    .text               lpc17xx_libcfg_default.o
    0x000012e0   0x00000320   Code   RO          315    .text               lpc17xx_gpio.o
    0x00001600   0x00000088   Code   RO          327    .text               eaci.o
    0x00001688   0x0000016c   Code   RO          361    .text               eaci_uart.o
    0x000017f4   0x00000044   Code   RO          404    .text               app_env.o
    0x00001838   0x00000084   Code   RO          422    .text               app_sys.o
    0x000018bc   0x00000100   Code   RO          437    .text               app_util.o
    0x000019bc   0x0000003a   Code   RO          449    .text               app_msg.o
    0x000019f6   0x00000002   PAD
    0x000019f8   0x000006a8   Code   RO          461    .text               app_generic.o
    0x000020a0   0x000005ac   Code   RO          474    .text               app_data.o
    0x0000264c   0x00000c8c   Code   RO          489    .text               app_menu.o
    0x000032d8   0x000000ec   Code   RO          501    .text               main.o
    0x000033c4   0x00000036   Code   RO          549    .text               retarget.o
    0x000033fa   0x00000002   Code   RO          579    .text               c_w.l(use_no_semi.o)
    0x000033fc   0x0000005e   Code   RO          585    .text               c_w.l(h1_alloc.o)
    0x0000345a   0x0000004e   Code   RO          587    .text               c_w.l(h1_free.o)
    0x000034a8   0x00000018   Code   RO          645    .text               c_w.l(noretval__2printf.o)
    0x000034c0   0x0000004e   Code   RO          649    .text               c_w.l(_printf_pad.o)
    0x0000350e   0x00000052   Code   RO          651    .text               c_w.l(_printf_str.o)
    0x00003560   0x00000078   Code   RO          653    .text               c_w.l(_printf_dec.o)
    0x000035d8   0x00000058   Code   RO          658    .text               c_w.l(_printf_hex_int.o)
    0x00003630   0x00000138   Code   RO          688    .text               c_w.l(__printf_flags_wp.o)
    0x00003768   0x0000008a   Code   RO          700    .text               c_w.l(rt_memcpy_v6.o)
    0x000037f2   0x00000044   Code   RO          702    .text               c_w.l(rt_memclr.o)
    0x00003836   0x0000004e   Code   RO          704    .text               c_w.l(rt_memclr_w.o)
    0x00003884   0x00000006   Code   RO          706    .text               c_w.l(heapauxi.o)
    0x0000388a   0x00000002   PAD
    0x0000388c   0x00000008   Code   RO          732    .text               c_w.l(rt_heap_descriptor_intlibspace.o)
    0x00003894   0x00000004   Code   RO          734    .text               c_w.l(hguard.o)
    0x00003898   0x0000008a   Code   RO          736    .text               c_w.l(init_alloc.o)
    0x00003922   0x0000000e   Code   RO          740    .text               c_w.l(h1_init.o)
    0x00003930   0x000000b2   Code   RO          754    .text               c_w.l(_printf_intcommon.o)
    0x000039e2   0x0000002c   Code   RO          756    .text               c_w.l(_printf_char.o)
    0x00003a0e   0x00000002   PAD
    0x00003a10   0x00000024   Code   RO          758    .text               c_w.l(_printf_char_file.o)
    0x00003a34   0x00000064   Code   RO          761    .text               c_w.l(rt_memcpy_w.o)
    0x00003a98   0x00000008   Code   RO          817    .text               c_w.l(libspace.o)
    0x00003aa0   0x00000034   Code   RO          839    .text               c_w.l(h1_extend.o)
    0x00003ad4   0x00000030   Code   RO          843    .text               c_w.l(_printf_char_common.o)
    0x00003b04   0x0000000e   Code   RO          845    .text               c_w.l(defsig_rtmem_outer.o)
    0x00003b12   0x0000004a   Code   RO          857    .text               c_w.l(sys_stackheap_outer.o)
    0x00003b5c   0x0000000c   Code   RO          865    .text               c_w.l(exit.o)
    0x00003b68   0x0000000a   Code   RO          867    .text               c_w.l(defsig_exit.o)
    0x00003b72   0x00000002   PAD
    0x00003b74   0x00000050   Code   RO          869    .text               c_w.l(defsig_rtmem_inner.o)
    0x00003bc4   0x00000032   Code   RO          889    .text               c_w.l(defsig_general.o)
    0x00003bf6   0x0000000e   Code   RO          686    i._is_digit         c_w.l(__printf_wp.o)
    0x00003c04   0x000002b0   Code   RO          711    x$fpl$ddiv          fz_ws.l(ddiv.o)
    0x00003eb4   0x0000005a   Code   RO          714    x$fpl$dfixu         fz_ws.l(dfixu.o)
    0x00003f0e   0x00000026   Code   RO          718    x$fpl$dfltu         fz_ws.l(dflt_clz.o)
    0x00003f34   0x00000154   Code   RO          724    x$fpl$dmul          fz_ws.l(dmul.o)
    0x00004088   0x0000009c   Code   RO          810    x$fpl$dnaninf       fz_ws.l(dnaninf.o)
    0x00004124   0x0000000c   Code   RO          812    x$fpl$dretinf       fz_ws.l(dretinf.o)
    0x00004130   0x00000000   Code   RO          814    x$fpl$usenofp       fz_ws.l(usenofp.o)
    0x00004130   0x00000028   Data   RO          659    .constdata          c_w.l(_printf_hex_int.o)
    0x00004158   0x00000011   Data   RO          689    .constdata          c_w.l(__printf_flags_wp.o)
    0x00004169   0x00000003   PAD
    0x0000416c   0x0000004f   Data   RO          462    .conststring        app_generic.o
    0x000041bb   0x00000001   PAD
    0x000041bc   0x00000020   Data   RO          934    Region$$Table       anon$$obj.o


    Execution Region RW_IRAM1 (Base: 0x10000000, Size: 0x000061e0, Max: 0x00008000, ABSOLUTE)

    Base Addr    Size         Type   Attr      Idx    E Section Name        Object

    0x10000000   0x00000004   Data   RW           14    .data               system_lpc17xx.o
    0x10000004   0x00000002   Data   RW          231    .data               lpc17xx_spi.o
    0x10000006   0x00000002   PAD
    0x10000008   0x00000008   Data   RW          328    .data               eaci.o
    0x10000010   0x00000001   Data   RW          475    .data               app_data.o
    0x10000011   0x00000003   PAD
    0x10000014   0x00000008   Data   RW          550    .data               retarget.o
    0x1000001c   0x00000030   Zero   RW           48    .bss                uart.o
    0x1000004c   0x0000005c   Zero   RW          230    .bss                lpc17xx_spi.o
    0x100000a8   0x0000008c   Zero   RW          405    .bss                app_env.o
    0x10000134   0x00000011   Zero   RW          423    .bss                app_sys.o
    0x10000145   0x00000003   PAD
    0x10000148   0x00000038   Zero   RW          502    .bss                main.o
    0x10000180   0x00000060   Zero   RW          818    .bss                c_w.l(libspace.o)
    0x100001e0   0x00003000   Zero   RW            2    HEAP                startup_lpc17xx.o
    0x100031e0   0x00003000   Zero   RW            1    STACK               startup_lpc17xx.o


==============================================================================

Image component sizes


      Code (inc. data)   RO Data    RW Data    ZI Data      Debug   Object Name

      1452        736          0          1          0       2876   app_data.o
        68          6          0          0        140       1905   app_env.o
      1704        610         79          0          0       3564   app_generic.o
      3212       1162          0          0          0       3015   app_menu.o
        58          0          0          0          0       1343   app_msg.o
       132         14          0          0         17        817   app_sys.o
       256          6          0          0          0       2379   app_util.o
       136          8          0          8          0       1984   eaci.o
       364         24          0          0          0       5842   eaci_uart.o
       320         22          0          0          0       1783   lpc17xx_clkpwr.o
       800         22          0          0          0       6702   lpc17xx_gpio.o
         4          0          0          0          0        803   lpc17xx_libcfg_default.o
      1460         66          0          2         92      10771   lpc17xx_spi.o
       236          8          0          0         56       8578   main.o
        54          0          0          8          0       3006   retarget.o
        60         26        204          0      24576       1076   startup_lpc17xx.o
       492         24          0          4          0      23627   system_lpc17xx.o
      2108         64          0          0         48      31171   uart.o

    ----------------------------------------------------------------------
     12918       2798        316         28      24932     111242   Object Totals
         0          0         32          0          0          0   (incl. Generated)
         2          0          1          5          3          0   (incl. Padding)

    ----------------------------------------------------------------------

      Code (inc. data)   RO Data    RW Data    ZI Data      Debug   Library Member Name

         8          0          0          0          0         68   __main.o
       312          4         17          0          0         92   __printf_flags_wp.o
        14          0          0          0          0         68   __printf_wp.o
         0          0          0          0          0          0   __rtentry.o
        12          0          0          0          0          0   __rtentry2.o
         6          0          0          0          0          0   __rtentry4.o
        52          8          0          0          0          0   __scatter.o
        26          0          0          0          0          0   __scatter_copy.o
        28          0          0          0          0          0   __scatter_zi.o
         6          0          0          0          0          0   _printf_c.o
        44          0          0          0          0        108   _printf_char.o
        48          6          0          0          0         96   _printf_char_common.o
        36          4          0          0          0         80   _printf_char_file.o
         6          0          0          0          0          0   _printf_d.o
       120         16          0          0          0         92   _printf_dec.o
        88          4         40          0          0         88   _printf_hex_int.o
       178          0          0          0          0         88   _printf_intcommon.o
        78          0          0          0          0        108   _printf_pad.o
         0          0          0          0          0          0   _printf_percent.o
         4          0          0          0          0          0   _printf_percent_end.o
        82          0          0          0          0         80   _printf_str.o
         6          0          0          0          0          0   _printf_x.o
        10          0          0          0          0         68   defsig_exit.o
        50          0          0          0          0         88   defsig_general.o
        80         58          0          0          0         76   defsig_rtmem_inner.o
        14          0          0          0          0         80   defsig_rtmem_outer.o
        12          0          0          0          0         72   exit.o
        94          0          0          0          0         80   h1_alloc.o
        52          0          0          0          0         68   h1_extend.o
        78          0          0          0          0         80   h1_free.o
        14          0          0          0          0         84   h1_init.o
         6          0          0          0          0        152   heapauxi.o
         4          0          0          0          0        136   hguard.o
       138          0          0          0          0        168   init_alloc.o
         2          0          0          0          0          0   libinit.o
        10          0          0          0          0          0   libinit2.o
         2          0          0          0          0          0   libshutdown.o
         2          0          0          0          0          0   libshutdown2.o
         8          4          0          0         96         68   libspace.o
         0          0          0          0          0          0   maybetermalloc1.o
        24          4          0          0          0         84   noretval__2printf.o
         8          4          0          0          0         68   rt_heap_descriptor_intlibspace.o
        68          0          0          0          0         68   rt_memclr.o
        78          0          0          0          0         80   rt_memclr_w.o
       138          0          0          0          0         68   rt_memcpy_v6.o
       100          0          0          0          0         80   rt_memcpy_w.o
         2          0          0          0          0          0   rtexit.o
        10          0          0          0          0          0   rtexit2.o
        74          0          0          0          0         80   sys_stackheap_outer.o
         2          0          0          0          0         68   use_no_semi.o
       688        140          0          0          0        208   ddiv.o
        90          4          0          0          0         92   dfixu.o
        38          0          0          0          0         68   dflt_clz.o
       340         12          0          0          0        104   dmul.o
       156          4          0          0          0         92   dnaninf.o
        12          0          0          0          0         68   dretinf.o
         0          0          0          0          0          0   usenofp.o

    ----------------------------------------------------------------------
      3566        272         60          0         96       3416   Library Totals
         8          0          3          0          0          0   (incl. Padding)

    ----------------------------------------------------------------------

      Code (inc. data)   RO Data    RW Data    ZI Data      Debug   Library Name

      2234        112         57          0         96       2784   c_w.l
      1324        160          0          0          0        632   fz_ws.l

    ----------------------------------------------------------------------
      3566        272         60          0         96       3416   Library Totals

    ----------------------------------------------------------------------

==============================================================================


      Code (inc. data)   RO Data    RW Data    ZI Data      Debug   

     16484       3070        376         28      25028     111742   Grand Totals
     16484       3070        376         28      25028     111742   ELF Image Totals
     16484       3070        376         28          0          0   ROM Totals

==============================================================================

    Total RO  Size (Code + RO Data)                16860 (  16.46kB)
    Total RW  Size (RW Data + ZI Data)             25056 (  24.47kB)
    Total ROM Size (Code + RO Data + RW Data)      16888 (  16.49kB)

==============================================================================

