Component: ARM Compiler 5.05 (build 41) Tool: armlink [4d0eb9]

==============================================================================

Section Cross References

    startup.o(RESET) refers to startup.o(STACK) for __initial_sp
    startup.o(RESET) refers to startup.o(.text) for Reset_Handler
    startup.o(RESET) refers to gpio.o(i.GPIO_IRQHandler) for GPIO_IRQHandler
    startup.o(RESET) refers to lib.o(i.BLE_IRQHandler) for BLE_IRQHandler
    startup.o(RESET) refers to sleep.o(i.OSC_EN_IRQHandler) for OSC_EN_IRQHandler
    startup.o(RESET) refers to dma.o(i.DMA_IRQHandler) for DMA_IRQHandler
    startup.o(RESET) refers to uart.o(i.UART0_TX_IRQHandler) for UART0_TX_IRQHandler
    startup.o(RESET) refers to uart.o(i.UART0_RX_IRQHandler) for UART0_RX_IRQHandler
    startup.o(RESET) refers to spi.o(i.SPI0_RX_IRQHandler) for SPI0_RX_IRQHandler
    startup.o(RESET) refers to spi.o(i.SPI1_RX_IRQHandler) for SPI1_RX_IRQHandler
    startup.o(RESET) refers to timer.o(i.TIMER0_IRQHandler) for TIMER0_IRQHandler
    startup.o(RESET) refers to timer.o(i.TIMER1_IRQHandler) for TIMER1_IRQHandler
    startup.o(RESET) refers to timer.o(i.TIMER2_IRQHandler) for TIMER2_IRQHandler
    startup.o(RESET) refers to timer.o(i.TIMER3_IRQHandler) for TIMER3_IRQHandler
    startup.o(.text) refers to entry.o(.ARM.Collect$$$$00000000) for __main
    app_main.o(i.main) refers to lib.o(i.dc_dc_enable) for dc_dc_enable
    app_main.o(i.main) refers to lib.o(i.plf_init) for plf_init
    app_main.o(i.main) refers to system.o(i.SystemInit) for SystemInit
    app_main.o(i.main) refers to lib.o(i.ble_init) for ble_init
    app_main.o(i.main) refers to app_env.o(i.app_init) for app_init
    app_main.o(i.main) refers to usr_design.o(i.usr_init) for usr_init
    app_main.o(i.main) refers to sleep.o(i.sleep_init) for sleep_init
    app_main.o(i.main) refers to sleep.o(i.wakeup_by_sleep_timer) for wakeup_by_sleep_timer
    app_main.o(i.main) refers to lib.o(i.ke_schedule) for ke_schedule
    app_main.o(i.main) refers to sleep.o(i.usr_sleep) for usr_sleep
    app_main.o(i.main) refers to lib.o(i.ble_sleep) for ble_sleep
    app_main.o(i.main) refers to led.o(i.led_set) for led_set
    app_main.o(i.main) refers to sleep.o(i.enter_sleep) for enter_sleep
    app_main.o(i.main) refers to prf_utils.o(i.prf_init) for prf_init
    app_main.o(i.main) refers to prf_utils.o(i.prf_dispatch_disconnect) for prf_dispatch_disconnect
    app_main.o(i.main) refers to app_main.o(.bss) for .bss
    app_main.o(i.main) refers to uart.o(i.uart_write) for uart_write
    app_main.o(i.main) refers to uart.o(i.uart_read) for uart_read
    app_main.o(i.main) refers to sleep.o(i.sleep_cb) for sleep_cb
    system.o(i.SystemInit) refers to system.o(i.timer_clock_off) for timer_clock_off
    system.o(i.SystemInit) refers to system.o(i.uart_clock_off) for uart_clock_off
    system.o(i.SystemInit) refers to system.o(i.spi_clock_off) for spi_clock_off
    system.o(i.SystemInit) refers to syscon.o(i.syscon_set_sysclk_src) for syscon_set_sysclk_src
    system.o(i.SystemInit) refers to syscon.o(i.syscon_set_ahb_clk) for syscon_set_ahb_clk
    system.o(i.SystemInit) refers to syscon.o(i.syscon_set_ble_clk) for syscon_set_ble_clk
    system.o(i.SystemInit) refers to syscon.o(i.syscon_set_apb_clk) for syscon_set_apb_clk
    system.o(i.SystemInit) refers to syscon.o(i.syscon_set_timer_clk) for syscon_set_timer_clk
    system.o(i.SystemInit) refers to syscon.o(i.syscon_set_usart_clk) for syscon_set_usart_clk
    system.o(i.SystemInit) refers to gpio.o(i.gpio_init) for gpio_init
    system.o(i.SystemInit) refers to led.o(i.led_init) for led_init
    system.o(i.SystemInit) refers to usr_design.o(i.eaci_wakeup_init) for eaci_wakeup_init
    system.o(i.SystemInit) refers to uart.o(i.uart_init) for uart_init
    system.o(i.SystemInit) refers to usr_design.o(i.gpio_interrupt_callback) for gpio_interrupt_callback
    usr_design.o(i.app_event_uart_data_handler) refers to sleep.o(i.wakeup_32k_xtal_start_timer) for wakeup_32k_xtal_start_timer
    usr_design.o(i.app_event_uart_data_handler) refers to sleep.o(.data) for sleep_env
    usr_design.o(i.app_led_timer_handler) refers to led.o(i.led_get) for led_get
    usr_design.o(i.app_led_timer_handler) refers to led.o(i.led_set) for led_set
    usr_design.o(i.app_led_timer_handler) refers to usr_design.o(.data) for .data
    usr_design.o(i.eaci_wakeup_init) refers to gpio.o(i.gpio_wakeup_config) for gpio_wakeup_config
    usr_design.o(i.eaci_wakeup_init) refers to gpio.o(i.gpio_enable_interrupt) for gpio_enable_interrupt
    usr_design.o(i.gpio_interrupt_callback) refers to lib.o(i.ble_ext_wakeup_allow) for ble_ext_wakeup_allow
    usr_design.o(i.gpio_interrupt_callback) refers to sleep.o(i.wakeup_32k_xtal_switch_clk) for wakeup_32k_xtal_switch_clk
    usr_design.o(i.gpio_interrupt_callback) refers to sleep.o(.data) for sleep_env
    usr_design.o(i.usr_init) refers to usr_design.o(i.app_event_uart_data_handler) for app_event_uart_data_handler
[...]

    Global Symbols

    Symbol Name                              Value     Ov Type        Size  Object(Section)

    BuildAttributes$$THM_ISAv3M$S$PE$A:L22$X:L11$S22$IEEE1$IW$USESV6$~STKCKD$USESV7$~SHL$OSPACE$ROPI$EBA8$MICROLIB$REQ8$PRES8$EABIv2 0x00000000   Number         0  anon$$obj.o ABSOLUTE
    __ARM_use_no_argv                        0x00000000   Number         0  app_main.o ABSOLUTE
    __cpp_initialize__aeabi_                  - Undefined Weak Reference
    __cxa_finalize                            - Undefined Weak Reference
    __decompress                              - Undefined Weak Reference
    _clock_init                               - Undefined Weak Reference
    _microlib_exit                            - Undefined Weak Reference
    __Vectors_Size                           0x000000c0   Number         0  startup.o ABSOLUTE
    __Vectors                                0x10000000   Data           4  startup.o(RESET)
    __Vectors_End                            0x100000c0   Data           0  startup.o(RESET)
    __main                                   0x100000c1   Thumb Code     0  entry.o(.ARM.Collect$$$$00000000)
    _main_stk                                0x100000c1   Thumb Code     0  entry2.o(.ARM.Collect$$$$00000001)
    _main_scatterload                        0x100000c5   Thumb Code     0  entry5.o(.ARM.Collect$$$$00000004)
    __main_after_scatterload                 0x100000c9   Thumb Code     0  entry5.o(.ARM.Collect$$$$00000004)
    _main_clock                              0x100000c9   Thumb Code     0  entry7b.o(.ARM.Collect$$$$00000008)
    _main_cpp_init                           0x100000c9   Thumb Code     0  entry8b.o(.ARM.Collect$$$$0000000A)
    _main_init                               0x100000c9   Thumb Code     0  entry9a.o(.ARM.Collect$$$$0000000B)
    __rt_final_cpp                           0x100000d1   Thumb Code     0  entry10a.o(.ARM.Collect$$$$0000000D)
    __rt_final_exit                          0x100000d1   Thumb Code     0  entry11a.o(.ARM.Collect$$$$0000000F)
    Reset_Handler                            0x100000d5   Thumb Code    14  startup.o(.text)
    NMI_Handler                              0x100000e3   Thumb Code     2  startup.o(.text)
    HardFault_Handler                        0x100000e5   Thumb Code     2  startup.o(.text)
    MemManage_Handler                        0x100000e7   Thumb Code     2  startup.o(.text)
    BusFault_Handler                         0x100000e9   Thumb Code     2  startup.o(.text)
    UsageFault_Handler                       0x100000eb   Thumb Code     2  startup.o(.text)
    SVC_Handler                              0x100000ed   Thumb Code     2  startup.o(.text)
    DebugMon_Handler                         0x100000ef   Thumb Code     2  startup.o(.text)
    PendSV_Handler                           0x100000f1   Thumb Code     2  startup.o(.text)
    SysTick_Handler                          0x100000f3   Thumb Code     2  startup.o(.text)
    ADC_IRQHandler                           0x100000f5   Thumb Code     0  startup.o(.text)
    CALIB_IRQHandler                         0x100000f5   Thumb Code     0  startup.o(.text)
    COMPARATOR0_IRQHandler                   0x100000f5   Thumb Code     0  startup.o(.text)
    COMPARATOR1_IRQHandler                   0x100000f5   Thumb Code     0  startup.o(.text)
    I2C_IRQHandler                           0x100000f5   Thumb Code     0  startup.o(.text)
    PWM0_IRQHandler                          0x100000f5   Thumb Code     0  startup.o(.text)
    PWM1_IRQHandler                          0x100000f5   Thumb Code     0  startup.o(.text)
    RTC_CAP_IRQHandler                       0x100000f5   Thumb Code     0  startup.o(.text)
    RTC_IRQHandler                           0x100000f5   Thumb Code     0  startup.o(.text)
    SPI0_TX_IRQHandler                       0x100000f5   Thumb Code     0  startup.o(.text)
    SPI1_TX_IRQHandler                       0x100000f5   Thumb Code     0  startup.o(.text)
    TUNER_RX_IRQHandler                      0x100000f5   Thumb Code     0  startup.o(.text)
    TUNER_SETTING_IRQHandler                 0x100000f5   Thumb Code     0  startup.o(.text)
    TUNER_TX_IRQHandler                      0x100000f5   Thumb Code     0  startup.o(.text)
    UART1_RX_IRQHandler                      0x100000f5   Thumb Code     0  startup.o(.text)
    UART1_TX_IRQHandler                      0x100000f5   Thumb Code     0  startup.o(.text)
    WDT_IRQHandler                           0x100000f5   Thumb Code     0  startup.o(.text)
    __rd_ble_reg                             0x10000105   Thumb Code     4  math.o(.text)
    __wr_ble_reg                             0x10000109   Thumb Code     4  math.o(.text)
    __aeabi_lmul                             0x1000010d   Thumb Code   166  math.o(.text)
    __aeabi_uldivmod                         0x100001b3   Thumb Code   256  math.o(.text)
    __aeabi_uidiv                            0x100002b3   Thumb Code     0  uidiv.o(.text)
    __aeabi_uidivmod                         0x100002b3   Thumb Code    44  uidiv.o(.text)
    __aeabi_lasr                             0x100002df   Thumb Code    38  llsshr.o(.text)
    _ll_sshift_r                             0x100002df   Thumb Code     0  llsshr.o(.text)
    rand                                     0x10000305   Thumb Code    18  rand.o(.text)
    srand                                    0x10000317   Thumb Code     6  rand.o(.text)
    __aeabi_memcpy                           0x10000329   Thumb Code    36  memcpya.o(.text)
    __aeabi_memcpy4                          0x10000329   Thumb Code     0  memcpya.o(.text)
    __aeabi_memcpy8                          0x10000329   Thumb Code     0  memcpya.o(.text)
    __aeabi_memset                           0x1000034d   Thumb Code    14  memseta.o(.text)
    __aeabi_memset4                          0x1000034d   Thumb Code     0  memseta.o(.text)
    __aeabi_memset8                          0x1000034d   Thumb Code     0  memseta.o(.text)
    __aeabi_memclr                           0x1000035b   Thumb Code     4  memseta.o(.text)
    __aeabi_memclr4                          0x1000035b   Thumb Code     0  memseta.o(.text)
    __aeabi_memclr8                          0x1000035b   Thumb Code     0  memseta.o(.text)
    _memset$wrapper                          0x1000035f   Thumb Code    18  memseta.o(.text)
    strlen                                   0x10000371   Thumb Code    14  strlen.o(.text)
    memcmp                                   0x1000037f   Thumb Code    26  memcmp.o(.text)
    atoi                                     0x10000399   Thumb Code    26  atoi.o(.text)
    __aeabi_dadd                             0x100003b5   Thumb Code   328  dadd.o(.text)
    __aeabi_dsub                             0x100004fd   Thumb Code    12  dadd.o(.text)
    __aeabi_drsub                            0x10000509   Thumb Code    12  dadd.o(.text)
    __aeabi_dmul                             0x10000519   Thumb Code   202  dmul.o(.text)
    __aeabi_i2d                              0x100005e9   Thumb Code    34  dflti.o(.text)
    __aeabi_ui2d                             0x10000611   Thumb Code    24  dfltui.o(.text)
    __aeabi_d2iz                             0x1000062d   Thumb Code    62  dfixi.o(.text)
    __aeabi_cdcmpeq                          0x10000675   Thumb Code     0  cdcmple.o(.text)
    __aeabi_cdcmple                          0x10000675   Thumb Code    38  cdcmple.o(.text)
    __aeabi_llsl                             0x1000069d   Thumb Code    32  llshl.o(.text)
    _ll_shift_l                              0x1000069d   Thumb Code     0  llshl.o(.text)
    __aeabi_llsr                             0x100006bd   Thumb Code    34  llushr.o(.text)
    _ll_ushift_r                             0x100006bd   Thumb Code     0  llushr.o(.text)
    strtol                                   0x100006e1   Thumb Code   108  strtol.o(.text)
    __I$use$fp                               0x10000751   Thumb Code     0  iusefp.o(.text)
    _double_round                            0x10000751   Thumb Code    26  depilogue.o(.text)
    _double_epilogue                         0x1000076b   Thumb Code   164  depilogue.o(.text)
    __scatterload                            0x10000811   Thumb Code    28  init.o(.text)
    __scatterload_rt2                        0x10000811   Thumb Code     0  init.o(.text)
    __rt_ctype_table                         0x10000835   Thumb Code     4  ctype_o.o(.text)
    _strtoul                                 0x1000083d   Thumb Code   166  _strtoul.o(.text)
    _chval                                   0x100008e3   Thumb Code    30  _chval.o(.text)
    BLE_IRQHandler                           0x10000901   Thumb Code   150  lib.o(i.BLE_IRQHandler)
    DMA_IRQHandler                           0x100009ad   Thumb Code    42  dma.o(i.DMA_IRQHandler)
    GPIO_IRQHandler                          0x100009e1   Thumb Code    36  gpio.o(i.GPIO_IRQHandler)
    OSC_EN_IRQHandler                        0x10000a09   Thumb Code    12  sleep.o(i.OSC_EN_IRQHandler)
    SPI0_RX_IRQHandler                       0x10000a1d   Thumb Code   104  spi.o(i.SPI0_RX_IRQHandler)
    SPI1_RX_IRQHandler                       0x10000a8d   Thumb Code   104  spi.o(i.SPI1_RX_IRQHandler)
    SystemInit                               0x10000afd   Thumb Code   220  system.o(i.SystemInit)
    TIMER0_IRQHandler                        0x10000c11   Thumb Code    44  timer.o(i.TIMER0_IRQHandler)
    TIMER1_IRQHandler                        0x10000c45   Thumb Code    44  timer.o(i.TIMER1_IRQHandler)
    TIMER2_IRQHandler                        0x10000c79   Thumb Code    44  timer.o(i.TIMER2_IRQHandler)
    TIMER3_IRQHandler                        0x10000cad   Thumb Code    44  timer.o(i.TIMER3_IRQHandler)
    UART0_RX_IRQHandler                      0x10000ce1   Thumb Code    90  uart.o(i.UART0_RX_IRQHandler)
    UART0_TX_IRQHandler                      0x10000d45   Thumb Code    52  uart.o(i.UART0_TX_IRQHandler)
    __ARM_clz                                0x10000d81   Thumb Code    46  depilogue.o(i.__ARM_clz)
    __ARM_common_switch8                     0x10000daf   Thumb Code    26  app_eaci_generic.o(i.__ARM_common_switch8)
    __aeabi_errno_addr                       0x10000dc9   Thumb Code     4  errno.o(i.__aeabi_errno_addr)
    __rt_errno_addr                          0x10000dc9   Thumb Code     0  errno.o(i.__aeabi_errno_addr)
    __nvds_get                               0x10000dd1   Thumb Code    44  lib.o(i.__nvds_get)
    __scatterload_copy                       0x10000ee5   Thumb Code    14  handlers.o(i.__scatterload_copy)
    __scatterload_null                       0x10000ef3   Thumb Code     2  handlers.o(i.__scatterload_null)
    __scatterload_zeroinit                   0x10000ef5   Thumb Code    14  handlers.o(i.__scatterload_zeroinit)
    app_add_bonded_dev                       0x10000f45   Thumb Code    32  app_util.o(i.app_add_bonded_dev)
    app_blpc_bp_meas_ind_handler             0x10000f69   Thumb Code    10  app_blpc_task.o(i.app_blpc_bp_meas_ind_handler)
    app_blpc_cfg_indntf_req                  0x10000f75   Thumb Code    38  app_blpc.o(i.app_blpc_cfg_indntf_req)
    app_blpc_disable_ind_handler             0x10000fa5   Thumb Code     4  app_blpc_task.o(i.app_blpc_disable_ind_handler)
    app_blpc_enable_cfm_handler              0x10000fa9   Thumb Code    38  app_blpc_task.o(i.app_blpc_enable_cfm_handler)
    app_blpc_enable_req                      0x10000fd5   Thumb Code    62  app_blpc.o(i.app_blpc_enable_req)
    app_blpc_error_ind_handler               0x10001019   Thumb Code     4  app_blpc_task.o(i.app_blpc_error_ind_handler)
    app_blpc_rd_char_req                     0x1000101d   Thumb Code    34  app_blpc.o(i.app_blpc_rd_char_req)
    app_blpc_rd_char_rsp_handler             0x10001049   Thumb Code    10  app_blpc_task.o(i.app_blpc_rd_char_rsp_handler)
    app_blpc_wr_char_rsp_handler             0x10001053   Thumb Code    10  app_blpc_task.o(i.app_blpc_wr_char_rsp_handler)
    app_blps_cfg_indntf_ind_handler          0x1000105d   Thumb Code    62  app_blps_task.o(i.app_blps_cfg_indntf_ind_handler)
    app_blps_create_db                       0x100010a1   Thumb Code    26  app_blps.o(i.app_blps_create_db)
    app_blps_create_db_cfm_handler           0x100010c5   Thumb Code    18  app_blps_task.o(i.app_blps_create_db_cfm_handler)
    app_blps_disable_ind_handler             0x100010d9   Thumb Code    20  app_blps_task.o(i.app_blps_disable_ind_handler)
    app_blps_enable_req                      0x100010f1   Thumb Code    50  app_blps.o(i.app_blps_enable_req)
    app_blps_error_ind_handler               0x10001129   Thumb Code     4  app_blps_task.o(i.app_blps_error_ind_handler)
    app_blps_meas_send_cfm_handler           0x1000112d   Thumb Code    18  app_blps_task.o(i.app_blps_meas_send_cfm_handler)
    app_blps_pressure_send_req               0x10001145   Thumb Code    46  app_blps.o(i.app_blps_pressure_send_req)
    app_check_update_conn_param              0x1000117d   Thumb Code     4  app_util.o(i.app_check_update_conn_param)
    app_clear_local_service_flag             0x10001181   Thumb Code    10  app_util.o(i.app_clear_local_service_flag)
    app_correct_rssi                         0x10001191   Thumb Code    56  app_gap_task.o(i.app_correct_rssi)
    app_create_server_service_DB             0x100011dd   Thumb Code    14  app_util.o(i.app_create_server_service_DB)
    app_eaci_cmd_adv_hdl                     0x100011f1   Thumb Code    78  app_eaci_generic.o(i.app_eaci_cmd_adv_hdl)
    app_eaci_cmd_bond_hdl                    0x10001249   Thumb Code    20  app_eaci_generic.o(i.app_eaci_cmd_bond_hdl)
    app_eaci_cmd_cen_update_param_hdl        0x1000125d   Thumb Code    84  app_eaci_generic.o(i.app_eaci_cmd_cen_update_param_hdl)
    app_eaci_cmd_conn_hdl                    0x100012b5   Thumb Code    74  app_eaci_generic.o(i.app_eaci_cmd_conn_hdl)
    app_eaci_cmd_disc_hdl                    0x10001305   Thumb Code    32  app_eaci_generic.o(i.app_eaci_cmd_disc_hdl)
    app_eaci_cmd_hdl                         0x10001329   Thumb Code   102  app_eaci_generic.o(i.app_eaci_cmd_hdl)
    app_eaci_cmd_per_set_devname_hdl         0x10001391   Thumb Code    30  app_eaci_generic.o(i.app_eaci_cmd_per_set_devname_hdl)
    app_eaci_cmd_per_update_param_hdl        0x100013b5   Thumb Code    62  app_eaci_generic.o(i.app_eaci_cmd_per_update_param_hdl)
    app_eaci_cmd_scan_hdl                    0x100013f9   Thumb Code    24  app_eaci_generic.o(i.app_eaci_cmd_scan_hdl)
    app_eaci_data_bpc_hdl                    0x10001411   Thumb Code   138  app_eaci_blp.o(i.app_eaci_data_bpc_hdl)
    app_eaci_data_bps_hdl                    0x100014a9   Thumb Code   212  app_eaci_blp.o(i.app_eaci_data_bps_hdl)
    app_eaci_get_bd_addr_by_conhdl           0x10001581   Thumb Code    32  app_eaci_util.o(i.app_eaci_get_bd_addr_by_conhdl)
    app_eaci_get_bd_addr_by_param            0x100015a1   Thumb Code    16  app_eaci_util.o(i.app_eaci_get_bd_addr_by_param)
    app_eaci_get_conhdl_by_param             0x100015b1   Thumb Code    22  app_eaci_util.o(i.app_eaci_get_conhdl_by_param)
    app_eaci_init                            0x100015c9   Thumb Code    32  app_eaci.o(i.app_eaci_init)
    app_eaci_msg_hdl                         0x100015f5   Thumb Code    74  app_eaci.o(i.app_eaci_msg_hdl)
    app_enable_server_service                0x10001645   Thumb Code    54  app_util.o(i.app_enable_server_service)
    app_event_uart_data_handler              0x10001681   Thumb Code    26  usr_design.o(i.app_event_uart_data_handler)
    app_find_bonded_dev                      0x100016a5   Thumb Code    50  app_util.o(i.app_find_bonded_dev)
    app_gap_adv_req_cmp_evt_handler          0x100016e1   Thumb Code    26  app_gap_task.o(i.app_gap_adv_req_cmp_evt_handler)
    app_gap_adv_start_req                    0x10001701   Thumb Code   128  app_gap.o(i.app_gap_adv_start_req)
    app_gap_adv_stop_req                     0x10001789   Thumb Code    26  app_gap.o(i.app_gap_adv_stop_req)
    app_gap_bond_req                         0x100017ad   Thumb Code    72  app_gap.o(i.app_gap_bond_req)
    app_gap_bond_req_cmp_ind_handler         0x10001801   Thumb Code    98  app_gap_task.o(i.app_gap_bond_req_cmp_ind_handler)
    app_gap_bond_req_ind_handler             0x10001869   Thumb Code    58  app_gap_task.o(i.app_gap_bond_req_ind_handler)
    app_gap_bond_resp                        0x100018a9   Thumb Code    52  app_gap.o(i.app_gap_bond_resp)
    app_gap_cancel_conn_req_cmp_evt_handler  0x100018e5   Thumb Code     4  app_gap_task.o(i.app_gap_cancel_conn_req_cmp_evt_handler)
    app_gap_change_param_req                 0x100018e9   Thumb Code    46  app_gap.o(i.app_gap_change_param_req)
    app_gap_change_param_req_cmp_handler     0x10001921   Thumb Code    10  app_gap_task.o(i.app_gap_change_param_req_cmp_handler)
    app_gap_dev_inq_cancel_req               0x1000192d   Thumb Code    30  app_gap.o(i.app_gap_dev_inq_cancel_req)
    app_gap_dev_inq_cmp_handler              0x10001955   Thumb Code    26  app_gap_task.o(i.app_gap_dev_inq_cmp_handler)
    app_gap_dev_inq_req                      0x10001975   Thumb Code    62  app_gap.o(i.app_gap_dev_inq_req)
    app_gap_dev_inq_result_handler           0x100019c5   Thumb Code   118  app_gap_task.o(i.app_gap_dev_inq_result_handler)
    app_gap_discon_cmp_evt_handler           0x10001a45   Thumb Code    50  app_gap_task.o(i.app_gap_discon_cmp_evt_handler)
    app_gap_discon_req                       0x10001a79   Thumb Code    30  app_gap.o(i.app_gap_discon_req)
    app_gap_le_create_conn_req               0x10001aa1   Thumb Code    80  app_gap.o(i.app_gap_le_create_conn_req)
    app_gap_le_create_conn_req_cmp_evt_handler 0x10001af9   Thumb Code    74  app_gap_task.o(i.app_gap_le_create_conn_req_cmp_evt_handler)
    app_gap_name_req_cmp_handler             0x10001b49   Thumb Code    26  app_gap_task.o(i.app_gap_name_req_cmp_handler)
    app_gap_param_update_req                 0x10001b65   Thumb Code    42  app_gap.o(i.app_gap_param_update_req)
    app_gap_param_update_req_ind_handler     0x10001b99   Thumb Code    34  app_gap_task.o(i.app_gap_param_update_req_ind_handler)
    app_gap_param_update_resp_handler        0x10001bbb   Thumb Code    10  app_gap_task.o(i.app_gap_param_update_resp_handler)
    app_gap_read_bdaddr_req                  0x10001bc5   Thumb Code    10  app_gap.o(i.app_gap_read_bdaddr_req)
    app_gap_read_bdaddr_req_cmp_evt_handler  0x10001bd9   Thumb Code    36  app_gap_task.o(i.app_gap_read_bdaddr_req_cmp_evt_handler)
    app_gap_read_ver_req                     0x10001c01   Thumb Code    10  app_gap.o(i.app_gap_read_ver_req)
    app_gap_read_ver_req_cmp_evt_handler     0x10001c15   Thumb Code    32  app_gap_task.o(i.app_gap_read_ver_req_cmp_evt_handler)
    app_gap_ready_evt_handler                0x10001c39   Thumb Code    24  app_gap_task.o(i.app_gap_ready_evt_handler)
    app_gap_reset_req_cmp_handler            0x10001c51   Thumb Code    10  app_gap_task.o(i.app_gap_reset_req_cmp_handler)
    app_gap_scan_req_cmp_evt_handler         0x10001c5b   Thumb Code     4  app_gap_task.o(i.app_gap_scan_req_cmp_evt_handler)
    app_gap_security_req                     0x10001c61   Thumb Code   124  app_gap.o(i.app_gap_security_req)
    app_gap_set_bondable_mode_req            0x10001ce1   Thumb Code    26  app_gap.o(i.app_gap_set_bondable_mode_req)
    app_gap_set_devname_req                  0x10001d05   Thumb Code    42  app_gap.o(i.app_gap_set_devname_req)
    app_gap_set_devname_req_cmp_evt_handler  0x10001d39   Thumb Code    10  app_gap_task.o(i.app_gap_set_devname_req_cmp_evt_handler)
    app_gap_set_mode_req_cmp_evt_handler     0x10001d45   Thumb Code    42  app_gap_task.o(i.app_gap_set_mode_req_cmp_evt_handler)
    app_gap_set_ph_privacy_req_cmp_handler   0x10001d75   Thumb Code     4  app_gap_task.o(i.app_gap_set_ph_privacy_req_cmp_handler)
    app_gap_set_privacy_req_cmp_handler      0x10001d79   Thumb Code     4  app_gap_task.o(i.app_gap_set_privacy_req_cmp_handler)
    app_gap_set_random_add_req_cmp_handler   0x10001d7d   Thumb Code     4  app_gap_task.o(i.app_gap_set_random_add_req_cmp_handler)
    app_gap_set_recon_addr_req_cmp_handler   0x10001d81   Thumb Code     4  app_gap_task.o(i.app_gap_set_recon_addr_req_cmp_handler)
    app_gap_set_sec_req                      0x10001d85   Thumb Code    30  app_gap.o(i.app_gap_set_sec_req)
    app_gap_set_sec_req_cmp_evt_handler      0x10001dad   Thumb Code    32  app_gap_task.o(i.app_gap_set_sec_req_cmp_evt_handler)
    app_gatt_cancel_write_char_resp_handler  0x10001dd1   Thumb Code     4  app_gatt_task.o(i.app_gatt_cancel_write_char_resp_handler)
    app_gatt_cmp_evt_handler                 0x10001dd5   Thumb Code     4  app_gatt_task.o(i.app_gatt_cmp_evt_handler)
    app_gatt_disc_char_all_128_cmp_evt_handler 0x10001dd9   Thumb Code    20  app_gatt_task.o(i.app_gatt_disc_char_all_128_cmp_evt_handler)
    app_gatt_disc_char_all_cmp_evt_handler   0x10001ded   Thumb Code    22  app_gatt_task.o(i.app_gatt_disc_char_all_cmp_evt_handler)
    app_gatt_disc_char_by_uuid_128_cmp_evt_handler 0x10001e03   Thumb Code    20  app_gatt_task.o(i.app_gatt_disc_char_by_uuid_128_cmp_evt_handler)
    app_gatt_disc_char_by_uuid_cmp_evt_handler 0x10001e17   Thumb Code    22  app_gatt_task.o(i.app_gatt_disc_char_by_uuid_cmp_evt_handler)
    app_gatt_disc_char_desc_128_cmp_evt_handler 0x10001e2d   Thumb Code    14  app_gatt_task.o(i.app_gatt_disc_char_desc_128_cmp_evt_handler)
    app_gatt_disc_char_desc_cmp_evt_handler  0x10001e3b   Thumb Code    22  app_gatt_task.o(i.app_gatt_disc_char_desc_cmp_evt_handler)
    app_gatt_disc_cmp_evt_handler            0x10001e51   Thumb Code     4  app_gatt_task.o(i.app_gatt_disc_cmp_evt_handler)
    app_gatt_disc_svc_all_128_cmp_evt_handler 0x10001e55   Thumb Code    20  app_gatt_task.o(i.app_gatt_disc_svc_all_128_cmp_evt_handler)
    app_gatt_disc_svc_all_cmp_evt_handler    0x10001e69   Thumb Code    86  app_gatt_task.o(i.app_gatt_disc_svc_all_cmp_evt_handler)
    app_gatt_disc_svc_by_uuid_cmp_evt_handler 0x10001ec9   Thumb Code    22  app_gatt_task.o(i.app_gatt_disc_svc_by_uuid_cmp_evt_handler)
    app_gatt_disc_svc_incl_cmp_evt_handler   0x10001edf   Thumb Code    40  app_gatt_task.o(i.app_gatt_disc_svc_incl_cmp_evt_handler)
    app_gatt_handle_value_cfm_handler        0x10001f07   Thumb Code     4  app_gatt_task.o(i.app_gatt_handle_value_cfm_handler)
    app_gatt_handle_value_ind_handler        0x10001f0b   Thumb Code    18  app_gatt_task.o(i.app_gatt_handle_value_ind_handler)
    app_gatt_handle_value_notif_handler      0x10001f1d   Thumb Code    18  app_gatt_task.o(i.app_gatt_handle_value_notif_handler)
    app_gatt_notify_cmp_evt_handler          0x10001f2f   Thumb Code     4  app_gatt_task.o(i.app_gatt_notify_cmp_evt_handler)
    app_gatt_read_char_mult_resp_handler     0x10001f33   Thumb Code     4  app_gatt_task.o(i.app_gatt_read_char_mult_resp_handler)
    app_gatt_read_char_resp_handler          0x10001f37   Thumb Code    22  app_gatt_task.o(i.app_gatt_read_char_resp_handler)
    app_gatt_resource_access_req_handler     0x10001f4d   Thumb Code    30  app_gap_task.o(i.app_gatt_resource_access_req_handler)
    app_gatt_write_char_reliable_resp_handler 0x10001f75   Thumb Code     4  app_gatt_task.o(i.app_gatt_write_char_reliable_resp_handler)
    app_gatt_write_char_resp_handler         0x10001f79   Thumb Code     4  app_gatt_task.o(i.app_gatt_write_char_resp_handler)
    app_get_bd_addr_by_conhdl                0x10001f7d   Thumb Code    62  app_util.o(i.app_get_bd_addr_by_conhdl)
    app_get_bond_nb                          0x10001fc1   Thumb Code     6  app_util.o(i.app_get_bond_nb)
    app_get_bond_status                      0x10001fcd   Thumb Code    30  app_util.o(i.app_get_bond_status)
    app_get_client_idx_by_conhdl             0x10001ff1   Thumb Code    48  app_util.o(i.app_get_client_idx_by_conhdl)
    app_get_conhdl_by_bdaddr                 0x10002029   Thumb Code    60  app_util.o(i.app_get_conhdl_by_bdaddr)
    app_get_conhdl_by_idx                    0x10002071   Thumb Code    32  app_util.o(i.app_get_conhdl_by_idx)
    app_get_link_nb                          0x10002099   Thumb Code     6  app_util.o(i.app_get_link_nb)
    app_get_link_status_by_idx               0x100020a5   Thumb Code    26  app_util.o(i.app_get_link_status_by_idx)
    app_get_lk_sec_status                    0x100020c5   Thumb Code    32  app_util.o(i.app_get_lk_sec_status)
    app_get_local_service_flag               0x100020e9   Thumb Code     4  app_util.o(i.app_get_local_service_flag)
    app_get_rec_idx_by_conhdl                0x100020ed   Thumb Code    34  app_util.o(i.app_get_rec_idx_by_conhdl)
    app_get_role                             0x10002115   Thumb Code     6  app_util.o(i.app_get_role)
    app_i_to_array                           0x10002121   Thumb Code    38  app_util.o(i.app_i_to_array)
    app_init                                 0x10002149   Thumb Code   100  app_env.o(i.app_init)
    app_init_local_smp_key                   0x100021bd   Thumb Code    22  app_util.o(i.app_init_local_smp_key)
    app_led_timer_handler                    0x100021d9   Thumb Code    56  usr_design.o(i.app_led_timer_handler)
    app_parser_adv_data                      0x1000221d   Thumb Code   130  app_util.o(i.app_parser_adv_data)
    app_set_adv_data                         0x100022a1   Thumb Code    62  app_util.o(i.app_set_adv_data)
    app_set_client_service_status            0x100022e9   Thumb Code    34  app_util.o(i.app_set_client_service_status)
    app_set_link_status_by_conhdl            0x10002311   Thumb Code   114  app_util.o(i.app_set_link_status_by_conhdl)
    app_set_role                             0x1000238d   Thumb Code     6  app_util.o(i.app_set_role)
    app_set_scan_rsp_data                    0x10002399   Thumb Code   104  app_util.o(i.app_set_scan_rsp_data)
    app_smpc_chk_bd_addr_req_ind_handler     0x1000253d   Thumb Code    50  app_smp_task.o(i.app_smpc_chk_bd_addr_req_ind_handler)
    app_smpc_chk_bd_addr_req_rsp             0x10002571   Thumb Code    56  app_smp.o(i.app_smpc_chk_bd_addr_req_rsp)
    app_smpc_irk_req_ind_handler             0x100025b1   Thumb Code   130  app_smp_task.o(i.app_smpc_irk_req_ind_handler)
    app_smpc_irk_req_rsp                     0x1000263d   Thumb Code    66  app_smp.o(i.app_smpc_irk_req_rsp)
    app_smpc_key_ind_handler                 0x10002689   Thumb Code   132  app_smp_task.o(i.app_smpc_key_ind_handler)
    app_smpc_ltk_req_ind_handler             0x10002711   Thumb Code   162  app_smp_task.o(i.app_smpc_ltk_req_ind_handler)
    app_smpc_ltk_req_rsp                     0x100027b9   Thumb Code    74  app_smp.o(i.app_smpc_ltk_req_rsp)
    app_smpc_sec_started_ind_handler         0x1000280d   Thumb Code    10  app_smp_task.o(i.app_smpc_sec_started_ind_handler)
    app_smpc_start_enc_req                   0x10002819   Thumb Code    64  app_smp.o(i.app_smpc_start_enc_req)
    app_smpc_timeout_evt_handler             0x10002861   Thumb Code    20  app_smp_task.o(i.app_smpc_timeout_evt_handler)
    app_smpc_tk_req_ind_handler              0x10002879   Thumb Code    58  app_smp_task.o(i.app_smpc_tk_req_ind_handler)
    app_smpc_tk_req_rsp                      0x100028b9   Thumb Code    50  app_smp.o(i.app_smpc_tk_req_rsp)
    app_smpm_set_key_cfm_handler             0x100028f5   Thumb Code    32  app_smp_task.o(i.app_smpm_set_key_cfm_handler)
    app_smpm_set_key_req                     0x10002919   Thumb Code    42  app_smp.o(i.app_smpm_set_key_req)
    app_task_msg_hdl                         0x1000294d   Thumb Code   116  app_eaci_task_msg.o(i.app_task_msg_hdl)
    ble_ext_wakeup_allow                     0x10002a71   Thumb Code    36  lib.o(i.ble_ext_wakeup_allow)
    ble_hw_sleep                             0x10002a99   Thumb Code    18  lib.o(i.ble_hw_sleep)
    ble_init                                 0x10002aad   Thumb Code   396  lib.o(i.ble_init)
    ble_sleep                                0x10002ca9   Thumb Code    42  lib.o(i.ble_sleep)
    blpc_enable_cfm_send                     0x10002d41   Thumb Code    86  blpc.o(i.blpc_enable_cfm_send)
    blpc_error_ind_send                      0x10002e29   Thumb Code    32  blpc.o(i.blpc_error_ind_send)
    blpc_init                                0x10002e51   Thumb Code    18  blpc.o(i.blpc_init)
    blpc_unpack_meas_value                   0x10002eb9   Thumb Code   106  blpc.o(i.blpc_unpack_meas_value)
    blps_disable                             0x10002fa1   Thumb Code    78  blps.o(i.blps_disable)
    blps_init                                0x100030b9   Thumb Code    24  blps.o(i.blps_init)
    blps_meas_send_cfm_send                  0x100030d9   Thumb Code    32  blps.o(i.blps_meas_send_cfm_send)
    blps_pack_meas_value                     0x100031a9   Thumb Code   124  blps.o(i.blps_pack_meas_value)
    bp_app_task_msg_hdl                      0x10003225   Thumb Code   438  app_eaci_blp.o(i.bp_app_task_msg_hdl)
    check_ble_wakeup                         0x1000340d   Thumb Code    14  lib.o(i.check_ble_wakeup)
    co_buf_rx_get                            0x10003421   Thumb Code    10  lib.o(i.co_buf_rx_get)
    config_work_mode                         0x1000344d   Thumb Code    74  lib.o(i.config_work_mode)
    dc_dc_enable                             0x100034b1   Thumb Code    50  lib.o(i.dc_dc_enable)
    eaci_pdu_send                            0x10003569   Thumb Code    54  app_eaci.o(i.eaci_pdu_send)
    eaci_trans_init                          0x100035ad   Thumb Code     8  app_eaci_trans.o(i.eaci_trans_init)
    eaci_trans_rx_done                       0x100035d9   Thumb Code   148  app_eaci_trans.o(i.eaci_trans_rx_done)
    eaci_trans_send_error                    0x1000367d   Thumb Code    24  app_eaci_trans.o(i.eaci_trans_send_error)
    eaci_trans_tx_done                       0x10003699   Thumb Code     8  app_eaci_trans.o(i.eaci_trans_tx_done)
    eaci_trans_write                         0x100036a5   Thumb Code    24  app_eaci_trans.o(i.eaci_trans_write)
    eaci_tx_done                             0x100036c9   Thumb Code    38  app_eaci.o(i.eaci_tx_done)
    eaci_wakeup_init                         0x10003701   Thumb Code    20  usr_design.o(i.eaci_wakeup_init)
    enter_sleep                              0x10003715   Thumb Code   346  sleep.o(i.enter_sleep)
    foo1                                     0x10003929   Thumb Code     2  lib.o(i.foo1)
    free                                     0x1000392d   Thumb Code    80  malloc.o(i.free)
    fw_ble_sleep                             0x10003981   Thumb Code   134  lib.o(i.fw_ble_sleep)
    gap_app_task_msg_hdl                     0x10003a1d   Thumb Code   420  app_eaci_generic.o(i.gap_app_task_msg_hdl)
    gpio_enable_interrupt                    0x100041cd   Thumb Code    10  gpio.o(i.gpio_enable_interrupt)
    gpio_init                                0x100041d9   Thumb Code    20  gpio.o(i.gpio_init)
    gpio_interrupt_callback                  0x100041f5   Thumb Code    42  usr_design.o(i.gpio_interrupt_callback)
    gpio_read_pin                            0x1000422d   Thumb Code    20  gpio.o(i.gpio_read_pin)
    gpio_read_pin_field                      0x10004241   Thumb Code    12  gpio.o(i.gpio_read_pin_field)
    gpio_set_direction                       0x1000424d   Thumb Code    16  gpio.o(i.gpio_set_direction)
    gpio_set_direction_field                 0x1000425d   Thumb Code    14  gpio.o(i.gpio_set_direction_field)
    gpio_sleep_allowed                       0x1000426b   Thumb Code    30  gpio.o(i.gpio_sleep_allowed)
    gpio_wakeup_config                       0x10004289   Thumb Code    86  gpio.o(i.gpio_wakeup_config)
    gpio_write_pin                           0x100042df   Thumb Code    22  gpio.o(i.gpio_write_pin)
    ke_schedule                              0x10004309   Thumb Code    60  lib.o(i.ke_schedule)
    ke_time                                  0x10004355   Thumb Code    34  lib.o(i.ke_time)
    ke_timer_empty                           0x1000437d   Thumb Code    18  lib.o(i.ke_timer_empty)
    led_get                                  0x10004441   Thumb Code    46  led.o(i.led_get)
    led_init                                 0x1000446f   Thumb Code    56  led.o(i.led_init)
    led_set                                  0x100044a7   Thumb Code    40  led.o(i.led_set)
    lld_evt_scan_create                      0x10004859   Thumb Code    24  lib.o(i.lld_evt_scan_create)
    main                                     0x10004b31   Thumb Code   274  app_main.o(i.main)
    malloc                                   0x10004c7d   Thumb Code    92  malloc.o(i.malloc)
    plf_init                                 0x10004ea9   Thumb Code   614  lib.o(i.plf_init)
    prf_check_svc_char_desc_validity         0x1000531d   Thumb Code    56  prf_utils.o(i.prf_check_svc_char_desc_validity)
    prf_check_svc_char_validity              0x10005355   Thumb Code    64  prf_utils.o(i.prf_check_svc_char_validity)
    prf_client_disable                       0x10005395   Thumb Code    66  prf_utils.o(i.prf_client_disable)
    prf_client_disable_ind_send              0x100053d9   Thumb Code    68  prf_utils.o(i.prf_client_disable_ind_send)
    prf_client_enable                        0x10005425   Thumb Code    86  prf_utils.o(i.prf_client_enable)
    prf_client_enable_error                  0x10005485   Thumb Code    40  prf_utils.o(i.prf_client_enable_error)
    prf_client_get_env                       0x10005535   Thumb Code    16  prf_utils.o(i.prf_client_get_env)
    prf_client_reset                         0x1000555d   Thumb Code    60  prf_utils.o(i.prf_client_reset)
    prf_disc_char_all_send                   0x1000559d   Thumb Code    42  prf_utils.o(i.prf_disc_char_all_send)
    prf_disc_char_desc_send                  0x100055d1   Thumb Code    80  prf_utils.o(i.prf_disc_char_desc_send)
    prf_disc_svc_send                        0x10005629   Thumb Code    58  prf_utils.o(i.prf_disc_svc_send)
    prf_dispatch_disconnect                  0x1000566d   Thumb Code    56  prf_utils.o(i.prf_dispatch_disconnect)
    prf_gatt_write                           0x100056ad   Thumb Code    72  prf_utils.o(i.prf_gatt_write)
    prf_gatt_write_ntf_ind                   0x100056fd   Thumb Code    32  prf_utils.o(i.prf_gatt_write_ntf_ind)
    prf_init                                 0x1000571d   Thumb Code    12  prf_utils.o(i.prf_init)
    prf_pack_date_time                       0x10005729   Thumb Code    36  prf_utils.o(i.prf_pack_date_time)
    prf_read_char_send                       0x1000574d   Thumb Code    72  prf_utils.o(i.prf_read_char_send)
    prf_register_atthdl2gatt                 0x1000579d   Thumb Code    44  prf_utils.o(i.prf_register_atthdl2gatt)
    prf_search_chars                         0x100057d1   Thumb Code   166  prf_utils.o(i.prf_search_chars)
    prf_search_descs                         0x10005877   Thumb Code    68  prf_utils.o(i.prf_search_descs)
    prf_server_error_ind_send                0x100058bd   Thumb Code    38  prf_utils.o(i.prf_server_error_ind_send)
    prf_unpack_date_time                     0x100058e9   Thumb Code    34  prf_utils.o(i.prf_unpack_date_time)
    reg_eaci_tx_done                         0x1000590d   Thumb Code    12  lib.o(i.reg_eaci_tx_done)
    restore_ble_setting                      0x10005921   Thumb Code    68  lib.o(i.restore_ble_setting)
    rwble_slot_2_lpcycles                    0x10005975   Thumb Code    32  lib.o(i.rwble_slot_2_lpcycles)
    set_dbg_info                             0x100059c9   Thumb Code    10  lib.o(i.set_dbg_info)
    sleep_cb                                 0x100059d9   Thumb Code    20  sleep.o(i.sleep_cb)
    sleep_init                               0x100059f1   Thumb Code    38  sleep.o(i.sleep_init)
    sleep_post_process                       0x10005a25   Thumb Code    90  lib.o(i.sleep_post_process)
    syscon_set_ahb_clk                       0x10005bc1   Thumb Code    48  syscon.o(i.syscon_set_ahb_clk)
    syscon_set_apb_clk                       0x10005bf9   Thumb Code    46  syscon.o(i.syscon_set_apb_clk)
    syscon_set_ble_clk                       0x10005c2d   Thumb Code    56  syscon.o(i.syscon_set_ble_clk)
    syscon_set_sysclk_src                    0x10005c6d   Thumb Code   150  syscon.o(i.syscon_set_sysclk_src)
    syscon_set_timer_clk                     0x10005d25   Thumb Code    38  syscon.o(i.syscon_set_timer_clk)
    syscon_set_usart_clk                     0x10005d51   Thumb Code    92  syscon.o(i.syscon_set_usart_clk)
    task_app_desc_register                   0x10005dc1   Thumb Code    44  app_task.o(i.task_app_desc_register)
    task_blpc_desc_register                  0x10005df9   Thumb Code    44  blpc_task.o(i.task_blpc_desc_register)
    task_blps_desc_register                  0x10005e31   Thumb Code    44  blps_task.o(i.task_blps_desc_register)
    uart_check_tx_free                       0x100060d9   Thumb Code    44  uart.o(i.uart_check_tx_free)
    uart_init                                0x1000613d   Thumb Code   104  uart.o(i.uart_init)
    uart_read                                0x100061bd   Thumb Code    84  uart.o(i.uart_read)
    uart_write                               0x10006255   Thumb Code    82  uart.o(i.uart_write)
    usr_init                                 0x100062b5   Thumb Code     8  usr_design.o(i.usr_init)
    usr_led1_set                             0x100062c5   Thumb Code    72  usr_design.o(i.usr_led1_set)
    usr_sleep                                0x10006319   Thumb Code    92  sleep.o(i.usr_sleep)
    usr_sleep_restore                        0x10006381   Thumb Code    40  usr_design.o(i.usr_sleep_restore)
    wakeup_32k_xtal_start_timer              0x100063b1   Thumb Code    10  sleep.o(i.wakeup_32k_xtal_start_timer)
    wakeup_32k_xtal_switch_clk               0x100063c5   Thumb Code    76  sleep.o(i.wakeup_32k_xtal_switch_clk)
    wakeup_by_sleep_timer                    0x10006415   Thumb Code    92  sleep.o(i.wakeup_by_sleep_timer)
    app_default_state                        0x10006484   Data         544  app_task.o(.constdata)
    app_default_handler                      0x100066a4   Data           8  app_task.o(.constdata)
    app_state_handler                        0x100066ac   Data          40  app_task.o(.constdata)
    blpc_bps_char_desc                       0x100066d4   Data           8  blpc_task.o(.constdata)
    blpc_default_handler                     0x100066dc   Data           8  blpc_task.o(.constdata)
    blpc_bps_char                            0x100066e4   Data          12  blpc_task.o(.constdata)
    blpc_state_handler                       0x100066f0   Data          24  blpc_task.o(.constdata)
    blpc_connected                           0x10006708   Data          48  blpc_task.o(.constdata)
    blpc_discovering                         0x10006738   Data          32  blpc_task.o(.constdata)
    blpc_default_state                       0x10006758   Data          16  blpc_task.o(.constdata)
    blps_att_db                              0x10006768   Data         108  blps.o(.constdata)
    blps_bps_svc                             0x100067d4   Data           2  blps.o(.constdata)
    blps_bp_meas_char                        0x100067d6   Data           5  blps.o(.constdata)
    blps_interm_cuff_press_char              0x100067db   Data           5  blps.o(.constdata)
    blps_bp_feature_char                     0x100067e0   Data           5  blps.o(.constdata)
    blps_disabled                            0x100067e8   Data           8  blps_task.o(.constdata)
    blps_idle                                0x100067f0   Data           8  blps_task.o(.constdata)
    blps_connected                           0x100067f8   Data          32  blps_task.o(.constdata)
    blps_default_state                       0x10006818   Data           8  blps_task.o(.constdata)
    blps_default_handler                     0x10006820   Data           8  blps_task.o(.constdata)
    blps_state_handler                       0x10006828   Data          24  blps_task.o(.constdata)
    uart_divider                             0x10006840   Data          51  uart.o(.constdata)
    __ctype_table                            0x1000689c   Data         129  ctype_o.o(.constdata)
    Region$$Table$$Base                      0x10006924   Number         0  anon$$obj.o(Region$$Table)
    Region$$Table$$Limit                     0x10006934   Number         0  anon$$obj.o(Region$$Table)
    usr_env                                  0x10006934   Data          12  usr_design.o(.data)
    device_name                              0x10006940   Data          21  app_eaci_generic.o(.data)
    app_state                                0x10006956   Data           2  app_task.o(.data)
    app_blpc_env                             0x10006958   Data           4  app_blpc_task.o(.data)
    app_blps_env                             0x1000695c   Data           4  app_blps_task.o(.data)
    blpc_envs                                0x10006960   Data           4  blpc.o(.data)
    blps_state                               0x10006964   Data           2  blps_task.o(.data)
    low_power_mode_en                        0x1000696c   Data           1  sleep.o(.data)
    PGCR1_restore                            0x10006970   Data           4  sleep.o(.data)
    sleep_env                                0x10006974   Data          20  sleep.o(.data)
    g_SystemClock                            0x10006988   Data           4  syscon.o(.data)
    g_AhbClock                               0x1000698c   Data           4  syscon.o(.data)
    g_ApbClock                               0x10006990   Data           4  syscon.o(.data)
    timer0_env                               0x10006994   Data           8  timer.o(.data)
    timer1_env                               0x1000699c   Data           8  timer.o(.data)
    timer2_env                               0x100069a4   Data           8  timer.o(.data)
    timer3_env                               0x100069ac   Data           8  timer.o(.data)
    ke_evt_hdlr                              0x100069bc   Data           4  lib.o(.data)
    ke_env                                   0x100069c0   Data           4  lib.o(.data)
    rwble_env                                0x100069c4   Data           4  lib.o(.data)
    LLM_AA_CT2                               0x100069c8   Data           4  lib.o(.data)
    LLM_AA_CT1                               0x100069cc   Data           4  lib.o(.data)
    __microlib_freelist                      0x10006a04   Data           4  mvars.o(.data)
    __microlib_freelist_initialised          0x10006a08   Data           4  mvars.o(.data)
    eaci_env                                 0x100075f4   Data          24  app_eaci.o(.bss)
    app_env                                  0x1000760c   Data        1144  app_env.o(.bss)
    blpc_state                               0x10007a84   Data          16  blpc_task.o(.bss)
    blps_env                                 0x10007a94   Data          10  blps.o(.bss)
    gatt_idle_new                            0x100080c0   Data         256  lib.o(.bss)
    __heap_base                              0x10008398   Data           0  startup.o(HEAP)
    __heap_limit                             0x10008398   Data           0  startup.o(HEAP)
    __initial_sp                             0x10008598   Data           0  startup.o(STACK)



==============================================================================

Memory Map of the image

  Image Entry point : 0x100000c1

  Load Region LR_ROM1 (Base: 0x10000000, Size: 0x00006a10, Max: 0x0000cdb0, ABSOLUTE)

    Execution Region APP_CODE (Base: 0x10000000, Size: 0x00008598, Max: 0x0000cdb0, ABSOLUTE)

    Base Addr    Size         Type   Attr      Idx    E Section Name        Object

    0x10000000   0x000000c0   Data   RO            3    RESET               startup.o
    0x100000c0   0x00000000   Code   RO         4515  * .ARM.Collect$$$$00000000  mc_p.l(entry.o)
    0x100000c0   0x00000004   Code   RO         4577    .ARM.Collect$$$$00000001  mc_p.l(entry2.o)
    0x100000c4   0x00000004   Code   RO         4580    .ARM.Collect$$$$00000004  mc_p.l(entry5.o)
    0x100000c8   0x00000000   Code   RO         4582    .ARM.Collect$$$$00000008  mc_p.l(entry7b.o)
    0x100000c8   0x00000000   Code   RO         4584    .ARM.Collect$$$$0000000A  mc_p.l(entry8b.o)
    0x100000c8   0x00000008   Code   RO         4585    .ARM.Collect$$$$0000000B  mc_p.l(entry9a.o)
    0x100000d0   0x00000000   Code   RO         4587    .ARM.Collect$$$$0000000D  mc_p.l(entry10a.o)
    0x100000d0   0x00000000   Code   RO         4589    .ARM.Collect$$$$0000000F  mc_p.l(entry11a.o)
    0x100000d0   0x00000004   Code   RO         4578    .ARM.Collect$$$$00002712  mc_p.l(entry2.o)
    0x100000d4   0x00000030   Code   RO            4    .text               startup.o
    0x10000104   0x000001ae   Code   RO         4513    .text               qn9020b2_lib_allroles.lib(math.o)
    0x100002b2   0x0000002c   Code   RO         4518    .text               mc_p.l(uidiv.o)
    0x100002de   0x00000026   Code   RO         4520    .text               mc_p.l(llsshr.o)
    0x10000304   0x00000024   Code   RO         4522    .text               mc_p.l(rand.o)
    0x10000328   0x00000024   Code   RO         4525    .text               mc_p.l(memcpya.o)
    0x1000034c   0x00000024   Code   RO         4527    .text               mc_p.l(memseta.o)
    0x10000370   0x0000000e   Code   RO         4529    .text               mc_p.l(strlen.o)
    0x1000037e   0x0000001a   Code   RO         4531    .text               mc_p.l(memcmp.o)
    0x10000398   0x0000001a   Code   RO         4563    .text               mc_p.l(atoi.o)
    0x100003b2   0x00000002   PAD
    0x100003b4   0x00000164   Code   RO         4565    .text               mf_p.l(dadd.o)
    0x10000518   0x000000d0   Code   RO         4567    .text               mf_p.l(dmul.o)
    0x100005e8   0x00000028   Code   RO         4569    .text               mf_p.l(dflti.o)
    0x10000610   0x0000001c   Code   RO         4571    .text               mf_p.l(dfltui.o)
    0x1000062c   0x00000048   Code   RO         4573    .text               mf_p.l(dfixi.o)
    0x10000674   0x00000028   Code   RO         4575    .text               mf_p.l(cdcmple.o)
    0x1000069c   0x00000020   Code   RO         4591    .text               mc_p.l(llshl.o)
    0x100006bc   0x00000022   Code   RO         4593    .text               mc_p.l(llushr.o)
    0x100006de   0x00000002   PAD
    0x100006e0   0x00000070   Code   RO         4604    .text               mc_p.l(strtol.o)
    0x10000750   0x00000000   Code   RO         4606    .text               mc_p.l(iusefp.o)
    0x10000750   0x000000be   Code   RO         4607    .text               mf_p.l(depilogue.o)
    0x1000080e   0x00000002   PAD
    0x10000810   0x00000024   Code   RO         4611    .text               mc_p.l(init.o)
    0x10000834   0x00000008   Code   RO         4613    .text               mc_p.l(ctype_o.o)
    0x1000083c   0x000000a6   Code   RO         4641    .text               mc_p.l(_strtoul.o)
    0x100008e2   0x0000001e   Code   RO         4643    .text               mc_p.l(_chval.o)
    0x10000900   0x000000ac   Code   RO         4364    i.BLE_IRQHandler    qn9020b2_lib_allroles.lib(lib.o)
    0x100009ac   0x00000034   Code   RO         4161    i.DMA_IRQHandler    dma.o
    0x100009e0   0x00000028   Code   RO         3742    i.GPIO_IRQHandler   gpio.o
    0x10000a08   0x00000014   Code   RO         3853    i.OSC_EN_IRQHandler  sleep.o
    0x10000a1c   0x00000070   Code   RO         4247    i.SPI0_RX_IRQHandler  spi.o
    0x10000a8c   0x00000070   Code   RO         4248    i.SPI1_RX_IRQHandler  spi.o
    0x10000afc   0x00000114   Code   RO          289    i.SystemInit        system.o
    0x10000c10   0x00000034   Code   RO         4066    i.TIMER0_IRQHandler  timer.o
    0x10000c44   0x00000034   Code   RO         4067    i.TIMER1_IRQHandler  timer.o
    0x10000c78   0x00000034   Code   RO         4068    i.TIMER2_IRQHandler  timer.o
    0x10000cac   0x00000034   Code   RO         4069    i.TIMER3_IRQHandler  timer.o
    0x10000ce0   0x00000064   Code   RO         3646    i.UART0_RX_IRQHandler  uart.o
    0x10000d44   0x0000003c   Code   RO         3647    i.UART0_TX_IRQHandler  uart.o
    0x10000d80   0x0000002e   Code   RO         4609    i.__ARM_clz         mf_p.l(depilogue.o)
    0x10000dae   0x0000001a   Code   RO          632    i.__ARM_common_switch8  app_eaci_generic.o
    0x10000dc8   0x00000008   Code   RO         4597    i.__aeabi_errno_addr  mc_p.l(errno.o)
    0x10000dd0   0x00000034   Code   RO         4366    i.__nvds_get        qn9020b2_lib_allroles.lib(lib.o)
    0x10000e04   0x000000e0   Code   RO         4369    i.__nvds_wrtie      qn9020b2_lib_allroles.lib(lib.o)
    0x10000ee4   0x0000000e   Code   RO         4647    i.__scatterload_copy  mc_p.l(handlers.o)
    0x10000ef2   0x00000002   Code   RO         4648    i.__scatterload_null  mc_p.l(handlers.o)
    0x10000ef4   0x0000000e   Code   RO         4649    i.__scatterload_zeroinit  mc_p.l(handlers.o)
    0x10000f02   0x00000002   PAD
    0x10000f04   0x00000040   Code   RO         1246    i.app_32k_xtal_wakeup_timer  app_task.o
    0x10000f44   0x00000024   Code   RO          965    i.app_add_bonded_dev  app_util.o
    0x10000f68   0x0000000a   Code   RO         2088    i.app_blpc_bp_meas_ind_handler  app_blpc_task.o
    0x10000f72   0x00000002   PAD
    0x10000f74   0x00000030   Code   RO         2056    i.app_blpc_cfg_indntf_req  app_blpc.o
    0x10000fa4   0x00000004   Code   RO         2089    i.app_blpc_disable_ind_handler  app_blpc_task.o
    0x10000fa8   0x0000002c   Code   RO         2090    i.app_blpc_enable_cfm_handler  app_blpc_task.o
    0x10000fd4   0x00000044   Code   RO         2057    i.app_blpc_enable_req  app_blpc.o
    0x10001018   0x00000004   Code   RO         2091    i.app_blpc_error_ind_handler  app_blpc_task.o
    0x1000101c   0x0000002c   Code   RO         2058    i.app_blpc_rd_char_req  app_blpc.o
    0x10001048   0x0000000a   Code   RO         2092    i.app_blpc_rd_char_rsp_handler  app_blpc_task.o
    0x10001052   0x0000000a   Code   RO         2093    i.app_blpc_wr_char_rsp_handler  app_blpc_task.o
    0x1000105c   0x00000044   Code   RO         2180    i.app_blps_cfg_indntf_ind_handler  app_blps_task.o
    0x100010a0   0x00000024   Code   RO         2148    i.app_blps_create_db  app_blps.o
    0x100010c4   0x00000012   Code   RO         2181    i.app_blps_create_db_cfm_handler  app_blps_task.o
    0x100010d6   0x00000002   PAD
    0x100010d8   0x00000018   Code   RO         2182    i.app_blps_disable_ind_handler  app_blps_task.o
    0x100010f0   0x00000038   Code   RO         2149    i.app_blps_enable_req  app_blps.o
    0x10001128   0x00000004   Code   RO         2183    i.app_blps_error_ind_handler  app_blps_task.o
    0x1000112c   0x00000018   Code   RO         2184    i.app_blps_meas_send_cfm_handler  app_blps_task.o
    0x10001144   0x00000038   Code   RO         2150    i.app_blps_pressure_send_req  app_blps.o
    0x1000117c   0x00000004   Code   RO          966    i.app_check_update_conn_param  app_util.o
    0x10001180   0x00000010   Code   RO          967    i.app_clear_local_service_flag  app_util.o
    0x10001190   0x0000004c   Code   RO         1445    i.app_correct_rssi  app_gap_task.o
    0x100011dc   0x00000014   Code   RO          968    i.app_create_server_service_DB  app_util.o
    0x100011f0   0x00000058   Code   RO          563    i.app_eaci_cmd_adv_hdl  app_eaci_generic.o
    0x10001248   0x00000014   Code   RO          564    i.app_eaci_cmd_bond_hdl  app_eaci_generic.o
    0x1000125c   0x00000058   Code   RO          565    i.app_eaci_cmd_cen_update_param_hdl  app_eaci_generic.o
    0x100012b4   0x00000050   Code   RO          566    i.app_eaci_cmd_conn_hdl  app_eaci_generic.o
    0x10001304   0x00000024   Code   RO          567    i.app_eaci_cmd_disc_hdl  app_eaci_generic.o
    0x10001328   0x00000066   Code   RO          568    i.app_eaci_cmd_hdl  app_eaci_generic.o
    0x1000138e   0x00000002   PAD
    0x10001390   0x00000024   Code   RO          569    i.app_eaci_cmd_per_set_devname_hdl  app_eaci_generic.o
    0x100013b4   0x00000044   Code   RO          570    i.app_eaci_cmd_per_update_param_hdl  app_eaci_generic.o
    0x100013f8   0x00000018   Code   RO          571    i.app_eaci_cmd_scan_hdl  app_eaci_generic.o
    0x10001410   0x00000098   Code   RO          746    i.app_eaci_data_bpc_hdl  app_eaci_blp.o
    0x100014a8   0x000000d8   Code   RO          747    i.app_eaci_data_bps_hdl  app_eaci_blp.o
    0x10001580   0x00000020   Code   RO          524    i.app_eaci_get_bd_addr_by_conhdl  app_eaci_util.o
    0x100015a0   0x00000010   Code   RO          525    i.app_eaci_get_bd_addr_by_param  app_eaci_util.o
    0x100015b0   0x00000016   Code   RO          526    i.app_eaci_get_conhdl_by_param  app_eaci_util.o
    0x100015c6   0x00000002   PAD
    0x100015c8   0x0000002c   Code   RO          439    i.app_eaci_init     app_eaci.o
    0x100015f4   0x00000050   Code   RO          440    i.app_eaci_msg_hdl  app_eaci.o
    0x10001644   0x0000003c   Code   RO          969    i.app_enable_server_service  app_util.o
    0x10001680   0x00000024   Code   RO          371    i.app_event_uart_data_handler  usr_design.o
    0x100016a4   0x0000003c   Code   RO          970    i.app_find_bonded_dev  app_util.o
    0x100016e0   0x00000020   Code   RO         1447    i.app_gap_adv_req_cmp_evt_handler  app_gap_task.o
    0x10001700   0x00000088   Code   RO         1287    i.app_gap_adv_start_req  app_gap.o
    0x10001788   0x00000024   Code   RO         1288    i.app_gap_adv_stop_req  app_gap.o
    0x100017ac   0x00000054   Code   RO         1289    i.app_gap_bond_req  app_gap.o
    0x10001800   0x00000068   Code   RO         1448    i.app_gap_bond_req_cmp_ind_handler  app_gap_task.o
    0x10001868   0x00000040   Code   RO         1449    i.app_gap_bond_req_ind_handler  app_gap_task.o
    0x100018a8   0x0000003c   Code   RO         1290    i.app_gap_bond_resp  app_gap.o
    0x100018e4   0x00000004   Code   RO         1450    i.app_gap_cancel_conn_req_cmp_evt_handler  app_gap_task.o
    0x100018e8   0x00000038   Code   RO         1291    i.app_gap_change_param_req  app_gap.o
    0x10001920   0x0000000a   Code   RO         1451    i.app_gap_change_param_req_cmp_handler  app_gap_task.o
    0x1000192a   0x00000002   PAD
    0x1000192c   0x00000028   Code   RO         1292    i.app_gap_dev_inq_cancel_req  app_gap.o
    0x10001954   0x00000020   Code   RO         1452    i.app_gap_dev_inq_cmp_handler  app_gap_task.o
    0x10001974   0x00000050   Code   RO         1293    i.app_gap_dev_inq_req  app_gap.o
    0x100019c4   0x00000080   Code   RO         1453    i.app_gap_dev_inq_result_handler  app_gap_task.o
    0x10001a44   0x00000032   Code   RO         1454    i.app_gap_discon_cmp_evt_handler  app_gap_task.o
    0x10001a76   0x00000002   PAD
    0x10001a78   0x00000028   Code   RO         1294    i.app_gap_discon_req  app_gap.o
    0x10001aa0   0x00000058   Code   RO         1296    i.app_gap_le_create_conn_req  app_gap.o
    0x10001af8   0x00000050   Code   RO         1455    i.app_gap_le_create_conn_req_cmp_evt_handler  app_gap_task.o
    0x10001b48   0x0000001a   Code   RO         1456    i.app_gap_name_req_cmp_handler  app_gap_task.o
    0x10001b62   0x00000002   PAD
    0x10001b64   0x00000034   Code   RO         1298    i.app_gap_param_update_req  app_gap.o
    0x10001b98   0x00000022   Code   RO         1457    i.app_gap_param_update_req_ind_handler  app_gap_task.o
    0x10001bba   0x0000000a   Code   RO         1458    i.app_gap_param_update_resp_handler  app_gap_task.o
    0x10001bc4   0x00000014   Code   RO         1299    i.app_gap_read_bdaddr_req  app_gap.o
    0x10001bd8   0x00000028   Code   RO         1459    i.app_gap_read_bdaddr_req_cmp_evt_handler  app_gap_task.o
    0x10001c00   0x00000014   Code   RO         1300    i.app_gap_read_ver_req  app_gap.o
    0x10001c14   0x00000024   Code   RO         1460    i.app_gap_read_ver_req_cmp_evt_handler  app_gap_task.o
    0x10001c38   0x00000018   Code   RO         1461    i.app_gap_ready_evt_handler  app_gap_task.o
    0x10001c50   0x0000000a   Code   RO         1462    i.app_gap_reset_req_cmp_handler  app_gap_task.o
    0x10001c5a   0x00000004   Code   RO         1463    i.app_gap_scan_req_cmp_evt_handler  app_gap_task.o
    0x10001c5e   0x00000002   PAD
    0x10001c60   0x00000080   Code   RO         1302    i.app_gap_security_req  app_gap.o
    0x10001ce0   0x00000024   Code   RO         1303    i.app_gap_set_bondable_mode_req  app_gap.o
    0x10001d04   0x00000034   Code   RO         1304    i.app_gap_set_devname_req  app_gap.o
    0x10001d38   0x0000000a   Code   RO         1464    i.app_gap_set_devname_req_cmp_evt_handler  app_gap_task.o
    0x10001d42   0x00000002   PAD
    0x10001d44   0x00000030   Code   RO         1465    i.app_gap_set_mode_req_cmp_evt_handler  app_gap_task.o
    0x10001d74   0x00000004   Code   RO         1466    i.app_gap_set_ph_privacy_req_cmp_handler  app_gap_task.o
    0x10001d78   0x00000004   Code   RO         1467    i.app_gap_set_privacy_req_cmp_handler  app_gap_task.o
    0x10001d7c   0x00000004   Code   RO         1468    i.app_gap_set_random_add_req_cmp_handler  app_gap_task.o
    0x10001d80   0x00000004   Code   RO         1469    i.app_gap_set_recon_addr_req_cmp_handler  app_gap_task.o
    0x10001d84   0x00000028   Code   RO         1309    i.app_gap_set_sec_req  app_gap.o
    0x10001dac   0x00000024   Code   RO         1470    i.app_gap_set_sec_req_cmp_evt_handler  app_gap_task.o
    0x10001dd0   0x00000004   Code   RO         1692    i.app_gatt_cancel_write_char_resp_handler  app_gatt_task.o
    0x10001dd4   0x00000004   Code   RO         1693    i.app_gatt_cmp_evt_handler  app_gatt_task.o
    0x10001dd8   0x00000014   Code   RO         1694    i.app_gatt_disc_char_all_128_cmp_evt_handler  app_gatt_task.o
    0x10001dec   0x00000016   Code   RO         1695    i.app_gatt_disc_char_all_cmp_evt_handler  app_gatt_task.o
    0x10001e02   0x00000014   Code   RO         1696    i.app_gatt_disc_char_by_uuid_128_cmp_evt_handler  app_gatt_task.o
    0x10001e16   0x00000016   Code   RO         1697    i.app_gatt_disc_char_by_uuid_cmp_evt_handler  app_gatt_task.o
    0x10001e2c   0x0000000e   Code   RO         1698    i.app_gatt_disc_char_desc_128_cmp_evt_handler  app_gatt_task.o
    0x10001e3a   0x00000016   Code   RO         1699    i.app_gatt_disc_char_desc_cmp_evt_handler  app_gatt_task.o
    0x10001e50   0x00000004   Code   RO         1700    i.app_gatt_disc_cmp_evt_handler  app_gatt_task.o
    0x10001e54   0x00000014   Code   RO         1701    i.app_gatt_disc_svc_all_128_cmp_evt_handler  app_gatt_task.o
    0x10001e68   0x00000060   Code   RO         1702    i.app_gatt_disc_svc_all_cmp_evt_handler  app_gatt_task.o
    0x10001ec8   0x00000016   Code   RO         1703    i.app_gatt_disc_svc_by_uuid_cmp_evt_handler  app_gatt_task.o
    0x10001ede   0x00000028   Code   RO         1704    i.app_gatt_disc_svc_incl_cmp_evt_handler  app_gatt_task.o
    0x10001f06   0x00000004   Code   RO         1705    i.app_gatt_handle_value_cfm_handler  app_gatt_task.o
    0x10001f0a   0x00000012   Code   RO         1706    i.app_gatt_handle_value_ind_handler  app_gatt_task.o
    0x10001f1c   0x00000012   Code   RO         1707    i.app_gatt_handle_value_notif_handler  app_gatt_task.o
    0x10001f2e   0x00000004   Code   RO         1708    i.app_gatt_notify_cmp_evt_handler  app_gatt_task.o
    0x10001f32   0x00000004   Code   RO         1709    i.app_gatt_read_char_mult_resp_handler  app_gatt_task.o
    0x10001f36   0x00000016   Code   RO         1710    i.app_gatt_read_char_resp_handler  app_gatt_task.o
    0x10001f4c   0x00000028   Code   RO         1471    i.app_gatt_resource_access_req_handler  app_gap_task.o
    0x10001f74   0x00000004   Code   RO         1711    i.app_gatt_write_char_reliable_resp_handler  app_gatt_task.o
    0x10001f78   0x00000004   Code   RO         1712    i.app_gatt_write_char_resp_handler  app_gatt_task.o
    0x10001f7c   0x00000044   Code   RO          971    i.app_get_bd_addr_by_conhdl  app_util.o
    0x10001fc0   0x0000000c   Code   RO          973    i.app_get_bond_nb   app_util.o
    0x10001fcc   0x00000024   Code   RO          974    i.app_get_bond_status  app_util.o
    0x10001ff0   0x00000038   Code   RO          975    i.app_get_client_idx_by_conhdl  app_util.o
    0x10002028   0x00000048   Code   RO          977    i.app_get_conhdl_by_bdaddr  app_util.o
    0x10002070   0x00000028   Code   RO          978    i.app_get_conhdl_by_idx  app_util.o
    0x10002098   0x0000000c   Code   RO          979    i.app_get_link_nb   app_util.o
    0x100020a4   0x00000020   Code   RO          980    i.app_get_link_status_by_idx  app_util.o
    0x100020c4   0x00000024   Code   RO          981    i.app_get_lk_sec_status  app_util.o
    0x100020e8   0x00000004   Code   RO          982    i.app_get_local_service_flag  app_util.o
    0x100020ec   0x00000028   Code   RO          984    i.app_get_rec_idx_by_conhdl  app_util.o
    0x10002114   0x0000000c   Code   RO          986    i.app_get_role      app_util.o
    0x10002120   0x00000026   Code   RO          987    i.app_i_to_array    app_util.o
    0x10002146   0x00000002   PAD
    0x10002148   0x00000074   Code   RO         1167    i.app_init          app_env.o
    0x100021bc   0x0000001c   Code   RO          988    i.app_init_local_smp_key  app_util.o
    0x100021d8   0x00000044   Code   RO          372    i.app_led_timer_handler  usr_design.o
    0x1000221c   0x00000082   Code   RO          989    i.app_parser_adv_data  app_util.o
    0x1000229e   0x00000002   PAD
    0x100022a0   0x00000048   Code   RO          990    i.app_set_adv_data  app_util.o
    0x100022e8   0x00000028   Code   RO          991    i.app_set_client_service_status  app_util.o
    0x10002310   0x0000007c   Code   RO          992    i.app_set_link_status_by_conhdl  app_util.o
    0x1000238c   0x0000000c   Code   RO          994    i.app_set_role      app_util.o
    0x10002398   0x0000006c   Code   RO          995    i.app_set_scan_rsp_data  app_util.o
    0x10002404   0x00000138   Code   RO         1168    i.app_smp_init      app_env.o
    0x1000253c   0x00000032   Code   RO         1882    i.app_smpc_chk_bd_addr_req_ind_handler  app_smp_task.o
    0x1000256e   0x00000002   PAD
    0x10002570   0x00000040   Code   RO         1832    i.app_smpc_chk_bd_addr_req_rsp  app_smp.o
    0x100025b0   0x0000008c   Code   RO         1883    i.app_smpc_irk_req_ind_handler  app_smp_task.o
    0x1000263c   0x0000004c   Code   RO         1833    i.app_smpc_irk_req_rsp  app_smp.o
    0x10002688   0x00000088   Code   RO         1884    i.app_smpc_key_ind_handler  app_smp_task.o
    0x10002710   0x000000a8   Code   RO         1885    i.app_smpc_ltk_req_ind_handler  app_smp_task.o
    0x100027b8   0x00000054   Code   RO         1834    i.app_smpc_ltk_req_rsp  app_smp.o
    0x1000280c   0x0000000a   Code   RO         1886    i.app_smpc_sec_started_ind_handler  app_smp_task.o
    0x10002816   0x00000002   PAD
    0x10002818   0x00000048   Code   RO         1835    i.app_smpc_start_enc_req  app_smp.o
    0x10002860   0x00000018   Code   RO         1887    i.app_smpc_timeout_evt_handler  app_smp_task.o
    0x10002878   0x00000040   Code   RO         1888    i.app_smpc_tk_req_ind_handler  app_smp_task.o
    0x100028b8   0x0000003c   Code   RO         1836    i.app_smpc_tk_req_rsp  app_smp.o
    0x100028f4   0x00000024   Code   RO         1889    i.app_smpm_set_key_cfm_handler  app_smp_task.o
    0x10002918   0x00000034   Code   RO         1837    i.app_smpm_set_key_req  app_smp.o
    0x1000294c   0x0000008c   Code   RO          644    i.app_task_msg_hdl  app_eaci_task_msg.o
    0x100029d8   0x00000024   Code   RO         1247    i.app_uart_data_ind_handler  app_task.o
    0x100029fc   0x00000028   Code   RO         4370    i.attc_rd_blob_req_handler_patch  qn9020b2_lib_allroles.lib(lib.o)
    0x10002a24   0x0000004c   Code   RO         4371    i.atts_req_error_ind_handler_patch  qn9020b2_lib_allroles.lib(lib.o)
    0x10002a70   0x00000028   Code   RO         4373    i.ble_ext_wakeup_allow  qn9020b2_lib_allroles.lib(lib.o)
    0x10002a98   0x00000012   Code   RO         4374    i.ble_hw_sleep      qn9020b2_lib_allroles.lib(lib.o)
    0x10002aaa   0x00000002   PAD
    0x10002aac   0x000001fc   Code   RO         4375    i.ble_init          qn9020b2_lib_allroles.lib(lib.o)
    0x10002ca8   0x00000030   Code   RO         4376    i.ble_sleep         qn9020b2_lib_allroles.lib(lib.o)
    0x10002cd8   0x00000068   Code   RO         3172    i.blpc_cfg_indntf_req_handler  blpc_task.o
    0x10002d40   0x00000068   Code   RO         3106    i.blpc_enable_cfm_send  blpc.o
    0x10002da8   0x00000080   Code   RO         3173    i.blpc_enable_req_handler  blpc_task.o
    0x10002e28   0x00000028   Code   RO         3107    i.blpc_error_ind_send  blpc.o
    0x10002e50   0x00000018   Code   RO         3108    i.blpc_init         blpc.o
    0x10002e68   0x00000050   Code   RO         3174    i.blpc_rd_char_req_handler  blpc_task.o
    0x10002eb8   0x0000006a   Code   RO         3109    i.blpc_unpack_meas_value  blpc.o
    0x10002f22   0x00000002   PAD
    0x10002f24   0x0000007c   Code   RO         3316    i.blps_create_db_req_handler  blps_task.o
    0x10002fa0   0x00000064   Code   RO         3262    i.blps_disable      blps.o
    0x10003004   0x000000b4   Code   RO         3317    i.blps_enable_req_handler  blps_task.o
    0x100030b8   0x00000020   Code   RO         3263    i.blps_init         blps.o
    0x100030d8   0x0000002c   Code   RO         3264    i.blps_meas_send_cfm_send  blps.o
    0x10003104   0x000000a4   Code   RO         3318    i.blps_meas_send_req_handler  blps_task.o
    0x100031a8   0x0000007c   Code   RO         3265    i.blps_pack_meas_value  blps.o
    0x10003224   0x000001d0   Code   RO          748    i.bp_app_task_msg_hdl  app_eaci_blp.o
    0x100033f4   0x0000000c   Code   RO         4377    i.cal_cal_SetCAL0WithMask  qn9020b2_lib_allroles.lib(lib.o)
    0x10003400   0x0000000c   Code   RO         4378    i.cal_cal_SetCAL1WithMask  qn9020b2_lib_allroles.lib(lib.o)
    0x1000340c   0x00000014   Code   RO         4379    i.check_ble_wakeup  qn9020b2_lib_allroles.lib(lib.o)
    0x10003420   0x00000010   Code   RO         4380    i.co_buf_rx_get     qn9020b2_lib_allroles.lib(lib.o)
    0x10003430   0x0000000a   Code   RO         3110    i.co_read16p        blpc.o
    0x1000343a   0x00000008   Code   RO         2850    i.co_write16p       prf_utils.o
    0x10003442   0x00000008   Code   RO         3266    i.co_write16p       blps.o
    0x1000344a   0x00000002   PAD
    0x1000344c   0x00000064   Code   RO         4381    i.config_work_mode  qn9020b2_lib_allroles.lib(lib.o)
    0x100034b0   0x0000003c   Code   RO         4382    i.dc_dc_enable      qn9020b2_lib_allroles.lib(lib.o)
    0x100034ec   0x0000002c   Code   RO         4383    i.default_enter_sleep_cb  qn9020b2_lib_allroles.lib(lib.o)
    0x10003518   0x0000001c   Code   RO         4384    i.default_exit_sleep_cb  qn9020b2_lib_allroles.lib(lib.o)
    0x10003534   0x00000010   Code   RO         4385    i.delay             qn9020b2_lib_allroles.lib(lib.o)
    0x10003544   0x00000010   Code   RO         4162    i.dev_allow_sleep   dma.o
    0x10003554   0x00000014   Code   RO         4386    i.dp_dp_SetRegWithMask  qn9020b2_lib_allroles.lib(lib.o)
    0x10003568   0x00000044   Code   RO          441    i.eaci_pdu_send     app_eaci.o
    0x100035ac   0x00000008   Code   RO          664    i.eaci_trans_init   app_eaci_trans.o
    0x100035b4   0x00000024   Code   RO          665    i.eaci_trans_read_start  app_eaci_trans.o
    0x100035d8   0x000000a4   Code   RO          666    i.eaci_trans_rx_done  app_eaci_trans.o
    0x1000367c   0x0000001c   Code   RO          667    i.eaci_trans_send_error  app_eaci_trans.o
    0x10003698   0x0000000c   Code   RO          668    i.eaci_trans_tx_done  app_eaci_trans.o
    0x100036a4   0x00000024   Code   RO          669    i.eaci_trans_write  app_eaci_trans.o
    0x100036c8   0x00000038   Code   RO          442    i.eaci_tx_done      app_eaci.o
    0x10003700   0x00000014   Code   RO          373    i.eaci_wakeup_init  usr_design.o
    0x10003714   0x00000178   Code   RO         3855    i.enter_sleep       sleep.o
    0x1000388c   0x0000009c   Code   RO         4387    i.flash_on          qn9020b2_lib_allroles.lib(lib.o)
    0x10003928   0x00000002   Code   RO         4388    i.foo1              qn9020b2_lib_allroles.lib(lib.o)
    0x1000392a   0x00000002   PAD
    0x1000392c   0x00000054   Code   RO         4535    i.free              mc_p.l(malloc.o)
    0x10003980   0x0000009c   Code   RO         4389    i.fw_ble_sleep      qn9020b2_lib_allroles.lib(lib.o)
    0x10003a1c   0x000001fc   Code   RO          572    i.gap_app_task_msg_hdl  app_eaci_generic.o
    0x10003c18   0x00000018   Code   RO         3175    i.gap_discon_cmp_evt_handler  blpc_task.o
    0x10003c30   0x00000018   Code   RO         3319    i.gap_discon_cmp_evt_handler  blps_task.o
    0x10003c48   0x0000006c   Code   RO         4390    i.gap_discon_ind_handler_patch  qn9020b2_lib_allroles.lib(lib.o)
    0x10003cb4   0x00000060   Code   RO         4391    i.gap_set_mode_req_handler_patch  qn9020b2_lib_allroles.lib(lib.o)
    0x10003d14   0x000000b4   Code   RO         3176    i.gatt_cmp_evt_handler  blpc_task.o
    0x10003dc8   0x00000038   Code   RO         3177    i.gatt_disc_char_all_evt_handler  blpc_task.o
    0x10003e00   0x0000002c   Code   RO         3178    i.gatt_disc_char_desc_evt_handler  blpc_task.o
    0x10003e2c   0x00000038   Code   RO         3179    i.gatt_disc_svc_by_uuid_evt_handler  blpc_task.o
    0x10003e64   0x0000000c   Code   RO         3320    i.gatt_handle_value_cfm_handler  blps_task.o
    0x10003e70   0x00000058   Code   RO         3180    i.gatt_handle_value_ind_handler  blpc_task.o
    0x10003ec8   0x00000058   Code   RO         3181    i.gatt_handle_value_ntf_handler  blpc_task.o
    0x10003f20   0x0000000c   Code   RO         3321    i.gatt_notify_cmp_evt_handler  blps_task.o
    0x10003f2c   0x00000058   Code   RO         3182    i.gatt_rd_char_rsp_handler  blpc_task.o
    0x10003f84   0x00000048   Code   RO         4392    i.gatt_read_char_req_handler_patch  qn9020b2_lib_allroles.lib(lib.o)
    0x10003fcc   0x000000fc   Code   RO         4393    i.gatt_write_char_req_handler_patch  qn9020b2_lib_allroles.lib(lib.o)
    0x100040c8   0x00000040   Code   RO         3183    i.gatt_write_char_rsp_handler  blpc_task.o
    0x10004108   0x000000c4   Code   RO         3322    i.gatt_write_cmd_ind_handler  blps_task.o
    0x100041cc   0x0000000a   Code   RO         3744    i.gpio_enable_interrupt  gpio.o
    0x100041d6   0x00000002   PAD
    0x100041d8   0x0000001c   Code   RO         3745    i.gpio_init         gpio.o
    0x100041f4   0x00000038   Code   RO          374    i.gpio_interrupt_callback  usr_design.o
    0x1000422c   0x00000014   Code   RO         3747    i.gpio_read_pin     gpio.o
    0x10004240   0x0000000c   Code   RO         3748    i.gpio_read_pin_field  gpio.o
    0x1000424c   0x00000010   Code   RO         3749    i.gpio_set_direction  gpio.o
    0x1000425c   0x0000000e   Code   RO         3750    i.gpio_set_direction_field  gpio.o
    0x1000426a   0x0000001e   Code   RO         3752    i.gpio_sleep_allowed  gpio.o
    0x10004288   0x00000056   Code   RO         3754    i.gpio_wakeup_config  gpio.o
    0x100042de   0x00000016   Code   RO         3755    i.gpio_write_pin    gpio.o
    0x100042f4   0x00000014   Code   RO         4394    i.is_flash_off      qn9020b2_lib_allroles.lib(lib.o)
    0x10004308   0x0000004c   Code   RO         4395    i.ke_schedule       qn9020b2_lib_allroles.lib(lib.o)
    0x10004354   0x00000028   Code   RO         4396    i.ke_time           qn9020b2_lib_allroles.lib(lib.o)
    0x1000437c   0x00000018   Code   RO         4397    i.ke_timer_empty    qn9020b2_lib_allroles.lib(lib.o)
    0x10004394   0x0000005c   Code   RO         4398    i.l2cc_data_packet_ind_handler_patch  qn9020b2_lib_allroles.lib(lib.o)
    0x100043f0   0x00000050   Code   RO         4399    i.l2cc_data_send_rsp_handler_patch  qn9020b2_lib_allroles.lib(lib.o)
    0x10004440   0x0000002e   Code   RO         4320    i.led_get           led.o
    0x1000446e   0x00000038   Code   RO         4321    i.led_init          led.o
    0x100044a6   0x00000028   Code   RO         4323    i.led_set           led.o
    0x100044ce   0x00000002   PAD
    0x100044d0   0x00000080   Code   RO         4400    i.llc_disc_evt_complete_handler_patch  qn9020b2_lib_allroles.lib(lib.o)
    0x10004550   0x00000138   Code   RO         4401    i.llc_le_con_update_cmd_handler_new  qn9020b2_lib_allroles.lib(lib.o)
    0x10004688   0x00000120   Code   RO         4402    i.lld_con_start     qn9020b2_lib_allroles.lib(lib.o)
    0x100047a8   0x000000b0   Code   RO         4403    i.lld_evt_periodic_alloc  qn9020b2_lib_allroles.lib(lib.o)
    0x10004858   0x0000001c   Code   RO         4404    i.lld_evt_scan_create  qn9020b2_lib_allroles.lib(lib.o)
    0x10004874   0x0000003c   Code   RO         4405    i.lld_sleep_lpcycles_2_us  qn9020b2_lib_allroles.lib(lib.o)
    0x100048b0   0x00000128   Code   RO         4406    i.llm_create_con    qn9020b2_lib_allroles.lib(lib.o)
    0x100049d8   0x00000094   Code   RO         4407    i.llm_create_con_cmd_complete_handler_patch  qn9020b2_lib_allroles.lib(lib.o)
    0x10004a6c   0x00000038   Code   RO         4408    i.llm_le_create_con_cmd_handler_new  qn9020b2_lib_allroles.lib(lib.o)
    0x10004aa4   0x00000020   Code   RO         4409    i.llm_le_create_con_stat_evt_handler_patch  qn9020b2_lib_allroles.lib(lib.o)
    0x10004ac4   0x0000006c   Code   RO         4410    i.llm_util_aa_gen   qn9020b2_lib_allroles.lib(lib.o)
    0x10004b30   0x0000014c   Code   RO           12    i.main              app_main.o
    0x10004c7c   0x0000006c   Code   RO         4536    i.malloc            mc_p.l(malloc.o)
    0x10004ce8   0x00000040   Code   RO         4411    i.nvds_copy         qn9020b2_lib_allroles.lib(lib.o)
    0x10004d28   0x0000002c   Code   RO         4412    i.nvds_erase        qn9020b2_lib_allroles.lib(lib.o)
    0x10004d54   0x00000094   Code   RO         4414    i.nvds_read         qn9020b2_lib_allroles.lib(lib.o)
    0x10004de8   0x00000070   Code   RO         4415    i.nvds_restore_backup  qn9020b2_lib_allroles.lib(lib.o)
    0x10004e58   0x0000004e   Code   RO         4416    i.nvds_write        qn9020b2_lib_allroles.lib(lib.o)
    0x10004ea6   0x00000002   PAD
    0x10004ea8   0x00000314   Code   RO         4418    i.plf_init          qn9020b2_lib_allroles.lib(lib.o)
    0x100051bc   0x00000010   Code   RO         4419    i.plf_reset_cb      qn9020b2_lib_allroles.lib(lib.o)
    0x100051cc   0x00000150   Code   RO         4420    i.powerup_calibration  qn9020b2_lib_allroles.lib(lib.o)
    0x1000531c   0x00000038   Code   RO         2852    i.prf_check_svc_char_desc_validity  prf_utils.o
    0x10005354   0x00000040   Code   RO         2853    i.prf_check_svc_char_validity  prf_utils.o
    0x10005394   0x00000042   Code   RO         2854    i.prf_client_disable  prf_utils.o
    0x100053d6   0x00000002   PAD
    0x100053d8   0x0000004c   Code   RO         2855    i.prf_client_disable_ind_send  prf_utils.o
    0x10005424   0x00000060   Code   RO         2856    i.prf_client_enable  prf_utils.o
    0x10005484   0x0000002c   Code   RO         2857    i.prf_client_enable_error  prf_utils.o
    0x100054b0   0x00000050   Code   RO         2858    i.prf_client_env_alloc  prf_utils.o
    0x10005500   0x00000034   Code   RO         2859    i.prf_client_env_free  prf_utils.o
    0x10005534   0x00000010   Code   RO         2860    i.prf_client_get_env  prf_utils.o
    0x10005544   0x00000018   Code   RO         2861    i.prf_client_pool_envs_free  prf_utils.o
    0x1000555c   0x00000040   Code   RO         2862    i.prf_client_reset  prf_utils.o
    0x1000559c   0x00000034   Code   RO         2863    i.prf_disc_char_all_send  prf_utils.o
    0x100055d0   0x00000058   Code   RO         2864    i.prf_disc_char_desc_send  prf_utils.o
    0x10005628   0x00000044   Code   RO         2866    i.prf_disc_svc_send  prf_utils.o
    0x1000566c   0x00000040   Code   RO         2867    i.prf_dispatch_disconnect  prf_utils.o
    0x100056ac   0x00000050   Code   RO         2868    i.prf_gatt_write    prf_utils.o
    0x100056fc   0x00000020   Code   RO         2869    i.prf_gatt_write_ntf_ind  prf_utils.o
    0x1000571c   0x0000000c   Code   RO         2870    i.prf_init          prf_utils.o
    0x10005728   0x00000024   Code   RO         2871    i.prf_pack_date_time  prf_utils.o
    0x1000574c   0x00000050   Code   RO         2872    i.prf_read_char_send  prf_utils.o
    0x1000579c   0x00000034   Code   RO         2873    i.prf_register_atthdl2gatt  prf_utils.o
    0x100057d0   0x000000a6   Code   RO         2874    i.prf_search_chars  prf_utils.o
    0x10005876   0x00000044   Code   RO         2875    i.prf_search_descs  prf_utils.o
    0x100058ba   0x00000002   PAD
    0x100058bc   0x0000002c   Code   RO         2876    i.prf_server_error_ind_send  prf_utils.o
    0x100058e8   0x00000022   Code   RO         2877    i.prf_unpack_date_time  prf_utils.o
    0x1000590a   0x00000002   PAD
    0x1000590c   0x00000014   Code   RO         4422    i.reg_eaci_tx_done  qn9020b2_lib_allroles.lib(lib.o)
    0x10005920   0x00000054   Code   RO         4423    i.restore_ble_setting  qn9020b2_lib_allroles.lib(lib.o)
    0x10005974   0x00000024   Code   RO         4424    i.rwble_slot_2_lpcycles  qn9020b2_lib_allroles.lib(lib.o)
    0x10005998   0x00000030   Code   RO         4425    i.sector_erase_flash_patch  qn9020b2_lib_allroles.lib(lib.o)
    0x100059c8   0x00000010   Code   RO         4427    i.set_dbg_info      qn9020b2_lib_allroles.lib(lib.o)
    0x100059d8   0x00000018   Code   RO         3857    i.sleep_cb          sleep.o
    0x100059f0   0x00000034   Code   RO         3858    i.sleep_init        sleep.o
    0x10005a24   0x0000005a   Code   RO         4428    i.sleep_post_process  qn9020b2_lib_allroles.lib(lib.o)
    0x10005a7e   0x00000002   PAD
    0x10005a80   0x00000058   Code   RO         4429    i.smp_rtx_ind_handler_patch  qn9020b2_lib_allroles.lib(lib.o)
    0x10005ad8   0x0000002c   Code   RO          290    i.spi_clock_off     system.o
    0x10005b04   0x00000024   Code   RO         4252    i.spi_rx_data       spi.o
    0x10005b28   0x00000010   Code   RO         4253    i.spi_rx_int_enable  spi.o
    0x10005b38   0x0000000c   Code   RO         3859    i.syscon_SetCMDCRWithMask  sleep.o
    0x10005b44   0x0000000c   Code   RO         3970    i.syscon_SetCMDCRWithMask  syscon.o
    0x10005b50   0x0000000e   Code   RO         3860    i.syscon_SetIvrefX32WithMask  sleep.o
    0x10005b5e   0x0000000e   Code   RO         4430    i.syscon_SetIvrefX32WithMask  qn9020b2_lib_allroles.lib(lib.o)
    0x10005b6c   0x0000000e   Code   RO         3861    i.syscon_SetPGCR0WithMask  sleep.o
    0x10005b7a   0x0000000e   Code   RO         3862    i.syscon_SetPGCR1WithMask  sleep.o
    0x10005b88   0x0000000e   Code   RO         4431    i.syscon_SetPGCR1WithMask  qn9020b2_lib_allroles.lib(lib.o)
    0x10005b96   0x0000000e   Code   RO         3863    i.syscon_SetPGCR2WithMask  sleep.o
    0x10005ba4   0x0000000e   Code   RO         4432    i.syscon_SetPGCR2WithMask  qn9020b2_lib_allroles.lib(lib.o)
    0x10005bb2   0x0000000e   Code   RO         4433    i.syscon_SetXtalBuckWithMask  qn9020b2_lib_allroles.lib(lib.o)
    0x10005bc0   0x00000038   Code   RO         3975    i.syscon_set_ahb_clk  syscon.o
    0x10005bf8   0x00000034   Code   RO         3976    i.syscon_set_apb_clk  syscon.o
    0x10005c2c   0x00000040   Code   RO         3977    i.syscon_set_ble_clk  syscon.o
    0x10005c6c   0x000000b8   Code   RO         3978    i.syscon_set_sysclk_src  syscon.o
    0x10005d24   0x0000002c   Code   RO         3979    i.syscon_set_timer_clk  syscon.o
    0x10005d50   0x00000070   Code   RO         3980    i.syscon_set_usart_clk  syscon.o
    0x10005dc0   0x00000038   Code   RO         1248    i.task_app_desc_register  app_task.o
    0x10005df8   0x00000038   Code   RO         3184    i.task_blpc_desc_register  blpc_task.o
    0x10005e30   0x00000038   Code   RO         3323    i.task_blps_desc_register  blps_task.o
    0x10005e68   0x00000160   Code   RO         4434    i.task_gap_desc_register  qn9020b2_lib_allroles.lib(lib.o)
    0x10005fc8   0x000000cc   Code   RO         4435    i.task_gatt_desc_register  qn9020b2_lib_allroles.lib(lib.o)
    0x10006094   0x00000044   Code   RO          291    i.timer_clock_off   system.o
    0x100060d8   0x00000038   Code   RO         3648    i.uart_check_tx_free  uart.o
    0x10006110   0x0000002c   Code   RO          292    i.uart_clock_off    system.o
    0x1000613c   0x00000080   Code   RO         3652    i.uart_init         uart.o
    0x100061bc   0x00000060   Code   RO         3654    i.uart_read         uart.o
    0x1000621c   0x00000038   Code   RO         3655    i.uart_tx_int_enable  uart.o
    0x10006254   0x00000060   Code   RO         3656    i.uart_write        uart.o
    0x100062b4   0x00000010   Code   RO          375    i.usr_init          usr_design.o
    0x100062c4   0x00000054   Code   RO          376    i.usr_led1_set      usr_design.o
    0x10006318   0x00000068   Code   RO         3864    i.usr_sleep         sleep.o
    0x10006380   0x00000030   Code   RO          377    i.usr_sleep_restore  usr_design.o
    0x100063b0   0x00000014   Code   RO         3865    i.wakeup_32k_xtal_start_timer  sleep.o
    0x100063c4   0x00000050   Code   RO         3866    i.wakeup_32k_xtal_switch_clk  sleep.o
    0x10006414   0x00000064   Code   RO         3868    i.wakeup_by_sleep_timer  sleep.o
    0x10006478   0x0000000c   Data   RO          573    .constdata          app_eaci_generic.o
    0x10006484   0x00000220   Data   RO         1249    .constdata          app_task.o
    0x100066a4   0x00000030   Data   RO         1250    .constdata          app_task.o
    0x100066d4   0x00000034   Data   RO         3186    .constdata          blpc_task.o
    0x10006708   0x00000030   Data   RO         3187    .constdata          blpc_task.o
    0x10006738   0x00000020   Data   RO         3188    .constdata          blpc_task.o
    0x10006758   0x00000010   Data   RO         3189    .constdata          blpc_task.o
    0x10006768   0x0000006c   Data   RO         3268    .constdata          blps.o
    0x100067d4   0x00000002   Data   RO         3269    .constdata          blps.o
    0x100067d6   0x00000005   Data   RO         3270    .constdata          blps.o
    0x100067db   0x00000005   Data   RO         3271    .constdata          blps.o
    0x100067e0   0x00000005   Data   RO         3272    .constdata          blps.o
    0x100067e5   0x00000003   PAD
    0x100067e8   0x00000008   Data   RO         3324    .constdata          blps_task.o
    0x100067f0   0x00000008   Data   RO         3325    .constdata          blps_task.o
    0x100067f8   0x00000020   Data   RO         3326    .constdata          blps_task.o
    0x10006818   0x00000008   Data   RO         3327    .constdata          blps_task.o
    0x10006820   0x00000020   Data   RO         3328    .constdata          blps_task.o
    0x10006840   0x00000033   Data   RO         3658    .constdata          uart.o
    0x10006873   0x00000001   PAD
    0x10006874   0x00000028   Data   RO         4437    .constdata          qn9020b2_lib_allroles.lib(lib.o)
    0x1000689c   0x00000081   Data   RO         4614    .constdata          mc_p.l(ctype_o.o)
    0x1000691d   0x00000003   PAD
    0x10006920   0x00000004   Data   RO         4615    .constdata          mc_p.l(ctype_o.o)
    0x10006924   0x00000010   Data   RO         4645    Region$$Table       anon$$obj.o
    0x10006934   0x0000000c   Data   RW          378    .data               usr_design.o
    0x10006940   0x00000015   Data   RW          574    .data               app_eaci_generic.o
    0x10006955   0x00000001   PAD
    0x10006956   0x00000002   Data   RW         1251    .data               app_task.o
    0x10006958   0x00000004   Data   RW         2094    .data               app_blpc_task.o
    0x1000695c   0x00000004   Data   RW         2185    .data               app_blps_task.o
    0x10006960   0x00000004   Data   RW         3111    .data               blpc.o
    0x10006964   0x00000002   Data   RW         3329    .data               blps_task.o
    0x10006966   0x00000002   PAD
    0x10006968   0x00000004   Data   RW         3757    .data               gpio.o
    0x1000696c   0x0000001c   Data   RW         3869    .data               sleep.o
    0x10006988   0x0000000c   Data   RW         3981    .data               syscon.o
    0x10006994   0x00000020   Data   RW         4075    .data               timer.o
    0x100069b4   0x00000004   Data   RW         4173    .data               dma.o
    0x100069b8   0x00000048   Data   RW         4438    .data               qn9020b2_lib_allroles.lib(lib.o)
    0x10006a00   0x00000004   Data   RW         4523    .data               mc_p.l(rand.o)
    0x10006a04   0x00000004   Data   RW         4595    .data               mc_p.l(mvars.o)
    0x10006a08   0x00000004   Data   RW         4596    .data               mc_p.l(mvars.o)
    0x10006a0c   0x00000004   Data   RW         4600    .data               mc_p.l(errno.o)
    0x10006a10   0x00000be4   Zero   RW           13    .bss                app_main.o
    0x100075f4   0x00000018   Zero   RW          443    .bss                app_eaci.o
    0x1000760c   0x00000478   Zero   RW         1169    .bss                app_env.o
    0x10007a84   0x00000010   Zero   RW         3185    .bss                blpc_task.o
    0x10007a94   0x0000000a   Zero   RW         3267    .bss                blps.o
    0x10007a9e   0x00000002   PAD
    0x10007aa0   0x00000030   Zero   RW         3657    .bss                uart.o
    0x10007ad0   0x00000038   Zero   RW         4256    .bss                spi.o
    0x10007b08   0x00000890   Zero   RW         4436    .bss                qn9020b2_lib_allroles.lib(lib.o)
    0x10008398   0x00000000   Zero   RW            2    HEAP                startup.o
    0x10008398   0x00000200   Zero   RW            1    STACK               startup.o


==============================================================================

Image component sizes


      Code (inc. data)   RO Data    RW Data    ZI Data      Debug   Object Name

       160         26          0          0          0       2011   app_blpc.o
        82          6          0          4          0       4494   app_blpc_task.o
       148         26          0          0          0       2104   app_blps.o
       138         16          0          4          0       4131   app_blps_task.o
       248         50          0          0         24      12289   app_eaci.o
       832         44          0          0          0       3026   app_eaci_blp.o
      1076        148         12         21          0      10940   app_eaci_generic.o
       140         24          0          0          0        523   app_eaci_task_msg.o
       284         50          0          0          0       3425   app_eaci_trans.o
        70          0          0          0          0       1980   app_eaci_util.o
       428         84          0          0       1144       4025   app_env.o
       968        158          0          0          0       9257   app_gap.o
       914         98          0          0          0      16465   app_gap_task.o
         0          0          0          0          0        896   app_gatt.o
       388         10          0          0          0      13282   app_gatt_task.o
       332         58          0          0       3044     101369   app_main.o
       408         56          0          0          0       3931   app_smp.o
       628         34          0          0          0       5599   app_smp_task.o
       156         24        592          2          0      16345   app_task.o
      1168        148          0          0          0      14808   app_util.o
       284         32          0          4          0       6827   blpc.o
      1056        138        148          0         16      10747   blpc_task.o
       308         42        125          0         10       4759   blps.o
       768        106         88          2          0       7653   blps_task.o
        68         16          0          4          0      15293   dma.o
       278         12          0          4          0      22341   gpio.o
       142         16          0          0          0       1503   led.o
      1522        106          0          0          0      18911   prf_utils.o
       844         90          0         28          0      24417   sleep.o
       276         16          0          0         56      18190   spi.o
        48         14        192          0        512        832   startup.o
       524         82          0         12          0      19351   syscon.o
       432         92          0          0          0      29563   system.o
       208         32          0         32          0      18398   timer.o
       592         90         51          0         48      30289   uart.o
       328         64          0         12          0      20023   usr_design.o

    ----------------------------------------------------------------------
     16286       2008       1228        132       4856     479997   Object Totals
         0          0         16          0          0          0   (incl. Generated)
        40          0          4          3          2          0   (incl. Padding)

    ----------------------------------------------------------------------

      Code (inc. data)   RO Data    RW Data    ZI Data      Debug   Library Member Name

        30          0          0          0          0         60   _chval.o
       166          0          0          0          0         84   _strtoul.o
        26          0          0          0          0         72   atoi.o
         8          4        133          0          0         60   ctype_o.o
         0          0          0          0          0          0   entry.o
         0          0          0          0          0          0   entry10a.o
         0          0          0          0          0          0   entry11a.o
         8          4          0          0          0          0   entry2.o
         4          0          0          0          0          0   entry5.o
         0          0          0          0          0          0   entry7b.o
         0          0          0          0          0          0   entry8b.o
         8          4          0          0          0          0   entry9a.o
         8          4          0          4          0         60   errno.o
        30          0          0          0          0          0   handlers.o
        36          8          0          0          0         68   init.o
         0          0          0          0          0          0   iusefp.o
        32          0          0          0          0         68   llshl.o
        38          0          0          0          0         68   llsshr.o
        34          0          0          0          0         68   llushr.o
       192         20          0          0          0        144   malloc.o
        26          0          0          0          0         72   memcmp.o
        36          0          0          0          0         60   memcpya.o
        36          0          0          0          0        100   memseta.o
         0          0          0          8          0          0   mvars.o
        36         12          0          4          0        120   rand.o
        14          0          0          0          0         60   strlen.o
       112          4          0          0          0         76   strtol.o
        44          0          0          0          0         72   uidiv.o
        40          2          0          0          0         68   cdcmple.o
       356          4          0          0          0        140   dadd.o
       236          0          0          0          0        216   depilogue.o
        72         10          0          0          0         72   dfixi.o
        40          6          0          0          0         68   dflti.o
        28          4          0          0          0         68   dfltui.o
       208          6          0          0          0         88   dmul.o
      6892       1148         40         72       2192       4564   lib.o
       430          0          0          0          0        116   math.o

    ----------------------------------------------------------------------
      9242       1240        176         88       2192       6712   Library Totals
        16          0          3          0          0          0   (incl. Padding)

    ----------------------------------------------------------------------

      Code (inc. data)   RO Data    RW Data    ZI Data      Debug   Library Name

       924         60        133         16          0       1312   mc_p.l
       980         32          0          0          0        720   mf_p.l
      7322       1148         40         72       2192       4680   qn9020b2_lib_allroles.lib

    ----------------------------------------------------------------------
      9242       1240        176         88       2192       6712   Library Totals

    ----------------------------------------------------------------------

==============================================================================


      Code (inc. data)   RO Data    RW Data    ZI Data      Debug   

     25528       3248       1404        220       7048     471093   Grand Totals
     25528       3248       1404        220       7048     471093   ELF Image Totals
     25528       3248       1404        220          0          0   ROM Totals

==============================================================================

    Total RO  Size (Code + RO Data)                26932 (  26.30kB)
    Total RW  Size (RW Data + ZI Data)              7268 (   7.10kB)
    Total ROM Size (Code + RO Data + RW Data)      27152 (  26.52kB)

==============================================================================

