Archive member included because of file (symbol)

c:/program files (x86)/atmel/atmel toolchain/arm gcc/native/4.8.1443/arm-gnu-toolchain/bin/../lib/gcc/arm-none-eabi/4.8.4/armv7e-m\libgcc.a(_aeabi_uldivmod.o)
                              src/bootloader.o (__aeabi_uldivmod)
c:/program files (x86)/atmel/atmel toolchain/arm gcc/native/4.8.1443/arm-gnu-toolchain/bin/../lib/gcc/arm-none-eabi/4.8.4/armv7e-m\libgcc.a(bpabi.o)
                              c:/program files (x86)/atmel/atmel toolchain/arm gcc/native/4.8.1443/arm-gnu-toolchain/bin/../lib/gcc/arm-none-eabi/4.8.4/armv7e-m\libgcc.a(_aeabi_uldivmod.o) (__gnu_uldivmod_helper)
c:/program files (x86)/atmel/atmel toolchain/arm gcc/native/4.8.1443/arm-gnu-toolchain/bin/../lib/gcc/arm-none-eabi/4.8.4/armv7e-m\libgcc.a(_dvmd_tls.o)
                              c:/program files (x86)/atmel/atmel toolchain/arm gcc/native/4.8.1443/arm-gnu-toolchain/bin/../lib/gcc/arm-none-eabi/4.8.4/armv7e-m\libgcc.a(_aeabi_uldivmod.o) (__aeabi_ldiv0)
c:/program files (x86)/atmel/atmel toolchain/arm gcc/native/4.8.1443/arm-gnu-toolchain/bin/../lib/gcc/arm-none-eabi/4.8.4/armv7e-m\libgcc.a(_divdi3.o)
                              c:/program files (x86)/atmel/atmel toolchain/arm gcc/native/4.8.1443/arm-gnu-toolchain/bin/../lib/gcc/arm-none-eabi/4.8.4/armv7e-m\libgcc.a(bpabi.o) (__divdi3)
c:/program files (x86)/atmel/atmel toolchain/arm gcc/native/4.8.1443/arm-gnu-toolchain/bin/../lib/gcc/arm-none-eabi/4.8.4/armv7e-m\libgcc.a(_udivdi3.o)
                              c:/program files (x86)/atmel/atmel toolchain/arm gcc/native/4.8.1443/arm-gnu-toolchain/bin/../lib/gcc/arm-none-eabi/4.8.4/armv7e-m\libgcc.a(bpabi.o) (__udivdi3)
c:/program files (x86)/atmel/atmel toolchain/arm gcc/native/4.8.1443/arm-gnu-toolchain/bin/../lib/gcc/arm-none-eabi/4.8.4/../../../../arm-none-eabi/lib/armv7e-m\libc.a(lib_a-exit.o)
                              c:/program files (x86)/atmel/atmel toolchain/arm gcc/native/4.8.1443/arm-gnu-toolchain/bin/../lib/gcc/arm-none-eabi/4.8.4/../../../../arm-none-eabi/lib/armv7e-m/crt0.o (exit)
c:/program files (x86)/atmel/atmel toolchain/arm gcc/native/4.8.1443/arm-gnu-toolchain/bin/../lib/gcc/arm-none-eabi/4.8.4/../../../../arm-none-eabi/lib/armv7e-m\libc.a(lib_a-impure.o)
                              c:/program files (x86)/atmel/atmel toolchain/arm gcc/native/4.8.1443/arm-gnu-toolchain/bin/../lib/gcc/arm-none-eabi/4.8.4/../../../../arm-none-eabi/lib/armv7e-m\libc.a(lib_a-exit.o) (_global_impure_ptr)
c:/program files (x86)/atmel/atmel toolchain/arm gcc/native/4.8.1443/arm-gnu-toolchain/bin/../lib/gcc/arm-none-eabi/4.8.4/../../../../arm-none-eabi/lib/armv7e-m\libc.a(lib_a-init.o)
                              c:/program files (x86)/atmel/atmel toolchain/arm gcc/native/4.8.1443/arm-gnu-toolchain/bin/../lib/gcc/arm-none-eabi/4.8.4/../../../../arm-none-eabi/lib/armv7e-m/crt0.o (__libc_init_array)
c:/program files (x86)/atmel/atmel toolchain/arm gcc/native/4.8.1443/arm-gnu-toolchain/bin/../lib/gcc/arm-none-eabi/4.8.4/../../../../arm-none-eabi/lib/armv7e-m\libc.a(lib_a-iprintf.o)
                              src/task_commandProc.o (iprintf)
c:/program files (x86)/atmel/atmel toolchain/arm gcc/native/4.8.1443/arm-gnu-toolchain/bin/../lib/gcc/arm-none-eabi/4.8.4/../../../../arm-none-eabi/lib/armv7e-m\libc.a(lib_a-malloc.o)
                              src/ASF/thirdparty/freertos/freertos-7.0.0/source/portable/memmang/heap_3.o (malloc)
c:/program files (x86)/atmel/atmel toolchain/arm gcc/native/4.8.1443/arm-gnu-toolchain/bin/../lib/gcc/arm-none-eabi/4.8.4/../../../../arm-none-eabi/lib/armv7e-m\libc.a(lib_a-mallocr.o)
                              c:/program files (x86)/atmel/atmel toolchain/arm gcc/native/4.8.1443/arm-gnu-toolchain/bin/../lib/gcc/arm-none-eabi/4.8.4/../../../../arm-none-eabi/lib/armv7e-m\libc.a(lib_a-malloc.o) (_malloc_r)
c:/program files (x86)/atmel/atmel toolchain/arm gcc/native/4.8.1443/arm-gnu-toolchain/bin/../lib/gcc/arm-none-eabi/4.8.4/../../../../arm-none-eabi/lib/armv7e-m\libc.a(lib_a-memcpy.o)
                              src/ASF/common/services/freertos/sam/freertos_peripheral_control.o (memcpy)
c:/program files (x86)/atmel/atmel toolchain/arm gcc/native/4.8.1443/arm-gnu-toolchain/bin/../lib/gcc/arm-none-eabi/4.8.4/../../../../arm-none-eabi/lib/armv7e-m\libc.a(lib_a-memset.o)
                              c:/program files (x86)/atmel/atmel toolchain/arm gcc/native/4.8.1443/arm-gnu-toolchain/bin/../lib/gcc/arm-none-eabi/4.8.4/../../../../arm-none-eabi/lib/armv7e-m/crt0.o (memset)
c:/program files (x86)/atmel/atmel toolchain/arm gcc/native/4.8.1443/arm-gnu-toolchain/bin/../lib/gcc/arm-none-eabi/4.8.4/../../../../arm-none-eabi/lib/armv7e-m\libc.a(lib_a-mlock.o)
                              c:/program files (x86)/atmel/atmel toolchain/arm gcc/native/4.8.1443/arm-gnu-toolchain/bin/../lib/gcc/arm-none-eabi/4.8.4/../../../../arm-none-eabi/lib/armv7e-m\libc.a(lib_a-mallocr.o) (__malloc_lock)
[...]
Memory Configuration

Name             Origin             Length             Attributes
rom              0x00408000         0x0001c000         xr
ram              0x20000000         0x00010000         xrw
*default*        0x00000000         0xffffffff

Linker script and memory map

LOAD c:/program files (x86)/atmel/atmel toolchain/arm gcc/native/4.8.1443/arm-gnu-toolchain/bin/../lib/gcc/arm-none-eabi/4.8.4/armv7e-m/crti.o
LOAD c:/program files (x86)/atmel/atmel toolchain/arm gcc/native/4.8.1443/arm-gnu-toolchain/bin/../lib/gcc/arm-none-eabi/4.8.4/armv7e-m/crtbegin.o
LOAD c:/program files (x86)/atmel/atmel toolchain/arm gcc/native/4.8.1443/arm-gnu-toolchain/bin/../lib/gcc/arm-none-eabi/4.8.4/../../../../arm-none-eabi/lib/armv7e-m/crt0.o
LOAD src/ASF/common/services/freertos/sam/freertos_peripheral_control.o
LOAD src/ASF/common/services/freertos/sam/freertos_twi_master.o
LOAD src/ASF/sam/drivers/crccu/crccu.o
LOAD src/ASF/sam/drivers/efc/efc.o
LOAD src/ASF/sam/drivers/pmc/services/flash_efc/flash_efc.o
LOAD src/ASF/sam/drivers/rstc/rstc.o
LOAD src/ASF/sam/drivers/twi/twi.o
LOAD src/bootloader.o
LOAD src/drv_i2c.o
LOAD src/drv_led.o
LOAD src/task_commandProc.o
LOAD src/task_emInterface.o
LOAD src/task_sdCardWrite.o
LOAD src/task_stateMachine.o
LOAD src/ASF/common/components/memory/sd_mmc/sd_mmc.o
LOAD src/ASF/common/components/memory/sd_mmc/sd_mmc_mem.o
LOAD src/ASF/common/services/delay/sam/cycle_counter.o
LOAD src/ASF/common/services/serial/usart_serial.o
LOAD src/ASF/common/services/storage/ctrl_access/ctrl_access.o
LOAD src/ASF/common/utils/stdio/read.o
LOAD src/ASF/common/utils/stdio/write.o
LOAD src/ASF/sam/drivers/hsmci/hsmci.o
LOAD src/ASF/sam/drivers/pdc/pdc.o
LOAD src/ASF/sam/drivers/rtc/rtc.o
LOAD src/ASF/sam/drivers/uart/uart.o
LOAD src/ASF/sam/drivers/usart/usart.o
LOAD src/ASF/thirdparty/fatfs/fatfs-port-r0.09/diskio.o
LOAD src/ASF/thirdparty/fatfs/fatfs-port-r0.09/sam/fattime_rtc.o
LOAD src/ASF/thirdparty/fatfs/fatfs-r0.09/src/ff.o
LOAD src/ASF/thirdparty/fatfs/fatfs-r0.09/src/option/ccsbcs.o
LOAD src/ASF/thirdparty/freertos/freertos-7.0.0/source/croutine.o
LOAD src/ASF/thirdparty/freertos/freertos-7.0.0/source/list.o
LOAD src/ASF/thirdparty/freertos/freertos-7.0.0/source/portable/gcc/sam/port.o
LOAD src/ASF/thirdparty/freertos/freertos-7.0.0/source/portable/memmang/heap_3.o
LOAD src/ASF/thirdparty/freertos/freertos-7.0.0/source/queue.o
LOAD src/ASF/thirdparty/freertos/freertos-7.0.0/source/tasks.o
LOAD src/ASF/thirdparty/freertos/freertos-7.0.0/source/timers.o
LOAD src/Board_Init.o
LOAD src/common.o
LOAD src/settings.o
LOAD src/drv_gpio.o
LOAD src/drv_uart.o
LOAD src/task_dataProcessor.o
LOAD src/task_fabricSense.o
LOAD src/task_main.o
LOAD src/task_quinticInterface.o
LOAD src/ASF/common/services/clock/sam4s/sysclk.o
LOAD src/ASF/common/utils/interrupt/interrupt_sam_nvic.o
LOAD src/ASF/sam/boards/sam4s_xplained_pro/init.o
LOAD src/ASF/sam/drivers/pio/pio.o
LOAD src/ASF/sam/drivers/pio/pio_handler.o
LOAD src/ASF/sam/drivers/pmc/pmc.o
LOAD src/ASF/sam/drivers/pmc/sleep.o
LOAD src/ASF/sam/drivers/wdt/wdt.o
LOAD src/ASF/sam/utils/cmsis/sam4s/source/templates/gcc/startup_sam4s.o
LOAD src/ASF/sam/utils/cmsis/sam4s/source/templates/system_sam4s.o
LOAD src/ASF/sam/utils/syscalls/gcc/syscalls.o
LOAD src/main.o
START GROUP
LOAD c:/program files (x86)/atmel/atmel toolchain/arm gcc/native/4.8.1443/arm-gnu-toolchain/bin/../lib/gcc/arm-none-eabi/4.8.4/../../../../arm-none-eabi/lib/armv7e-m\libm.a
END GROUP
                0x00003000                __stack_size__ = 0x3000
START GROUP
LOAD c:/program files (x86)/atmel/atmel toolchain/arm gcc/native/4.8.1443/arm-gnu-toolchain/bin/../lib/gcc/arm-none-eabi/4.8.4/armv7e-m\libgcc.a
LOAD c:/program files (x86)/atmel/atmel toolchain/arm gcc/native/4.8.1443/arm-gnu-toolchain/bin/../lib/gcc/arm-none-eabi/4.8.4/../../../../arm-none-eabi/lib/armv7e-m\libc.a
END GROUP
LOAD c:/program files (x86)/atmel/atmel toolchain/arm gcc/native/4.8.1443/arm-gnu-toolchain/bin/../lib/gcc/arm-none-eabi/4.8.4/armv7e-m/crtend.o
LOAD c:/program files (x86)/atmel/atmel toolchain/arm gcc/native/4.8.1443/arm-gnu-toolchain/bin/../lib/gcc/arm-none-eabi/4.8.4/armv7e-m/crtn.o
                0x00003000                __stack_size__ = DEFINED (__stack_size__)?__stack_size__:0x3000
                0x2000fffc                __ram_end__ = ((ORIGIN (ram) + 0x10000) - 0x4)

.text           0x00408000    0x17344
                0x00408000                . = ALIGN (0x4)
                0x00408000                _sfixed = .
 *(.vectors .vectors.*)
 .vectors       0x00408000       0xcc src/ASF/sam/utils/cmsis/sam4s/source/templates/gcc/startup_sam4s.o
                0x00408000                exception_table
 *(.text .text.* .gnu.linkonce.t.*)
 .text          0x004080cc       0x54 c:/program files (x86)/atmel/atmel toolchain/arm gcc/native/4.8.1443/arm-gnu-toolchain/bin/../lib/gcc/arm-none-eabi/4.8.4/armv7e-m/crtbegin.o
 .text.local_twi_handler
                0x00408120      0x1e0 src/ASF/common/services/freertos/sam/freertos_twi_master.o
 .text.TWI0_Handler
                0x00408300       0x10 src/ASF/common/services/freertos/sam/freertos_twi_master.o
                0x00408300                TWI0_Handler
 .text.TWI1_Handler
                0x00408310       0x10 src/ASF/common/services/freertos/sam/freertos_twi_master.o
                0x00408310                TWI1_Handler
 .text.efc_perform_command
                0x00408320       0x2c src/ASF/sam/drivers/efc/efc.o
                0x00408320                efc_perform_command
 .text.flash_read_user_signature
                0x0040834c       0x2c src/ASF/sam/drivers/pmc/services/flash_efc/flash_efc.o
                0x0040834c                flash_read_user_signature
 .text.flash_write_user_signature
                0x00408378       0x5c src/ASF/sam/drivers/pmc/services/flash_efc/flash_efc.o
                0x00408378                flash_write_user_signature
 .text.flash_erase_user_signature
                0x004083d4       0x18 src/ASF/sam/drivers/pmc/services/flash_efc/flash_efc.o
                0x004083d4                flash_erase_user_signature
 .text.rstc_start_software_reset
                0x004083ec        0xc src/ASF/sam/drivers/rstc/rstc.o
                0x004083ec                rstc_start_software_reset
 .text.twi_disable_interrupt
                0x004083f8        0x8 src/ASF/sam/drivers/twi/twi.o
                0x004083f8                twi_disable_interrupt
 .text.twi_get_interrupt_status
                0x00408400        0x4 src/ASF/sam/drivers/twi/twi.o
                0x00408400                twi_get_interrupt_status
 .text.twi_get_interrupt_mask
                0x00408404        0x4 src/ASF/sam/drivers/twi/twi.o
                0x00408404                twi_get_interrupt_mask
 .text.set_led_color
                0x00408408       0x88 src/drv_led.o
 .text.vLedTimerCallback
                0x00408490      0x1c0 src/drv_led.o
                0x00408490                vLedTimerCallback
 .text.drv_led_init
                0x00408650       0x48 src/drv_led.o
                0x00408650                drv_led_init
 .text.drv_led_set
                0x00408698       0xf0 src/drv_led.o
                0x00408698                drv_led_set
 .text.cmd_sendJackToggleToPowerBoard
                0x00408788       0x18 src/task_commandProc.o
                0x00408788                cmd_sendJackToggleToPowerBoard
 .text.getTimeString
                0x004087a0       0x60 src/task_commandProc.o
                0x004087a0                getTimeString
 .text.debugPrintStringInt
                0x00408800      0x114 src/task_commandProc.o
                0x00408800                debugPrintStringInt
 .text.debugPrintString
                0x00408914       0xcc src/task_commandProc.o
                0x00408914                debugPrintString
 .text.printString
                0x004089e0       0x58 src/task_commandProc.o
                0x004089e0                printString
 .text.task_commandHandler
                0x00408a38      0x804 src/task_commandProc.o
                0x00408a38                task_commandHandler
 .text.sendPacket
                0x0040923c       0x60 src/task_commandProc.o
                0x0040923c                sendPacket
 .text.task_sdCardWriteEntry
                0x0040929c       0xc4 src/task_sdCardWrite.o
                0x0040929c                task_sdCardWriteEntry
 .text.task_debugLogWriteEntry
                0x00409360       0x70 src/task_sdCardWrite.o
                0x00409360                task_debugLogWriteEntry
 .text.task_sdCard_OpenNewFile
                0x004093d0      0x2e8 src/task_sdCardWrite.o
                0x004093d0                task_sdCard_OpenNewFile
 .text.task_sdCard_CloseFile
                0x004096b8       0x48 src/task_sdCardWrite.o
                0x004096b8                task_sdCard_CloseFile
 .text.task_debugLog_CloseFile
                0x00409700       0x54 src/task_sdCardWrite.o
                0x00409700                task_debugLog_CloseFile
 .text.task_debugLog_ChangeFile
                0x00409754       0x50 src/task_sdCardWrite.o
                0x00409754                task_debugLog_ChangeFile
 .text.task_debugLog_OpenFile
                0x004097a4       0xe8 src/task_sdCardWrite.o
                0x004097a4                task_debugLog_OpenFile
 .text.task_sdCardHandler
                0x0040988c      0x37c src/task_sdCardWrite.o
                0x0040988c                task_sdCardHandler
 .text.vSdTimeOutTimerCallback
                0x00409c08        0xc src/task_stateMachine.o
                0x00409c08                vSdTimeOutTimerCallback
 .text.vTimeOutTimerCallback
                0x00409c14       0x1c src/task_stateMachine.o
                0x00409c14                vTimeOutTimerCallback
 .text.task_stateMachine_EnqueueEvent
                0x00409c30       0x44 src/task_stateMachine.o
                0x00409c30                task_stateMachine_EnqueueEvent
 .text.CheckInitQuintic
                0x00409c74      0x130 src/task_stateMachine.o
 .text.getCurrentState
                0x00409da4        0xc src/task_stateMachine.o
                0x00409da4                getCurrentState
 .text.stateEntry_PowerDown
                0x00409db0      0x1a0 src/task_stateMachine.o
                0x00409db0                stateEntry_PowerDown
 .text.stateEntry_Reset
                0x00409f50       0x74 src/task_stateMachine.o
                0x00409f50                stateEntry_Reset
 .text.stateEntry_Recording
                0x00409fc4       0x50 src/task_stateMachine.o
                0x00409fc4                stateEntry_Recording
 .text.stateExit_Recording
                0x0040a014       0x40 src/task_stateMachine.o
                0x0040a014                stateExit_Recording
 .text.stateEntry_Idle
                0x0040a054       0x50 src/task_stateMachine.o
                0x0040a054                stateEntry_Idle
 .text.stateExit_Idle
                0x0040a0a4       0x20 src/task_stateMachine.o
                0x0040a0a4                stateExit_Idle
 .text.stateEntry_Error
                0x0040a0c4       0x5c src/task_stateMachine.o
                0x0040a0c4                stateEntry_Error
 .text.stateExit_Error
                0x0040a120       0x20 src/task_stateMachine.o
                0x0040a120                stateExit_Error
 .text.stateEntry_GetAccelData
                0x0040a140       0xb0 src/task_stateMachine.o
                0x0040a140                stateEntry_GetAccelData
 .text.stateExit_GetAccelData
                0x0040a1f0       0x20 src/task_stateMachine.o
                0x0040a1f0                stateExit_GetAccelData
 .text.reloadConfigSettings
                0x0040a210      0x28c src/task_stateMachine.o
                0x0040a210                reloadConfigSettings
 .text.processEvent
                0x0040a49c      0x26c src/task_stateMachine.o
                0x0040a49c                processEvent
 .text.task_stateMachineHandler
                0x0040a708       0xac src/task_stateMachine.o
                0x0040a708                task_stateMachineHandler
 .text.sd_mmc_configure_slot
                0x0040a7b4       0x2c src/ASF/common/components/memory/sd_mmc/sd_mmc.o
 .text.sd_mmc_select_slot.part.0
                0x0040a7e0      0x100 src/ASF/common/components/memory/sd_mmc/sd_mmc.o
 .text.sd_mmc_cmd9_mci
                0x0040a8e0       0x30 src/ASF/common/components/memory/sd_mmc/sd_mmc.o
 .text.sd_mmc_init
                0x0040a910       0x20 src/ASF/common/components/memory/sd_mmc/sd_mmc.o
                0x0040a910                sd_mmc_init
 .text.sd_mmc_check
                0x0040a930      0x664 src/ASF/common/components/memory/sd_mmc/sd_mmc.o
                0x0040a930                sd_mmc_check
 .text.sd_mmc_get_type
                0x0040af94       0x3c src/ASF/common/components/memory/sd_mmc/sd_mmc.o
                0x0040af94                sd_mmc_get_type
 .text.sd_mmc_get_capacity
                0x0040afd0       0x3c src/ASF/common/components/memory/sd_mmc/sd_mmc.o
                0x0040afd0                sd_mmc_get_capacity
 .text.sd_mmc_is_write_protected
                0x0040b00c        0x4 src/ASF/common/components/memory/sd_mmc/sd_mmc.o
                0x0040b00c                sd_mmc_is_write_protected
 .text.sd_mmc_init_read_blocks
                0x0040b010       0xe8 src/ASF/common/components/memory/sd_mmc/sd_mmc.o
                0x0040b010                sd_mmc_init_read_blocks
 .text.sd_mmc_start_read_blocks
                0x0040b0f8       0x28 src/ASF/common/components/memory/sd_mmc/sd_mmc.o
                0x0040b0f8                sd_mmc_start_read_blocks
 .text.sd_mmc_wait_end_of_read_blocks
                0x0040b120       0x64 src/ASF/common/components/memory/sd_mmc/sd_mmc.o
                0x0040b120                sd_mmc_wait_end_of_read_blocks
 .text.sd_mmc_init_write_blocks
                0x0040b184       0xa0 src/ASF/common/components/memory/sd_mmc/sd_mmc.o
                0x0040b184                sd_mmc_init_write_blocks
 .text.sd_mmc_start_write_blocks
                0x0040b224       0x28 src/ASF/common/components/memory/sd_mmc/sd_mmc.o
                0x0040b224                sd_mmc_start_write_blocks
 .text.sd_mmc_wait_end_of_write_blocks
                0x0040b24c       0x6c src/ASF/common/components/memory/sd_mmc/sd_mmc.o
                0x0040b24c                sd_mmc_wait_end_of_write_blocks
 .text.sd_mmc_test_unit_ready
                0x0040b2b8       0x4c src/ASF/common/components/memory/sd_mmc/sd_mmc_mem.o
                0x0040b2b8                sd_mmc_test_unit_ready
 .text.sd_mmc_test_unit_ready_0
                0x0040b304       0x10 src/ASF/common/components/memory/sd_mmc/sd_mmc_mem.o
                0x0040b304                sd_mmc_test_unit_ready_0
 .text.sd_mmc_test_unit_ready_1
                0x0040b314       0x10 src/ASF/common/components/memory/sd_mmc/sd_mmc_mem.o
                0x0040b314                sd_mmc_test_unit_ready_1
 .text.sd_mmc_read_capacity
                0x0040b324       0x20 src/ASF/common/components/memory/sd_mmc/sd_mmc_mem.o
                0x0040b324                sd_mmc_read_capacity
 .text.sd_mmc_read_capacity_0
                0x0040b344       0x10 src/ASF/common/components/memory/sd_mmc/sd_mmc_mem.o
                0x0040b344                sd_mmc_read_capacity_0
 .text.sd_mmc_read_capacity_1
                0x0040b354       0x10 src/ASF/common/components/memory/sd_mmc/sd_mmc_mem.o
                0x0040b354                sd_mmc_read_capacity_1
 .text.sd_mmc_unload_0
                0x0040b364        0xc src/ASF/common/components/memory/sd_mmc/sd_mmc_mem.o
                0x0040b364                sd_mmc_unload_0
 .text.sd_mmc_unload_1
                0x0040b370        0xc src/ASF/common/components/memory/sd_mmc/sd_mmc_mem.o
                0x0040b370                sd_mmc_unload_1
 .text.sd_mmc_wr_protect_0
                0x0040b37c       0x10 src/ASF/common/components/memory/sd_mmc/sd_mmc_mem.o
                0x0040b37c                sd_mmc_wr_protect_0
 .text.sd_mmc_wr_protect_1
                0x0040b38c       0x10 src/ASF/common/components/memory/sd_mmc/sd_mmc_mem.o
                0x0040b38c                sd_mmc_wr_protect_1
 .text.sd_mmc_removal_0
                0x0040b39c        0x4 src/ASF/common/components/memory/sd_mmc/sd_mmc_mem.o
                0x0040b39c                sd_mmc_removal_0
 .text.sd_mmc_removal_1
                0x0040b3a0        0x4 src/ASF/common/components/memory/sd_mmc/sd_mmc_mem.o
                0x0040b3a0                sd_mmc_removal_1
 .text.sd_mmc_mem_2_ram
                0x0040b3a4       0x3c src/ASF/common/components/memory/sd_mmc/sd_mmc_mem.o
                0x0040b3a4                sd_mmc_mem_2_ram
 .text.sd_mmc_mem_2_ram_0
                0x0040b3e0       0x14 src/ASF/common/components/memory/sd_mmc/sd_mmc_mem.o
                0x0040b3e0                sd_mmc_mem_2_ram_0
 .text.sd_mmc_mem_2_ram_1
                0x0040b3f4       0x14 src/ASF/common/components/memory/sd_mmc/sd_mmc_mem.o
                0x0040b3f4                sd_mmc_mem_2_ram_1
 .text.sd_mmc_ram_2_mem
                0x0040b408       0x3c src/ASF/common/components/memory/sd_mmc/sd_mmc_mem.o
                0x0040b408                sd_mmc_ram_2_mem
 .text.sd_mmc_ram_2_mem_0
                0x0040b444       0x14 src/ASF/common/components/memory/sd_mmc/sd_mmc_mem.o
                0x0040b444                sd_mmc_ram_2_mem_0
 .text.sd_mmc_ram_2_mem_1
                0x0040b458       0x14 src/ASF/common/components/memory/sd_mmc/sd_mmc_mem.o
                0x0040b458                sd_mmc_ram_2_mem_1
 .text.mem_test_unit_ready
                0x0040b46c       0x18 src/ASF/common/services/storage/ctrl_access/ctrl_access.o
                0x0040b46c                mem_test_unit_ready
 .text.mem_read_capacity
                0x0040b484       0x1c src/ASF/common/services/storage/ctrl_access/ctrl_access.o
                0x0040b484                mem_read_capacity
 .text.mem_sector_size
                0x0040b4a0        0xc src/ASF/common/services/storage/ctrl_access/ctrl_access.o
                0x0040b4a0                mem_sector_size
 .text.mem_wr_protect
                0x0040b4ac       0x1c src/ASF/common/services/storage/ctrl_access/ctrl_access.o
                0x0040b4ac                mem_wr_protect
 .text.memory_2_ram
                0x0040b4c8       0x20 src/ASF/common/services/storage/ctrl_access/ctrl_access.o
                0x0040b4c8                memory_2_ram
 .text.ram_2_memory
                0x0040b4e8       0x20 src/ASF/common/services/storage/ctrl_access/ctrl_access.o
                0x0040b4e8                ram_2_memory
 .text._read    0x0040b508       0x38 src/ASF/common/utils/stdio/read.o
                0x0040b508                _read
 .text._write   0x0040b540       0x48 src/ASF/common/utils/stdio/write.o
                0x0040b540                _write
 .text.hsmci_send_cmd_execute
                0x0040b588       0xe8 src/ASF/sam/drivers/hsmci/hsmci.o
 .text.hsmci_init
                0x0040b670       0x28 src/ASF/sam/drivers/hsmci/hsmci.o
                0x0040b670                hsmci_init
 .text.hsmci_get_bus_width
                0x0040b698        0xc src/ASF/sam/drivers/hsmci/hsmci.o
                0x0040b698                hsmci_get_bus_width
 .text.hsmci_is_high_speed_capable
                0x0040b6a4        0x4 src/ASF/sam/drivers/hsmci/hsmci.o
                0x0040b6a4                hsmci_is_high_speed_capable
 .text.hsmci_select_device
                0x0040b6a8       0x80 src/ASF/sam/drivers/hsmci/hsmci.o
                0x0040b6a8                hsmci_select_device
 .text.hsmci_deselect_device
                0x0040b728        0x4 src/ASF/sam/drivers/hsmci/hsmci.o
                0x0040b728                hsmci_deselect_device
 .text.hsmci_send_clock
                0x0040b72c       0x20 src/ASF/sam/drivers/hsmci/hsmci.o
                0x0040b72c                hsmci_send_clock
 .text.hsmci_send_cmd
                0x0040b74c       0x2c src/ASF/sam/drivers/hsmci/hsmci.o
                0x0040b74c                hsmci_send_cmd
 .text.hsmci_get_response
                0x0040b778        0x8 src/ASF/sam/drivers/hsmci/hsmci.o
                0x0040b778                hsmci_get_response
 .text.hsmci_get_response_128
                0x0040b780       0x24 src/ASF/sam/drivers/hsmci/hsmci.o
                0x0040b780                hsmci_get_response_128
 .text.hsmci_adtc_start
                0x0040b7a4       0xb0 src/ASF/sam/drivers/hsmci/hsmci.o
                0x0040b7a4                hsmci_adtc_start
 .text.hsmci_read_word
                0x0040b854       0xa4 src/ASF/sam/drivers/hsmci/hsmci.o
                0x0040b854                hsmci_read_word
 .text.hsmci_start_read_blocks
                0x0040b8f8       0x68 src/ASF/sam/drivers/hsmci/hsmci.o
                0x0040b8f8                hsmci_start_read_blocks
 .text.hsmci_wait_end_of_read_blocks
                0x0040b960       0xa4 src/ASF/sam/drivers/hsmci/hsmci.o
                0x0040b960                hsmci_wait_end_of_read_blocks
 .text.hsmci_start_write_blocks
                0x0040ba04       0x6c src/ASF/sam/drivers/hsmci/hsmci.o
                0x0040ba04                hsmci_start_write_blocks
 .text.hsmci_wait_end_of_write_blocks
                0x0040ba70       0xa8 src/ASF/sam/drivers/hsmci/hsmci.o
                0x0040ba70                hsmci_wait_end_of_write_blocks
 .text.pdc_disable_transfer
                0x0040bb18        0xc src/ASF/sam/drivers/pdc/pdc.o
                0x0040bb18                pdc_disable_transfer
 .text.rtc_set_hour_mode
                0x0040bb24       0x14 src/ASF/sam/drivers/rtc/rtc.o
                0x0040bb24                rtc_set_hour_mode
 .text.rtc_get_time
                0x0040bb38       0x5c src/ASF/sam/drivers/rtc/rtc.o
                0x0040bb38                rtc_get_time
 .text.rtc_set_time
                0x0040bb94       0x94 src/ASF/sam/drivers/rtc/rtc.o
                0x0040bb94                rtc_set_time
 .text.rtc_get_date
                0x0040bc28       0x78 src/ASF/sam/drivers/rtc/rtc.o
                0x0040bc28                rtc_get_date
 .text.rtc_set_date
                0x0040bca0       0xc4 src/ASF/sam/drivers/rtc/rtc.o
                0x0040bca0                rtc_set_date
 .text.rtc_clear_time_alarm
                0x0040bd64        0x8 src/ASF/sam/drivers/rtc/rtc.o
                0x0040bd64                rtc_clear_time_alarm
 .text.rtc_clear_date_alarm
                0x0040bd6c        0xc src/ASF/sam/drivers/rtc/rtc.o
                0x0040bd6c                rtc_clear_date_alarm
 .text.uart_init
                0x0040bd78       0x40 src/ASF/sam/drivers/uart/uart.o
                0x0040bd78                uart_init
 .text.uart_disable_interrupt
                0x0040bdb8        0x4 src/ASF/sam/drivers/uart/uart.o
                0x0040bdb8                uart_disable_interrupt
 .text.uart_get_status
                0x0040bdbc        0x4 src/ASF/sam/drivers/uart/uart.o
                0x0040bdbc                uart_get_status
 .text.uart_write
                0x0040bdc0       0x10 src/ASF/sam/drivers/uart/uart.o
                0x0040bdc0                uart_write
 .text.uart_read
                0x0040bdd0       0x10 src/ASF/sam/drivers/uart/uart.o
                0x0040bdd0                uart_read
 .text.usart_set_async_baudrate
                0x0040bde0       0x5c src/ASF/sam/drivers/usart/usart.o
                0x0040bde0                usart_set_async_baudrate
 .text.usart_init_rs232
                0x0040be3c       0x78 src/ASF/sam/drivers/usart/usart.o
                0x0040be3c                usart_init_rs232
 .text.usart_enable_tx
                0x0040beb4        0x8 src/ASF/sam/drivers/usart/usart.o
                0x0040beb4                usart_enable_tx
 .text.usart_enable_rx
                0x0040bebc        0x8 src/ASF/sam/drivers/usart/usart.o
                0x0040bebc                usart_enable_rx
 .text.usart_enable_interrupt
                0x0040bec4        0x4 src/ASF/sam/drivers/usart/usart.o
                0x0040bec4                usart_enable_interrupt
 .text.usart_disable_interrupt
                0x0040bec8        0x4 src/ASF/sam/drivers/usart/usart.o
                0x0040bec8                usart_disable_interrupt
 .text.usart_write
                0x0040becc       0x14 src/ASF/sam/drivers/usart/usart.o
                0x0040becc                usart_write
 .text.usart_read
                0x0040bee0       0x18 src/ASF/sam/drivers/usart/usart.o
                0x0040bee0                usart_read
 .text.usart_getchar
                0x0040bef8       0x14 src/ASF/sam/drivers/usart/usart.o
                0x0040bef8                usart_getchar
 .text.disk_initialize
                0x0040bf0c       0x44 src/ASF/thirdparty/fatfs/fatfs-port-r0.09/diskio.o
                0x0040bf0c                disk_initialize
 .text.disk_status
                0x0040bf50       0x18 src/ASF/thirdparty/fatfs/fatfs-port-r0.09/diskio.o
                0x0040bf50                disk_status
 .text.disk_read
                0x0040bf68       0x74 src/ASF/thirdparty/fatfs/fatfs-port-r0.09/diskio.o
                0x0040bf68                disk_read
 .text.disk_write
                0x0040bfdc       0x74 src/ASF/thirdparty/fatfs/fatfs-port-r0.09/diskio.o
                0x0040bfdc                disk_write
 .text.disk_ioctl
                0x0040c050       0x70 src/ASF/thirdparty/fatfs/fatfs-port-r0.09/diskio.o
                0x0040c050                disk_ioctl
 .text.get_fattime
                0x0040c0c0       0x58 src/ASF/thirdparty/fatfs/fatfs-port-r0.09/sam/fattime_rtc.o
                0x0040c0c0                get_fattime
 .text.chk_lock
                0x0040c118       0x70 src/ASF/thirdparty/fatfs/fatfs-r0.09/src/ff.o
 .text.get_fileinfo
                0x0040c188      0x10c src/ASF/thirdparty/fatfs/fatfs-r0.09/src/ff.o
 .text.move_window
                0x0040c294       0x84 src/ASF/thirdparty/fatfs/fatfs-r0.09/src/ff.o
 .text.sync     0x0040c318       0xd8 src/ASF/thirdparty/fatfs/fatfs-r0.09/src/ff.o
 .text.validate
                0x0040c3f0       0x28 src/ASF/thirdparty/fatfs/fatfs-r0.09/src/ff.o
 .text.check_fs
                0x0040c418       0x8c src/ASF/thirdparty/fatfs/fatfs-r0.09/src/ff.o
 .text.chk_mounted
                0x0040c4a4      0x330 src/ASF/thirdparty/fatfs/fatfs-r0.09/src/ff.o
 .text.get_fat.part.3
                0x0040c7d4       0xcc src/ASF/thirdparty/fatfs/fatfs-r0.09/src/ff.o
 .text.dir_sdi  0x0040c8a0       0xa8 src/ASF/thirdparty/fatfs/fatfs-r0.09/src/ff.o
 .text.put_fat.part.4
                0x0040c948      0x100 src/ASF/thirdparty/fatfs/fatfs-r0.09/src/ff.o
 .text.create_chain
                0x0040ca48       0xd8 src/ASF/thirdparty/fatfs/fatfs-r0.09/src/ff.o
 .text.dir_next
                0x0040cb20      0x140 src/ASF/thirdparty/fatfs/fatfs-r0.09/src/ff.o
 .text.dir_read
                0x0040cc60      0x128 src/ASF/thirdparty/fatfs/fatfs-r0.09/src/ff.o
 .text.dir_remove
                0x0040cd88       0x68 src/ASF/thirdparty/fatfs/fatfs-r0.09/src/ff.o
 .text.dir_find.part.5
                0x0040cdf0      0x168 src/ASF/thirdparty/fatfs/fatfs-r0.09/src/ff.o
 .text.dir_register
                0x0040cf58      0x30c src/ASF/thirdparty/fatfs/fatfs-r0.09/src/ff.o
 .text.remove_chain.part.6
                0x0040d264       0x6c src/ASF/thirdparty/fatfs/fatfs-r0.09/src/ff.o
 .text.follow_path
                0x0040d2d0      0x2dc src/ASF/thirdparty/fatfs/fatfs-r0.09/src/ff.o
 .text.f_mount  0x0040d5ac       0x40 src/ASF/thirdparty/fatfs/fatfs-r0.09/src/ff.o
                0x0040d5ac                f_mount
 .text.f_open   0x0040d5ec      0x2a4 src/ASF/thirdparty/fatfs/fatfs-r0.09/src/ff.o
                0x0040d5ec                f_open
 .text.f_read   0x0040d890      0x1b0 src/ASF/thirdparty/fatfs/fatfs-r0.09/src/ff.o
                0x0040d890                f_read
 .text.f_write  0x0040da40      0x1e0 src/ASF/thirdparty/fatfs/fatfs-r0.09/src/ff.o
                0x0040da40                f_write
 .text.f_sync   0x0040dc20       0xb8 src/ASF/thirdparty/fatfs/fatfs-r0.09/src/ff.o
                0x0040dc20                f_sync
 .text.f_close  0x0040dcd8       0x4c src/ASF/thirdparty/fatfs/fatfs-r0.09/src/ff.o
                0x0040dcd8                f_close
 .text.f_lseek  0x0040dd24      0x1bc src/ASF/thirdparty/fatfs/fatfs-r0.09/src/ff.o
                0x0040dd24                f_lseek
 .text.f_opendir
                0x0040dee0       0x78 src/ASF/thirdparty/fatfs/fatfs-r0.09/src/ff.o
                0x0040dee0                f_opendir
 .text.f_stat   0x0040df58       0x60 src/ASF/thirdparty/fatfs/fatfs-r0.09/src/ff.o
                0x0040df58                f_stat
 .text.f_getfree
                0x0040dfb8      0x140 src/ASF/thirdparty/fatfs/fatfs-r0.09/src/ff.o
                0x0040dfb8                f_getfree
 .text.f_unlink
                0x0040e0f8       0xec src/ASF/thirdparty/fatfs/fatfs-r0.09/src/ff.o
                0x0040e0f8                f_unlink
 .text.f_mkdir  0x0040e1e4      0x23c src/ASF/thirdparty/fatfs/fatfs-r0.09/src/ff.o
                0x0040e1e4                f_mkdir
 .text.f_rename
                0x0040e420      0x15c src/ASF/thirdparty/fatfs/fatfs-r0.09/src/ff.o
                0x0040e420                f_rename
 .text.ff_convert
                0x0040e57c       0x4c src/ASF/thirdparty/fatfs/fatfs-r0.09/src/option/ccsbcs.o
                0x0040e57c                ff_convert
 .text.ff_wtoupper
                0x0040e5c8       0x2c src/ASF/thirdparty/fatfs/fatfs-r0.09/src/option/ccsbcs.o
                0x0040e5c8                ff_wtoupper
 .text.vListInitialise
                0x0040e5f4       0x18 src/ASF/thirdparty/freertos/freertos-7.0.0/source/list.o
                0x0040e5f4                vListInitialise
 .text.vListInitialiseItem
                0x0040e60c        0x8 src/ASF/thirdparty/freertos/freertos-7.0.0/source/list.o
                0x0040e60c                vListInitialiseItem
 .text.vListInsertEnd
                0x0040e614       0x1c src/ASF/thirdparty/freertos/freertos-7.0.0/source/list.o
                0x0040e614                vListInsertEnd
 .text.vListInsert
                0x0040e630       0x3c src/ASF/thirdparty/freertos/freertos-7.0.0/source/list.o
                0x0040e630                vListInsert
 .text.vListRemove
                0x0040e66c       0x24 src/ASF/thirdparty/freertos/freertos-7.0.0/source/list.o
                0x0040e66c                vListRemove
 .text.pxPortInitialiseStack
                0x0040e690       0x20 src/ASF/thirdparty/freertos/freertos-7.0.0/source/portable/gcc/sam/port.o
                0x0040e690                pxPortInitialiseStack
 .text.vPortSVCHandler
                0x0040e6b0       0x20 src/ASF/thirdparty/freertos/freertos-7.0.0/source/portable/gcc/sam/port.o
                0x0040e6b0                vPortSVCHandler
                0x0040e6b0                SVC_Handler
 .text.vPortStartFirstTask
                0x0040e6d0       0x10 src/ASF/thirdparty/freertos/freertos-7.0.0/source/portable/gcc/sam/port.o
                0x0040e6d0                vPortStartFirstTask
 .text.xPortStartScheduler
                0x0040e6e0       0x48 src/ASF/thirdparty/freertos/freertos-7.0.0/source/portable/gcc/sam/port.o
                0x0040e6e0                xPortStartScheduler
 .text.vPortYieldFromISR
                0x0040e728       0x10 src/ASF/thirdparty/freertos/freertos-7.0.0/source/portable/gcc/sam/port.o
                0x0040e728                vPortYieldFromISR
 .text.vPortEnterCritical
                0x0040e738       0x18 src/ASF/thirdparty/freertos/freertos-7.0.0/source/portable/gcc/sam/port.o
                0x0040e738                vPortEnterCritical
 .text.vPortExitCritical
                0x0040e750       0x18 src/ASF/thirdparty/freertos/freertos-7.0.0/source/portable/gcc/sam/port.o
                0x0040e750                vPortExitCritical
 .text.xPortPendSVHandler
                0x0040e768       0x3c src/ASF/thirdparty/freertos/freertos-7.0.0/source/portable/gcc/sam/port.o
                0x0040e768                xPortPendSVHandler
                0x0040e768                PendSV_Handler
 .text.xPortSysTickHandler
                0x0040e7a4       0x28 src/ASF/thirdparty/freertos/freertos-7.0.0/source/portable/gcc/sam/port.o
                0x0040e7a4                xPortSysTickHandler
 .text.pvPortMalloc
                0x0040e7cc       0x24 src/ASF/thirdparty/freertos/freertos-7.0.0/source/portable/memmang/heap_3.o
                0x0040e7cc                pvPortMalloc
 .text.vPortFree
                0x0040e7f0       0x24 src/ASF/thirdparty/freertos/freertos-7.0.0/source/portable/memmang/heap_3.o
                0x0040e7f0                vPortFree
 .text.prvCopyDataToQueue
                0x0040e814       0x74 src/ASF/thirdparty/freertos/freertos-7.0.0/source/queue.o
 .text.prvCopyDataFromQueue
                0x0040e888       0x28 src/ASF/thirdparty/freertos/freertos-7.0.0/source/queue.o
 .text.prvUnlockQueue
                0x0040e8b0       0xa4 src/ASF/thirdparty/freertos/freertos-7.0.0/source/queue.o
 .text.xQueueCreate
                0x0040e954       0x78 src/ASF/thirdparty/freertos/freertos-7.0.0/source/queue.o
                0x0040e954                xQueueCreate
 .text.xQueueGenericSend
                0x0040e9cc      0x110 src/ASF/thirdparty/freertos/freertos-7.0.0/source/queue.o
                0x0040e9cc                xQueueGenericSend
 .text.xQueueCreateMutex
                0x0040eadc       0x50 src/ASF/thirdparty/freertos/freertos-7.0.0/source/queue.o
                0x0040eadc                xQueueCreateMutex
 .text.xQueueGenericSendFromISR
                0x0040eb2c       0x5c src/ASF/thirdparty/freertos/freertos-7.0.0/source/queue.o
                0x0040eb2c                xQueueGenericSendFromISR
 .text.xQueueGenericReceive
                0x0040eb88      0x154 src/ASF/thirdparty/freertos/freertos-7.0.0/source/queue.o
                0x0040eb88                xQueueGenericReceive
 .text.uxQueueMessagesWaiting
                0x0040ecdc       0x1c src/ASF/thirdparty/freertos/freertos-7.0.0/source/queue.o
                0x0040ecdc                uxQueueMessagesWaiting
 .text.vQueueWaitForMessageRestricted
                0x0040ecf8       0x48 src/ASF/thirdparty/freertos/freertos-7.0.0/source/queue.o
                0x0040ecf8                vQueueWaitForMessageRestricted
 .text.prvListTaskWithinSingleList
                0x0040ed40       0x90 src/ASF/thirdparty/freertos/freertos-7.0.0/source/tasks.o
 .text.prvAddCurrentTaskToDelayedList
                0x0040edd0       0x50 src/ASF/thirdparty/freertos/freertos-7.0.0/source/tasks.o
 .text.xTaskGenericCreate
                0x0040ee20      0x1e0 src/ASF/thirdparty/freertos/freertos-7.0.0/source/tasks.o
                0x0040ee20                xTaskGenericCreate
 .text.vTaskDelete
                0x0040f000       0x80 src/ASF/thirdparty/freertos/freertos-7.0.0/source/tasks.o
                0x0040f000                vTaskDelete
 .text.vTaskStartScheduler
                0x0040f080       0x64 src/ASF/thirdparty/freertos/freertos-7.0.0/source/tasks.o
                0x0040f080                vTaskStartScheduler
 .text.vTaskSuspendAll
                0x0040f0e4       0x10 src/ASF/thirdparty/freertos/freertos-7.0.0/source/tasks.o
                0x0040f0e4                vTaskSuspendAll
 .text.xTaskGetTickCount
                0x0040f0f4       0x20 src/ASF/thirdparty/freertos/freertos-7.0.0/source/tasks.o
                0x0040f0f4                xTaskGetTickCount
 .text.uxTaskGetNumberOfTasks
                0x0040f114        0xc src/ASF/thirdparty/freertos/freertos-7.0.0/source/tasks.o
                0x0040f114                uxTaskGetNumberOfTasks
 .text.vTaskIncrementTick
                0x0040f120      0x12c src/ASF/thirdparty/freertos/freertos-7.0.0/source/tasks.o
                0x0040f120                vTaskIncrementTick
 .text.xTaskResumeAll
                0x0040f24c       0xf4 src/ASF/thirdparty/freertos/freertos-7.0.0/source/tasks.o
                0x0040f24c                xTaskResumeAll
 .text.vTaskDelay
                0x0040f340       0x50 src/ASF/thirdparty/freertos/freertos-7.0.0/source/tasks.o
                0x0040f340                vTaskDelay
 .text.prvIdleTask
                0x0040f390       0xa8 src/ASF/thirdparty/freertos/freertos-7.0.0/source/tasks.o
 .text.vTaskList
                0x0040f438       0xc4 src/ASF/thirdparty/freertos/freertos-7.0.0/source/tasks.o
                0x0040f438                vTaskList
 .text.vTaskSwitchContext
                0x0040f4fc       0xd0 src/ASF/thirdparty/freertos/freertos-7.0.0/source/tasks.o
                0x0040f4fc                vTaskSwitchContext
 .text.vTaskPlaceOnEventList
                0x0040f5cc       0x50 src/ASF/thirdparty/freertos/freertos-7.0.0/source/tasks.o
                0x0040f5cc                vTaskPlaceOnEventList
 .text.vTaskPlaceOnEventListRestricted
                0x0040f61c       0x38 src/ASF/thirdparty/freertos/freertos-7.0.0/source/tasks.o
                0x0040f61c                vTaskPlaceOnEventListRestricted
 .text.xTaskRemoveFromEventList
                0x0040f654       0x70 src/ASF/thirdparty/freertos/freertos-7.0.0/source/tasks.o
                0x0040f654                xTaskRemoveFromEventList
 .text.vTaskSetTimeOutState
                0x0040f6c4       0x18 src/ASF/thirdparty/freertos/freertos-7.0.0/source/tasks.o
                0x0040f6c4                vTaskSetTimeOutState
 .text.xTaskCheckForTimeOut
                0x0040f6dc       0x7c src/ASF/thirdparty/freertos/freertos-7.0.0/source/tasks.o
                0x0040f6dc                xTaskCheckForTimeOut
 .text.vTaskMissedYield
                0x0040f758        0xc src/ASF/thirdparty/freertos/freertos-7.0.0/source/tasks.o
                0x0040f758                vTaskMissedYield
 .text.uxTaskGetStackHighWaterMark
                0x0040f764       0x2c src/ASF/thirdparty/freertos/freertos-7.0.0/source/tasks.o
                0x0040f764                uxTaskGetStackHighWaterMark
 .text.xTaskGetCurrentTaskHandle
                0x0040f790        0xc src/ASF/thirdparty/freertos/freertos-7.0.0/source/tasks.o
                0x0040f790                xTaskGetCurrentTaskHandle
 .text.xTaskGetSchedulerState
                0x0040f79c       0x1c src/ASF/thirdparty/freertos/freertos-7.0.0/source/tasks.o
                0x0040f79c                xTaskGetSchedulerState
 .text.vTaskPriorityInherit
                0x0040f7b8       0x70 src/ASF/thirdparty/freertos/freertos-7.0.0/source/tasks.o
                0x0040f7b8                vTaskPriorityInherit
 .text.vTaskPriorityDisinherit
                0x0040f828       0x4c src/ASF/thirdparty/freertos/freertos-7.0.0/source/tasks.o
                0x0040f828                vTaskPriorityDisinherit
 .text.prvCheckForValidListAndQueue
                0x0040f874       0x5c src/ASF/thirdparty/freertos/freertos-7.0.0/source/timers.o
 .text.prvInsertTimerInActiveList
                0x0040f8d0       0x40 src/ASF/thirdparty/freertos/freertos-7.0.0/source/timers.o
 .text.xTimerCreateTimerTask
                0x0040f910       0x40 src/ASF/thirdparty/freertos/freertos-7.0.0/source/timers.o
                0x0040f910                xTimerCreateTimerTask
 .text.xTimerCreate
                0x0040f950       0x4c src/ASF/thirdparty/freertos/freertos-7.0.0/source/timers.o
                0x0040f950                xTimerCreate
 .text.xTimerGenericCommand
                0x0040f99c       0x5c src/ASF/thirdparty/freertos/freertos-7.0.0/source/timers.o
                0x0040f99c                xTimerGenericCommand
 .text.prvSwitchTimerLists.isra.1
                0x0040f9f8       0x8c src/ASF/thirdparty/freertos/freertos-7.0.0/source/timers.o
 .text.prvTimerTask
                0x0040fa84      0x190 src/ASF/thirdparty/freertos/freertos-7.0.0/source/timers.o
 .text.xTimerIsTimerActive
                0x0040fc14       0x20 src/ASF/thirdparty/freertos/freertos-7.0.0/source/timers.o
                0x0040fc14                xTimerIsTimerActive
 .text.usart_serial_getchar
                0x0040fc34       0x88 src/Board_Init.o
 .text.usart_serial_putchar
                0x0040fcbc       0x78 src/Board_Init.o
 .text.initAllUarts
                0x0040fd34       0x3c src/Board_Init.o
                0x0040fd34                initAllUarts
 .text.deInitAllUarts
                0x0040fd70       0x2c src/Board_Init.o
                0x0040fd70                deInitAllUarts
 .text.WDT_Handler
                0x0040fd9c       0x20 src/Board_Init.o
                0x0040fd9c                WDT_Handler
 .text.configureWatchDog
                0x0040fdbc       0x58 src/Board_Init.o
                0x0040fdbc                configureWatchDog
 .text.powerOnInit
                0x0040fe14      0x114 src/Board_Init.o
                0x0040fe14                powerOnInit
 .text.itoa     0x0040ff28       0x64 src/common.o
                0x0040ff28                itoa
 .text.loadSerialNumberFromNvm
                0x0040ff8c       0x88 src/settings.o
                0x0040ff8c                loadSerialNumberFromNvm
 .text.saveNvmSettings
                0x00410014       0x50 src/settings.o
                0x00410014                saveNvmSettings
 .text.getLineFromBuf
                0x00410064       0x54 src/settings.o
                0x00410064                getLineFromBuf
 .text.decryptBuf
                0x004100b8       0x48 src/settings.o
                0x004100b8                decryptBuf
 .text.loadSettings
                0x00410100      0x320 src/settings.o
                0x00410100                loadSettings
 .text.drv_gpio_int_cd
                0x00410420       0x44 src/drv_gpio.o
 .text.drv_gpio_int_lbo
                0x00410464       0x44 src/drv_gpio.o
 .text.drv_gpio_int_sw2
                0x004104a8       0x44 src/drv_gpio.o
 .text.drv_gpio_int_sw1
                0x004104ec       0x40 src/drv_gpio.o
 .text.drv_gpio_int_pw
                0x0041052c       0x40 src/drv_gpio.o
 .text.drv_gpio_config
                0x0041056c      0x13c src/drv_gpio.o
                0x0041056c                drv_gpio_config
 .text.drv_gpio_initializeAll
                0x004106a8       0x3c src/drv_gpio.o
                0x004106a8                drv_gpio_initializeAll
 .text.drv_gpio_ConfigureBLEForProgramming
                0x004106e4       0x28 src/drv_gpio.o
                0x004106e4                drv_gpio_ConfigureBLEForProgramming
 .text.drv_gpio_setPinState
                0x0041070c       0x78 src/drv_gpio.o
                0x0041070c                drv_gpio_setPinState
 .text.drv_gpio_getPinState
                0x00410784       0x30 src/drv_gpio.o
                0x00410784                drv_gpio_getPinState
 .text.drv_gpio_togglePin
                0x004107b4       0x18 src/drv_gpio.o
                0x004107b4                drv_gpio_togglePin
 .text.drv_gpio_config_interrupt
                0x004107cc       0x5c src/drv_gpio.o
                0x004107cc                drv_gpio_config_interrupt
 .text.drv_gpio_check_Int
                0x00410828       0x18 src/drv_gpio.o
                0x00410828                drv_gpio_check_Int
 .text.drv_gpio_enable_interrupt
                0x00410840       0x60 src/drv_gpio.o
                0x00410840                drv_gpio_enable_interrupt
 .text.drv_gpio_disable_interrupt_all
                0x004108a0       0x3c src/drv_gpio.o
                0x004108a0                drv_gpio_disable_interrupt_all
 .text.uart_process_byte
                0x004108dc       0x88 src/drv_uart.o
 .text.uart_process_tx_byte
                0x00410964       0xc4 src/drv_uart.o
 .text.drv_uart_getChar.part.0
                0x00410a28       0x7c src/drv_uart.o
 .text.drv_uart_init
                0x00410aa4      0x2e4 src/drv_uart.o
                0x00410aa4                drv_uart_init
 .text.drv_uart_putChar
                0x00410d88       0xa4 src/drv_uart.o
                0x00410d88                drv_uart_putChar
 .text.drv_uart_deInit
                0x00410e2c       0x2c src/drv_uart.o
                0x00410e2c                drv_uart_deInit
 .text.drv_uart_isInit
                0x00410e58       0x20 src/drv_uart.o
                0x00410e58                drv_uart_isInit
 .text.drv_uart_getDroppedBytes
                0x00410e78       0x18 src/drv_uart.o
                0x00410e78                drv_uart_getDroppedBytes
 .text.drv_uart_getline
                0x00410e90       0x84 src/drv_uart.o
                0x00410e90                drv_uart_getline
 .text.drv_uart_getlineTimed
                0x00410f14       0x94 src/drv_uart.o
                0x00410f14                drv_uart_getlineTimed
 .text.drv_uart_putString
                0x00410fa8       0x34 src/drv_uart.o
                0x00410fa8                drv_uart_putString
 .text.drv_uart_putData
                0x00410fdc       0x30 src/drv_uart.o
                0x00410fdc                drv_uart_putData
 .text.drv_uart_flushRx
                0x0041100c       0xfc src/drv_uart.o
                0x0041100c                drv_uart_flushRx
 .text.UART0_Handler
                0x00411108       0x48 src/drv_uart.o
                0x00411108                UART0_Handler
 .text.UART1_Handler
                0x00411150       0x50 src/drv_uart.o
                0x00411150                UART1_Handler
 .text.USART0_Handler
                0x004111a0       0x50 src/drv_uart.o
                0x004111a0                USART0_Handler
 .text.USART1_Handler
                0x004111f0       0x50 src/drv_uart.o
                0x004111f0                USART1_Handler
 .text.vframeTimeOutTimerCallback
                0x00411240        0xc src/task_dataProcessor.o
                0x00411240                vframeTimeOutTimerCallback
 .text.processPackets
                0x0041124c      0x15c src/task_dataProcessor.o
 .text.task_dataHandler
                0x004113a8      0x458 src/task_dataProcessor.o
                0x004113a8                task_dataHandler
 .text.task_dataProcessor_startGetAccelData
                0x00411800       0x94 src/task_dataProcessor.o
                0x00411800                task_dataProcessor_startGetAccelData
 .text.task_dataProcessor_startRecording
                0x00411894       0x7c src/task_dataProcessor.o
                0x00411894                task_dataProcessor_startRecording
 .text.task_fabSenseHandler
                0x00411910       0xe0 src/task_fabricSense.o
                0x00411910                task_fabSenseHandler
 .text.task_fabSense_init
                0x004119f0        0x4 src/task_fabricSense.o
                0x004119f0                task_fabSense_init
 .text.task_fabSense_start
                0x004119f4       0x1c src/task_fabricSense.o
                0x004119f4                task_fabSense_start
 .text.task_fabSense_stop
                0x00411a10        0xc src/task_fabricSense.o
                0x00411a10                task_fabSense_stop
 .text.vSystemResetTimerCallback
                0x00411a1c       0x34 src/task_main.o
                0x00411a1c                vSystemResetTimerCallback
 .text.vResetButtonTimerCallback
                0x00411a50       0x28 src/task_main.o
                0x00411a50                vResetButtonTimerCallback
 .text.vSleepTimerCallback
                0x00411a78       0x40 src/task_main.o
                0x00411a78                vSleepTimerCallback
 .text.TaskMain
                0x00411ab8      0x990 src/task_main.o
                0x00411ab8                TaskMain
 .text.toggleJackEnables
                0x00412448       0x30 src/task_main.o
                0x00412448                toggleJackEnables
 .text.sendString
                0x00412478       0x34 src/task_quinticInterface.o
 .text.getAck   0x004124ac       0x44 src/task_quinticInterface.o
 .text.getResponse.constprop.0
                0x004124f0       0x48 src/task_quinticInterface.o
 .text.task_quinticHandler
                0x00412538      0x270 src/task_quinticInterface.o
                0x00412538                task_quinticHandler
 .text.task_quintic_initializeImus
                0x004127a8      0x370 src/task_quinticInterface.o
                0x004127a8                task_quintic_initializeImus
 .text.task_quintic_sendConnectMsg
                0x00412b18       0x20 src/task_quinticInterface.o
                0x00412b18                task_quintic_sendConnectMsg
 .text.task_quintic_startRecording
                0x00412b38       0x20 src/task_quinticInterface.o
                0x00412b38                task_quintic_startRecording
 .text.task_quintic_stopRecording
                0x00412b58       0x38 src/task_quinticInterface.o
                0x00412b58                task_quintic_stopRecording
 .text.task_quintic_checkRssiLevel
                0x00412b90       0x20 src/task_quinticInterface.o
                0x00412b90                task_quintic_checkRssiLevel
 .text.task_quintic_startGetAccelData
                0x00412bb0       0x38 src/task_quinticInterface.o
                0x00412bb0                task_quintic_startGetAccelData
 .text.task_quintic_stopGetAccelData
                0x00412be8       0x38 src/task_quinticInterface.o
                0x00412be8                task_quintic_stopGetAccelData
 .text.DisconnectImus
                0x00412c20       0x50 src/task_quinticInterface.o
                0x00412c20                DisconnectImus
 .text.sysclk_init
                0x00412c70       0x64 src/ASF/common/services/clock/sam4s/sysclk.o
                0x00412c70                sysclk_init
 .text.board_init
                0x00412cd4       0x68 src/ASF/sam/boards/sam4s_xplained_pro/init.o
                0x00412cd4                board_init
 .text.pio_set_debounce_filter
                0x00412d3c       0x1c src/ASF/sam/drivers/pio/pio.o
                0x00412d3c                pio_set_debounce_filter
 .text.pio_set_peripheral
                0x00412d58       0x90 src/ASF/sam/drivers/pio/pio.o
                0x00412d58                pio_set_peripheral
 .text.pio_set_input
                0x00412de8       0x30 src/ASF/sam/drivers/pio/pio.o
                0x00412de8                pio_set_input
 .text.pio_configure_interrupt
                0x00412e18       0x28 src/ASF/sam/drivers/pio/pio.o
                0x00412e18                pio_configure_interrupt
 .text.pio_enable_interrupt
                0x00412e40        0x8 src/ASF/sam/drivers/pio/pio.o
                0x00412e40                pio_enable_interrupt
 .text.pio_disable_interrupt
                0x00412e48        0x4 src/ASF/sam/drivers/pio/pio.o
                0x00412e48                pio_disable_interrupt
 .text.pio_get_interrupt_status
                0x00412e4c        0x4 src/ASF/sam/drivers/pio/pio.o
                0x00412e4c                pio_get_interrupt_status
 .text.pio_get_interrupt_mask
                0x00412e50        0x4 src/ASF/sam/drivers/pio/pio.o
                0x00412e50                pio_get_interrupt_mask
 .text.pio_set_pin_high
                0x00412e54       0x1c src/ASF/sam/drivers/pio/pio.o
                0x00412e54                pio_set_pin_high
 .text.pio_set_pin_low
                0x00412e70       0x1c src/ASF/sam/drivers/pio/pio.o
                0x00412e70                pio_set_pin_low
 .text.pio_toggle_pin
                0x00412e8c       0x24 src/ASF/sam/drivers/pio/pio.o
                0x00412e8c                pio_toggle_pin
 .text.pio_configure_pin
                0x00412eb0       0xb8 src/ASF/sam/drivers/pio/pio.o
                0x00412eb0                pio_configure_pin
 .text.pio_configure_pin_group
                0x00412f68       0x8c src/ASF/sam/drivers/pio/pio.o
                0x00412f68                pio_configure_pin_group
 .text.pio_get_pin_group
                0x00412ff4       0x10 src/ASF/sam/drivers/pio/pio.o
                0x00412ff4                pio_get_pin_group
 .text.pio_get_pin_group_id
                0x00413004        0x8 src/ASF/sam/drivers/pio/pio.o
                0x00413004                pio_get_pin_group_id
 .text.pio_get_pin_group_mask
                0x0041300c        0xc src/ASF/sam/drivers/pio/pio.o
                0x0041300c                pio_get_pin_group_mask
 .text.pio_handler_process
                0x00413018       0x78 src/ASF/sam/drivers/pio/pio_handler.o
                0x00413018                pio_handler_process
 .text.pio_handler_set
                0x00413090       0x50 src/ASF/sam/drivers/pio/pio_handler.o
                0x00413090                pio_handler_set
 .text.PIOA_Handler
                0x004130e0       0x14 src/ASF/sam/drivers/pio/pio_handler.o
                0x004130e0                PIOA_Handler
 .text.PIOB_Handler
                0x004130f4       0x14 src/ASF/sam/drivers/pio/pio_handler.o
                0x004130f4                PIOB_Handler
 .text.pmc_switch_mck_to_pllack
                0x00413108       0x58 src/ASF/sam/drivers/pmc/pmc.o
                0x00413108                pmc_switch_mck_to_pllack
 .text.pmc_switch_sclk_to_32kxtal
                0x00413160       0x24 src/ASF/sam/drivers/pmc/pmc.o
                0x00413160                pmc_switch_sclk_to_32kxtal
 .text.pmc_osc_is_ready_32kxtal
                0x00413184       0x1c src/ASF/sam/drivers/pmc/pmc.o
                0x00413184                pmc_osc_is_ready_32kxtal
 .text.pmc_switch_mainck_to_xtal
                0x004131a0       0x54 src/ASF/sam/drivers/pmc/pmc.o
                0x004131a0                pmc_switch_mainck_to_xtal
 .text.pmc_osc_is_ready_mainck
                0x004131f4       0x10 src/ASF/sam/drivers/pmc/pmc.o
                0x004131f4                pmc_osc_is_ready_mainck
 .text.pmc_disable_pllack
                0x00413204       0x10 src/ASF/sam/drivers/pmc/pmc.o
                0x00413204                pmc_disable_pllack
 .text.pmc_is_locked_pllack
                0x00413214       0x10 src/ASF/sam/drivers/pmc/pmc.o
                0x00413214                pmc_is_locked_pllack
 .text.pmc_enable_periph_clk
                0x00413224       0x44 src/ASF/sam/drivers/pmc/pmc.o
                0x00413224                pmc_enable_periph_clk
 .text.wdt_get_timeout_value
                0x00413268       0x28 src/ASF/sam/drivers/wdt/wdt.o
                0x00413268                wdt_get_timeout_value
 .text.wdt_init
                0x00413290       0x20 src/ASF/sam/drivers/wdt/wdt.o
                0x00413290                wdt_init
 .text.wdt_restart
                0x004132b0       0x14 src/ASF/sam/drivers/wdt/wdt.o
                0x004132b0                wdt_restart
 .text.wdt_get_status
                0x004132c4        0x4 src/ASF/sam/drivers/wdt/wdt.o
                0x004132c4                wdt_get_status
 .text.Dummy_Handler
                0x004132c8        0x4 src/ASF/sam/utils/cmsis/sam4s/source/templates/gcc/startup_sam4s.o
                0x004132c8                DACC_Handler
                0x004132c8                DebugMon_Handler
                0x004132c8                TC2_Handler
                0x004132c8                SPI_Handler
                0x004132c8                NMI_Handler
                0x004132c8                ADC_Handler
                0x004132c8                CRCCU_Handler
                0x004132c8                RTT_Handler
                0x004132c8                RTC_Handler
                0x004132c8                TC1_Handler
                0x004132c8                HSMCI_Handler
                0x004132c8                Dummy_Handler
                0x004132c8                SSC_Handler
                0x004132c8                EFC0_Handler
                0x004132c8                ACC_Handler
                0x004132c8                PMC_Handler
                0x004132c8                PWM_Handler
                0x004132c8                SUPC_Handler
                0x004132c8                UDP_Handler
                0x004132c8                RSTC_Handler
                0x004132c8                TC0_Handler
 .text.Reset_Handler
                0x004132cc       0x98 src/ASF/sam/utils/cmsis/sam4s/source/templates/gcc/startup_sam4s.o
                0x004132cc                Reset_Handler
 .text.SystemCoreClockUpdate
                0x00413364       0xe8 src/ASF/sam/utils/cmsis/sam4s/source/templates/system_sam4s.o
                0x00413364                SystemCoreClockUpdate
 .text.system_init_flash
                0x0041344c       0x60 src/ASF/sam/utils/cmsis/sam4s/source/templates/system_sam4s.o
                0x0041344c                system_init_flash
 .text._sbrk    0x004134ac       0x2c src/ASF/sam/utils/syscalls/gcc/syscalls.o
                0x004134ac                _sbrk
 .text._close   0x004134d8        0x8 src/ASF/sam/utils/syscalls/gcc/syscalls.o
                0x004134d8                _close
 .text._fstat   0x004134e0        0xc src/ASF/sam/utils/syscalls/gcc/syscalls.o
                0x004134e0                _fstat
 .text._isatty  0x004134ec        0x4 src/ASF/sam/utils/syscalls/gcc/syscalls.o
                0x004134ec                _isatty
 .text._lseek   0x004134f0        0x4 src/ASF/sam/utils/syscalls/gcc/syscalls.o
                0x004134f0                _lseek
 .text.HardFault_Handler
                0x004134f4        0x4 src/main.o
                0x004134f4                HardFault_Handler
 .text.MemManage_Handler
                0x004134f8        0x4 src/main.o
                0x004134f8                MemManage_Handler
 .text.BusFault_Handler
                0x004134fc        0x4 src/main.o
                0x004134fc                BusFault_Handler
 .text.UsageFault_Handler
                0x00413500        0x4 src/main.o
                0x00413500                UsageFault_Handler
 .text.SysTick_Handler
                0x00413504       0x18 src/main.o
                0x00413504                SysTick_Handler
 .text.startup.main
                0x0041351c       0x70 src/main.o
                0x0041351c                main
 .text          0x0041358c       0x2c c:/program files (x86)/atmel/atmel toolchain/arm gcc/native/4.8.1443/arm-gnu-toolchain/bin/../lib/gcc/arm-none-eabi/4.8.4/armv7e-m\libgcc.a(_aeabi_uldivmod.o)
                0x0041358c                __aeabi_uldivmod
 .text          0x004135b8       0x60 c:/program files (x86)/atmel/atmel toolchain/arm gcc/native/4.8.1443/arm-gnu-toolchain/bin/../lib/gcc/arm-none-eabi/4.8.4/armv7e-m\libgcc.a(bpabi.o)
                0x004135b8                __gnu_ldivmod_helper
                0x004135e8                __gnu_uldivmod_helper
 .text          0x00413618        0x4 c:/program files (x86)/atmel/atmel toolchain/arm gcc/native/4.8.1443/arm-gnu-toolchain/bin/../lib/gcc/arm-none-eabi/4.8.4/armv7e-m\libgcc.a(_dvmd_tls.o)
                0x00413618                __aeabi_idiv0
                0x00413618                __aeabi_ldiv0
 .text          0x0041361c      0x298 c:/program files (x86)/atmel/atmel toolchain/arm gcc/native/4.8.1443/arm-gnu-toolchain/bin/../lib/gcc/arm-none-eabi/4.8.4/armv7e-m\libgcc.a(_divdi3.o)
                0x0041361c                __divdi3
 .text          0x004138b4      0x284 c:/program files (x86)/atmel/atmel toolchain/arm gcc/native/4.8.1443/arm-gnu-toolchain/bin/../lib/gcc/arm-none-eabi/4.8.4/armv7e-m\libgcc.a(_udivdi3.o)
                0x004138b4                __udivdi3
 .text.__libc_init_array
                0x00413b38       0x50 c:/program files (x86)/atmel/atmel toolchain/arm gcc/native/4.8.1443/arm-gnu-toolchain/bin/../lib/gcc/arm-none-eabi/4.8.4/../../../../arm-none-eabi/lib/armv7e-m\libc.a(lib_a-init.o)
                0x00413b38                __libc_init_array
 .text.iprintf  0x00413b88       0x28 c:/program files (x86)/atmel/atmel toolchain/arm gcc/native/4.8.1443/arm-gnu-toolchain/bin/../lib/gcc/arm-none-eabi/4.8.4/../../../../arm-none-eabi/lib/armv7e-m\libc.a(lib_a-iprintf.o)
                0x00413b88                iprintf
 .text.malloc   0x00413bb0       0x10 c:/program files (x86)/atmel/atmel toolchain/arm gcc/native/4.8.1443/arm-gnu-toolchain/bin/../lib/gcc/arm-none-eabi/4.8.4/../../../../arm-none-eabi/lib/armv7e-m\libc.a(lib_a-malloc.o)
                0x00413bb0                malloc
 .text.free     0x00413bc0       0x10 c:/program files (x86)/atmel/atmel toolchain/arm gcc/native/4.8.1443/arm-gnu-toolchain/bin/../lib/gcc/arm-none-eabi/4.8.4/../../../../arm-none-eabi/lib/armv7e-m\libc.a(lib_a-malloc.o)
                0x00413bc0                free
 .text._malloc_r
                0x00413bd0      0x538 c:/program files (x86)/atmel/atmel toolchain/arm gcc/native/4.8.1443/arm-gnu-toolchain/bin/../lib/gcc/arm-none-eabi/4.8.4/../../../../arm-none-eabi/lib/armv7e-m\libc.a(lib_a-mallocr.o)
                0x00413bd0                _malloc_r
 .text          0x00414108      0x134 c:/program files (x86)/atmel/atmel toolchain/arm gcc/native/4.8.1443/arm-gnu-toolchain/bin/../lib/gcc/arm-none-eabi/4.8.4/../../../../arm-none-eabi/lib/armv7e-m\libc.a(lib_a-memcpy.o)
                0x00414108                memcpy
 .text.memset   0x0041423c       0x94 c:/program files (x86)/atmel/atmel toolchain/arm gcc/native/4.8.1443/arm-gnu-toolchain/bin/../lib/gcc/arm-none-eabi/4.8.4/../../../../arm-none-eabi/lib/armv7e-m\libc.a(lib_a-memset.o)
                0x0041423c                memset
 .text.__malloc_lock
                0x004142d0        0x4 c:/program files (x86)/atmel/atmel toolchain/arm gcc/native/4.8.1443/arm-gnu-toolchain/bin/../lib/gcc/arm-none-eabi/4.8.4/../../../../arm-none-eabi/lib/armv7e-m\libc.a(lib_a-mlock.o)
                0x004142d0                __malloc_lock
 .text.__malloc_unlock
                0x004142d4        0x4 c:/program files (x86)/atmel/atmel toolchain/arm gcc/native/4.8.1443/arm-gnu-toolchain/bin/../lib/gcc/arm-none-eabi/4.8.4/../../../../arm-none-eabi/lib/armv7e-m\libc.a(lib_a-mlock.o)
                0x004142d4                __malloc_unlock
 .text._sbrk_r  0x004142d8       0x24 c:/program files (x86)/atmel/atmel toolchain/arm gcc/native/4.8.1443/arm-gnu-toolchain/bin/../lib/gcc/arm-none-eabi/4.8.4/../../../../arm-none-eabi/lib/armv7e-m\libc.a(lib_a-sbrkr.o)
                0x004142d8                _sbrk_r
 .text.setbuf   0x004142fc       0x10 c:/program files (x86)/atmel/atmel toolchain/arm gcc/native/4.8.1443/arm-gnu-toolchain/bin/../lib/gcc/arm-none-eabi/4.8.4/../../../../arm-none-eabi/lib/armv7e-m\libc.a(lib_a-setbuf.o)
                0x004142fc                setbuf
 .text.setvbuf  0x0041430c      0x100 c:/program files (x86)/atmel/atmel toolchain/arm gcc/native/4.8.1443/arm-gnu-toolchain/bin/../lib/gcc/arm-none-eabi/4.8.4/../../../../arm-none-eabi/lib/armv7e-m\libc.a(lib_a-setvbuf.o)
                0x0041430c                setvbuf
 .text.snprintf
                0x0041440c       0x68 c:/program files (x86)/atmel/atmel toolchain/arm gcc/native/4.8.1443/arm-gnu-toolchain/bin/../lib/gcc/arm-none-eabi/4.8.4/../../../../arm-none-eabi/lib/armv7e-m\libc.a(lib_a-snprintf.o)
                0x0041440c                snprintf
 .text.sprintf  0x00414474       0x4c c:/program files (x86)/atmel/atmel toolchain/arm gcc/native/4.8.1443/arm-gnu-toolchain/bin/../lib/gcc/arm-none-eabi/4.8.4/../../../../arm-none-eabi/lib/armv7e-m\libc.a(lib_a-sprintf.o)
                0x00414474                sprintf
 .text.sscanf   0x004144c0       0x58 c:/program files (x86)/atmel/atmel toolchain/arm gcc/native/4.8.1443/arm-gnu-toolchain/bin/../lib/gcc/arm-none-eabi/4.8.4/../../../../arm-none-eabi/lib/armv7e-m\libc.a(lib_a-sscanf.o)
                0x004144c0                sscanf
 .text.__sread  0x00414518       0x24 c:/program files (x86)/atmel/atmel toolchain/arm gcc/native/4.8.1443/arm-gnu-toolchain/bin/../lib/gcc/arm-none-eabi/4.8.4/../../../../arm-none-eabi/lib/armv7e-m\libc.a(lib_a-stdio.o)
                0x00414518                __sread
 .text.__seofread
                0x0041453c        0x4 c:/program files (x86)/atmel/atmel toolchain/arm gcc/native/4.8.1443/arm-gnu-toolchain/bin/../lib/gcc/arm-none-eabi/4.8.4/../../../../arm-none-eabi/lib/armv7e-m\libc.a(lib_a-stdio.o)
                0x0041453c                __seofread
 .text.__swrite
                0x00414540       0x38 c:/program files (x86)/atmel/atmel toolchain/arm gcc/native/4.8.1443/arm-gnu-toolchain/bin/../lib/gcc/arm-none-eabi/4.8.4/../../../../arm-none-eabi/lib/armv7e-m\libc.a(lib_a-stdio.o)
                0x00414540                __swrite
 .text.__sseek  0x00414578       0x20 c:/program files (x86)/atmel/atmel toolchain/arm gcc/native/4.8.1443/arm-gnu-toolchain/bin/../lib/gcc/arm-none-eabi/4.8.4/../../../../arm-none-eabi/lib/armv7e-m\libc.a(lib_a-stdio.o)
                0x00414578                __sseek
 .text.__sclose
                0x00414598        0x8 c:/program files (x86)/atmel/atmel toolchain/arm gcc/native/4.8.1443/arm-gnu-toolchain/bin/../lib/gcc/arm-none-eabi/4.8.4/../../../../arm-none-eabi/lib/armv7e-m\libc.a(lib_a-stdio.o)
                0x00414598                __sclose
 .text.strcat   0x004145a0       0x4c c:/program files (x86)/atmel/atmel toolchain/arm gcc/native/4.8.1443/arm-gnu-toolchain/bin/../lib/gcc/arm-none-eabi/4.8.4/../../../../arm-none-eabi/lib/armv7e-m\libc.a(lib_a-strcat.o)
                0x004145a0                strcat
 .text          0x004145ec      0x21c c:/program files (x86)/atmel/atmel toolchain/arm gcc/native/4.8.1443/arm-gnu-toolchain/bin/../lib/gcc/arm-none-eabi/4.8.4/../../../../arm-none-eabi/lib/armv7e-m\libc.a(lib_a-strcmp.o)
                0x004145ec                strcmp
 .text.strcpy   0x00414808       0xbc c:/program files (x86)/atmel/atmel toolchain/arm gcc/native/4.8.1443/arm-gnu-toolchain/bin/../lib/gcc/arm-none-eabi/4.8.4/../../../../arm-none-eabi/lib/armv7e-m\libc.a(lib_a-strcpy.o)
                0x00414808                strcpy
 .text.strlen   0x004148c4       0x60 c:/program files (x86)/atmel/atmel toolchain/arm gcc/native/4.8.1443/arm-gnu-toolchain/bin/../lib/gcc/arm-none-eabi/4.8.4/../../../../arm-none-eabi/lib/armv7e-m\libc.a(lib_a-strlen.o)
                0x004148c4                strlen
 .text.strncat  0x00414924       0x64 c:/program files (x86)/atmel/atmel toolchain/arm gcc/native/4.8.1443/arm-gnu-toolchain/bin/../lib/gcc/arm-none-eabi/4.8.4/../../../../arm-none-eabi/lib/armv7e-m\libc.a(lib_a-strncat.o)
                0x00414924                strncat
 .text.strncmp  0x00414988       0xb4 c:/program files (x86)/atmel/atmel toolchain/arm gcc/native/4.8.1443/arm-gnu-toolchain/bin/../lib/gcc/arm-none-eabi/4.8.4/../../../../arm-none-eabi/lib/armv7e-m\libc.a(lib_a-strncmp.o)
                0x00414988                strncmp
 .text.strncpy  0x00414a3c       0x64 c:/program files (x86)/atmel/atmel toolchain/arm gcc/native/4.8.1443/arm-gnu-toolchain/bin/../lib/gcc/arm-none-eabi/4.8.4/../../../../arm-none-eabi/lib/armv7e-m\libc.a(lib_a-strncpy.o)
                0x00414a3c                strncpy
 .text._svfprintf_r
                0x00414aa0     0x14f8 c:/program files (x86)/atmel/atmel toolchain/arm gcc/native/4.8.1443/arm-gnu-toolchain/bin/../lib/gcc/arm-none-eabi/4.8.4/../../../../arm-none-eabi/lib/armv7e-m\libc.a(lib_a-svfprintf.o)
                0x00414aa0                _svfprintf_r
 .text.__ssvfscanf_r
                0x00415f98      0xe7c c:/program files (x86)/atmel/atmel toolchain/arm gcc/native/4.8.1443/arm-gnu-toolchain/bin/../lib/gcc/arm-none-eabi/4.8.4/../../../../arm-none-eabi/lib/armv7e-m\libc.a(lib_a-svfscanf.o)
                0x00415f98                __ssvfscanf_r
 .text.__sprint_r.part.0
                0x00416e14       0x78 c:/program files (x86)/atmel/atmel toolchain/arm gcc/native/4.8.1443/arm-gnu-toolchain/bin/../lib/gcc/arm-none-eabi/4.8.4/../../../../arm-none-eabi/lib/armv7e-m\libc.a(lib_a-vfiprintf.o)
 .text._vfiprintf_r
                0x00416e8c      0xc54 c:/program files (x86)/atmel/atmel toolchain/arm gcc/native/4.8.1443/arm-gnu-toolchain/bin/../lib/gcc/arm-none-eabi/4.8.4/../../../../arm-none-eabi/lib/armv7e-m\libc.a(lib_a-vfiprintf.o)
                0x00416e8c                _vfiprintf_r
 .text.__sbprintf
                0x00417ae0       0x78 c:/program files (x86)/atmel/atmel toolchain/arm gcc/native/4.8.1443/arm-gnu-toolchain/bin/../lib/gcc/arm-none-eabi/4.8.4/../../../../arm-none-eabi/lib/armv7e-m\libc.a(lib_a-vfiprintf.o)
 .text._write_r
                0x00417b58       0x28 c:/program files (x86)/atmel/atmel toolchain/arm gcc/native/4.8.1443/arm-gnu-toolchain/bin/../lib/gcc/arm-none-eabi/4.8.4/../../../../arm-none-eabi/lib/armv7e-m\libc.a(lib_a-writer.o)
                0x00417b58                _write_r
 .text.__swsetup_r
                0x00417b80       0xc4 c:/program files (x86)/atmel/atmel toolchain/arm gcc/native/4.8.1443/arm-gnu-toolchain/bin/../lib/gcc/arm-none-eabi/4.8.4/../../../../arm-none-eabi/lib/armv7e-m\libc.a(lib_a-wsetup.o)
                0x00417b80                __swsetup_r
 .text.startup.register_fini
                0x00417c44       0x14 c:/program files (x86)/atmel/atmel toolchain/arm gcc/native/4.8.1443/arm-gnu-toolchain/bin/../lib/gcc/arm-none-eabi/4.8.4/../../../../arm-none-eabi/lib/armv7e-m\libc.a(lib_a-__call_atexit.o)
 .text.atexit   0x00417c58        0xc c:/program files (x86)/atmel/atmel toolchain/arm gcc/native/4.8.1443/arm-gnu-toolchain/bin/../lib/gcc/arm-none-eabi/4.8.4/../../../../arm-none-eabi/lib/armv7e-m\libc.a(lib_a-atexit.o)
                0x00417c58                atexit
 .text._close_r
                0x00417c64       0x24 c:/program files (x86)/atmel/atmel toolchain/arm gcc/native/4.8.1443/arm-gnu-toolchain/bin/../lib/gcc/arm-none-eabi/4.8.4/../../../../arm-none-eabi/lib/armv7e-m\libc.a(lib_a-closer.o)
                0x00417c64                _close_r
 .text.quorem   0x00417c88      0x130 c:/program files (x86)/atmel/atmel toolchain/arm gcc/native/4.8.1443/arm-gnu-toolchain/bin/../lib/gcc/arm-none-eabi/4.8.4/../../../../arm-none-eabi/lib/armv7e-m\libc.a(lib_a-dtoa.o)
 .text._dtoa_r  0x00417db8      0xe38 c:/program files (x86)/atmel/atmel toolchain/arm gcc/native/4.8.1443/arm-gnu-toolchain/bin/../lib/gcc/arm-none-eabi/4.8.4/../../../../arm-none-eabi/lib/armv7e-m\libc.a(lib_a-dtoa.o)
                0x00417db8                _dtoa_r
 .text.__sflush_r
                0x00418bf0      0x154 c:/program files (x86)/atmel/atmel toolchain/arm gcc/native/4.8.1443/arm-gnu-toolchain/bin/../lib/gcc/arm-none-eabi/4.8.4/../../../../arm-none-eabi/lib/armv7e-m\libc.a(lib_a-fflush.o)
                0x00418bf0                __sflush_r
 .text._fflush_r
                0x00418d44       0x2c c:/program files (x86)/atmel/atmel toolchain/arm gcc/native/4.8.1443/arm-gnu-toolchain/bin/../lib/gcc/arm-none-eabi/4.8.4/../../../../arm-none-eabi/lib/armv7e-m\libc.a(lib_a-fflush.o)
                0x00418d44                _fflush_r
 .text._cleanup_r
                0x00418d70        0xc c:/program files (x86)/atmel/atmel toolchain/arm gcc/native/4.8.1443/arm-gnu-toolchain/bin/../lib/gcc/arm-none-eabi/4.8.4/../../../../arm-none-eabi/lib/armv7e-m\libc.a(lib_a-findfp.o)
                0x00418d70                _cleanup_r
 .text.__sinit  0x00418d7c       0xf4 c:/program files (x86)/atmel/atmel toolchain/arm gcc/native/4.8.1443/arm-gnu-toolchain/bin/../lib/gcc/arm-none-eabi/4.8.4/../../../../arm-none-eabi/lib/armv7e-m\libc.a(lib_a-findfp.o)
                0x00418d7c                __sinit
 .text.__sfp_lock_acquire
                0x00418e70        0x4 c:/program files (x86)/atmel/atmel toolchain/arm gcc/native/4.8.1443/arm-gnu-toolchain/bin/../lib/gcc/arm-none-eabi/4.8.4/../../../../arm-none-eabi/lib/armv7e-m\libc.a(lib_a-findfp.o)
                0x00418e70                __sfp_lock_acquire
 .text.__sfp_lock_release
                0x00418e74        0x4 c:/program files (x86)/atmel/atmel toolchain/arm gcc/native/4.8.1443/arm-gnu-toolchain/bin/../lib/gcc/arm-none-eabi/4.8.4/../../../../arm-none-eabi/lib/armv7e-m\libc.a(lib_a-findfp.o)
                0x00418e74                __sfp_lock_release
 .text.__libc_fini_array
                0x00418e78       0x30 c:/program files (x86)/atmel/atmel toolchain/arm gcc/native/4.8.1443/arm-gnu-toolchain/bin/../lib/gcc/arm-none-eabi/4.8.4/../../../../arm-none-eabi/lib/armv7e-m\libc.a(lib_a-fini.o)
                0x00418e78                __libc_fini_array
 .text._fputwc_r
                0x00418ea8       0xbc c:/program files (x86)/atmel/atmel toolchain/arm gcc/native/4.8.1443/arm-gnu-toolchain/bin/../lib/gcc/arm-none-eabi/4.8.4/../../../../arm-none-eabi/lib/armv7e-m\libc.a(lib_a-fputwc.o)
                0x00418ea8                _fputwc_r
 .text._malloc_trim_r
                0x00418f64       0x9c c:/program files (x86)/atmel/atmel toolchain/arm gcc/native/4.8.1443/arm-gnu-toolchain/bin/../lib/gcc/arm-none-eabi/4.8.4/../../../../arm-none-eabi/lib/armv7e-m\libc.a(lib_a-freer.o)
                0x00418f64                _malloc_trim_r
 .text._free_r  0x00419000      0x19c c:/program files (x86)/atmel/atmel toolchain/arm gcc/native/4.8.1443/arm-gnu-toolchain/bin/../lib/gcc/arm-none-eabi/4.8.4/../../../../arm-none-eabi/lib/armv7e-m\libc.a(lib_a-freer.o)
                0x00419000                _free_r
 .text.__sfvwrite_r
                0x0041919c      0x318 c:/program files (x86)/atmel/atmel toolchain/arm gcc/native/4.8.1443/arm-gnu-toolchain/bin/../lib/gcc/arm-none-eabi/4.8.4/../../../../arm-none-eabi/lib/armv7e-m\libc.a(lib_a-fvwrite.o)
                0x0041919c                __sfvwrite_r
 .text._fwalk   0x004194b4       0x4c c:/program files (x86)/atmel/atmel toolchain/arm gcc/native/4.8.1443/arm-gnu-toolchain/bin/../lib/gcc/arm-none-eabi/4.8.4/../../../../arm-none-eabi/lib/armv7e-m\libc.a(lib_a-fwalk.o)
                0x004194b4                _fwalk
 .text.iswspace
                0x00419500       0x1c c:/program files (x86)/atmel/atmel toolchain/arm gcc/native/4.8.1443/arm-gnu-toolchain/bin/../lib/gcc/arm-none-eabi/4.8.4/../../../../arm-none-eabi/lib/armv7e-m\libc.a(lib_a-iswspace.o)
                0x00419500                iswspace
 .text.__locale_charset
                0x0041951c        0x8 c:/program files (x86)/atmel/atmel toolchain/arm gcc/native/4.8.1443/arm-gnu-toolchain/bin/../lib/gcc/arm-none-eabi/4.8.4/../../../../arm-none-eabi/lib/armv7e-m\libc.a(lib_a-locale.o)
                0x0041951c                __locale_charset
 .text.__locale_mb_cur_max
                0x00419524        0xc c:/program files (x86)/atmel/atmel toolchain/arm gcc/native/4.8.1443/arm-gnu-toolchain/bin/../lib/gcc/arm-none-eabi/4.8.4/../../../../arm-none-eabi/lib/armv7e-m\libc.a(lib_a-locale.o)
                0x00419524                __locale_mb_cur_max
 .text._localeconv_r
                0x00419530        0x8 c:/program files (x86)/atmel/atmel toolchain/arm gcc/native/4.8.1443/arm-gnu-toolchain/bin/../lib/gcc/arm-none-eabi/4.8.4/../../../../arm-none-eabi/lib/armv7e-m\libc.a(lib_a-locale.o)
                0x00419530                _localeconv_r
 .text._lseek_r
                0x00419538       0x28 c:/program files (x86)/atmel/atmel toolchain/arm gcc/native/4.8.1443/arm-gnu-toolchain/bin/../lib/gcc/arm-none-eabi/4.8.4/../../../../arm-none-eabi/lib/armv7e-m\libc.a(lib_a-lseekr.o)
                0x00419538                _lseek_r
 .text.__smakebuf_r
                0x00419560       0xe0 c:/program files (x86)/atmel/atmel toolchain/arm gcc/native/4.8.1443/arm-gnu-toolchain/bin/../lib/gcc/arm-none-eabi/4.8.4/../../../../arm-none-eabi/lib/armv7e-m\libc.a(lib_a-makebuf.o)
                0x00419560                __smakebuf_r
 .text._mbrtowc_r
                0x00419640       0x5c c:/program files (x86)/atmel/atmel toolchain/arm gcc/native/4.8.1443/arm-gnu-toolchain/bin/../lib/gcc/arm-none-eabi/4.8.4/../../../../arm-none-eabi/lib/armv7e-m\libc.a(lib_a-mbrtowc.o)
                0x00419640                _mbrtowc_r
 .text.__ascii_mbtowc
                0x0041969c       0x2c c:/program files (x86)/atmel/atmel toolchain/arm gcc/native/4.8.1443/arm-gnu-toolchain/bin/../lib/gcc/arm-none-eabi/4.8.4/../../../../arm-none-eabi/lib/armv7e-m\libc.a(lib_a-mbtowc_r.o)
                0x0041969c                __ascii_mbtowc
 .text.memchr   0x004196c8       0x90 c:/program files (x86)/atmel/atmel toolchain/arm gcc/native/4.8.1443/arm-gnu-toolchain/bin/../lib/gcc/arm-none-eabi/4.8.4/../../../../arm-none-eabi/lib/armv7e-m\libc.a(lib_a-memchr-stub.o)
                0x004196c8                memchr
 .text.memmove  0x00419758       0xc0 c:/program files (x86)/atmel/atmel toolchain/arm gcc/native/4.8.1443/arm-gnu-toolchain/bin/../lib/gcc/arm-none-eabi/4.8.4/../../../../arm-none-eabi/lib/armv7e-m\libc.a(lib_a-memmove.o)
                0x00419758                memmove
 .text._Balloc  0x00419818       0x4c c:/program files (x86)/atmel/atmel toolchain/arm gcc/native/4.8.1443/arm-gnu-toolchain/bin/../lib/gcc/arm-none-eabi/4.8.4/../../../../arm-none-eabi/lib/armv7e-m\libc.a(lib_a-mprec.o)
                0x00419818                _Balloc
 .text._Bfree   0x00419864       0x14 c:/program files (x86)/atmel/atmel toolchain/arm gcc/native/4.8.1443/arm-gnu-toolchain/bin/../lib/gcc/arm-none-eabi/4.8.4/../../../../arm-none-eabi/lib/armv7e-m\libc.a(lib_a-mprec.o)
                0x00419864                _Bfree
 .text.__multadd
                0x00419878       0x98 c:/program files (x86)/atmel/atmel toolchain/arm gcc/native/4.8.1443/arm-gnu-toolchain/bin/../lib/gcc/arm-none-eabi/4.8.4/../../../../arm-none-eabi/lib/armv7e-m\libc.a(lib_a-mprec.o)
                0x00419878                __multadd
 .text.__s2b    0x00419910       0x98 c:/program files (x86)/atmel/atmel toolchain/arm gcc/native/4.8.1443/arm-gnu-toolchain/bin/../lib/gcc/arm-none-eabi/4.8.4/../../../../arm-none-eabi/lib/armv7e-m\libc.a(lib_a-mprec.o)
                0x00419910                __s2b
 .text.__hi0bits
                0x004199a8       0x40 c:/program files (x86)/atmel/atmel toolchain/arm gcc/native/4.8.1443/arm-gnu-toolchain/bin/../lib/gcc/arm-none-eabi/4.8.4/../../../../arm-none-eabi/lib/armv7e-m\libc.a(lib_a-mprec.o)
                0x004199a8                __hi0bits
 .text.__lo0bits
                0x004199e8       0x5c c:/program files (x86)/atmel/atmel toolchain/arm gcc/native/4.8.1443/arm-gnu-toolchain/bin/../lib/gcc/arm-none-eabi/4.8.4/../../../../arm-none-eabi/lib/armv7e-m\libc.a(lib_a-mprec.o)
                0x004199e8                __lo0bits
 .text.__i2b    0x00419a44       0x14 c:/program files (x86)/atmel/atmel toolchain/arm gcc/native/4.8.1443/arm-gnu-toolchain/bin/../lib/gcc/arm-none-eabi/4.8.4/../../../../arm-none-eabi/lib/armv7e-m\libc.a(lib_a-mprec.o)
                0x00419a44                __i2b
 .text.__multiply
                0x00419a58      0x13c c:/program files (x86)/atmel/atmel toolchain/arm gcc/native/4.8.1443/arm-gnu-toolchain/bin/../lib/gcc/arm-none-eabi/4.8.4/../../../../arm-none-eabi/lib/armv7e-m\libc.a(lib_a-mprec.o)
                0x00419a58                __multiply
 .text.__pow5mult
                0x00419b94       0x9c c:/program files (x86)/atmel/atmel toolchain/arm gcc/native/4.8.1443/arm-gnu-toolchain/bin/../lib/gcc/arm-none-eabi/4.8.4/../../../../arm-none-eabi/lib/armv7e-m\libc.a(lib_a-mprec.o)
                0x00419b94                __pow5mult
 .text.__lshift
                0x00419c30       0xbc c:/program files (x86)/atmel/atmel toolchain/arm gcc/native/4.8.1443/arm-gnu-toolchain/bin/../lib/gcc/arm-none-eabi/4.8.4/../../../../arm-none-eabi/lib/armv7e-m\libc.a(lib_a-mprec.o)
                0x00419c30                __lshift
 .text.__mcmp   0x00419cec       0x48 c:/program files (x86)/atmel/atmel toolchain/arm gcc/native/4.8.1443/arm-gnu-toolchain/bin/../lib/gcc/arm-none-eabi/4.8.4/../../../../arm-none-eabi/lib/armv7e-m\libc.a(lib_a-mprec.o)
                0x00419cec                __mcmp
 .text.__mdiff  0x00419d34       0xd4 c:/program files (x86)/atmel/atmel toolchain/arm gcc/native/4.8.1443/arm-gnu-toolchain/bin/../lib/gcc/arm-none-eabi/4.8.4/../../../../arm-none-eabi/lib/armv7e-m\libc.a(lib_a-mprec.o)
                0x00419d34                __mdiff
 .text.__ulp    0x00419e08       0x40 c:/program files (x86)/atmel/atmel toolchain/arm gcc/native/4.8.1443/arm-gnu-toolchain/bin/../lib/gcc/arm-none-eabi/4.8.4/../../../../arm-none-eabi/lib/armv7e-m\libc.a(lib_a-mprec.o)
                0x00419e08                __ulp
 .text.__b2d    0x00419e48       0xb4 c:/program files (x86)/atmel/atmel toolchain/arm gcc/native/4.8.1443/arm-gnu-toolchain/bin/../lib/gcc/arm-none-eabi/4.8.4/../../../../arm-none-eabi/lib/armv7e-m\libc.a(lib_a-mprec.o)
                0x00419e48                __b2d
 .text.__d2b    0x00419efc       0xbc c:/program files (x86)/atmel/atmel toolchain/arm gcc/native/4.8.1443/arm-gnu-toolchain/bin/../lib/gcc/arm-none-eabi/4.8.4/../../../../arm-none-eabi/lib/armv7e-m\libc.a(lib_a-mprec.o)
                0x00419efc                __d2b
 .text.__ratio  0x00419fb8       0x50 c:/program files (x86)/atmel/atmel toolchain/arm gcc/native/4.8.1443/arm-gnu-toolchain/bin/../lib/gcc/arm-none-eabi/4.8.4/../../../../arm-none-eabi/lib/armv7e-m\libc.a(lib_a-mprec.o)
                0x00419fb8                __ratio
 .text.__copybits
                0x0041a008       0x48 c:/program files (x86)/atmel/atmel toolchain/arm gcc/native/4.8.1443/arm-gnu-toolchain/bin/../lib/gcc/arm-none-eabi/4.8.4/../../../../arm-none-eabi/lib/armv7e-m\libc.a(lib_a-mprec.o)
                0x0041a008                __copybits
 .text.__any_on
                0x0041a050       0x60 c:/program files (x86)/atmel/atmel toolchain/arm gcc/native/4.8.1443/arm-gnu-toolchain/bin/../lib/gcc/arm-none-eabi/4.8.4/../../../../arm-none-eabi/lib/armv7e-m\libc.a(lib_a-mprec.o)
                0x0041a050                __any_on
 .text._read_r  0x0041a0b0       0x28 c:/program files (x86)/atmel/atmel toolchain/arm gcc/native/4.8.1443/arm-gnu-toolchain/bin/../lib/gcc/arm-none-eabi/4.8.4/../../../../arm-none-eabi/lib/armv7e-m\libc.a(lib_a-readr.o)
                0x0041a0b0                _read_r
 .text._realloc_r
                0x0041a0d8      0x3cc c:/program files (x86)/atmel/atmel toolchain/arm gcc/native/4.8.1443/arm-gnu-toolchain/bin/../lib/gcc/arm-none-eabi/4.8.4/../../../../arm-none-eabi/lib/armv7e-m\libc.a(lib_a-reallocr.o)
                0x0041a0d8                _realloc_r
 .text.__fpclassifyd
                0x0041a4a4       0x50 c:/program files (x86)/atmel/atmel toolchain/arm gcc/native/4.8.1443/arm-gnu-toolchain/bin/../lib/gcc/arm-none-eabi/4.8.4/../../../../arm-none-eabi/lib/armv7e-m\libc.a(lib_a-s_fpclassify.o)
                0x0041a4a4                __fpclassifyd
 .text.__sccl   0x0041a4f4       0x70 c:/program files (x86)/atmel/atmel toolchain/arm gcc/native/4.8.1443/arm-gnu-toolchain/bin/../lib/gcc/arm-none-eabi/4.8.4/../../../../arm-none-eabi/lib/armv7e-m\libc.a(lib_a-sccl.o)
                0x0041a4f4                __sccl
 .text.nanf     0x0041a564        0x8 c:/program files (x86)/atmel/atmel toolchain/arm gcc/native/4.8.1443/arm-gnu-toolchain/bin/../lib/gcc/arm-none-eabi/4.8.4/../../../../arm-none-eabi/lib/armv7e-m\libc.a(lib_a-sf_nan.o)
                0x0041a564                nanf
 .text.sulp     0x0041a56c       0x40 c:/program files (x86)/atmel/atmel toolchain/arm gcc/native/4.8.1443/arm-gnu-toolchain/bin/../lib/gcc/arm-none-eabi/4.8.4/../../../../arm-none-eabi/lib/armv7e-m\libc.a(lib_a-strtod.o)
 *fill*         0x0041a5ac        0x4 
 .text._strtod_r
                0x0041a5b0      0xf40 c:/program files (x86)/atmel/atmel toolchain/arm gcc/native/4.8.1443/arm-gnu-toolchain/bin/../lib/gcc/arm-none-eabi/4.8.4/../../../../arm-none-eabi/lib/armv7e-m\libc.a(lib_a-strtod.o)
                0x0041a5b0                _strtod_r
 .text._strtol_r
                0x0041b4f0      0x114 c:/program files (x86)/atmel/atmel toolchain/arm gcc/native/4.8.1443/arm-gnu-toolchain/bin/../lib/gcc/arm-none-eabi/4.8.4/../../../../arm-none-eabi/lib/armv7e-m\libc.a(lib_a-strtol.o)
                0x0041b4f0                _strtol_r
 .text._strtoll_r
                0x0041b604      0x19c c:/program files (x86)/atmel/atmel toolchain/arm gcc/native/4.8.1443/arm-gnu-toolchain/bin/../lib/gcc/arm-none-eabi/4.8.4/../../../../arm-none-eabi/lib/armv7e-m\libc.a(lib_a-strtoll_r.o)
                0x0041b604                _strtoll_r
 .text._strtoul_r
                0x0041b7a0      0x120 c:/program files (x86)/atmel/atmel toolchain/arm gcc/native/4.8.1443/arm-gnu-toolchain/bin/../lib/gcc/arm-none-eabi/4.8.4/../../../../arm-none-eabi/lib/armv7e-m\libc.a(lib_a-strtoul.o)
                0x0041b7a0                _strtoul_r
 .text._strtoull_r
                0x0041b8c0      0x190 c:/program files (x86)/atmel/atmel toolchain/arm gcc/native/4.8.1443/arm-gnu-toolchain/bin/../lib/gcc/arm-none-eabi/4.8.4/../../../../arm-none-eabi/lib/armv7e-m\libc.a(lib_a-strtoull_r.o)
                0x0041b8c0                _strtoull_r
 .text.__ssprint_r
                0x0041ba50      0x100 c:/program files (x86)/atmel/atmel toolchain/arm gcc/native/4.8.1443/arm-gnu-toolchain/bin/../lib/gcc/arm-none-eabi/4.8.4/../../../../arm-none-eabi/lib/armv7e-m\libc.a(lib_a-svfiprintf.o)
                0x0041ba50                __ssprint_r
 .text._sungetc_r
                0x0041bb50       0x80 c:/program files (x86)/atmel/atmel toolchain/arm gcc/native/4.8.1443/arm-gnu-toolchain/bin/../lib/gcc/arm-none-eabi/4.8.4/../../../../arm-none-eabi/lib/armv7e-m\libc.a(lib_a-svfiscanf.o)
                0x0041bb50                _sungetc_r
 .text.__ssrefill_r
                0x0041bbd0       0x3c c:/program files (x86)/atmel/atmel toolchain/arm gcc/native/4.8.1443/arm-gnu-toolchain/bin/../lib/gcc/arm-none-eabi/4.8.4/../../../../arm-none-eabi/lib/armv7e-m\libc.a(lib_a-svfiscanf.o)
                0x0041bbd0                __ssrefill_r
 .text._sfread_r
                0x0041bc0c       0x80 c:/program files (x86)/atmel/atmel toolchain/arm gcc/native/4.8.1443/arm-gnu-toolchain/bin/../lib/gcc/arm-none-eabi/4.8.4/../../../../arm-none-eabi/lib/armv7e-m\libc.a(lib_a-svfiscanf.o)
                0x0041bc0c                _sfread_r
 .text.__submore
                0x0041bc8c       0x78 c:/program files (x86)/atmel/atmel toolchain/arm gcc/native/4.8.1443/arm-gnu-toolchain/bin/../lib/gcc/arm-none-eabi/4.8.4/../../../../arm-none-eabi/lib/armv7e-m\libc.a(lib_a-ungetc.o)
                0x0041bc8c                __submore
 .text.__swbuf_r
                0x0041bd04       0xa8 c:/program files (x86)/atmel/atmel toolchain/arm gcc/native/4.8.1443/arm-gnu-toolchain/bin/../lib/gcc/arm-none-eabi/4.8.4/../../../../arm-none-eabi/lib/armv7e-m\libc.a(lib_a-wbuf.o)
                0x0041bd04                __swbuf_r
 .text._wcrtomb_r
                0x0041bdac       0x50 c:/program files (x86)/atmel/atmel toolchain/arm gcc/native/4.8.1443/arm-gnu-toolchain/bin/../lib/gcc/arm-none-eabi/4.8.4/../../../../arm-none-eabi/lib/armv7e-m\libc.a(lib_a-wcrtomb.o)
                0x0041bdac                _wcrtomb_r
 .text.__ascii_wctomb
                0x0041bdfc       0x1c c:/program files (x86)/atmel/atmel toolchain/arm gcc/native/4.8.1443/arm-gnu-toolchain/bin/../lib/gcc/arm-none-eabi/4.8.4/../../../../arm-none-eabi/lib/armv7e-m\libc.a(lib_a-wctomb_r.o)
                0x0041bdfc                __ascii_wctomb
 .text.__register_exitproc
                0x0041be18       0xa8 c:/program files (x86)/atmel/atmel toolchain/arm gcc/native/4.8.1443/arm-gnu-toolchain/bin/../lib/gcc/arm-none-eabi/4.8.4/../../../../arm-none-eabi/lib/armv7e-m\libc.a(lib_a-__atexit.o)
                0x0041be18                __register_exitproc
 .text._calloc_r
                0x0041bec0       0x60 c:/program files (x86)/atmel/atmel toolchain/arm gcc/native/4.8.1443/arm-gnu-toolchain/bin/../lib/gcc/arm-none-eabi/4.8.4/../../../../arm-none-eabi/lib/armv7e-m\libc.a(lib_a-callocr.o)
                0x0041bec0                _calloc_r
 .text._fclose_r
                0x0041bf20       0x80 c:/program files (x86)/atmel/atmel toolchain/arm gcc/native/4.8.1443/arm-gnu-toolchain/bin/../lib/gcc/arm-none-eabi/4.8.4/../../../../arm-none-eabi/lib/armv7e-m\libc.a(lib_a-fclose.o)
                0x0041bf20                _fclose_r
 .text.fclose   0x0041bfa0       0x10 c:/program files (x86)/atmel/atmel toolchain/arm gcc/native/4.8.1443/arm-gnu-toolchain/bin/../lib/gcc/arm-none-eabi/4.8.4/../../../../arm-none-eabi/lib/armv7e-m\libc.a(lib_a-fclose.o)
                0x0041bfa0                fclose
 .text._fstat_r
                0x0041bfb0       0x28 c:/program files (x86)/atmel/atmel toolchain/arm gcc/native/4.8.1443/arm-gnu-toolchain/bin/../lib/gcc/arm-none-eabi/4.8.4/../../../../arm-none-eabi/lib/armv7e-m\libc.a(lib_a-fstatr.o)
                0x0041bfb0                _fstat_r
 .text.rshift   0x0041bfd8       0xa0 c:/program files (x86)/atmel/atmel toolchain/arm gcc/native/4.8.1443/arm-gnu-toolchain/bin/../lib/gcc/arm-none-eabi/4.8.4/../../../../arm-none-eabi/lib/armv7e-m\libc.a(lib_a-gdtoa-gethex.o)
 .text.__gethex
                0x0041c078      0x530 c:/program files (x86)/atmel/atmel toolchain/arm gcc/native/4.8.1443/arm-gnu-toolchain/bin/../lib/gcc/arm-none-eabi/4.8.4/../../../../arm-none-eabi/lib/armv7e-m\libc.a(lib_a-gdtoa-gethex.o)
                0x0041c078                __gethex
 .text.__hexnan
                0x0041c5a8      0x194 c:/program files (x86)/atmel/atmel toolchain/arm gcc/native/4.8.1443/arm-gnu-toolchain/bin/../lib/gcc/arm-none-eabi/4.8.4/../../../../arm-none-eabi/lib/armv7e-m\libc.a(lib_a-gdtoa-hexnan.o)
                0x0041c5a8                __hexnan
 .text._isatty_r
                0x0041c73c       0x24 c:/program files (x86)/atmel/atmel toolchain/arm gcc/native/4.8.1443/arm-gnu-toolchain/bin/../lib/gcc/arm-none-eabi/4.8.4/../../../../arm-none-eabi/lib/armv7e-m\libc.a(lib_a-isattyr.o)
                0x0041c73c                _isatty_r
 .text          0x0041c760      0x370 c:/program files (x86)/atmel/atmel toolchain/arm gcc/native/4.8.1443/arm-gnu-toolchain/bin/../lib/gcc/arm-none-eabi/4.8.4/armv7e-m\libgcc.a(_arm_addsubdf3.o)
                0x0041c760                __aeabi_drsub
                0x0041c768                __aeabi_dsub
                0x0041c768                __subdf3
                0x0041c76c                __aeabi_dadd
                0x0041c76c                __adddf3
                0x0041c9e4                __floatunsidf
                0x0041c9e4                __aeabi_ui2d
                0x0041ca04                __floatsidf
                0x0041ca04                __aeabi_i2d
                0x0041ca28                __aeabi_f2d
                0x0041ca28                __extendsfdf2
                0x0041ca64                __floatundidf
                0x0041ca64                __aeabi_ul2d
                0x0041ca74                __floatdidf
                0x0041ca74                __aeabi_l2d
 .text          0x0041cad0      0x424 c:/program files (x86)/atmel/atmel toolchain/arm gcc/native/4.8.1443/arm-gnu-toolchain/bin/../lib/gcc/arm-none-eabi/4.8.4/armv7e-m\libgcc.a(_arm_muldivdf3.o)
                0x0041cad0                __aeabi_dmul
                0x0041cad0                __muldf3
                0x0041cd24                __divdf3
                0x0041cd24                __aeabi_ddiv
 .text          0x0041cef4      0x110 c:/program files (x86)/atmel/atmel toolchain/arm gcc/native/4.8.1443/arm-gnu-toolchain/bin/../lib/gcc/arm-none-eabi/4.8.4/armv7e-m\libgcc.a(_arm_cmpdf2.o)
                0x0041cef4                __gtdf2
                0x0041cef4                __gedf2
                0x0041cefc                __ltdf2
                0x0041cefc                __ledf2
                0x0041cf04                __nedf2
                0x0041cf04                __eqdf2
                0x0041cf04                __cmpdf2
                0x0041cf80                __aeabi_cdrcmple
                0x0041cf90                __aeabi_cdcmpeq
                0x0041cf90                __aeabi_cdcmple
                0x0041cfa0                __aeabi_dcmpeq
                0x0041cfb4                __aeabi_dcmplt
                0x0041cfc8                __aeabi_dcmple
                0x0041cfdc                __aeabi_dcmpge
                0x0041cff0                __aeabi_dcmpgt
 .text          0x0041d004       0x50 c:/program files (x86)/atmel/atmel toolchain/arm gcc/native/4.8.1443/arm-gnu-toolchain/bin/../lib/gcc/arm-none-eabi/4.8.4/armv7e-m\libgcc.a(_arm_fixdfsi.o)
                0x0041d004                __aeabi_d2iz
                0x0041d004                __fixdfsi
 .text          0x0041d054       0x40 c:/program files (x86)/atmel/atmel toolchain/arm gcc/native/4.8.1443/arm-gnu-toolchain/bin/../lib/gcc/arm-none-eabi/4.8.4/armv7e-m\libgcc.a(_arm_fixunsdfsi.o)
                0x0041d054                __aeabi_d2uiz
                0x0041d054                __fixunsdfsi
 .text          0x0041d094       0xa0 c:/program files (x86)/atmel/atmel toolchain/arm gcc/native/4.8.1443/arm-gnu-toolchain/bin/../lib/gcc/arm-none-eabi/4.8.4/armv7e-m\libgcc.a(_arm_truncdfsf2.o)
                0x0041d094                __truncdfsf2
                0x0041d094                __aeabi_d2f
 *(.glue_7t)
 .glue_7t       0x00000000        0x0 linker stubs
 *(.glue_7)
 .glue_7        0x00000000        0x0 linker stubs
 *(.rodata .rodata* .gnu.linkonce.r.*)
 .rodata.all_twi_definitions
                0x0041d134       0x20 src/ASF/common/services/freertos/sam/freertos_twi_master.o
 .rodata.str1.4
                0x0041d154        0xa src/drv_led.o
                                  0xc (size before relaxing)
 *fill*         0x0041d15e        0x2 
 .rodata.str1.4
                0x0041d160      0x3fd src/task_commandProc.o
                                0x410 (size before relaxing)
 *fill*         0x0041d55d        0x3 
 .rodata        0x0041d560      0x130 src/task_sdCardWrite.o
 .rodata.str1.4
                0x0041d690      0x331 src/task_sdCardWrite.o
                                0x348 (size before relaxing)
 *fill*         0x0041d9c1        0x3 
 .rodata        0x0041d9c4      0x108 src/task_stateMachine.o
 .rodata.str1.4
                0x0041dacc      0x47d src/task_stateMachine.o
                                0x480 (size before relaxing)
 *fill*         0x0041df49        0x3 
 .rodata.sd_trans_multipliers
                0x0041df4c       0x40 src/ASF/common/components/memory/sd_mmc/sd_mmc.o
                0x0041df4c                sd_trans_multipliers
 .rodata.sd_mmc_trans_units
                0x0041df8c       0x1c src/ASF/common/components/memory/sd_mmc/sd_mmc.o
                0x0041df8c                sd_mmc_trans_units
 .rodata.mmc_trans_multipliers