<!doctype html public "-//w3c//dtd html 4.0 transitional//en">
<html><head>
<title>Static Call Graph - [.\obj\client.axf]</title></head>
<body><HR>
<H1>Static Call Graph for image .\obj\client.axf</H1><HR>
<BR><P>#&#060CALLGRAPH&#062# ARM Linker, 5050041: Last Updated: Wed Oct 07 17:27:49 2015
<BR><P>
<H3>Maximum Stack Usage =        648 bytes + Unknown(Cycles, Untraceable Function Pointers)</H3><H3>
Call chain for Maximum Stack Depth:</H3>
main &rArr; plf_init &rArr; nvds_restore_backup &rArr; nvds_copy &rArr; sector_erase_flash_patch
<P>
<H3>
Mutually Recursive functions
</H3> <LI><a href="#[1]">NMI_Handler</a>&nbsp;&nbsp;&nbsp;&rArr;&nbsp;&nbsp;&nbsp;<a href="#[1]">NMI_Handler</a><BR>
 <LI><a href="#[2]">HardFault_Handler</a>&nbsp;&nbsp;&nbsp;&rArr;&nbsp;&nbsp;&nbsp;<a href="#[2]">HardFault_Handler</a><BR>
 <LI><a href="#[3]">MemManage_Handler</a>&nbsp;&nbsp;&nbsp;&rArr;&nbsp;&nbsp;&nbsp;<a href="#[3]">MemManage_Handler</a><BR>
 <LI><a href="#[4]">BusFault_Handler</a>&nbsp;&nbsp;&nbsp;&rArr;&nbsp;&nbsp;&nbsp;<a href="#[4]">BusFault_Handler</a><BR>
 <LI><a href="#[5]">UsageFault_Handler</a>&nbsp;&nbsp;&nbsp;&rArr;&nbsp;&nbsp;&nbsp;<a href="#[5]">UsageFault_Handler</a><BR>
 <LI><a href="#[6]">SVC_Handler</a>&nbsp;&nbsp;&nbsp;&rArr;&nbsp;&nbsp;&nbsp;<a href="#[6]">SVC_Handler</a><BR>
 <LI><a href="#[7]">DebugMon_Handler</a>&nbsp;&nbsp;&nbsp;&rArr;&nbsp;&nbsp;&nbsp;<a href="#[7]">DebugMon_Handler</a><BR>
 <LI><a href="#[8]">PendSV_Handler</a>&nbsp;&nbsp;&nbsp;&rArr;&nbsp;&nbsp;&nbsp;<a href="#[8]">PendSV_Handler</a><BR>
 <LI><a href="#[9]">SysTick_Handler</a>&nbsp;&nbsp;&nbsp;&rArr;&nbsp;&nbsp;&nbsp;<a href="#[9]">SysTick_Handler</a><BR>
 <LI><a href="#[11]">ADC_IRQHandler</a>&nbsp;&nbsp;&nbsp;&rArr;&nbsp;&nbsp;&nbsp;<a href="#[11]">ADC_IRQHandler</a><BR>
</UL>
<P>
<H3>
Function Pointers
</H3><UL>
 <LI><a href="#[11]">ADC_IRQHandler</a> from startup.o(.text) referenced from startup.o(RESET)
 <LI><a href="#[d]">BLE_IRQHandler</a> from lib.o(i.BLE_IRQHandler) referenced from startup.o(RESET)
 <LI><a href="#[4]">BusFault_Handler</a> from startup.o(.text) referenced from startup.o(RESET)
 <LI><a href="#[23]">CALIB_IRQHandler</a> from startup.o(.text) referenced from startup.o(RESET)
 <LI><a href="#[b]">COMPARATOR0_IRQHandler</a> from startup.o(.text) referenced from startup.o(RESET)
 <LI><a href="#[c]">COMPARATOR1_IRQHandler</a> from startup.o(.text) referenced from startup.o(RESET)
 <LI><a href="#[12]">DMA_IRQHandler</a> from dma.o(i.DMA_IRQHandler) referenced from startup.o(RESET)
 <LI><a href="#[7]">DebugMon_Handler</a> from startup.o(.text) referenced from startup.o(RESET)
 <LI><a href="#[a]">GPIO_IRQHandler</a> from gpio.o(i.GPIO_IRQHandler) referenced from startup.o(RESET)
 <LI><a href="#[2]">HardFault_Handler</a> from startup.o(.text) referenced from startup.o(RESET)
 <LI><a href="#[1b]">I2C_IRQHandler</a> from startup.o(.text) referenced from startup.o(RESET)
 <LI><a href="#[3]">MemManage_Handler</a> from startup.o(.text) referenced from startup.o(RESET)
 <LI><a href="#[1]">NMI_Handler</a> from startup.o(.text) referenced from startup.o(RESET)
 <LI><a href="#[f]">OSC_EN_IRQHandler</a> from sleep.o(i.OSC_EN_IRQHandler) referenced from startup.o(RESET)
 <LI><a href="#[21]">PWM0_IRQHandler</a> from startup.o(.text) referenced from startup.o(RESET)
 <LI><a href="#[22]">PWM1_IRQHandler</a> from startup.o(.text) referenced from startup.o(RESET)
 <LI><a href="#[8]">PendSV_Handler</a> from startup.o(.text) referenced from startup.o(RESET)
 <LI><a href="#[e]">RTC_CAP_IRQHandler</a> from startup.o(.text) referenced from startup.o(RESET)
 <LI><a href="#[10]">RTC_IRQHandler</a> from startup.o(.text) referenced from startup.o(RESET)
 <LI><a href="#[0]">Reset_Handler</a> from startup.o(.text) referenced from startup.o(RESET)
 <LI><a href="#[16]">SPI0_RX_IRQHandler</a> from spi.o(i.SPI0_RX_IRQHandler) referenced from startup.o(RESET)
 <LI><a href="#[15]">SPI0_TX_IRQHandler</a> from spi.o(i.SPI0_TX_IRQHandler) referenced from startup.o(RESET)
 <LI><a href="#[1a]">SPI1_RX_IRQHandler</a> from startup.o(.text) referenced from startup.o(RESET)
 <LI><a href="#[19]">SPI1_TX_IRQHandler</a> from startup.o(.text) referenced from startup.o(RESET)
 <LI><a href="#[6]">SVC_Handler</a> from startup.o(.text) referenced from startup.o(RESET)
 <LI><a href="#[9]">SysTick_Handler</a> from startup.o(.text) referenced from startup.o(RESET)
 <LI><a href="#[1c]">TIMER0_IRQHandler</a> from startup.o(.text) referenced from startup.o(RESET)
 <LI><a href="#[1d]">TIMER1_IRQHandler</a> from timer.o(i.TIMER1_IRQHandler) referenced from startup.o(RESET)
 <LI><a href="#[1e]">TIMER2_IRQHandler</a> from timer.o(i.TIMER2_IRQHandler) referenced from startup.o(RESET)
 <LI><a href="#[1f]">TIMER3_IRQHandler</a> from timer.o(i.TIMER3_IRQHandler) referenced from startup.o(RESET)
 <LI><a href="#[24]">TUNER_RX_IRQHandler</a> from startup.o(.text) referenced from startup.o(RESET)
 <LI><a href="#[26]">TUNER_SETTING_IRQHandler</a> from startup.o(.text) referenced from startup.o(RESET)
 <LI><a href="#[25]">TUNER_TX_IRQHandler</a> from startup.o(.text) referenced from startup.o(RESET)
 <LI><a href="#[14]">UART0_RX_IRQHandler</a> from uart.o(i.UART0_RX_IRQHandler) referenced from startup.o(RESET)
 <LI><a href="#[13]">UART0_TX_IRQHandler</a> from uart.o(i.UART0_TX_IRQHandler) referenced from startup.o(RESET)
 <LI><a href="#[18]">UART1_RX_IRQHandler</a> from startup.o(.text) referenced from startup.o(RESET)
 <LI><a href="#[17]">UART1_TX_IRQHandler</a> from startup.o(.text) referenced from startup.o(RESET)
 <LI><a href="#[5]">UsageFault_Handler</a> from startup.o(.text) referenced from startup.o(RESET)
 <LI><a href="#[20]">WDT_IRQHandler</a> from startup.o(.text) referenced from startup.o(RESET)
 <LI><a href="#[28]">__main</a> from entry.o(.ARM.Collect$$$$00000000) referenced from startup.o(.text)
 <LI><a href="#[4b]">app_gap_adv_req_cmp_evt_handler</a> from app_gap_task.o(i.app_gap_adv_req_cmp_evt_handler) referenced from app_task.o(.constdata)
 <LI><a href="#[5b]">app_gap_bond_req_cmp_ind_handler</a> from app_gap_task.o(i.app_gap_bond_req_cmp_ind_handler) referenced from app_task.o(.constdata)
 <LI><a href="#[5a]">app_gap_bond_req_ind_handler</a> from app_gap_task.o(i.app_gap_bond_req_ind_handler) referenced from app_task.o(.constdata)
 <LI><a href="#[51]">app_gap_cancel_conn_req_cmp_evt_handler</a> from app_gap_task.o(i.app_gap_cancel_conn_req_cmp_evt_handler) referenced from app_task.o(.constdata)
 <LI><a href="#[56]">app_gap_change_param_req_cmp_handler</a> from app_gap_task.o(i.app_gap_change_param_req_cmp_handler) referenced from app_task.o(.constdata)
 <LI><a href="#[4e]">app_gap_dev_inq_cmp_handler</a> from app_gap_task.o(i.app_gap_dev_inq_cmp_handler) referenced from app_task.o(.constdata)
 <LI><a href="#[4f]">app_gap_dev_inq_result_handler</a> from app_gap_task.o(i.app_gap_dev_inq_result_handler) referenced from app_task.o(.constdata)
 <LI><a href="#[59]">app_gap_discon_cmp_evt_handler</a> from app_gap_task.o(i.app_gap_discon_cmp_evt_handler) referenced from app_task.o(.constdata)
 <LI><a href="#[58]">app_gap_le_create_conn_req_cmp_evt_handler</a> from app_gap_task.o(i.app_gap_le_create_conn_req_cmp_evt_handler) referenced from app_task.o(.constdata)
 <LI><a href="#[52]">app_gap_name_req_cmp_handler</a> from app_gap_task.o(i.app_gap_name_req_cmp_handler) referenced from app_task.o(.constdata)
 <LI><a href="#[53]">app_gap_param_update_req_ind_handler</a> from app_gap_task.o(i.app_gap_param_update_req_ind_handler) referenced from app_task.o(.constdata)
 <LI><a href="#[4c]">app_gap_param_update_resp_handler</a> from app_gap_task.o(i.app_gap_param_update_resp_handler) referenced from app_task.o(.constdata)
 <LI><a href="#[48]">app_gap_read_bdaddr_req_cmp_evt_handler</a> from app_gap_task.o(i.app_gap_read_bdaddr_req_cmp_evt_handler) referenced from app_task.o(.constdata)
 <LI><a href="#[47]">app_gap_read_ver_req_cmp_evt_handler</a> from app_gap_task.o(i.app_gap_read_ver_req_cmp_evt_handler) referenced from app_task.o(.constdata)
 <LI><a href="#[49]">app_gap_ready_evt_handler</a> from app_gap_task.o(i.app_gap_ready_evt_handler) referenced from app_task.o(.constdata)
 <LI><a href="#[45]">app_gap_reset_req_cmp_handler</a> from app_gap_task.o(i.app_gap_reset_req_cmp_handler) referenced from app_task.o(.constdata)
 <LI><a href="#[50]">app_gap_scan_req_cmp_evt_handler</a> from app_gap_task.o(i.app_gap_scan_req_cmp_evt_handler) referenced from app_task.o(.constdata)
 <LI><a href="#[4a]">app_gap_set_devname_req_cmp_evt_handler</a> from app_gap_task.o(i.app_gap_set_devname_req_cmp_evt_handler) referenced from app_task.o(.constdata)
 <LI><a href="#[57]">app_gap_set_mode_req_cmp_evt_handler</a> from app_gap_task.o(i.app_gap_set_mode_req_cmp_evt_handler) referenced from app_task.o(.constdata)
 <LI><a href="#[55]">app_gap_set_ph_privacy_req_cmp_handler</a> from app_gap_task.o(i.app_gap_set_ph_privacy_req_cmp_handler) referenced from app_task.o(.constdata)
 <LI><a href="#[4d]">app_gap_set_privacy_req_cmp_handler</a> from app_gap_task.o(i.app_gap_set_privacy_req_cmp_handler) referenced from app_task.o(.constdata)
 <LI><a href="#[5c]">app_gap_set_random_add_req_cmp_handler</a> from app_gap_task.o(i.app_gap_set_random_add_req_cmp_handler) referenced from app_task.o(.constdata)
 <LI><a href="#[54]">app_gap_set_recon_addr_req_cmp_handler</a> from app_gap_task.o(i.app_gap_set_recon_addr_req_cmp_handler) referenced from app_task.o(.constdata)
 <LI><a href="#[46]">app_gap_set_sec_req_cmp_evt_handler</a> from app_gap_task.o(i.app_gap_set_sec_req_cmp_evt_handler) referenced from app_task.o(.constdata)
 <LI><a href="#[6c]">app_gatt_cancel_write_char_resp_handler</a> from app_gatt_task.o(i.app_gatt_cancel_write_char_resp_handler) referenced from app_task.o(.constdata)
 <LI><a href="#[72]">app_gatt_cmp_evt_handler</a> from app_gatt_task.o(i.app_gatt_cmp_evt_handler) referenced from app_task.o(.constdata)
 <LI><a href="#[64]">app_gatt_disc_char_all_128_cmp_evt_handler</a> from app_gatt_task.o(i.app_gatt_disc_char_all_128_cmp_evt_handler) referenced from app_task.o(.constdata)
 <LI><a href="#[62]">app_gatt_disc_char_all_cmp_evt_handler</a> from app_gatt_task.o(i.app_gatt_disc_char_all_cmp_evt_handler) referenced from app_task.o(.constdata)
 <LI><a href="#[65]">app_gatt_disc_char_by_uuid_128_cmp_evt_handler</a> from app_gatt_task.o(i.app_gatt_disc_char_by_uuid_128_cmp_evt_handler) referenced from app_task.o(.constdata)
 <LI><a href="#[63]">app_gatt_disc_char_by_uuid_cmp_evt_handler</a> from app_gatt_task.o(i.app_gatt_disc_char_by_uuid_cmp_evt_handler) referenced from app_task.o(.constdata)
 <LI><a href="#[67]">app_gatt_disc_char_desc_128_cmp_evt_handler</a> from app_gatt_task.o(i.app_gatt_disc_char_desc_128_cmp_evt_handler) referenced from app_task.o(.constdata)
 <LI><a href="#[66]">app_gatt_disc_char_desc_cmp_evt_handler</a> from app_gatt_task.o(i.app_gatt_disc_char_desc_cmp_evt_handler) referenced from app_task.o(.constdata)
 <LI><a href="#[71]">app_gatt_disc_cmp_evt_handler</a> from app_gatt_task.o(i.app_gatt_disc_cmp_evt_handler) referenced from app_task.o(.constdata)
 <LI><a href="#[61]">app_gatt_disc_svc_all_128_cmp_evt_handler</a> from app_gatt_task.o(i.app_gatt_disc_svc_all_128_cmp_evt_handler) referenced from app_task.o(.constdata)
 <LI><a href="#[5e]">app_gatt_disc_svc_all_cmp_evt_handler</a> from app_gatt_task.o(i.app_gatt_disc_svc_all_cmp_evt_handler) referenced from app_task.o(.constdata)
 <LI><a href="#[5f]">app_gatt_disc_svc_by_uuid_cmp_evt_handler</a> from app_gatt_task.o(i.app_gatt_disc_svc_by_uuid_cmp_evt_handler) referenced from app_task.o(.constdata)
 <LI><a href="#[60]">app_gatt_disc_svc_incl_cmp_evt_handler</a> from app_gatt_task.o(i.app_gatt_disc_svc_incl_cmp_evt_handler) referenced from app_task.o(.constdata)
 <LI><a href="#[70]">app_gatt_handle_value_cfm_handler</a> from app_gatt_task.o(i.app_gatt_handle_value_cfm_handler) referenced from app_task.o(.constdata)
 <LI><a href="#[6f]">app_gatt_handle_value_ind_handler</a> from app_gatt_task.o(i.app_gatt_handle_value_ind_handler) referenced from app_task.o(.constdata)
 <LI><a href="#[6e]">app_gatt_handle_value_notif_handler</a> from app_gatt_task.o(i.app_gatt_handle_value_notif_handler) referenced from app_task.o(.constdata)
 <LI><a href="#[6d]">app_gatt_notify_cmp_evt_handler</a> from app_gatt_task.o(i.app_gatt_notify_cmp_evt_handler) referenced from app_task.o(.constdata)
 <LI><a href="#[69]">app_gatt_read_char_mult_resp_handler</a> from app_gatt_task.o(i.app_gatt_read_char_mult_resp_handler) referenced from app_task.o(.constdata)
 <LI><a href="#[68]">app_gatt_read_char_resp_handler</a> from app_gatt_task.o(i.app_gatt_read_char_resp_handler) referenced from app_task.o(.constdata)
 <LI><a href="#[5d]">app_gatt_resource_access_req_handler</a> from app_gap_task.o(i.app_gatt_resource_access_req_handler) referenced from app_task.o(.constdata)
 <LI><a href="#[6b]">app_gatt_write_char_reliable_resp_handler</a> from app_gatt_task.o(i.app_gatt_write_char_reliable_resp_handler) referenced from app_task.o(.constdata)
 <LI><a href="#[6a]">app_gatt_write_char_resp_handler</a> from app_gatt_task.o(i.app_gatt_write_char_resp_handler) referenced from app_task.o(.constdata)
 <LI><a href="#[78]">app_smpc_chk_bd_addr_req_ind_handler</a> from app_smp_task.o(i.app_smpc_chk_bd_addr_req_ind_handler) referenced from app_task.o(.constdata)
 <LI><a href="#[77]">app_smpc_irk_req_ind_handler</a> from app_smp_task.o(i.app_smpc_irk_req_ind_handler) referenced from app_task.o(.constdata)
 <LI><a href="#[74]">app_smpc_key_ind_handler</a> from app_smp_task.o(i.app_smpc_key_ind_handler) referenced from app_task.o(.constdata)
 <LI><a href="#[76]">app_smpc_ltk_req_ind_handler</a> from app_smp_task.o(i.app_smpc_ltk_req_ind_handler) referenced from app_task.o(.constdata)
 <LI><a href="#[79]">app_smpc_sec_started_ind_handler</a> from app_smp_task.o(i.app_smpc_sec_started_ind_handler) referenced from app_task.o(.constdata)
 <LI><a href="#[7a]">app_smpc_timeout_evt_handler</a> from app_smp_task.o(i.app_smpc_timeout_evt_handler) referenced from app_task.o(.constdata)
 <LI><a href="#[75]">app_smpc_tk_req_ind_handler</a> from app_smp_task.o(i.app_smpc_tk_req_ind_handler) referenced from app_task.o(.constdata)
 <LI><a href="#[73]">app_smpm_set_key_cfm_handler</a> from app_smp_task.o(i.app_smpm_set_key_cfm_handler) referenced from app_task.o(.constdata)
 <LI><a href="#[44]">app_uart_data_ind_handler</a> from app_task.o(i.app_uart_data_ind_handler) referenced from app_task.o(.constdata)
 <LI><a href="#[2a]">app_uart_rx_done</a> from app_sys.o(i.app_uart_rx_done) referenced from app_sys.o(i.app_uart_init)
 <LI><a href="#[2a]">app_uart_rx_done</a> from app_sys.o(i.app_uart_rx_done) referenced from app_sys.o(i.app_uart_rx_done)
 <LI><a href="#[2b]">attc_rd_blob_req_handler_patch</a> from lib.o(i.attc_rd_blob_req_handler_patch) referenced from lib.o(i.ble_init)
 <LI><a href="#[42]">atts_req_error_ind_handler_patch</a> from lib.o(i.atts_req_error_ind_handler_patch) referenced from lib.o(i.task_gatt_desc_register)
 <LI><a href="#[37]">default_enter_sleep_cb</a> from lib.o(i.default_enter_sleep_cb) referenced from lib.o(i.plf_init)
 <LI><a href="#[38]">default_exit_sleep_cb</a> from lib.o(i.default_exit_sleep_cb) referenced from lib.o(i.plf_init)
 <LI><a href="#[35]">foo1</a> from lib.o(i.foo1) referenced from lib.o(i.plf_init)
 <LI><a href="#[29]">fputc</a> from retarget.o(i.fputc) referenced from printfa.o(i.__0printf)
 <LI><a href="#[30]">gap_discon_ind_handler_patch</a> from lib.o(i.gap_discon_ind_handler_patch) referenced from lib.o(i.ble_init)
 <LI><a href="#[3e]">gap_set_mode_req_handler_patch</a> from lib.o(i.gap_set_mode_req_handler_patch) referenced from lib.o(i.task_gap_desc_register)
 <LI><a href="#[40]">gatt_read_char_req_handler_patch</a> from lib.o(i.gatt_read_char_req_handler_patch) referenced from lib.o(i.task_gatt_desc_register)
 <LI><a href="#[41]">gatt_write_char_req_handler_patch</a> from lib.o(i.gatt_write_char_req_handler_patch) referenced from lib.o(i.task_gatt_desc_register)
 <LI><a href="#[2e]">l2cc_data_packet_ind_handler_patch</a> from lib.o(i.l2cc_data_packet_ind_handler_patch) referenced from lib.o(i.ble_init)
 <LI><a href="#[43]">l2cc_data_send_rsp_handler_patch</a> from lib.o(i.l2cc_data_send_rsp_handler_patch) referenced from lib.o(i.task_gatt_desc_register)
 <LI><a href="#[3f]">llc_disc_evt_complete_handler_patch</a> from lib.o(i.llc_disc_evt_complete_handler_patch) referenced from lib.o(i.task_gap_desc_register)
 <LI><a href="#[2d]">llc_le_con_update_cmd_handler_new</a> from lib.o(i.llc_le_con_update_cmd_handler_new) referenced from lib.o(i.ble_init)
 <LI><a href="#[36]">lld_sleep_lpcycles_2_us</a> from lib.o(i.lld_sleep_lpcycles_2_us) referenced from lib.o(i.plf_init)
 <LI><a href="#[3c]">llm_create_con_cmd_complete_handler_patch</a> from lib.o(i.llm_create_con_cmd_complete_handler_patch) referenced from lib.o(i.task_gap_desc_register)
 <LI><a href="#[2c]">llm_le_create_con_cmd_handler_new</a> from lib.o(i.llm_le_create_con_cmd_handler_new) referenced from lib.o(i.ble_init)
 <LI><a href="#[3d]">llm_le_create_con_stat_evt_handler_patch</a> from lib.o(i.llm_le_create_con_stat_evt_handler_patch) referenced from lib.o(i.task_gap_desc_register)
 <LI><a href="#[27]">main</a> from app_main.o(i.main) referenced from entry9a.o(.ARM.Collect$$$$0000000B)
 <LI><a href="#[33]">nvds_erase</a> from lib.o(i.nvds_erase) referenced from lib.o(i.plf_init)
 <LI><a href="#[34]">nvds_read</a> from lib.o(i.nvds_read) referenced from lib.o(i.plf_init)
 <LI><a href="#[32]">nvds_write</a> from lib.o(i.nvds_write) referenced from lib.o(i.plf_init)
 <LI><a href="#[39]">plf_reset_cb</a> from lib.o(i.plf_reset_cb) referenced from lib.o(i.plf_init)
 <LI><a href="#[3b]">prf_dispatch_disconnect</a> from prf_utils.o(i.prf_dispatch_disconnect) referenced from app_main.o(i.prf_register)
 <LI><a href="#[3a]">prf_init</a> from prf_utils.o(i.prf_init) referenced from app_main.o(i.prf_register)
 <LI><a href="#[31]">sleep_cb</a> from sleep.o(i.sleep_cb) referenced from app_main.o(i.main)
 <LI><a href="#[2f]">smp_rtx_ind_handler_patch</a> from lib.o(i.smp_rtx_ind_handler_patch) referenced from lib.o(i.ble_init)
</UL>
<P>
<H3>
Global Symbols
</H3>
<P><STRONG><a name="[28]"></a>__main</STRONG> (Thumb, 0 bytes, Stack size unknown bytes, entry.o(.ARM.Collect$$$$00000000))
<BR>[Address Reference Count : 1]<UL><LI> startup.o(.text)
</UL>
<P><STRONG><a name="[16f]"></a>_main_stk</STRONG> (Thumb, 0 bytes, Stack size unknown bytes, entry2.o(.ARM.Collect$$$$00000001))

<P><STRONG><a name="[7b]"></a>_main_scatterload</STRONG> (Thumb, 0 bytes, Stack size unknown bytes, entry5.o(.ARM.Collect$$$$00000004))
<BR><BR>[Calls]<UL><LI><a href="#[7c]">&gt;&gt;</a>&nbsp;&nbsp;&nbsp;__scatterload
</UL>

<P><STRONG><a name="[94]"></a>__main_after_scatterload</STRONG> (Thumb, 0 bytes, Stack size unknown bytes, entry5.o(.ARM.Collect$$$$00000004))
<BR><BR>[Called By]<UL><LI><a href="#[7c]">&gt;&gt;</a>&nbsp;&nbsp;&nbsp;__scatterload
</UL>

<P><STRONG><a name="[170]"></a>_main_clock</STRONG> (Thumb, 0 bytes, Stack size unknown bytes, entry7b.o(.ARM.Collect$$$$00000008))

<P><STRONG><a name="[171]"></a>_main_cpp_init</STRONG> (Thumb, 0 bytes, Stack size unknown bytes, entry8b.o(.ARM.Collect$$$$0000000A))

<P><STRONG><a name="[172]"></a>_main_init</STRONG> (Thumb, 0 bytes, Stack size unknown bytes, entry9a.o(.ARM.Collect$$$$0000000B))

<P><STRONG><a name="[173]"></a>__rt_final_cpp</STRONG> (Thumb, 0 bytes, Stack size unknown bytes, entry10a.o(.ARM.Collect$$$$0000000D))

<P><STRONG><a name="[174]"></a>__rt_final_exit</STRONG> (Thumb, 0 bytes, Stack size unknown bytes, entry11a.o(.ARM.Collect$$$$0000000F))

<P><STRONG><a name="[0]"></a>Reset_Handler</STRONG> (Thumb, 14 bytes, Stack size 0 bytes, startup.o(.text))
<BR>[Address Reference Count : 1]<UL><LI> startup.o(RESET)
</UL>
<P><STRONG><a name="[1]"></a>NMI_Handler</STRONG> (Thumb, 2 bytes, Stack size 0 bytes, startup.o(.text))
<BR><BR>[Calls]<UL><LI><a href="#[1]">&gt;&gt;</a>&nbsp;&nbsp;&nbsp;NMI_Handler
</UL>
<BR>[Called By]<UL><LI><a href="#[1]">&gt;&gt;</a>&nbsp;&nbsp;&nbsp;NMI_Handler
</UL>
<BR>[Address Reference Count : 1]<UL><LI> startup.o(RESET)
</UL>
<P><STRONG><a name="[2]"></a>HardFault_Handler</STRONG> (Thumb, 2 bytes, Stack size 0 bytes, startup.o(.text))
<BR><BR>[Calls]<UL><LI><a href="#[2]">&gt;&gt;</a>&nbsp;&nbsp;&nbsp;HardFault_Handler
</UL>
<BR>[Called By]<UL><LI><a href="#[2]">&gt;&gt;</a>&nbsp;&nbsp;&nbsp;HardFault_Handler
</UL>
<BR>[Address Reference Count : 1]<UL><LI> startup.o(RESET)
</UL>
<P><STRONG><a name="[3]"></a>MemManage_Handler</STRONG> (Thumb, 2 bytes, Stack size 0 bytes, startup.o(.text))
<BR><BR>[Calls]<UL><LI><a href="#[3]">&gt;&gt;</a>&nbsp;&nbsp;&nbsp;MemManage_Handler
</UL>
<BR>[Called By]<UL><LI><a href="#[3]">&gt;&gt;</a>&nbsp;&nbsp;&nbsp;MemManage_Handler
</UL>
<BR>[Address Reference Count : 1]<UL><LI> startup.o(RESET)
</UL>
<P><STRONG><a name="[4]"></a>BusFault_Handler</STRONG> (Thumb, 2 bytes, Stack size 0 bytes, startup.o(.text))
<BR><BR>[Calls]<UL><LI><a href="#[4]">&gt;&gt;</a>&nbsp;&nbsp;&nbsp;BusFault_Handler
</UL>
<BR>[Called By]<UL><LI><a href="#[4]">&gt;&gt;</a>&nbsp;&nbsp;&nbsp;BusFault_Handler
</UL>
<BR>[Address Reference Count : 1]<UL><LI> startup.o(RESET)
</UL>
<P><STRONG><a name="[5]"></a>UsageFault_Handler</STRONG> (Thumb, 2 bytes, Stack size 0 bytes, startup.o(.text))
<BR><BR>[Calls]<UL><LI><a href="#[5]">&gt;&gt;</a>&nbsp;&nbsp;&nbsp;UsageFault_Handler
</UL>
<BR>[Called By]<UL><LI><a href="#[5]">&gt;&gt;</a>&nbsp;&nbsp;&nbsp;UsageFault_Handler
</UL>
<BR>[Address Reference Count : 1]<UL><LI> startup.o(RESET)
</UL>
<P><STRONG><a name="[6]"></a>SVC_Handler</STRONG> (Thumb, 2 bytes, Stack size 0 bytes, startup.o(.text))
<BR><BR>[Calls]<UL><LI><a href="#[6]">&gt;&gt;</a>&nbsp;&nbsp;&nbsp;SVC_Handler
</UL>
<BR>[Called By]<UL><LI><a href="#[6]">&gt;&gt;</a>&nbsp;&nbsp;&nbsp;SVC_Handler
</UL>
<BR>[Address Reference Count : 1]<UL><LI> startup.o(RESET)
</UL>
<P><STRONG><a name="[7]"></a>DebugMon_Handler</STRONG> (Thumb, 2 bytes, Stack size 0 bytes, startup.o(.text))
<BR><BR>[Calls]<UL><LI><a href="#[7]">&gt;&gt;</a>&nbsp;&nbsp;&nbsp;DebugMon_Handler
</UL>
<BR>[Called By]<UL><LI><a href="#[7]">&gt;&gt;</a>&nbsp;&nbsp;&nbsp;DebugMon_Handler
</UL>
<BR>[Address Reference Count : 1]<UL><LI> startup.o(RESET)
</UL>
<P><STRONG><a name="[8]"></a>PendSV_Handler</STRONG> (Thumb, 2 bytes, Stack size 0 bytes, startup.o(.text))
<BR><BR>[Calls]<UL><LI><a href="#[8]">&gt;&gt;</a>&nbsp;&nbsp;&nbsp;PendSV_Handler
</UL>
<BR>[Called By]<UL><LI><a href="#[8]">&gt;&gt;</a>&nbsp;&nbsp;&nbsp;PendSV_Handler
</UL>
<BR>[Address Reference Count : 1]<UL><LI> startup.o(RESET)
</UL>
<P><STRONG><a name="[9]"></a>SysTick_Handler</STRONG> (Thumb, 2 bytes, Stack size 0 bytes, startup.o(.text))
<BR><BR>[Calls]<UL><LI><a href="#[9]">&gt;&gt;</a>&nbsp;&nbsp;&nbsp;SysTick_Handler
</UL>
<BR>[Called By]<UL><LI><a href="#[9]">&gt;&gt;</a>&nbsp;&nbsp;&nbsp;SysTick_Handler
</UL>
<BR>[Address Reference Count : 1]<UL><LI> startup.o(RESET)
</UL>
<P><STRONG><a name="[11]"></a>ADC_IRQHandler</STRONG> (Thumb, 0 bytes, Stack size 0 bytes, startup.o(.text))
<BR><BR>[Calls]<UL><LI><a href="#[11]">&gt;&gt;</a>&nbsp;&nbsp;&nbsp;ADC_IRQHandler
</UL>
<BR>[Called By]<UL><LI><a href="#[11]">&gt;&gt;</a>&nbsp;&nbsp;&nbsp;ADC_IRQHandler
</UL>
<BR>[Address Reference Count : 1]<UL><LI> startup.o(RESET)
</UL>
<P><STRONG><a name="[23]"></a>CALIB_IRQHandler</STRONG> (Thumb, 0 bytes, Stack size 0 bytes, startup.o(.text))
<BR>[Address Reference Count : 1]<UL><LI> startup.o(RESET)
</UL>
<P><STRONG><a name="[b]"></a>COMPARATOR0_IRQHandler</STRONG> (Thumb, 0 bytes, Stack size 0 bytes, startup.o(.text))
<BR>[Address Reference Count : 1]<UL><LI> startup.o(RESET)
</UL>
<P><STRONG><a name="[c]"></a>COMPARATOR1_IRQHandler</STRONG> (Thumb, 0 bytes, Stack size 0 bytes, startup.o(.text))
<BR>[Address Reference Count : 1]<UL><LI> startup.o(RESET)
</UL>
<P><STRONG><a name="[1b]"></a>I2C_IRQHandler</STRONG> (Thumb, 0 bytes, Stack size 0 bytes, startup.o(.text))
<BR>[Address Reference Count : 1]<UL><LI> startup.o(RESET)
</UL>
<P><STRONG><a name="[21]"></a>PWM0_IRQHandler</STRONG> (Thumb, 0 bytes, Stack size 0 bytes, startup.o(.text))
<BR>[Address Reference Count : 1]<UL><LI> startup.o(RESET)
</UL>
<P><STRONG><a name="[22]"></a>PWM1_IRQHandler</STRONG> (Thumb, 0 bytes, Stack size 0 bytes, startup.o(.text))
<BR>[Address Reference Count : 1]<UL><LI> startup.o(RESET)
</UL>
<P><STRONG><a name="[e]"></a>RTC_CAP_IRQHandler</STRONG> (Thumb, 0 bytes, Stack size 0 bytes, startup.o(.text))
<BR>[Address Reference Count : 1]<UL><LI> startup.o(RESET)
</UL>
<P><STRONG><a name="[10]"></a>RTC_IRQHandler</STRONG> (Thumb, 0 bytes, Stack size 0 bytes, startup.o(.text))
<BR>[Address Reference Count : 1]<UL><LI> startup.o(RESET)
</UL>
<P><STRONG><a name="[1a]"></a>SPI1_RX_IRQHandler</STRONG> (Thumb, 0 bytes, Stack size 0 bytes, startup.o(.text))
<BR>[Address Reference Count : 1]<UL><LI> startup.o(RESET)
</UL>
<P><STRONG><a name="[19]"></a>SPI1_TX_IRQHandler</STRONG> (Thumb, 0 bytes, Stack size 0 bytes, startup.o(.text))
<BR>[Address Reference Count : 1]<UL><LI> startup.o(RESET)
</UL>
<P><STRONG><a name="[1c]"></a>TIMER0_IRQHandler</STRONG> (Thumb, 0 bytes, Stack size 0 bytes, startup.o(.text))
<BR>[Address Reference Count : 1]<UL><LI> startup.o(RESET)
</UL>
<P><STRONG><a name="[24]"></a>TUNER_RX_IRQHandler</STRONG> (Thumb, 0 bytes, Stack size 0 bytes, startup.o(.text))
<BR>[Address Reference Count : 1]<UL><LI> startup.o(RESET)
</UL>
<P><STRONG><a name="[26]"></a>TUNER_SETTING_IRQHandler</STRONG> (Thumb, 0 bytes, Stack size 0 bytes, startup.o(.text))
<BR>[Address Reference Count : 1]<UL><LI> startup.o(RESET)
</UL>
<P><STRONG><a name="[25]"></a>TUNER_TX_IRQHandler</STRONG> (Thumb, 0 bytes, Stack size 0 bytes, startup.o(.text))
<BR>[Address Reference Count : 1]<UL><LI> startup.o(RESET)
</UL>
<P><STRONG><a name="[18]"></a>UART1_RX_IRQHandler</STRONG> (Thumb, 0 bytes, Stack size 0 bytes, startup.o(.text))
<BR>[Address Reference Count : 1]<UL><LI> startup.o(RESET)
</UL>
<P><STRONG><a name="[17]"></a>UART1_TX_IRQHandler</STRONG> (Thumb, 0 bytes, Stack size 0 bytes, startup.o(.text))
<BR>[Address Reference Count : 1]<UL><LI> startup.o(RESET)
</UL>
<P><STRONG><a name="[20]"></a>WDT_IRQHandler</STRONG> (Thumb, 0 bytes, Stack size 0 bytes, startup.o(.text))
<BR>[Address Reference Count : 1]<UL><LI> startup.o(RESET)
</UL>
<P><STRONG><a name="[96]"></a>__rd_ble_reg</STRONG> (Thumb, 4 bytes, Stack size 0 bytes, math.o(.text))
<BR><BR>[Called By]<UL><LI><a href="#[149]">&gt;&gt;</a>&nbsp;&nbsp;&nbsp;ke_time
<LI><a href="#[133]">&gt;&gt;</a>&nbsp;&nbsp;&nbsp;check_ble_wakeup
<LI><a href="#[132]">&gt;&gt;</a>&nbsp;&nbsp;&nbsp;fw_ble_sleep
<LI><a href="#[d]">&gt;&gt;</a>&nbsp;&nbsp;&nbsp;BLE_IRQHandler
</UL>

<P><STRONG><a name="[97]"></a>__wr_ble_reg</STRONG> (Thumb, 4 bytes, Stack size 0 bytes, math.o(.text))
<BR><BR>[Called By]<UL><LI><a href="#[149]">&gt;&gt;</a>&nbsp;&nbsp;&nbsp;ke_time
<LI><a href="#[12d]">&gt;&gt;</a>&nbsp;&nbsp;&nbsp;ble_init
<LI><a href="#[132]">&gt;&gt;</a>&nbsp;&nbsp;&nbsp;fw_ble_sleep
<LI><a href="#[d]">&gt;&gt;</a>&nbsp;&nbsp;&nbsp;BLE_IRQHandler
</UL>

<P><STRONG><a name="[150]"></a>__aeabi_lmul</STRONG> (Thumb, 166 bytes, Stack size 0 bytes, math.o(.text))
<BR><BR>[Called By]<UL><LI><a href="#[36]">&gt;&gt;</a>&nbsp;&nbsp;&nbsp;lld_sleep_lpcycles_2_us
</UL>

<P><STRONG><a name="[c4]"></a>__aeabi_uldivmod</STRONG> (Thumb, 256 bytes, Stack size 0 bytes, math.o(.text))
<BR><BR>[Called By]<UL><LI><a href="#[bc]">&gt;&gt;</a>&nbsp;&nbsp;&nbsp;_printf_core
<LI><a href="#[c2]">&gt;&gt;</a>&nbsp;&nbsp;&nbsp;_fp_digits
<LI><a href="#[140]">&gt;&gt;</a>&nbsp;&nbsp;&nbsp;rwble_slot_2_lpcycles
</UL>

<P><STRONG><a name="[175]"></a>__aeabi_uidiv</STRONG> (Thumb, 0 bytes, Stack size 12 bytes, uidiv.o(.text), UNUSED)

<P><STRONG><a name="[c7]"></a>__aeabi_uidivmod</STRONG> (Thumb, 44 bytes, Stack size 12 bytes, uidiv.o(.text))
<BR><BR>[Stack]<UL><LI>Max Depth = 12<LI>Call Chain = __aeabi_uidivmod
</UL>
<BR>[Called By]<UL><LI><a href="#[ab]">&gt;&gt;</a>&nbsp;&nbsp;&nbsp;syscon_set_usart_clk
<LI><a href="#[aa]">&gt;&gt;</a>&nbsp;&nbsp;&nbsp;syscon_set_timer_clk
<LI><a href="#[a8]">&gt;&gt;</a>&nbsp;&nbsp;&nbsp;syscon_set_ble_clk
<LI><a href="#[a9]">&gt;&gt;</a>&nbsp;&nbsp;&nbsp;syscon_set_apb_clk
<LI><a href="#[a7]">&gt;&gt;</a>&nbsp;&nbsp;&nbsp;syscon_set_ahb_clk
<LI><a href="#[f0]">&gt;&gt;</a>&nbsp;&nbsp;&nbsp;app_i_to_array
<LI><a href="#[bc]">&gt;&gt;</a>&nbsp;&nbsp;&nbsp;_printf_core
<LI><a href="#[153]">&gt;&gt;</a>&nbsp;&nbsp;&nbsp;llm_util_aa_gen
<LI><a href="#[14d]">&gt;&gt;</a>&nbsp;&nbsp;&nbsp;lld_evt_periodic_alloc
<LI><a href="#[bf]">&gt;&gt;</a>&nbsp;&nbsp;&nbsp;flash_on
</UL>

<P><STRONG><a name="[85]"></a>__aeabi_lasr</STRONG> (Thumb, 38 bytes, Stack size 8 bytes, llsshr.o(.text))
<BR><BR>[Stack]<UL><LI>Max Depth = 8<LI>Call Chain = __aeabi_lasr
</UL>
<BR>[Called By]<UL><LI><a href="#[83]">&gt;&gt;</a>&nbsp;&nbsp;&nbsp;__aeabi_dadd
</UL>

<P><STRONG><a name="[176]"></a>_ll_sshift_r</STRONG> (Thumb, 0 bytes, Stack size 8 bytes, llsshr.o(.text), UNUSED)

<P><STRONG><a name="[152]"></a>rand</STRONG> (Thumb, 18 bytes, Stack size 0 bytes, rand.o(.text))
<BR><BR>[Called By]<UL><LI><a href="#[153]">&gt;&gt;</a>&nbsp;&nbsp;&nbsp;llm_util_aa_gen
<LI><a href="#[151]">&gt;&gt;</a>&nbsp;&nbsp;&nbsp;llm_create_con
</UL>

<P><STRONG><a name="[160]"></a>srand</STRONG> (Thumb, 6 bytes, Stack size 0 bytes, rand.o(.text))
<BR><BR>[Called By]<UL><LI><a href="#[154]">&gt;&gt;</a>&nbsp;&nbsp;&nbsp;plf_init
</UL>

<P><STRONG><a name="[c1]"></a>__aeabi_memcpy</STRONG> (Thumb, 36 bytes, Stack size 0 bytes, memcpya.o(.text))
<BR><BR>[Called By]<UL><LI><a href="#[d0]">&gt;&gt;</a>&nbsp;&nbsp;&nbsp;app_smp_init
<LI><a href="#[d9]">&gt;&gt;</a>&nbsp;&nbsp;&nbsp;app_gap_change_param_req
<LI><a href="#[f4]">&gt;&gt;</a>&nbsp;&nbsp;&nbsp;app_smpm_set_key_req
<LI><a href="#[de]">&gt;&gt;</a>&nbsp;&nbsp;&nbsp;app_set_link_status_by_conhdl
<LI><a href="#[dc]">&gt;&gt;</a>&nbsp;&nbsp;&nbsp;app_parser_adv_data
<LI><a href="#[e8]">&gt;&gt;</a>&nbsp;&nbsp;&nbsp;app_init_local_smp_key
<LI><a href="#[dd]">&gt;&gt;</a>&nbsp;&nbsp;&nbsp;app_get_bd_addr_by_conhdl
<LI><a href="#[c8]">&gt;&gt;</a>&nbsp;&nbsp;&nbsp;app_add_bonded_dev
<LI><a href="#[76]">&gt;&gt;</a>&nbsp;&nbsp;&nbsp;app_smpc_ltk_req_ind_handler
<LI><a href="#[74]">&gt;&gt;</a>&nbsp;&nbsp;&nbsp;app_smpc_key_ind_handler
<LI><a href="#[77]">&gt;&gt;</a>&nbsp;&nbsp;&nbsp;app_smpc_irk_req_ind_handler
<LI><a href="#[4f]">&gt;&gt;</a>&nbsp;&nbsp;&nbsp;app_gap_dev_inq_result_handler
<LI><a href="#[44]">&gt;&gt;</a>&nbsp;&nbsp;&nbsp;app_uart_data_ind_handler
<LI><a href="#[2a]">&gt;&gt;</a>&nbsp;&nbsp;&nbsp;app_uart_rx_done
<LI><a href="#[10d]">&gt;&gt;</a>&nbsp;&nbsp;&nbsp;app_smpc_tk_req_rsp
<LI><a href="#[108]">&gt;&gt;</a>&nbsp;&nbsp;&nbsp;app_qppc_enable_req
<LI><a href="#[ec]">&gt;&gt;</a>&nbsp;&nbsp;&nbsp;app_get_bd_addr_by_idx
<LI><a href="#[e5]">&gt;&gt;</a>&nbsp;&nbsp;&nbsp;app_gatt_write_char_req
<LI><a href="#[eb]">&gt;&gt;</a>&nbsp;&nbsp;&nbsp;app_gap_unpair_req
<LI><a href="#[e3]">&gt;&gt;</a>&nbsp;&nbsp;&nbsp;app_gap_le_create_conn_req
<LI><a href="#[d5]">&gt;&gt;</a>&nbsp;&nbsp;&nbsp;app_gap_bond_req
<LI><a href="#[d4]">&gt;&gt;</a>&nbsp;&nbsp;&nbsp;app_gap_adv_start_req
<LI><a href="#[12a]">&gt;&gt;</a>&nbsp;&nbsp;&nbsp;app_smpc_ltk_req_rsp
<LI><a href="#[128]">&gt;&gt;</a>&nbsp;&nbsp;&nbsp;app_smpc_irk_req_rsp
<LI><a href="#[127]">&gt;&gt;</a>&nbsp;&nbsp;&nbsp;app_smpc_chk_bd_addr_req_rsp
<LI><a href="#[c0]">&gt;&gt;</a>&nbsp;&nbsp;&nbsp;__nvds_wrtie
<LI><a href="#[34]">&gt;&gt;</a>&nbsp;&nbsp;&nbsp;nvds_read
<LI><a href="#[151]">&gt;&gt;</a>&nbsp;&nbsp;&nbsp;llm_create_con
<LI><a href="#[2e]">&gt;&gt;</a>&nbsp;&nbsp;&nbsp;l2cc_data_packet_ind_handler_patch
<LI><a href="#[41]">&gt;&gt;</a>&nbsp;&nbsp;&nbsp;gatt_write_char_req_handler_patch
</UL>

<P><STRONG><a name="[126]"></a>__aeabi_memcpy4</STRONG> (Thumb, 0 bytes, Stack size 0 bytes, memcpya.o(.text))
<BR><BR>[Called By]<UL><LI><a href="#[d0]">&gt;&gt;</a>&nbsp;&nbsp;&nbsp;app_smp_init
<LI><a href="#[12d]">&gt;&gt;</a>&nbsp;&nbsp;&nbsp;ble_init
<LI><a href="#[12e]">&gt;&gt;</a>&nbsp;&nbsp;&nbsp;task_gatt_desc_register
<LI><a href="#[12f]">&gt;&gt;</a>&nbsp;&nbsp;&nbsp;task_gap_desc_register
</UL>

<P><STRONG><a name="[177]"></a>__aeabi_memcpy8</STRONG> (Thumb, 0 bytes, Stack size 0 bytes, memcpya.o(.text), UNUSED)

<P><STRONG><a name="[7e]"></a>__aeabi_memset</STRONG> (Thumb, 14 bytes, Stack size 0 bytes, memseta.o(.text))
<BR><BR>[Called By]<UL><LI><a href="#[7f]">&gt;&gt;</a>&nbsp;&nbsp;&nbsp;_memset$wrapper
<LI><a href="#[7d]">&gt;&gt;</a>&nbsp;&nbsp;&nbsp;__aeabi_memclr
</UL>

<P><STRONG><a name="[178]"></a>__aeabi_memset4</STRONG> (Thumb, 0 bytes, Stack size 0 bytes, memseta.o(.text), UNUSED)

<P><STRONG><a name="[179]"></a>__aeabi_memset8</STRONG> (Thumb, 0 bytes, Stack size 0 bytes, memseta.o(.text), UNUSED)

<P><STRONG><a name="[7d]"></a>__aeabi_memclr</STRONG> (Thumb, 4 bytes, Stack size 0 bytes, memseta.o(.text))
<BR><BR>[Calls]<UL><LI><a href="#[7e]">&gt;&gt;</a>&nbsp;&nbsp;&nbsp;__aeabi_memset
</UL>
<BR>[Called By]<UL><LI><a href="#[de]">&gt;&gt;</a>&nbsp;&nbsp;&nbsp;app_set_link_status_by_conhdl
<LI><a href="#[dc]">&gt;&gt;</a>&nbsp;&nbsp;&nbsp;app_parser_adv_data
</UL>

<P><STRONG><a name="[ce]"></a>__aeabi_memclr4</STRONG> (Thumb, 0 bytes, Stack size 0 bytes, memseta.o(.text))
<BR><BR>[Called By]<UL><LI><a href="#[cd]">&gt;&gt;</a>&nbsp;&nbsp;&nbsp;app_env_init
</UL>

<P><STRONG><a name="[17a]"></a>__aeabi_memclr8</STRONG> (Thumb, 0 bytes, Stack size 0 bytes, memseta.o(.text), UNUSED)

<P><STRONG><a name="[7f]"></a>_memset$wrapper</STRONG> (Thumb, 18 bytes, Stack size 8 bytes, memseta.o(.text), UNUSED)
<BR><BR>[Calls]<UL><LI><a href="#[7e]">&gt;&gt;</a>&nbsp;&nbsp;&nbsp;__aeabi_memset
</UL>

<P><STRONG><a name="[db]"></a>memcmp</STRONG> (Thumb, 26 bytes, Stack size 12 bytes, memcmp.o(.text))
<BR><BR>[Stack]<UL><LI>Max Depth = 12<LI>Call Chain = memcmp
</UL>
<BR>[Called By]<UL><LI><a href="#[105]">&gt;&gt;</a>&nbsp;&nbsp;&nbsp;app_menu_handler_main
<LI><a href="#[58]">&gt;&gt;</a>&nbsp;&nbsp;&nbsp;app_gap_le_create_conn_req_cmp_evt_handler
<LI><a href="#[4f]">&gt;&gt;</a>&nbsp;&nbsp;&nbsp;app_gap_dev_inq_result_handler
<LI><a href="#[15c]">&gt;&gt;</a>&nbsp;&nbsp;&nbsp;nvds_restore_backup
</UL>

<P><STRONG><a name="[124]"></a>strcpy</STRONG> (Thumb, 18 bytes, Stack size 0 bytes, strcpy.o(.text))
<BR><BR>[Called By]<UL><LI><a href="#[e1]">&gt;&gt;</a>&nbsp;&nbsp;&nbsp;app_set_adv_data
</UL>

<P><STRONG><a name="[80]"></a>atoi</STRONG> (Thumb, 26 bytes, Stack size 16 bytes, atoi.o(.text))
<BR><BR>[Stack]<UL><LI>Max Depth = 88<LI>Call Chain = atoi &rArr; strtol &rArr; _strtoul
</UL>
<BR>[Calls]<UL><LI><a href="#[82]">&gt;&gt;</a>&nbsp;&nbsp;&nbsp;strtol
<LI><a href="#[81]">&gt;&gt;</a>&nbsp;&nbsp;&nbsp;__aeabi_errno_addr
</UL>
<BR>[Called By]<UL><LI><a href="#[10c]">&gt;&gt;</a>&nbsp;&nbsp;&nbsp;app_menu_handler_smp_tk_input
<LI><a href="#[75]">&gt;&gt;</a>&nbsp;&nbsp;&nbsp;app_smpc_tk_req_ind_handler
</UL>

<P><STRONG><a name="[83]"></a>__aeabi_dadd</STRONG> (Thumb, 328 bytes, Stack size 48 bytes, dadd.o(.text))
<BR><BR>[Stack]<UL><LI>Max Depth = 104<LI>Call Chain = __aeabi_dadd &rArr; _double_epilogue &rArr; _double_round
</UL>
<BR>[Calls]<UL><LI><a href="#[87]">&gt;&gt;</a>&nbsp;&nbsp;&nbsp;_double_round
<LI><a href="#[86]">&gt;&gt;</a>&nbsp;&nbsp;&nbsp;_double_epilogue
<LI><a href="#[85]">&gt;&gt;</a>&nbsp;&nbsp;&nbsp;__aeabi_lasr
<LI><a href="#[84]">&gt;&gt;</a>&nbsp;&nbsp;&nbsp;__aeabi_llsl
</UL>
<BR>[Called By]<UL><LI><a href="#[c9]">&gt;&gt;</a>&nbsp;&nbsp;&nbsp;app_correct_rssi
<LI><a href="#[89]">&gt;&gt;</a>&nbsp;&nbsp;&nbsp;__aeabi_drsub
<LI><a href="#[88]">&gt;&gt;</a>&nbsp;&nbsp;&nbsp;__aeabi_dsub
<LI><a href="#[c2]">&gt;&gt;</a>&nbsp;&nbsp;&nbsp;_fp_digits
</UL>

<P><STRONG><a name="[88]"></a>__aeabi_dsub</STRONG> (Thumb, 12 bytes, Stack size 8 bytes, dadd.o(.text), UNUSED)
<BR><BR>[Calls]<UL><LI><a href="#[83]">&gt;&gt;</a>&nbsp;&nbsp;&nbsp;__aeabi_dadd
</UL>

<P><STRONG><a name="[89]"></a>__aeabi_drsub</STRONG> (Thumb, 12 bytes, Stack size 8 bytes, dadd.o(.text), UNUSED)
<BR><BR>[Calls]<UL><LI><a href="#[83]">&gt;&gt;</a>&nbsp;&nbsp;&nbsp;__aeabi_dadd
</UL>

<P><STRONG><a name="[8a]"></a>__aeabi_dmul</STRONG> (Thumb, 202 bytes, Stack size 72 bytes, dmul.o(.text))
<BR><BR>[Stack]<UL><LI>Max Depth = 128<LI>Call Chain = __aeabi_dmul &rArr; _double_epilogue &rArr; _double_round
</UL>
<BR>[Calls]<UL><LI><a href="#[86]">&gt;&gt;</a>&nbsp;&nbsp;&nbsp;_double_epilogue
</UL>
<BR>[Called By]<UL><LI><a href="#[c9]">&gt;&gt;</a>&nbsp;&nbsp;&nbsp;app_correct_rssi
<LI><a href="#[c2]">&gt;&gt;</a>&nbsp;&nbsp;&nbsp;_fp_digits
<LI><a href="#[151]">&gt;&gt;</a>&nbsp;&nbsp;&nbsp;llm_create_con
<LI><a href="#[2d]">&gt;&gt;</a>&nbsp;&nbsp;&nbsp;llc_le_con_update_cmd_handler_new
</UL>

<P><STRONG><a name="[8b]"></a>__aeabi_i2d</STRONG> (Thumb, 34 bytes, Stack size 16 bytes, dflti.o(.text))
<BR><BR>[Stack]<UL><LI>Max Depth = 72<LI>Call Chain = __aeabi_i2d &rArr; _double_epilogue &rArr; _double_round
</UL>
<BR>[Calls]<UL><LI><a href="#[86]">&gt;&gt;</a>&nbsp;&nbsp;&nbsp;_double_epilogue
</UL>
<BR>[Called By]<UL><LI><a href="#[c9]">&gt;&gt;</a>&nbsp;&nbsp;&nbsp;app_correct_rssi
<LI><a href="#[151]">&gt;&gt;</a>&nbsp;&nbsp;&nbsp;llm_create_con
<LI><a href="#[2d]">&gt;&gt;</a>&nbsp;&nbsp;&nbsp;llc_le_con_update_cmd_handler_new
</UL>

<P><STRONG><a name="[8c]"></a>__aeabi_ui2d</STRONG> (Thumb, 24 bytes, Stack size 16 bytes, dfltui.o(.text))
<BR><BR>[Stack]<UL><LI>Max Depth = 72<LI>Call Chain = __aeabi_ui2d &rArr; _double_epilogue &rArr; _double_round
</UL>
<BR>[Calls]<UL><LI><a href="#[86]">&gt;&gt;</a>&nbsp;&nbsp;&nbsp;_double_epilogue
</UL>
<BR>[Called By]<UL><LI><a href="#[151]">&gt;&gt;</a>&nbsp;&nbsp;&nbsp;llm_create_con
<LI><a href="#[2d]">&gt;&gt;</a>&nbsp;&nbsp;&nbsp;llc_le_con_update_cmd_handler_new
</UL>

<P><STRONG><a name="[8d]"></a>__aeabi_d2iz</STRONG> (Thumb, 62 bytes, Stack size 16 bytes, dfixi.o(.text))
<BR><BR>[Stack]<UL><LI>Max Depth = 24<LI>Call Chain = __aeabi_d2iz &rArr; __aeabi_llsr
</UL>
<BR>[Calls]<UL><LI><a href="#[8e]">&gt;&gt;</a>&nbsp;&nbsp;&nbsp;__aeabi_llsr
</UL>
<BR>[Called By]<UL><LI><a href="#[c9]">&gt;&gt;</a>&nbsp;&nbsp;&nbsp;app_correct_rssi
</UL>

<P><STRONG><a name="[17b]"></a>__aeabi_cdcmpeq</STRONG> (Thumb, 0 bytes, Stack size 0 bytes, cdcmple.o(.text), UNUSED)

<P><STRONG><a name="[14c]"></a>__aeabi_cdcmple</STRONG> (Thumb, 38 bytes, Stack size 0 bytes, cdcmple.o(.text))
<BR><BR>[Called By]<UL><LI><a href="#[151]">&gt;&gt;</a>&nbsp;&nbsp;&nbsp;llm_create_con
<LI><a href="#[2d]">&gt;&gt;</a>&nbsp;&nbsp;&nbsp;llc_le_con_update_cmd_handler_new
</UL>

<P><STRONG><a name="[84]"></a>__aeabi_llsl</STRONG> (Thumb, 32 bytes, Stack size 8 bytes, llshl.o(.text))
<BR><BR>[Stack]<UL><LI>Max Depth = 8<LI>Call Chain = __aeabi_llsl
</UL>
<BR>[Called By]<UL><LI><a href="#[83]">&gt;&gt;</a>&nbsp;&nbsp;&nbsp;__aeabi_dadd
<LI><a href="#[86]">&gt;&gt;</a>&nbsp;&nbsp;&nbsp;_double_epilogue
<LI><a href="#[93]">&gt;&gt;</a>&nbsp;&nbsp;&nbsp;__aeabi_d2ulz
</UL>

<P><STRONG><a name="[17c]"></a>_ll_shift_l</STRONG> (Thumb, 0 bytes, Stack size 8 bytes, llshl.o(.text), UNUSED)

<P><STRONG><a name="[8e]"></a>__aeabi_llsr</STRONG> (Thumb, 34 bytes, Stack size 8 bytes, llushr.o(.text))
<BR><BR>[Stack]<UL><LI>Max Depth = 8<LI>Call Chain = __aeabi_llsr
</UL>
<BR>[Called By]<UL><LI><a href="#[8d]">&gt;&gt;</a>&nbsp;&nbsp;&nbsp;__aeabi_d2iz
<LI><a href="#[86]">&gt;&gt;</a>&nbsp;&nbsp;&nbsp;_double_epilogue
<LI><a href="#[93]">&gt;&gt;</a>&nbsp;&nbsp;&nbsp;__aeabi_d2ulz
</UL>

<P><STRONG><a name="[17d]"></a>_ll_ushift_r</STRONG> (Thumb, 0 bytes, Stack size 8 bytes, llushr.o(.text), UNUSED)

<P><STRONG><a name="[82]"></a>strtol</STRONG> (Thumb, 108 bytes, Stack size 32 bytes, strtol.o(.text))
<BR><BR>[Stack]<UL><LI>Max Depth = 72<LI>Call Chain = strtol &rArr; _strtoul
</UL>
<BR>[Calls]<UL><LI><a href="#[90]">&gt;&gt;</a>&nbsp;&nbsp;&nbsp;_strtoul
<LI><a href="#[8f]">&gt;&gt;</a>&nbsp;&nbsp;&nbsp;__rt_ctype_table
<LI><a href="#[81]">&gt;&gt;</a>&nbsp;&nbsp;&nbsp;__aeabi_errno_addr
</UL>
<BR>[Called By]<UL><LI><a href="#[80]">&gt;&gt;</a>&nbsp;&nbsp;&nbsp;atoi
</UL>

<P><STRONG><a name="[17e]"></a>__I$use$fp</STRONG> (Thumb, 0 bytes, Stack size 8 bytes, iusefp.o(.text), UNUSED)

<P><STRONG><a name="[87]"></a>_double_round</STRONG> (Thumb, 26 bytes, Stack size 8 bytes, depilogue.o(.text))
<BR><BR>[Stack]<UL><LI>Max Depth = 8<LI>Call Chain = _double_round
</UL>
<BR>[Called By]<UL><LI><a href="#[83]">&gt;&gt;</a>&nbsp;&nbsp;&nbsp;__aeabi_dadd
<LI><a href="#[86]">&gt;&gt;</a>&nbsp;&nbsp;&nbsp;_double_epilogue
<LI><a href="#[92]">&gt;&gt;</a>&nbsp;&nbsp;&nbsp;__aeabi_ddiv
</UL>

<P><STRONG><a name="[86]"></a>_double_epilogue</STRONG> (Thumb, 164 bytes, Stack size 48 bytes, depilogue.o(.text))
<BR><BR>[Stack]<UL><LI>Max Depth = 56<LI>Call Chain = _double_epilogue &rArr; _double_round
</UL>
<BR>[Calls]<UL><LI><a href="#[87]">&gt;&gt;</a>&nbsp;&nbsp;&nbsp;_double_round
<LI><a href="#[91]">&gt;&gt;</a>&nbsp;&nbsp;&nbsp;__ARM_clz
<LI><a href="#[8e]">&gt;&gt;</a>&nbsp;&nbsp;&nbsp;__aeabi_llsr
<LI><a href="#[84]">&gt;&gt;</a>&nbsp;&nbsp;&nbsp;__aeabi_llsl
</UL>
<BR>[Called By]<UL><LI><a href="#[8b]">&gt;&gt;</a>&nbsp;&nbsp;&nbsp;__aeabi_i2d
<LI><a href="#[8a]">&gt;&gt;</a>&nbsp;&nbsp;&nbsp;__aeabi_dmul
<LI><a href="#[83]">&gt;&gt;</a>&nbsp;&nbsp;&nbsp;__aeabi_dadd
<LI><a href="#[8c]">&gt;&gt;</a>&nbsp;&nbsp;&nbsp;__aeabi_ui2d
</UL>

<P><STRONG><a name="[92]"></a>__aeabi_ddiv</STRONG> (Thumb, 234 bytes, Stack size 40 bytes, ddiv.o(.text), UNUSED)
<BR><BR>[Calls]<UL><LI><a href="#[87]">&gt;&gt;</a>&nbsp;&nbsp;&nbsp;_double_round
</UL>
<BR>[Called By]<UL><LI><a href="#[c2]">&gt;&gt;</a>&nbsp;&nbsp;&nbsp;_fp_digits
</UL>

<P><STRONG><a name="[93]"></a>__aeabi_d2ulz</STRONG> (Thumb, 54 bytes, Stack size 8 bytes, dfixul.o(.text), UNUSED)
<BR><BR>[Calls]<UL><LI><a href="#[8e]">&gt;&gt;</a>&nbsp;&nbsp;&nbsp;__aeabi_llsr
<LI><a href="#[84]">&gt;&gt;</a>&nbsp;&nbsp;&nbsp;__aeabi_llsl
</UL>
<BR>[Called By]<UL><LI><a href="#[c2]">&gt;&gt;</a>&nbsp;&nbsp;&nbsp;_fp_digits
</UL>

<P><STRONG><a name="[c3]"></a>__aeabi_cdrcmple</STRONG> (Thumb, 38 bytes, Stack size 0 bytes, cdrcmple.o(.text), UNUSED)
<BR><BR>[Called By]<UL><LI><a href="#[c2]">&gt;&gt;</a>&nbsp;&nbsp;&nbsp;_fp_digits
</UL>

<P><STRONG><a name="[7c]"></a>__scatterload</STRONG> (Thumb, 28 bytes, Stack size 0 bytes, init.o(.text))
<BR><BR>[Calls]<UL><LI><a href="#[94]">&gt;&gt;</a>&nbsp;&nbsp;&nbsp;__main_after_scatterload
</UL>
<BR>[Called By]<UL><LI><a href="#[7b]">&gt;&gt;</a>&nbsp;&nbsp;&nbsp;_main_scatterload
</UL>

<P><STRONG><a name="[17f]"></a>__scatterload_rt2</STRONG> (Thumb, 0 bytes, Stack size 0 bytes, init.o(.text), UNUSED)

<P><STRONG><a name="[8f]"></a>__rt_ctype_table</STRONG> (Thumb, 4 bytes, Stack size 0 bytes, ctype_o.o(.text))
<BR><BR>[Called By]<UL><LI><a href="#[82]">&gt;&gt;</a>&nbsp;&nbsp;&nbsp;strtol
</UL>

<P><STRONG><a name="[90]"></a>_strtoul</STRONG> (Thumb, 166 bytes, Stack size 40 bytes, _strtoul.o(.text))
<BR><BR>[Stack]<UL><LI>Max Depth = 40<LI>Call Chain = _strtoul
</UL>
<BR>[Calls]<UL><LI><a href="#[95]">&gt;&gt;</a>&nbsp;&nbsp;&nbsp;_chval
<LI><a href="#[81]">&gt;&gt;</a>&nbsp;&nbsp;&nbsp;__aeabi_errno_addr
</UL>
<BR>[Called By]<UL><LI><a href="#[82]">&gt;&gt;</a>&nbsp;&nbsp;&nbsp;strtol
</UL>

<P><STRONG><a name="[95]"></a>_chval</STRONG> (Thumb, 30 bytes, Stack size 0 bytes, _chval.o(.text))
<BR><BR>[Called By]<UL><LI><a href="#[90]">&gt;&gt;</a>&nbsp;&nbsp;&nbsp;_strtoul
</UL>

<P><STRONG><a name="[d]"></a>BLE_IRQHandler</STRONG> (Thumb, 150 bytes, Stack size 16 bytes, lib.o(i.BLE_IRQHandler))
<BR><BR>[Stack]<UL><LI>Max Depth = 24<LI>Call Chain = BLE_IRQHandler &rArr; default_exit_sleep_cb
</UL>
<BR>[Calls]<UL><LI><a href="#[97]">&gt;&gt;</a>&nbsp;&nbsp;&nbsp;__wr_ble_reg
<LI><a href="#[96]">&gt;&gt;</a>&nbsp;&nbsp;&nbsp;__rd_ble_reg
<LI><a href="#[38]">&gt;&gt;</a>&nbsp;&nbsp;&nbsp;default_exit_sleep_cb
</UL>
<BR>[Address Reference Count : 1]<UL><LI> startup.o(RESET)
</UL>
<P><STRONG><a name="[12]"></a>DMA_IRQHandler</STRONG> (Thumb, 66 bytes, Stack size 8 bytes, dma.o(i.DMA_IRQHandler))
<BR><BR>[Stack]<UL><LI>Max Depth = 8<LI>Call Chain = DMA_IRQHandler
</UL>
<BR>[Calls]<UL><LI><a href="#[99]">&gt;&gt;</a>&nbsp;&nbsp;&nbsp;dma_dma_ClrIntStatus
<LI><a href="#[98]">&gt;&gt;</a>&nbsp;&nbsp;&nbsp;dev_allow_sleep
</UL>
<BR>[Address Reference Count : 1]<UL><LI> startup.o(RESET)
</UL>
<P><STRONG><a name="[a]"></a>GPIO_IRQHandler</STRONG> (Thumb, 60 bytes, Stack size 16 bytes, gpio.o(i.GPIO_IRQHandler))
<BR><BR>[Stack]<UL><LI>Max Depth = 16<LI>Call Chain = GPIO_IRQHandler
</UL>
<BR>[Address Reference Count : 1]<UL><LI> startup.o(RESET)
</UL>
<P><STRONG><a name="[f]"></a>OSC_EN_IRQHandler</STRONG> (Thumb, 16 bytes, Stack size 8 bytes, sleep.o(i.OSC_EN_IRQHandler))
<BR><BR>[Stack]<UL><LI>Max Depth = 8<LI>Call Chain = OSC_EN_IRQHandler
</UL>
<BR>[Address Reference Count : 1]<UL><LI> startup.o(RESET)
</UL>
<P><STRONG><a name="[16]"></a>SPI0_RX_IRQHandler</STRONG> (Thumb, 166 bytes, Stack size 8 bytes, spi.o(i.SPI0_RX_IRQHandler))
<BR><BR>[Stack]<UL><LI>Max Depth = 32<LI>Call Chain = SPI0_RX_IRQHandler &rArr; spi_rx_int_enable &rArr; spi_spi_SetCR0WithMask
</UL>
<BR>[Calls]<UL><LI><a href="#[9c]">&gt;&gt;</a>&nbsp;&nbsp;&nbsp;spi_spi_SetTXD
<LI><a href="#[9a]">&gt;&gt;</a>&nbsp;&nbsp;&nbsp;spi_spi_GetSR
<LI><a href="#[9d]">&gt;&gt;</a>&nbsp;&nbsp;&nbsp;spi_rx_int_enable
<LI><a href="#[9b]">&gt;&gt;</a>&nbsp;&nbsp;&nbsp;spi_rx_data
</UL>
<BR>[Address Reference Count : 1]<UL><LI> startup.o(RESET)
</UL>
<P><STRONG><a name="[15]"></a>SPI0_TX_IRQHandler</STRONG> (Thumb, 108 bytes, Stack size 8 bytes, spi.o(i.SPI0_TX_IRQHandler))
<BR><BR>[Stack]<UL><LI>Max Depth = 48<LI>Call Chain = SPI0_TX_IRQHandler &rArr; spi_tx_data
</UL>
<BR>[Calls]<UL><LI><a href="#[9f]">&gt;&gt;</a>&nbsp;&nbsp;&nbsp;spi_tx_int_enable
<LI><a href="#[9e]">&gt;&gt;</a>&nbsp;&nbsp;&nbsp;spi_tx_data
<LI><a href="#[9a]">&gt;&gt;</a>&nbsp;&nbsp;&nbsp;spi_spi_GetSR
</UL>
<BR>[Address Reference Count : 1]<UL><LI> startup.o(RESET)
</UL>
<P><STRONG><a name="[a0]"></a>SystemInit</STRONG> (Thumb, 416 bytes, Stack size 16 bytes, system.o(i.SystemInit))
<BR><BR>[Stack]<UL><LI>Max Depth = 56<LI>Call Chain = SystemInit &rArr; led_init &rArr; led_set &rArr; gpio_write_pin
</UL>
<BR>[Calls]<UL><LI><a href="#[b1]">&gt;&gt;</a>&nbsp;&nbsp;&nbsp;uart_init
<LI><a href="#[ab]">&gt;&gt;</a>&nbsp;&nbsp;&nbsp;syscon_set_usart_clk
<LI><a href="#[aa]">&gt;&gt;</a>&nbsp;&nbsp;&nbsp;syscon_set_timer_clk
<LI><a href="#[a6]">&gt;&gt;</a>&nbsp;&nbsp;&nbsp;syscon_set_sysclk_src
<LI><a href="#[a8]">&gt;&gt;</a>&nbsp;&nbsp;&nbsp;syscon_set_ble_clk
<LI><a href="#[a9]">&gt;&gt;</a>&nbsp;&nbsp;&nbsp;syscon_set_apb_clk
<LI><a href="#[a7]">&gt;&gt;</a>&nbsp;&nbsp;&nbsp;syscon_set_ahb_clk
<LI><a href="#[b0]">&gt;&gt;</a>&nbsp;&nbsp;&nbsp;led_init
<LI><a href="#[af]">&gt;&gt;</a>&nbsp;&nbsp;&nbsp;gpio_init
<LI><a href="#[b2]">&gt;&gt;</a>&nbsp;&nbsp;&nbsp;uart_uart_SetCRWithMask
<LI><a href="#[a2]">&gt;&gt;</a>&nbsp;&nbsp;&nbsp;uart_clock_off
<LI><a href="#[a1]">&gt;&gt;</a>&nbsp;&nbsp;&nbsp;timer_clock_off
<LI><a href="#[ac]">&gt;&gt;</a>&nbsp;&nbsp;&nbsp;syscon_SetPGCR1WithMask
<LI><a href="#[a4]">&gt;&gt;</a>&nbsp;&nbsp;&nbsp;syscon_SetCRSS
<LI><a href="#[a5]">&gt;&gt;</a>&nbsp;&nbsp;&nbsp;syscon_SetCRSC
<LI><a href="#[ad]">&gt;&gt;</a>&nbsp;&nbsp;&nbsp;syscon_SetCMDCRWithMask
<LI><a href="#[a3]">&gt;&gt;</a>&nbsp;&nbsp;&nbsp;spi_clock_off
<LI><a href="#[ae]">&gt;&gt;</a>&nbsp;&nbsp;&nbsp;SystemIOCfg
</UL>
<BR>[Called By]<UL><LI><a href="#[27]">&gt;&gt;</a>&nbsp;&nbsp;&nbsp;main
</UL>

<P><STRONG><a name="[1d]"></a>TIMER1_IRQHandler</STRONG> (Thumb, 84 bytes, Stack size 8 bytes, timer.o(i.TIMER1_IRQHandler))
<BR><BR>[Stack]<UL><LI>Max Depth = 8<LI>Call Chain = TIMER1_IRQHandler
</UL>
<BR>[Calls]<UL><LI><a href="#[b3]">&gt;&gt;</a>&nbsp;&nbsp;&nbsp;timer_timer_GetIntFlag
<LI><a href="#[b4]">&gt;&gt;</a>&nbsp;&nbsp;&nbsp;timer_timer_ClrIntFlag
</UL>
<BR>[Address Reference Count : 1]<UL><LI> startup.o(RESET)
</UL>
<P><STRONG><a name="[1e]"></a>TIMER2_IRQHandler</STRONG> (Thumb, 84 bytes, Stack size 8 bytes, timer.o(i.TIMER2_IRQHandler))
<BR><BR>[Stack]<UL><LI>Max Depth = 8<LI>Call Chain = TIMER2_IRQHandler
</UL>
<BR>[Calls]<UL><LI><a href="#[b3]">&gt;&gt;</a>&nbsp;&nbsp;&nbsp;timer_timer_GetIntFlag
<LI><a href="#[b4]">&gt;&gt;</a>&nbsp;&nbsp;&nbsp;timer_timer_ClrIntFlag
</UL>
<BR>[Address Reference Count : 1]<UL><LI> startup.o(RESET)
</UL>
<P><STRONG><a name="[1f]"></a>TIMER3_IRQHandler</STRONG> (Thumb, 84 bytes, Stack size 8 bytes, timer.o(i.TIMER3_IRQHandler))
<BR><BR>[Stack]<UL><LI>Max Depth = 8<LI>Call Chain = TIMER3_IRQHandler
</UL>
<BR>[Calls]<UL><LI><a href="#[b3]">&gt;&gt;</a>&nbsp;&nbsp;&nbsp;timer_timer_GetIntFlag
<LI><a href="#[b4]">&gt;&gt;</a>&nbsp;&nbsp;&nbsp;timer_timer_ClrIntFlag
</UL>
<BR>[Address Reference Count : 1]<UL><LI> startup.o(RESET)
</UL>
<P><STRONG><a name="[14]"></a>UART0_RX_IRQHandler</STRONG> (Thumb, 164 bytes, Stack size 8 bytes, uart.o(i.UART0_RX_IRQHandler))
<BR><BR>[Stack]<UL><LI>Max Depth = 32<LI>Call Chain = UART0_RX_IRQHandler &rArr; uart_rx_int_enable &rArr; uart_uart_SetCRWithMask
</UL>
<BR>[Calls]<UL><LI><a href="#[b5]">&gt;&gt;</a>&nbsp;&nbsp;&nbsp;uart_uart_GetIntFlag
<LI><a href="#[b6]">&gt;&gt;</a>&nbsp;&nbsp;&nbsp;uart_uart_ClrIntFlag
<LI><a href="#[b7]">&gt;&gt;</a>&nbsp;&nbsp;&nbsp;uart_rx_int_enable
</UL>
<BR>[Address Reference Count : 1]<UL><LI> startup.o(RESET)
</UL>
<P><STRONG><a name="[13]"></a>UART0_TX_IRQHandler</STRONG> (Thumb, 92 bytes, Stack size 8 bytes, uart.o(i.UART0_TX_IRQHandler))
<BR><BR>[Stack]<UL><LI>Max Depth = 32<LI>Call Chain = UART0_TX_IRQHandler &rArr; uart_tx_int_enable &rArr; uart_uart_SetCRWithMask
</UL>
<BR>[Calls]<UL><LI><a href="#[b8]">&gt;&gt;</a>&nbsp;&nbsp;&nbsp;uart_uart_SetTXD
<LI><a href="#[b5]">&gt;&gt;</a>&nbsp;&nbsp;&nbsp;uart_uart_GetIntFlag
<LI><a href="#[b9]">&gt;&gt;</a>&nbsp;&nbsp;&nbsp;uart_tx_int_enable
</UL>
<BR>[Address Reference Count : 1]<UL><LI> startup.o(RESET)
</UL>
<P><STRONG><a name="[ba]"></a>UartPutc</STRONG> (Thumb, 48 bytes, Stack size 8 bytes, uart.o(i.UartPutc))
<BR><BR>[Stack]<UL><LI>Max Depth = 8<LI>Call Chain = UartPutc
</UL>
<BR>[Calls]<UL><LI><a href="#[b8]">&gt;&gt;</a>&nbsp;&nbsp;&nbsp;uart_uart_SetTXD
<LI><a href="#[b5]">&gt;&gt;</a>&nbsp;&nbsp;&nbsp;uart_uart_GetIntFlag
</UL>
<BR>[Called By]<UL><LI><a href="#[29]">&gt;&gt;</a>&nbsp;&nbsp;&nbsp;fputc
</UL>

<P><STRONG><a name="[bb]"></a>__0printf</STRONG> (Thumb, 24 bytes, Stack size 24 bytes, printfa.o(i.__0printf), UNUSED)
<BR><BR>[Calls]<UL><LI><a href="#[bc]">&gt;&gt;</a>&nbsp;&nbsp;&nbsp;_printf_core
</UL>

<P><STRONG><a name="[180]"></a>__1printf</STRONG> (Thumb, 0 bytes, Stack size 24 bytes, printfa.o(i.__0printf), UNUSED)

<P><STRONG><a name="[d2]"></a>__2printf</STRONG> (Thumb, 0 bytes, Stack size 24 bytes, printfa.o(i.__0printf))
<BR><BR>[Stack]<UL><LI>Max Depth = 24<LI>Call Chain = __2printf
</UL>
<BR>[Called By]<UL><LI><a href="#[120]">&gt;&gt;</a>&nbsp;&nbsp;&nbsp;app_menu_show_smp_tk_input
<LI><a href="#[11e]">&gt;&gt;</a>&nbsp;&nbsp;&nbsp;app_menu_show_smp_sec_lvl_set
<LI><a href="#[11f]">&gt;&gt;</a>&nbsp;&nbsp;&nbsp;app_menu_show_smp_iocap_set
<LI><a href="#[11d]">&gt;&gt;</a>&nbsp;&nbsp;&nbsp;app_menu_show_smp
<LI><a href="#[121]">&gt;&gt;</a>&nbsp;&nbsp;&nbsp;app_menu_show_qppc
<LI><a href="#[111]">&gt;&gt;</a>&nbsp;&nbsp;&nbsp;app_menu_show_main
<LI><a href="#[117]">&gt;&gt;</a>&nbsp;&nbsp;&nbsp;app_menu_show_gatt_ext_write_req
<LI><a href="#[118]">&gt;&gt;</a>&nbsp;&nbsp;&nbsp;app_menu_show_gatt_ext_write_cmd
<LI><a href="#[116]">&gt;&gt;</a>&nbsp;&nbsp;&nbsp;app_menu_show_gatt_ext_read
<LI><a href="#[119]">&gt;&gt;</a>&nbsp;&nbsp;&nbsp;app_menu_show_gatt_ext_evt_notif
<LI><a href="#[115]">&gt;&gt;</a>&nbsp;&nbsp;&nbsp;app_menu_show_gatt_ext
<LI><a href="#[114]">&gt;&gt;</a>&nbsp;&nbsp;&nbsp;app_menu_show_gatt_disp_all_svc
<LI><a href="#[113]">&gt;&gt;</a>&nbsp;&nbsp;&nbsp;app_menu_show_gatt
<LI><a href="#[11b]">&gt;&gt;</a>&nbsp;&nbsp;&nbsp;app_menu_show_gap_inq_record
<LI><a href="#[11c]">&gt;&gt;</a>&nbsp;&nbsp;&nbsp;app_menu_show_gap_dev_record
<LI><a href="#[11a]">&gt;&gt;</a>&nbsp;&nbsp;&nbsp;app_menu_show_gap_bond_record
<LI><a href="#[112]">&gt;&gt;</a>&nbsp;&nbsp;&nbsp;app_menu_show_gap
<LI><a href="#[106]">&gt;&gt;</a>&nbsp;&nbsp;&nbsp;app_menu_handler_qppc
<LI><a href="#[105]">&gt;&gt;</a>&nbsp;&nbsp;&nbsp;app_menu_handler_main
<LI><a href="#[f9]">&gt;&gt;</a>&nbsp;&nbsp;&nbsp;app_menu_handler_gap_dev_select
<LI><a href="#[75]">&gt;&gt;</a>&nbsp;&nbsp;&nbsp;app_smpc_tk_req_ind_handler
<LI><a href="#[7a]">&gt;&gt;</a>&nbsp;&nbsp;&nbsp;app_smpc_timeout_evt_handler
<LI><a href="#[79]">&gt;&gt;</a>&nbsp;&nbsp;&nbsp;app_smpc_sec_started_ind_handler
<LI><a href="#[76]">&gt;&gt;</a>&nbsp;&nbsp;&nbsp;app_smpc_ltk_req_ind_handler
<LI><a href="#[74]">&gt;&gt;</a>&nbsp;&nbsp;&nbsp;app_smpc_key_ind_handler
<LI><a href="#[77]">&gt;&gt;</a>&nbsp;&nbsp;&nbsp;app_smpc_irk_req_ind_handler
<LI><a href="#[6b]">&gt;&gt;</a>&nbsp;&nbsp;&nbsp;app_gatt_write_char_reliable_resp_handler
<LI><a href="#[68]">&gt;&gt;</a>&nbsp;&nbsp;&nbsp;app_gatt_read_char_resp_handler
<LI><a href="#[69]">&gt;&gt;</a>&nbsp;&nbsp;&nbsp;app_gatt_read_char_mult_resp_handler
<LI><a href="#[6d]">&gt;&gt;</a>&nbsp;&nbsp;&nbsp;app_gatt_notify_cmp_evt_handler
<LI><a href="#[6e]">&gt;&gt;</a>&nbsp;&nbsp;&nbsp;app_gatt_handle_value_notif_handler
<LI><a href="#[6f]">&gt;&gt;</a>&nbsp;&nbsp;&nbsp;app_gatt_handle_value_ind_handler
<LI><a href="#[70]">&gt;&gt;</a>&nbsp;&nbsp;&nbsp;app_gatt_handle_value_cfm_handler
<LI><a href="#[60]">&gt;&gt;</a>&nbsp;&nbsp;&nbsp;app_gatt_disc_svc_incl_cmp_evt_handler
<LI><a href="#[5f]">&gt;&gt;</a>&nbsp;&nbsp;&nbsp;app_gatt_disc_svc_by_uuid_cmp_evt_handler
<LI><a href="#[5e]">&gt;&gt;</a>&nbsp;&nbsp;&nbsp;app_gatt_disc_svc_all_cmp_evt_handler
<LI><a href="#[61]">&gt;&gt;</a>&nbsp;&nbsp;&nbsp;app_gatt_disc_svc_all_128_cmp_evt_handler
<LI><a href="#[71]">&gt;&gt;</a>&nbsp;&nbsp;&nbsp;app_gatt_disc_cmp_evt_handler
<LI><a href="#[66]">&gt;&gt;</a>&nbsp;&nbsp;&nbsp;app_gatt_disc_char_desc_cmp_evt_handler
<LI><a href="#[67]">&gt;&gt;</a>&nbsp;&nbsp;&nbsp;app_gatt_disc_char_desc_128_cmp_evt_handler
<LI><a href="#[63]">&gt;&gt;</a>&nbsp;&nbsp;&nbsp;app_gatt_disc_char_by_uuid_cmp_evt_handler
<LI><a href="#[65]">&gt;&gt;</a>&nbsp;&nbsp;&nbsp;app_gatt_disc_char_by_uuid_128_cmp_evt_handler
<LI><a href="#[62]">&gt;&gt;</a>&nbsp;&nbsp;&nbsp;app_gatt_disc_char_all_cmp_evt_handler
<LI><a href="#[64]">&gt;&gt;</a>&nbsp;&nbsp;&nbsp;app_gatt_disc_char_all_128_cmp_evt_handler
<LI><a href="#[6c]">&gt;&gt;</a>&nbsp;&nbsp;&nbsp;app_gatt_cancel_write_char_resp_handler
<LI><a href="#[54]">&gt;&gt;</a>&nbsp;&nbsp;&nbsp;app_gap_set_recon_addr_req_cmp_handler
<LI><a href="#[5c]">&gt;&gt;</a>&nbsp;&nbsp;&nbsp;app_gap_set_random_add_req_cmp_handler
<LI><a href="#[4d]">&gt;&gt;</a>&nbsp;&nbsp;&nbsp;app_gap_set_privacy_req_cmp_handler
<LI><a href="#[55]">&gt;&gt;</a>&nbsp;&nbsp;&nbsp;app_gap_set_ph_privacy_req_cmp_handler
<LI><a href="#[57]">&gt;&gt;</a>&nbsp;&nbsp;&nbsp;app_gap_set_mode_req_cmp_evt_handler
<LI><a href="#[4a]">&gt;&gt;</a>&nbsp;&nbsp;&nbsp;app_gap_set_devname_req_cmp_evt_handler
<LI><a href="#[50]">&gt;&gt;</a>&nbsp;&nbsp;&nbsp;app_gap_scan_req_cmp_evt_handler
<LI><a href="#[48]">&gt;&gt;</a>&nbsp;&nbsp;&nbsp;app_gap_read_bdaddr_req_cmp_evt_handler
<LI><a href="#[4c]">&gt;&gt;</a>&nbsp;&nbsp;&nbsp;app_gap_param_update_resp_handler
<LI><a href="#[52]">&gt;&gt;</a>&nbsp;&nbsp;&nbsp;app_gap_name_req_cmp_handler
<LI><a href="#[58]">&gt;&gt;</a>&nbsp;&nbsp;&nbsp;app_gap_le_create_conn_req_cmp_evt_handler
<LI><a href="#[4e]">&gt;&gt;</a>&nbsp;&nbsp;&nbsp;app_gap_dev_inq_cmp_handler
<LI><a href="#[5a]">&gt;&gt;</a>&nbsp;&nbsp;&nbsp;app_gap_bond_req_ind_handler
<LI><a href="#[4b]">&gt;&gt;</a>&nbsp;&nbsp;&nbsp;app_gap_adv_req_cmp_evt_handler
</UL>

<P><STRONG><a name="[181]"></a>__c89printf</STRONG> (Thumb, 0 bytes, Stack size 24 bytes, printfa.o(i.__0printf), UNUSED)

<P><STRONG><a name="[182]"></a>printf</STRONG> (Thumb, 0 bytes, Stack size 24 bytes, printfa.o(i.__0printf), UNUSED)

<P><STRONG><a name="[91]"></a>__ARM_clz</STRONG> (Thumb, 46 bytes, Stack size 0 bytes, depilogue.o(i.__ARM_clz))
<BR><BR>[Called By]<UL><LI><a href="#[86]">&gt;&gt;</a>&nbsp;&nbsp;&nbsp;_double_epilogue
</UL>

<P><STRONG><a name="[d6]"></a>__ARM_common_switch8</STRONG> (Thumb, 28 bytes, Stack size 8 bytes, app_menu.o(i.__ARM_common_switch8))
<BR><BR>[Stack]<UL><LI>Max Depth = 8<LI>Call Chain = __ARM_common_switch8
</UL>
<BR>[Called By]<UL><LI><a href="#[f6]">&gt;&gt;</a>&nbsp;&nbsp;&nbsp;app_menu_handler_gap
<LI><a href="#[14b]">&gt;&gt;</a>&nbsp;&nbsp;&nbsp;led_set
<LI><a href="#[5b]">&gt;&gt;</a>&nbsp;&nbsp;&nbsp;app_gap_bond_req_cmp_ind_handler
<LI><a href="#[f5]">&gt;&gt;</a>&nbsp;&nbsp;&nbsp;app_menu_show
<LI><a href="#[10e]">&gt;&gt;</a>&nbsp;&nbsp;&nbsp;app_menu_hdl
</UL>

<P><STRONG><a name="[81]"></a>__aeabi_errno_addr</STRONG> (Thumb, 4 bytes, Stack size 0 bytes, errno.o(i.__aeabi_errno_addr))
<BR><BR>[Called By]<UL><LI><a href="#[80]">&gt;&gt;</a>&nbsp;&nbsp;&nbsp;atoi
<LI><a href="#[90]">&gt;&gt;</a>&nbsp;&nbsp;&nbsp;_strtoul
<LI><a href="#[82]">&gt;&gt;</a>&nbsp;&nbsp;&nbsp;strtol
</UL>

<P><STRONG><a name="[183]"></a>__rt_errno_addr</STRONG> (Thumb, 0 bytes, Stack size 0 bytes, errno.o(i.__aeabi_errno_addr), UNUSED)

<P><STRONG><a name="[bd]"></a>__nvds_get</STRONG> (Thumb, 44 bytes, Stack size 24 bytes, lib.o(i.__nvds_get))
<BR><BR>[Stack]<UL><LI>Max Depth = 52<LI>Call Chain = __nvds_get &rArr; flash_on &rArr; __aeabi_uidivmod
</UL>
<BR>[Calls]<UL><LI><a href="#[be]">&gt;&gt;</a>&nbsp;&nbsp;&nbsp;is_flash_off
<LI><a href="#[bf]">&gt;&gt;</a>&nbsp;&nbsp;&nbsp;flash_on
</UL>
<BR>[Called By]<UL><LI><a href="#[e1]">&gt;&gt;</a>&nbsp;&nbsp;&nbsp;app_set_adv_data
<LI><a href="#[d0]">&gt;&gt;</a>&nbsp;&nbsp;&nbsp;app_smp_init
<LI><a href="#[154]">&gt;&gt;</a>&nbsp;&nbsp;&nbsp;plf_init
</UL>

<P><STRONG><a name="[184]"></a>__scatterload_copy</STRONG> (Thumb, 14 bytes, Stack size unknown bytes, handlers.o(i.__scatterload_copy), UNUSED)

<P><STRONG><a name="[185]"></a>__scatterload_null</STRONG> (Thumb, 2 bytes, Stack size unknown bytes, handlers.o(i.__scatterload_null), UNUSED)

<P><STRONG><a name="[186]"></a>__scatterload_zeroinit</STRONG> (Thumb, 14 bytes, Stack size unknown bytes, handlers.o(i.__scatterload_zeroinit), UNUSED)

<P><STRONG><a name="[c8]"></a>app_add_bonded_dev</STRONG> (Thumb, 52 bytes, Stack size 8 bytes, app_util.o(i.app_add_bonded_dev))
<BR><BR>[Stack]<UL><LI>Max Depth = 8<LI>Call Chain = app_add_bonded_dev
</UL>
<BR>[Calls]<UL><LI><a href="#[c1]">&gt;&gt;</a>&nbsp;&nbsp;&nbsp;__aeabi_memcpy
</UL>
<BR>[Called By]<UL><LI><a href="#[5b]">&gt;&gt;</a>&nbsp;&nbsp;&nbsp;app_gap_bond_req_cmp_ind_handler
</UL>

<P><STRONG><a name="[e6]"></a>app_check_update_conn_param</STRONG> (Thumb, 6 bytes, Stack size 0 bytes, app_util.o(i.app_check_update_conn_param))
<BR><BR>[Called By]<UL><LI><a href="#[53]">&gt;&gt;</a>&nbsp;&nbsp;&nbsp;app_gap_param_update_req_ind_handler
</UL>

<P><STRONG><a name="[c9]"></a>app_correct_rssi</STRONG> (Thumb, 92 bytes, Stack size 48 bytes, app_gap_task.o(i.app_correct_rssi))
<BR><BR>[Stack]<UL><LI>Max Depth = 176<LI>Call Chain = app_correct_rssi &rArr; __aeabi_dmul &rArr; _double_epilogue &rArr; _double_round
</UL>
<BR>[Calls]<UL><LI><a href="#[8b]">&gt;&gt;</a>&nbsp;&nbsp;&nbsp;__aeabi_i2d
<LI><a href="#[8a]">&gt;&gt;</a>&nbsp;&nbsp;&nbsp;__aeabi_dmul
<LI><a href="#[83]">&gt;&gt;</a>&nbsp;&nbsp;&nbsp;__aeabi_dadd
<LI><a href="#[8d]">&gt;&gt;</a>&nbsp;&nbsp;&nbsp;__aeabi_d2iz
</UL>
<BR>[Called By]<UL><LI><a href="#[4f]">&gt;&gt;</a>&nbsp;&nbsp;&nbsp;app_gap_dev_inq_result_handler
</UL>

<P><STRONG><a name="[e7]"></a>app_create_server_service_DB</STRONG> (Thumb, 2 bytes, Stack size 0 bytes, app_util.o(i.app_create_server_service_DB))
<BR><BR>[Called By]<UL><LI><a href="#[48]">&gt;&gt;</a>&nbsp;&nbsp;&nbsp;app_gap_read_bdaddr_req_cmp_evt_handler
</UL>

<P><STRONG><a name="[ca]"></a>app_device_setup</STRONG> (Thumb, 22 bytes, Stack size 16 bytes, app_gap_task.o(i.app_device_setup))
<BR><BR>[Stack]<UL><LI>Max Depth = 104<LI>Call Chain = app_device_setup &rArr; app_menu_cb &rArr; app_menu_show &rArr; app_menu_show_gatt_disp_all_svc &rArr; __2printf
</UL>
<BR>[Calls]<UL><LI><a href="#[cc]">&gt;&gt;</a>&nbsp;&nbsp;&nbsp;app_gap_set_sec_req
<LI><a href="#[cb]">&gt;&gt;</a>&nbsp;&nbsp;&nbsp;app_menu_cb
</UL>
<BR>[Called By]<UL><LI><a href="#[49]">&gt;&gt;</a>&nbsp;&nbsp;&nbsp;app_gap_ready_evt_handler
</UL>

<P><STRONG><a name="[e0]"></a>app_enable_server_service</STRONG> (Thumb, 2 bytes, Stack size 0 bytes, app_util.o(i.app_enable_server_service))
<BR><BR>[Called By]<UL><LI><a href="#[58]">&gt;&gt;</a>&nbsp;&nbsp;&nbsp;app_gap_le_create_conn_req_cmp_evt_handler
<LI><a href="#[59]">&gt;&gt;</a>&nbsp;&nbsp;&nbsp;app_gap_discon_cmp_evt_handler
</UL>

<P><STRONG><a name="[ef]"></a>app_find_bonded_dev</STRONG> (Thumb, 50 bytes, Stack size 16 bytes, app_util.o(i.app_find_bonded_dev))
<BR><BR>[Stack]<UL><LI>Max Depth = 16<LI>Call Chain = app_find_bonded_dev
</UL>
<BR>[Called By]<UL><LI><a href="#[ee]">&gt;&gt;</a>&nbsp;&nbsp;&nbsp;app_get_lk_sec_status
<LI><a href="#[76]">&gt;&gt;</a>&nbsp;&nbsp;&nbsp;app_smpc_ltk_req_ind_handler
</UL>

<P><STRONG><a name="[4b]"></a>app_gap_adv_req_cmp_evt_handler</STRONG> (Thumb, 38 bytes, Stack size 24 bytes, app_gap_task.o(i.app_gap_adv_req_cmp_evt_handler))
<BR><BR>[Stack]<UL><LI>Max Depth = 48<LI>Call Chain = app_gap_adv_req_cmp_evt_handler &rArr; __2printf
</UL>
<BR>[Calls]<UL><LI><a href="#[d3]">&gt;&gt;</a>&nbsp;&nbsp;&nbsp;app_task_msg_hdl
<LI><a href="#[d2]">&gt;&gt;</a>&nbsp;&nbsp;&nbsp;__2printf
</UL>
<BR>[Address Reference Count : 1]<UL><LI> app_task.o(.constdata)
</UL>
<P><STRONG><a name="[d4]"></a>app_gap_adv_start_req</STRONG> (Thumb, 144 bytes, Stack size 40 bytes, app_gap.o(i.app_gap_adv_start_req))
<BR><BR>[Stack]<UL><LI>Max Depth = 40<LI>Call Chain = app_gap_adv_start_req
</UL>
<BR>[Calls]<UL><LI><a href="#[c1]">&gt;&gt;</a>&nbsp;&nbsp;&nbsp;__aeabi_memcpy
</UL>
<BR>[Called By]<UL><LI><a href="#[f6]">&gt;&gt;</a>&nbsp;&nbsp;&nbsp;app_menu_handler_gap
</UL>

<P><STRONG><a name="[f8]"></a>app_gap_adv_stop_req</STRONG> (Thumb, 30 bytes, Stack size 16 bytes, app_gap.o(i.app_gap_adv_stop_req))
<BR><BR>[Stack]<UL><LI>Max Depth = 16<LI>Call Chain = app_gap_adv_stop_req
</UL>
<BR>[Called By]<UL><LI><a href="#[f6]">&gt;&gt;</a>&nbsp;&nbsp;&nbsp;app_menu_handler_gap
</UL>

<P><STRONG><a name="[d5]"></a>app_gap_bond_req</STRONG> (Thumb, 74 bytes, Stack size 40 bytes, app_gap.o(i.app_gap_bond_req))
<BR><BR>[Stack]<UL><LI>Max Depth = 40<LI>Call Chain = app_gap_bond_req
</UL>
<BR>[Calls]<UL><LI><a href="#[c1]">&gt;&gt;</a>&nbsp;&nbsp;&nbsp;__aeabi_memcpy
</UL>
<BR>[Called By]<UL><LI><a href="#[f9]">&gt;&gt;</a>&nbsp;&nbsp;&nbsp;app_menu_handler_gap_dev_select
</UL>

<P><STRONG><a name="[5b]"></a>app_gap_bond_req_cmp_ind_handler</STRONG> (Thumb, 114 bytes, Stack size 24 bytes, app_gap_task.o(i.app_gap_bond_req_cmp_ind_handler))
<BR><BR>[Stack]<UL><LI>Max Depth = 32<LI>Call Chain = app_gap_bond_req_cmp_ind_handler &rArr; app_add_bonded_dev
</UL>
<BR>[Calls]<UL><LI><a href="#[d3]">&gt;&gt;</a>&nbsp;&nbsp;&nbsp;app_task_msg_hdl
<LI><a href="#[c8]">&gt;&gt;</a>&nbsp;&nbsp;&nbsp;app_add_bonded_dev
<LI><a href="#[d6]">&gt;&gt;</a>&nbsp;&nbsp;&nbsp;__ARM_common_switch8
</UL>
<BR>[Address Reference Count : 1]<UL><LI> app_task.o(.constdata)
</UL>
<P><STRONG><a name="[5a]"></a>app_gap_bond_req_ind_handler</STRONG> (Thumb, 108 bytes, Stack size 32 bytes, app_gap_task.o(i.app_gap_bond_req_ind_handler))
<BR><BR>[Stack]<UL><LI>Max Depth = 72<LI>Call Chain = app_gap_bond_req_ind_handler &rArr; app_gap_bond_resp
</UL>
<BR>[Calls]<UL><LI><a href="#[d8]">&gt;&gt;</a>&nbsp;&nbsp;&nbsp;app_gap_bond_resp
<LI><a href="#[d7]">&gt;&gt;</a>&nbsp;&nbsp;&nbsp;app_get_conhdl_by_idx
<LI><a href="#[d2]">&gt;&gt;</a>&nbsp;&nbsp;&nbsp;__2printf
</UL>
<BR>[Address Reference Count : 1]<UL><LI> app_task.o(.constdata)
</UL>
<P><STRONG><a name="[d8]"></a>app_gap_bond_resp</STRONG> (Thumb, 60 bytes, Stack size 40 bytes, app_gap.o(i.app_gap_bond_resp))
<BR><BR>[Stack]<UL><LI>Max Depth = 40<LI>Call Chain = app_gap_bond_resp
</UL>
<BR>[Called By]<UL><LI><a href="#[5a]">&gt;&gt;</a>&nbsp;&nbsp;&nbsp;app_gap_bond_req_ind_handler
</UL>

<P><STRONG><a name="[51]"></a>app_gap_cancel_conn_req_cmp_evt_handler</STRONG> (Thumb, 8 bytes, Stack size 8 bytes, app_gap_task.o(i.app_gap_cancel_conn_req_cmp_evt_handler))
<BR><BR>[Stack]<UL><LI>Max Depth = 8<LI>Call Chain = app_gap_cancel_conn_req_cmp_evt_handler
</UL>
<BR>[Address Reference Count : 1]<UL><LI> app_task.o(.constdata)
</UL>
<P><STRONG><a name="[d9]"></a>app_gap_change_param_req</STRONG> (Thumb, 44 bytes, Stack size 32 bytes, app_gap.o(i.app_gap_change_param_req))
<BR><BR>[Stack]<UL><LI>Max Depth = 32<LI>Call Chain = app_gap_change_param_req
</UL>
<BR>[Calls]<UL><LI><a href="#[c1]">&gt;&gt;</a>&nbsp;&nbsp;&nbsp;__aeabi_memcpy
</UL>
<BR>[Called By]<UL><LI><a href="#[53]">&gt;&gt;</a>&nbsp;&nbsp;&nbsp;app_gap_param_update_req_ind_handler
</UL>

<P><STRONG><a name="[56]"></a>app_gap_change_param_req_cmp_handler</STRONG> (Thumb, 22 bytes, Stack size 24 bytes, app_gap_task.o(i.app_gap_change_param_req_cmp_handler))
<BR><BR>[Stack]<UL><LI>Max Depth = 24<LI>Call Chain = app_gap_change_param_req_cmp_handler
</UL>
<BR>[Calls]<UL><LI><a href="#[d3]">&gt;&gt;</a>&nbsp;&nbsp;&nbsp;app_task_msg_hdl
</UL>
<BR>[Address Reference Count : 1]<UL><LI> app_task.o(.constdata)
</UL>
<P><STRONG><a name="[f7]"></a>app_gap_dev_inq_cancel_req</STRONG> (Thumb, 34 bytes, Stack size 16 bytes, app_gap.o(i.app_gap_dev_inq_cancel_req))
<BR><BR>[Stack]<UL><LI>Max Depth = 16<LI>Call Chain = app_gap_dev_inq_cancel_req
</UL>
<BR>[Called By]<UL><LI><a href="#[f6]">&gt;&gt;</a>&nbsp;&nbsp;&nbsp;app_menu_handler_gap
</UL>

<P><STRONG><a name="[4e]"></a>app_gap_dev_inq_cmp_handler</STRONG> (Thumb, 112 bytes, Stack size 40 bytes, app_gap_task.o(i.app_gap_dev_inq_cmp_handler))
<BR><BR>[Stack]<UL><LI>Max Depth = 64<LI>Call Chain = app_gap_dev_inq_cmp_handler &rArr; __2printf
</UL>
<BR>[Calls]<UL><LI><a href="#[d3]">&gt;&gt;</a>&nbsp;&nbsp;&nbsp;app_task_msg_hdl
<LI><a href="#[d2]">&gt;&gt;</a>&nbsp;&nbsp;&nbsp;__2printf
</UL>
<BR>[Address Reference Count : 1]<UL><LI> app_task.o(.constdata)
</UL>
<P><STRONG><a name="[da]"></a>app_gap_dev_inq_req</STRONG> (Thumb, 60 bytes, Stack size 24 bytes, app_gap.o(i.app_gap_dev_inq_req))
<BR><BR>[Stack]<UL><LI>Max Depth = 24<LI>Call Chain = app_gap_dev_inq_req
</UL>
<BR>[Calls]<UL><LI><a href="#[d3]">&gt;&gt;</a>&nbsp;&nbsp;&nbsp;app_task_msg_hdl
</UL>
<BR>[Called By]<UL><LI><a href="#[105]">&gt;&gt;</a>&nbsp;&nbsp;&nbsp;app_menu_handler_main
<LI><a href="#[f6]">&gt;&gt;</a>&nbsp;&nbsp;&nbsp;app_menu_handler_gap
</UL>

<P><STRONG><a name="[4f]"></a>app_gap_dev_inq_result_handler</STRONG> (Thumb, 214 bytes, Stack size 88 bytes, app_gap_task.o(i.app_gap_dev_inq_result_handler))
<BR><BR>[Stack]<UL><LI>Max Depth = 264<LI>Call Chain = app_gap_dev_inq_result_handler &rArr; app_correct_rssi &rArr; __aeabi_dmul &rArr; _double_epilogue &rArr; _double_round
</UL>
<BR>[Calls]<UL><LI><a href="#[d3]">&gt;&gt;</a>&nbsp;&nbsp;&nbsp;app_task_msg_hdl
<LI><a href="#[c9]">&gt;&gt;</a>&nbsp;&nbsp;&nbsp;app_correct_rssi
<LI><a href="#[dc]">&gt;&gt;</a>&nbsp;&nbsp;&nbsp;app_parser_adv_data
<LI><a href="#[db]">&gt;&gt;</a>&nbsp;&nbsp;&nbsp;memcmp
<LI><a href="#[c1]">&gt;&gt;</a>&nbsp;&nbsp;&nbsp;__aeabi_memcpy
</UL>
<BR>[Address Reference Count : 1]<UL><LI> app_task.o(.constdata)
</UL>
<P><STRONG><a name="[59]"></a>app_gap_discon_cmp_evt_handler</STRONG> (Thumb, 62 bytes, Stack size 32 bytes, app_gap_task.o(i.app_gap_discon_cmp_evt_handler))
<BR><BR>[Stack]<UL><LI>Max Depth = 80<LI>Call Chain = app_gap_discon_cmp_evt_handler &rArr; app_set_link_status_by_conhdl &rArr; app_get_bd_addr_by_conhdl
</UL>
<BR>[Calls]<UL><LI><a href="#[d3]">&gt;&gt;</a>&nbsp;&nbsp;&nbsp;app_task_msg_hdl
<LI><a href="#[de]">&gt;&gt;</a>&nbsp;&nbsp;&nbsp;app_set_link_status_by_conhdl
<LI><a href="#[df]">&gt;&gt;</a>&nbsp;&nbsp;&nbsp;app_set_client_service_status
<LI><a href="#[dd]">&gt;&gt;</a>&nbsp;&nbsp;&nbsp;app_get_bd_addr_by_conhdl
<LI><a href="#[e0]">&gt;&gt;</a>&nbsp;&nbsp;&nbsp;app_enable_server_service
</UL>
<BR>[Address Reference Count : 1]<UL><LI> app_task.o(.constdata)
</UL>
<P><STRONG><a name="[fc]"></a>app_gap_discon_req</STRONG> (Thumb, 34 bytes, Stack size 16 bytes, app_gap.o(i.app_gap_discon_req))
<BR><BR>[Stack]<UL><LI>Max Depth = 16<LI>Call Chain = app_gap_discon_req
</UL>
<BR>[Called By]<UL><LI><a href="#[105]">&gt;&gt;</a>&nbsp;&nbsp;&nbsp;app_menu_handler_main
<LI><a href="#[f9]">&gt;&gt;</a>&nbsp;&nbsp;&nbsp;app_menu_handler_gap_dev_select
</UL>

<P><STRONG><a name="[e3]"></a>app_gap_le_create_conn_req</STRONG> (Thumb, 84 bytes, Stack size 40 bytes, app_gap.o(i.app_gap_le_create_conn_req))
<BR><BR>[Stack]<UL><LI>Max Depth = 40<LI>Call Chain = app_gap_le_create_conn_req
</UL>
<BR>[Calls]<UL><LI><a href="#[c1]">&gt;&gt;</a>&nbsp;&nbsp;&nbsp;__aeabi_memcpy
</UL>
<BR>[Called By]<UL><LI><a href="#[105]">&gt;&gt;</a>&nbsp;&nbsp;&nbsp;app_menu_handler_main
<LI><a href="#[f9]">&gt;&gt;</a>&nbsp;&nbsp;&nbsp;app_menu_handler_gap_dev_select
</UL>

<P><STRONG><a name="[58]"></a>app_gap_le_create_conn_req_cmp_evt_handler</STRONG> (Thumb, 274 bytes, Stack size 48 bytes, app_gap_task.o(i.app_gap_le_create_conn_req_cmp_evt_handler))
<BR><BR>[Stack]<UL><LI>Max Depth = 96<LI>Call Chain = app_gap_le_create_conn_req_cmp_evt_handler &rArr; app_set_link_status_by_conhdl &rArr; app_get_bd_addr_by_conhdl
</UL>
<BR>[Calls]<UL><LI><a href="#[d3]">&gt;&gt;</a>&nbsp;&nbsp;&nbsp;app_task_msg_hdl
<LI><a href="#[e4]">&gt;&gt;</a>&nbsp;&nbsp;&nbsp;app_set_role
<LI><a href="#[de]">&gt;&gt;</a>&nbsp;&nbsp;&nbsp;app_set_link_status_by_conhdl
<LI><a href="#[e0]">&gt;&gt;</a>&nbsp;&nbsp;&nbsp;app_enable_server_service
<LI><a href="#[e5]">&gt;&gt;</a>&nbsp;&nbsp;&nbsp;app_gatt_write_char_req
<LI><a href="#[d2]">&gt;&gt;</a>&nbsp;&nbsp;&nbsp;__2printf
<LI><a href="#[db]">&gt;&gt;</a>&nbsp;&nbsp;&nbsp;memcmp
</UL>
<BR>[Address Reference Count : 1]<UL><LI> app_task.o(.constdata)
</UL>
<P><STRONG><a name="[52]"></a>app_gap_name_req_cmp_handler</STRONG> (Thumb, 78 bytes, Stack size 24 bytes, app_gap_task.o(i.app_gap_name_req_cmp_handler))
<BR><BR>[Stack]<UL><LI>Max Depth = 48<LI>Call Chain = app_gap_name_req_cmp_handler &rArr; __2printf
</UL>
<BR>[Calls]<UL><LI><a href="#[d2]">&gt;&gt;</a>&nbsp;&nbsp;&nbsp;__2printf
</UL>
<BR>[Address Reference Count : 1]<UL><LI> app_task.o(.constdata)
</UL>
<P><STRONG><a name="[53]"></a>app_gap_param_update_req_ind_handler</STRONG> (Thumb, 46 bytes, Stack size 24 bytes, app_gap_task.o(i.app_gap_param_update_req_ind_handler))
<BR><BR>[Stack]<UL><LI>Max Depth = 56<LI>Call Chain = app_gap_param_update_req_ind_handler &rArr; app_gap_change_param_req
</UL>
<BR>[Calls]<UL><LI><a href="#[d9]">&gt;&gt;</a>&nbsp;&nbsp;&nbsp;app_gap_change_param_req
<LI><a href="#[e6]">&gt;&gt;</a>&nbsp;&nbsp;&nbsp;app_check_update_conn_param
</UL>
<BR>[Address Reference Count : 1]<UL><LI> app_task.o(.constdata)
</UL>
<P><STRONG><a name="[4c]"></a>app_gap_param_update_resp_handler</STRONG> (Thumb, 54 bytes, Stack size 24 bytes, app_gap_task.o(i.app_gap_param_update_resp_handler))
<BR><BR>[Stack]<UL><LI>Max Depth = 48<LI>Call Chain = app_gap_param_update_resp_handler &rArr; __2printf
</UL>
<BR>[Calls]<UL><LI><a href="#[d3]">&gt;&gt;</a>&nbsp;&nbsp;&nbsp;app_task_msg_hdl
<LI><a href="#[d2]">&gt;&gt;</a>&nbsp;&nbsp;&nbsp;__2printf
</UL>
<BR>[Address Reference Count : 1]<UL><LI> app_task.o(.constdata)
</UL>
<P><STRONG><a name="[e9]"></a>app_gap_read_bdaddr_req</STRONG> (Thumb, 14 bytes, Stack size 8 bytes, app_gap.o(i.app_gap_read_bdaddr_req))
<BR><BR>[Stack]<UL><LI>Max Depth = 8<LI>Call Chain = app_gap_read_bdaddr_req
</UL>
<BR>[Called By]<UL><LI><a href="#[47]">&gt;&gt;</a>&nbsp;&nbsp;&nbsp;app_gap_read_ver_req_cmp_evt_handler
</UL>

<P><STRONG><a name="[48]"></a>app_gap_read_bdaddr_req_cmp_evt_handler</STRONG> (Thumb, 62 bytes, Stack size 24 bytes, app_gap_task.o(i.app_gap_read_bdaddr_req_cmp_evt_handler))
<BR><BR>[Stack]<UL><LI>Max Depth = 112<LI>Call Chain = app_gap_read_bdaddr_req_cmp_evt_handler &rArr; app_menu_cb &rArr; app_menu_show &rArr; app_menu_show_gatt_disp_all_svc &rArr; __2printf
</UL>
<BR>[Calls]<UL><LI><a href="#[d3]">&gt;&gt;</a>&nbsp;&nbsp;&nbsp;app_task_msg_hdl
<LI><a href="#[e8]">&gt;&gt;</a>&nbsp;&nbsp;&nbsp;app_init_local_smp_key
<LI><a href="#[e7]">&gt;&gt;</a>&nbsp;&nbsp;&nbsp;app_create_server_service_DB
<LI><a href="#[cb]">&gt;&gt;</a>&nbsp;&nbsp;&nbsp;app_menu_cb
<LI><a href="#[d2]">&gt;&gt;</a>&nbsp;&nbsp;&nbsp;__2printf
</UL>
<BR>[Address Reference Count : 1]<UL><LI> app_task.o(.constdata)
</UL>
<P><STRONG><a name="[ea]"></a>app_gap_read_ver_req</STRONG> (Thumb, 14 bytes, Stack size 8 bytes, app_gap.o(i.app_gap_read_ver_req))
<BR><BR>[Stack]<UL><LI>Max Depth = 8<LI>Call Chain = app_gap_read_ver_req
</UL>
<BR>[Called By]<UL><LI><a href="#[46]">&gt;&gt;</a>&nbsp;&nbsp;&nbsp;app_gap_set_sec_req_cmp_evt_handler
</UL>

<P><STRONG><a name="[47]"></a>app_gap_read_ver_req_cmp_evt_handler</STRONG> (Thumb, 44 bytes, Stack size 24 bytes, app_gap_task.o(i.app_gap_read_ver_req_cmp_evt_handler))
<BR><BR>[Stack]<UL><LI>Max Depth = 112<LI>Call Chain = app_gap_read_ver_req_cmp_evt_handler &rArr; app_menu_cb &rArr; app_menu_show &rArr; app_menu_show_gatt_disp_all_svc &rArr; __2printf
</UL>
<BR>[Calls]<UL><LI><a href="#[d3]">&gt;&gt;</a>&nbsp;&nbsp;&nbsp;app_task_msg_hdl
<LI><a href="#[e9]">&gt;&gt;</a>&nbsp;&nbsp;&nbsp;app_gap_read_bdaddr_req
<LI><a href="#[cb]">&gt;&gt;</a>&nbsp;&nbsp;&nbsp;app_menu_cb
</UL>
<BR>[Address Reference Count : 1]<UL><LI> app_task.o(.constdata)
</UL>
<P><STRONG><a name="[49]"></a>app_gap_ready_evt_handler</STRONG> (Thumb, 30 bytes, Stack size 24 bytes, app_gap_task.o(i.app_gap_ready_evt_handler))
<BR><BR>[Stack]<UL><LI>Max Depth = 128<LI>Call Chain = app_gap_ready_evt_handler &rArr; app_device_setup &rArr; app_menu_cb &rArr; app_menu_show &rArr; app_menu_show_gatt_disp_all_svc &rArr; __2printf
</UL>
<BR>[Calls]<UL><LI><a href="#[d3]">&gt;&gt;</a>&nbsp;&nbsp;&nbsp;app_task_msg_hdl
<LI><a href="#[ca]">&gt;&gt;</a>&nbsp;&nbsp;&nbsp;app_device_setup
</UL>
<BR>[Address Reference Count : 1]<UL><LI> app_task.o(.constdata)
</UL>
<P><STRONG><a name="[45]"></a>app_gap_reset_req_cmp_handler</STRONG> (Thumb, 22 bytes, Stack size 24 bytes, app_gap_task.o(i.app_gap_reset_req_cmp_handler))
<BR><BR>[Stack]<UL><LI>Max Depth = 24<LI>Call Chain = app_gap_reset_req_cmp_handler
</UL>
<BR>[Calls]<UL><LI><a href="#[d3]">&gt;&gt;</a>&nbsp;&nbsp;&nbsp;app_task_msg_hdl
</UL>
<BR>[Address Reference Count : 1]<UL><LI> app_task.o(.constdata)
</UL>
<P><STRONG><a name="[50]"></a>app_gap_scan_req_cmp_evt_handler</STRONG> (Thumb, 22 bytes, Stack size 24 bytes, app_gap_task.o(i.app_gap_scan_req_cmp_evt_handler))
<BR><BR>[Stack]<UL><LI>Max Depth = 48<LI>Call Chain = app_gap_scan_req_cmp_evt_handler &rArr; __2printf
</UL>
<BR>[Calls]<UL><LI><a href="#[d2]">&gt;&gt;</a>&nbsp;&nbsp;&nbsp;__2printf
</UL>
<BR>[Address Reference Count : 1]<UL><LI> app_task.o(.constdata)
</UL>
<P><STRONG><a name="[12b]"></a>app_gap_set_bondable_mode_req</STRONG> (Thumb, 30 bytes, Stack size 16 bytes, app_gap.o(i.app_gap_set_bondable_mode_req))
<BR><BR>[Stack]<UL><LI>Max Depth = 16<LI>Call Chain = app_gap_set_bondable_mode_req
</UL>
<BR>[Called By]<UL><LI><a href="#[73]">&gt;&gt;</a>&nbsp;&nbsp;&nbsp;app_smpm_set_key_cfm_handler
</UL>

<P><STRONG><a name="[4a]"></a>app_gap_set_devname_req_cmp_evt_handler</STRONG> (Thumb, 28 bytes, Stack size 24 bytes, app_gap_task.o(i.app_gap_set_devname_req_cmp_evt_handler))
<BR><BR>[Stack]<UL><LI>Max Depth = 48<LI>Call Chain = app_gap_set_devname_req_cmp_evt_handler &rArr; __2printf
</UL>
<BR>[Calls]<UL><LI><a href="#[d3]">&gt;&gt;</a>&nbsp;&nbsp;&nbsp;app_task_msg_hdl
<LI><a href="#[d2]">&gt;&gt;</a>&nbsp;&nbsp;&nbsp;__2printf
</UL>
<BR>[Address Reference Count : 1]<UL><LI> app_task.o(.constdata)
</UL>
<P><STRONG><a name="[57]"></a>app_gap_set_mode_req_cmp_evt_handler</STRONG> (Thumb, 84 bytes, Stack size 24 bytes, app_gap_task.o(i.app_gap_set_mode_req_cmp_evt_handler))
<BR><BR>[Stack]<UL><LI>Max Depth = 48<LI>Call Chain = app_gap_set_mode_req_cmp_evt_handler &rArr; __2printf
</UL>
<BR>[Calls]<UL><LI><a href="#[d3]">&gt;&gt;</a>&nbsp;&nbsp;&nbsp;app_task_msg_hdl
<LI><a href="#[d2]">&gt;&gt;</a>&nbsp;&nbsp;&nbsp;__2printf
</UL>
<BR>[Address Reference Count : 1]<UL><LI> app_task.o(.constdata)
</UL>
<P><STRONG><a name="[55]"></a>app_gap_set_ph_privacy_req_cmp_handler</STRONG> (Thumb, 34 bytes, Stack size 24 bytes, app_gap_task.o(i.app_gap_set_ph_privacy_req_cmp_handler))
<BR><BR>[Stack]<UL><LI>Max Depth = 48<LI>Call Chain = app_gap_set_ph_privacy_req_cmp_handler &rArr; __2printf
</UL>
<BR>[Calls]<UL><LI><a href="#[d2]">&gt;&gt;</a>&nbsp;&nbsp;&nbsp;__2printf
</UL>
<BR>[Address Reference Count : 1]<UL><LI> app_task.o(.constdata)
</UL>
<P><STRONG><a name="[4d]"></a>app_gap_set_privacy_req_cmp_handler</STRONG> (Thumb, 34 bytes, Stack size 24 bytes, app_gap_task.o(i.app_gap_set_privacy_req_cmp_handler))
<BR><BR>[Stack]<UL><LI>Max Depth = 48<LI>Call Chain = app_gap_set_privacy_req_cmp_handler &rArr; __2printf
</UL>
<BR>[Calls]<UL><LI><a href="#[d2]">&gt;&gt;</a>&nbsp;&nbsp;&nbsp;__2printf
</UL>
<BR>[Address Reference Count : 1]<UL><LI> app_task.o(.constdata)
</UL>
<P><STRONG><a name="[5c]"></a>app_gap_set_random_add_req_cmp_handler</STRONG> (Thumb, 26 bytes, Stack size 24 bytes, app_gap_task.o(i.app_gap_set_random_add_req_cmp_handler))
<BR><BR>[Stack]<UL><LI>Max Depth = 48<LI>Call Chain = app_gap_set_random_add_req_cmp_handler &rArr; __2printf
</UL>
<BR>[Calls]<UL><LI><a href="#[d2]">&gt;&gt;</a>&nbsp;&nbsp;&nbsp;__2printf
</UL>
<BR>[Address Reference Count : 1]<UL><LI> app_task.o(.constdata)
</UL>
<P><STRONG><a name="[54]"></a>app_gap_set_recon_addr_req_cmp_handler</STRONG> (Thumb, 34 bytes, Stack size 24 bytes, app_gap_task.o(i.app_gap_set_recon_addr_req_cmp_handler))
<BR><BR>[Stack]<UL><LI>Max Depth = 48<LI>Call Chain = app_gap_set_recon_addr_req_cmp_handler &rArr; __2printf
</UL>
<BR>[Calls]<UL><LI><a href="#[d2]">&gt;&gt;</a>&nbsp;&nbsp;&nbsp;__2printf
</UL>
<BR>[Address Reference Count : 1]<UL><LI> app_task.o(.constdata)
</UL>
<P><STRONG><a name="[cc]"></a>app_gap_set_sec_req</STRONG> (Thumb, 34 bytes, Stack size 16 bytes, app_gap.o(i.app_gap_set_sec_req))
<BR><BR>[Stack]<UL><LI>Max Depth = 16<LI>Call Chain = app_gap_set_sec_req
</UL>
<BR>[Called By]<UL><LI><a href="#[10b]">&gt;&gt;</a>&nbsp;&nbsp;&nbsp;app_menu_handler_smp_sec_lvl_set
<LI><a href="#[ca]">&gt;&gt;</a>&nbsp;&nbsp;&nbsp;app_device_setup
</UL>

<P><STRONG><a name="[46]"></a>app_gap_set_sec_req_cmp_evt_handler</STRONG> (Thumb, 36 bytes, Stack size 24 bytes, app_gap_task.o(i.app_gap_set_sec_req_cmp_evt_handler))
<BR><BR>[Stack]<UL><LI>Max Depth = 32<LI>Call Chain = app_gap_set_sec_req_cmp_evt_handler &rArr; app_gap_read_ver_req
</UL>
<BR>[Calls]<UL><LI><a href="#[d3]">&gt;&gt;</a>&nbsp;&nbsp;&nbsp;app_task_msg_hdl
<LI><a href="#[ea]">&gt;&gt;</a>&nbsp;&nbsp;&nbsp;app_gap_read_ver_req
</UL>
<BR>[Address Reference Count : 1]<UL><LI> app_task.o(.constdata)
</UL>
<P><STRONG><a name="[eb]"></a>app_gap_unpair_req</STRONG> (Thumb, 46 bytes, Stack size 24 bytes, app_gap.o(i.app_gap_unpair_req))
<BR><BR>[Stack]<UL><LI>Max Depth = 24<LI>Call Chain = app_gap_unpair_req
</UL>
<BR>[Calls]<UL><LI><a href="#[c1]">&gt;&gt;</a>&nbsp;&nbsp;&nbsp;__aeabi_memcpy
</UL>
<BR>[Called By]<UL><LI><a href="#[f9]">&gt;&gt;</a>&nbsp;&nbsp;&nbsp;app_menu_handler_gap_dev_select
</UL>

<P><STRONG><a name="[6c]"></a>app_gatt_cancel_write_char_resp_handler</STRONG> (Thumb, 20 bytes, Stack size 24 bytes, app_gatt_task.o(i.app_gatt_cancel_write_char_resp_handler))
<BR><BR>[Stack]<UL><LI>Max Depth = 48<LI>Call Chain = app_gatt_cancel_write_char_resp_handler &rArr; __2printf
[...]
<LI><a href="#[16]">&gt;&gt;</a>&nbsp;&nbsp;&nbsp;SPI0_RX_IRQHandler
</UL>

<P><STRONG><a name="[166]"></a>spi_spi_SetCR0WithMask</STRONG> (Thumb, 22 bytes, Stack size 8 bytes, spi.o(i.spi_spi_SetCR0WithMask))
<BR><BR>[Stack]<UL><LI>Max Depth = 8<LI>Call Chain = spi_spi_SetCR0WithMask
</UL>
<BR>[Called By]<UL><LI><a href="#[9f]">&gt;&gt;</a>&nbsp;&nbsp;&nbsp;spi_tx_int_enable
<LI><a href="#[9d]">&gt;&gt;</a>&nbsp;&nbsp;&nbsp;spi_rx_int_enable
</UL>

<P><STRONG><a name="[9c]"></a>spi_spi_SetTXD</STRONG> (Thumb, 4 bytes, Stack size 0 bytes, spi.o(i.spi_spi_SetTXD))
<BR><BR>[Called By]<UL><LI><a href="#[16]">&gt;&gt;</a>&nbsp;&nbsp;&nbsp;SPI0_RX_IRQHandler
<LI><a href="#[9e]">&gt;&gt;</a>&nbsp;&nbsp;&nbsp;spi_tx_data
</UL>

<P><STRONG><a name="[9e]"></a>spi_tx_data</STRONG> (Thumb, 64 bytes, Stack size 40 bytes, spi.o(i.spi_tx_data))
<BR><BR>[Stack]<UL><LI>Max Depth = 40<LI>Call Chain = spi_tx_data
</UL>
<BR>[Calls]<UL><LI><a href="#[9c]">&gt;&gt;</a>&nbsp;&nbsp;&nbsp;spi_spi_SetTXD
</UL>
<BR>[Called By]<UL><LI><a href="#[15]">&gt;&gt;</a>&nbsp;&nbsp;&nbsp;SPI0_TX_IRQHandler
</UL>

<P><STRONG><a name="[9f]"></a>spi_tx_int_enable</STRONG> (Thumb, 70 bytes, Stack size 16 bytes, spi.o(i.spi_tx_int_enable))
<BR><BR>[Stack]<UL><LI>Max Depth = 24<LI>Call Chain = spi_tx_int_enable &rArr; spi_spi_SetCR0WithMask
</UL>
<BR>[Calls]<UL><LI><a href="#[166]">&gt;&gt;</a>&nbsp;&nbsp;&nbsp;spi_spi_SetCR0WithMask
</UL>
<BR>[Called By]<UL><LI><a href="#[15]">&gt;&gt;</a>&nbsp;&nbsp;&nbsp;SPI0_TX_IRQHandler
</UL>

<P><STRONG><a name="[c0]"></a>__nvds_wrtie</STRONG> (Thumb, 214 bytes, Stack size 40 bytes, lib.o(i.__nvds_wrtie))
<BR><BR>[Stack]<UL><LI>Max Depth = 40<LI>Call Chain = __nvds_wrtie
</UL>
<BR>[Calls]<UL><LI><a href="#[c1]">&gt;&gt;</a>&nbsp;&nbsp;&nbsp;__aeabi_memcpy
</UL>
<BR>[Called By]<UL><LI><a href="#[32]">&gt;&gt;</a>&nbsp;&nbsp;&nbsp;nvds_write
</UL>

<P><STRONG><a name="[2b]"></a>attc_rd_blob_req_handler_patch</STRONG> (Thumb, 32 bytes, Stack size 24 bytes, lib.o(i.attc_rd_blob_req_handler_patch))
<BR><BR>[Stack]<UL><LI>Max Depth = 24<LI>Call Chain = attc_rd_blob_req_handler_patch
</UL>
<BR>[Address Reference Count : 1]<UL><LI> lib.o(i.ble_init)
</UL>
<P><STRONG><a name="[42]"></a>atts_req_error_ind_handler_patch</STRONG> (Thumb, 58 bytes, Stack size 16 bytes, lib.o(i.atts_req_error_ind_handler_patch))
<BR><BR>[Stack]<UL><LI>Max Depth = 16<LI>Call Chain = atts_req_error_ind_handler_patch
</UL>
<BR>[Address Reference Count : 1]<UL><LI> lib.o(i.task_gatt_desc_register)
</UL>
<P><STRONG><a name="[161]"></a>cal_cal_SetCAL0WithMask</STRONG> (Thumb, 12 bytes, Stack size 0 bytes, lib.o(i.cal_cal_SetCAL0WithMask))
<BR><BR>[Called By]<UL><LI><a href="#[15f]">&gt;&gt;</a>&nbsp;&nbsp;&nbsp;powerup_calibration
</UL>

<P><STRONG><a name="[162]"></a>cal_cal_SetCAL1WithMask</STRONG> (Thumb, 12 bytes, Stack size 0 bytes, lib.o(i.cal_cal_SetCAL1WithMask))
<BR><BR>[Called By]<UL><LI><a href="#[15f]">&gt;&gt;</a>&nbsp;&nbsp;&nbsp;powerup_calibration
</UL>

<P><STRONG><a name="[37]"></a>default_enter_sleep_cb</STRONG> (Thumb, 34 bytes, Stack size 8 bytes, lib.o(i.default_enter_sleep_cb))
<BR><BR>[Stack]<UL><LI>Max Depth = 8<LI>Call Chain = default_enter_sleep_cb
</UL>
<BR>[Address Reference Count : 1]<UL><LI> lib.o(i.plf_init)
</UL>
<P><STRONG><a name="[38]"></a>default_exit_sleep_cb</STRONG> (Thumb, 20 bytes, Stack size 8 bytes, lib.o(i.default_exit_sleep_cb))
<BR><BR>[Stack]<UL><LI>Max Depth = 8<LI>Call Chain = default_exit_sleep_cb
</UL>
<BR>[Called By]<UL><LI><a href="#[d]">&gt;&gt;</a>&nbsp;&nbsp;&nbsp;BLE_IRQHandler
</UL>
<BR>[Address Reference Count : 1]<UL><LI> lib.o(i.plf_init)
</UL>
<P><STRONG><a name="[13f]"></a>delay</STRONG> (Thumb, 16 bytes, Stack size 0 bytes, lib.o(i.delay))
<BR><BR>[Called By]<UL><LI><a href="#[15f]">&gt;&gt;</a>&nbsp;&nbsp;&nbsp;powerup_calibration
<LI><a href="#[bf]">&gt;&gt;</a>&nbsp;&nbsp;&nbsp;flash_on
</UL>

<P><STRONG><a name="[15e]"></a>dp_dp_SetRegWithMask</STRONG> (Thumb, 16 bytes, Stack size 0 bytes, lib.o(i.dp_dp_SetRegWithMask))
<BR><BR>[Called By]<UL><LI><a href="#[154]">&gt;&gt;</a>&nbsp;&nbsp;&nbsp;plf_init
<LI><a href="#[13d]">&gt;&gt;</a>&nbsp;&nbsp;&nbsp;sleep_post_process
<LI><a href="#[163]">&gt;&gt;</a>&nbsp;&nbsp;&nbsp;restore_ble_setting
<LI><a href="#[15f]">&gt;&gt;</a>&nbsp;&nbsp;&nbsp;powerup_calibration
</UL>

<P><STRONG><a name="[bf]"></a>flash_on</STRONG> (Thumb, 136 bytes, Stack size 16 bytes, lib.o(i.flash_on))
<BR><BR>[Stack]<UL><LI>Max Depth = 28<LI>Call Chain = flash_on &rArr; __aeabi_uidivmod
</UL>
<BR>[Calls]<UL><LI><a href="#[c7]">&gt;&gt;</a>&nbsp;&nbsp;&nbsp;__aeabi_uidivmod
<LI><a href="#[13e]">&gt;&gt;</a>&nbsp;&nbsp;&nbsp;syscon_SetPGCR2WithMask
<LI><a href="#[13f]">&gt;&gt;</a>&nbsp;&nbsp;&nbsp;delay
</UL>
<BR>[Called By]<UL><LI><a href="#[bd]">&gt;&gt;</a>&nbsp;&nbsp;&nbsp;__nvds_get
<LI><a href="#[154]">&gt;&gt;</a>&nbsp;&nbsp;&nbsp;plf_init
<LI><a href="#[34]">&gt;&gt;</a>&nbsp;&nbsp;&nbsp;nvds_read
</UL>

<P><STRONG><a name="[30]"></a>gap_discon_ind_handler_patch</STRONG> (Thumb, 88 bytes, Stack size 40 bytes, lib.o(i.gap_discon_ind_handler_patch))
<BR><BR>[Stack]<UL><LI>Max Depth = 40<LI>Call Chain = gap_discon_ind_handler_patch
</UL>
<BR>[Address Reference Count : 1]<UL><LI> lib.o(i.ble_init)
</UL>
<P><STRONG><a name="[3e]"></a>gap_set_mode_req_handler_patch</STRONG> (Thumb, 78 bytes, Stack size 24 bytes, lib.o(i.gap_set_mode_req_handler_patch))
<BR><BR>[Stack]<UL><LI>Max Depth = 24<LI>Call Chain = gap_set_mode_req_handler_patch
</UL>
<BR>[Address Reference Count : 1]<UL><LI> lib.o(i.task_gap_desc_register)
</UL>
<P><STRONG><a name="[40]"></a>gatt_read_char_req_handler_patch</STRONG> (Thumb, 58 bytes, Stack size 40 bytes, lib.o(i.gatt_read_char_req_handler_patch))
<BR><BR>[Stack]<UL><LI>Max Depth = 40<LI>Call Chain = gatt_read_char_req_handler_patch
</UL>
<BR>[Address Reference Count : 1]<UL><LI> lib.o(i.task_gatt_desc_register)
</UL>
<P><STRONG><a name="[41]"></a>gatt_write_char_req_handler_patch</STRONG> (Thumb, 222 bytes, Stack size 40 bytes, lib.o(i.gatt_write_char_req_handler_patch))
<BR><BR>[Stack]<UL><LI>Max Depth = 40<LI>Call Chain = gatt_write_char_req_handler_patch
</UL>
<BR>[Calls]<UL><LI><a href="#[c1]">&gt;&gt;</a>&nbsp;&nbsp;&nbsp;__aeabi_memcpy
</UL>
<BR>[Address Reference Count : 1]<UL><LI> lib.o(i.task_gatt_desc_register)
</UL>
<P><STRONG><a name="[be]"></a>is_flash_off</STRONG> (Thumb, 16 bytes, Stack size 0 bytes, lib.o(i.is_flash_off))
<BR><BR>[Called By]<UL><LI><a href="#[bd]">&gt;&gt;</a>&nbsp;&nbsp;&nbsp;__nvds_get
<LI><a href="#[154]">&gt;&gt;</a>&nbsp;&nbsp;&nbsp;plf_init
<LI><a href="#[34]">&gt;&gt;</a>&nbsp;&nbsp;&nbsp;nvds_read
</UL>

<P><STRONG><a name="[2e]"></a>l2cc_data_packet_ind_handler_patch</STRONG> (Thumb, 78 bytes, Stack size 24 bytes, lib.o(i.l2cc_data_packet_ind_handler_patch))
<BR><BR>[Stack]<UL><LI>Max Depth = 24<LI>Call Chain = l2cc_data_packet_ind_handler_patch
</UL>
<BR>[Calls]<UL><LI><a href="#[c1]">&gt;&gt;</a>&nbsp;&nbsp;&nbsp;__aeabi_memcpy
<LI><a href="#[14a]">&gt;&gt;</a>&nbsp;&nbsp;&nbsp;co_buf_rx_get
</UL>
<BR>[Address Reference Count : 1]<UL><LI> lib.o(i.ble_init)
</UL>
<P><STRONG><a name="[43]"></a>l2cc_data_send_rsp_handler_patch</STRONG> (Thumb, 64 bytes, Stack size 16 bytes, lib.o(i.l2cc_data_send_rsp_handler_patch))
<BR><BR>[Stack]<UL><LI>Max Depth = 16<LI>Call Chain = l2cc_data_send_rsp_handler_patch
</UL>
<BR>[Address Reference Count : 1]<UL><LI> lib.o(i.task_gatt_desc_register)
</UL>
<P><STRONG><a name="[3f]"></a>llc_disc_evt_complete_handler_patch</STRONG> (Thumb, 110 bytes, Stack size 24 bytes, lib.o(i.llc_disc_evt_complete_handler_patch))
<BR><BR>[Stack]<UL><LI>Max Depth = 24<LI>Call Chain = llc_disc_evt_complete_handler_patch
</UL>
<BR>[Address Reference Count : 1]<UL><LI> lib.o(i.task_gap_desc_register)
</UL>
<P><STRONG><a name="[2d]"></a>llc_le_con_update_cmd_handler_new</STRONG> (Thumb, 282 bytes, Stack size 72 bytes, lib.o(i.llc_le_con_update_cmd_handler_new))
<BR><BR>[Stack]<UL><LI>Max Depth = 200<LI>Call Chain = llc_le_con_update_cmd_handler_new &rArr; __aeabi_dmul &rArr; _double_epilogue &rArr; _double_round
</UL>
<BR>[Calls]<UL><LI><a href="#[8b]">&gt;&gt;</a>&nbsp;&nbsp;&nbsp;__aeabi_i2d
<LI><a href="#[8a]">&gt;&gt;</a>&nbsp;&nbsp;&nbsp;__aeabi_dmul
<LI><a href="#[8c]">&gt;&gt;</a>&nbsp;&nbsp;&nbsp;__aeabi_ui2d
<LI><a href="#[14c]">&gt;&gt;</a>&nbsp;&nbsp;&nbsp;__aeabi_cdcmple
<LI><a href="#[14d]">&gt;&gt;</a>&nbsp;&nbsp;&nbsp;lld_evt_periodic_alloc
</UL>
<BR>[Address Reference Count : 1]<UL><LI> lib.o(i.ble_init)
</UL>
<P><STRONG><a name="[14e]"></a>lld_con_start</STRONG> (Thumb, 260 bytes, Stack size 40 bytes, lib.o(i.lld_con_start))
<BR><BR>[Stack]<UL><LI>Max Depth = 124<LI>Call Chain = lld_con_start &rArr; lld_evt_scan_create &rArr; lld_evt_periodic_alloc &rArr; __aeabi_uidivmod
</UL>
<BR>[Calls]<UL><LI><a href="#[14f]">&gt;&gt;</a>&nbsp;&nbsp;&nbsp;lld_evt_scan_create
</UL>
<BR>[Called By]<UL><LI><a href="#[151]">&gt;&gt;</a>&nbsp;&nbsp;&nbsp;llm_create_con
</UL>

<P><STRONG><a name="[14d]"></a>lld_evt_periodic_alloc</STRONG> (Thumb, 154 bytes, Stack size 48 bytes, lib.o(i.lld_evt_periodic_alloc))
<BR><BR>[Stack]<UL><LI>Max Depth = 60<LI>Call Chain = lld_evt_periodic_alloc &rArr; __aeabi_uidivmod
</UL>
<BR>[Calls]<UL><LI><a href="#[c7]">&gt;&gt;</a>&nbsp;&nbsp;&nbsp;__aeabi_uidivmod
</UL>
<BR>[Called By]<UL><LI><a href="#[14f]">&gt;&gt;</a>&nbsp;&nbsp;&nbsp;lld_evt_scan_create
<LI><a href="#[2d]">&gt;&gt;</a>&nbsp;&nbsp;&nbsp;llc_le_con_update_cmd_handler_new
</UL>

<P><STRONG><a name="[36]"></a>lld_sleep_lpcycles_2_us</STRONG> (Thumb, 50 bytes, Stack size 8 bytes, lib.o(i.lld_sleep_lpcycles_2_us))
<BR><BR>[Stack]<UL><LI>Max Depth = 8<LI>Call Chain = lld_sleep_lpcycles_2_us
</UL>
<BR>[Calls]<UL><LI><a href="#[150]">&gt;&gt;</a>&nbsp;&nbsp;&nbsp;__aeabi_lmul
</UL>
<BR>[Address Reference Count : 1]<UL><LI> lib.o(i.plf_init)
</UL>
<P><STRONG><a name="[151]"></a>llm_create_con</STRONG> (Thumb, 268 bytes, Stack size 24 bytes, lib.o(i.llm_create_con))
<BR><BR>[Stack]<UL><LI>Max Depth = 152<LI>Call Chain = llm_create_con &rArr; __aeabi_dmul &rArr; _double_epilogue &rArr; _double_round
</UL>
<BR>[Calls]<UL><LI><a href="#[8b]">&gt;&gt;</a>&nbsp;&nbsp;&nbsp;__aeabi_i2d
<LI><a href="#[8a]">&gt;&gt;</a>&nbsp;&nbsp;&nbsp;__aeabi_dmul
<LI><a href="#[c1]">&gt;&gt;</a>&nbsp;&nbsp;&nbsp;__aeabi_memcpy
<LI><a href="#[152]">&gt;&gt;</a>&nbsp;&nbsp;&nbsp;rand
<LI><a href="#[8c]">&gt;&gt;</a>&nbsp;&nbsp;&nbsp;__aeabi_ui2d
<LI><a href="#[14c]">&gt;&gt;</a>&nbsp;&nbsp;&nbsp;__aeabi_cdcmple
<LI><a href="#[153]">&gt;&gt;</a>&nbsp;&nbsp;&nbsp;llm_util_aa_gen
<LI><a href="#[14e]">&gt;&gt;</a>&nbsp;&nbsp;&nbsp;lld_con_start
</UL>
<BR>[Called By]<UL><LI><a href="#[2c]">&gt;&gt;</a>&nbsp;&nbsp;&nbsp;llm_le_create_con_cmd_handler_new
</UL>

<P><STRONG><a name="[3c]"></a>llm_create_con_cmd_complete_handler_patch</STRONG> (Thumb, 120 bytes, Stack size 40 bytes, lib.o(i.llm_create_con_cmd_complete_handler_patch))
<BR><BR>[Stack]<UL><LI>Max Depth = 40<LI>Call Chain = llm_create_con_cmd_complete_handler_patch
</UL>
<BR>[Address Reference Count : 1]<UL><LI> lib.o(i.task_gap_desc_register)
</UL>
<P><STRONG><a name="[2c]"></a>llm_le_create_con_cmd_handler_new</STRONG> (Thumb, 48 bytes, Stack size 8 bytes, lib.o(i.llm_le_create_con_cmd_handler_new))
<BR><BR>[Stack]<UL><LI>Max Depth = 160<LI>Call Chain = llm_le_create_con_cmd_handler_new &rArr; llm_create_con &rArr; __aeabi_dmul &rArr; _double_epilogue &rArr; _double_round
</UL>
<BR>[Calls]<UL><LI><a href="#[151]">&gt;&gt;</a>&nbsp;&nbsp;&nbsp;llm_create_con
</UL>
<BR>[Address Reference Count : 1]<UL><LI> lib.o(i.ble_init)
</UL>
<P><STRONG><a name="[3d]"></a>llm_le_create_con_stat_evt_handler_patch</STRONG> (Thumb, 24 bytes, Stack size 8 bytes, lib.o(i.llm_le_create_con_stat_evt_handler_patch))
<BR><BR>[Stack]<UL><LI>Max Depth = 8<LI>Call Chain = llm_le_create_con_stat_evt_handler_patch
</UL>
<BR>[Address Reference Count : 1]<UL><LI> lib.o(i.task_gap_desc_register)
</UL>
<P><STRONG><a name="[153]"></a>llm_util_aa_gen</STRONG> (Thumb, 98 bytes, Stack size 16 bytes, lib.o(i.llm_util_aa_gen))
<BR><BR>[Stack]<UL><LI>Max Depth = 28<LI>Call Chain = llm_util_aa_gen &rArr; __aeabi_uidivmod
</UL>
<BR>[Calls]<UL><LI><a href="#[152]">&gt;&gt;</a>&nbsp;&nbsp;&nbsp;rand
<LI><a href="#[c7]">&gt;&gt;</a>&nbsp;&nbsp;&nbsp;__aeabi_uidivmod
</UL>
<BR>[Called By]<UL><LI><a href="#[151]">&gt;&gt;</a>&nbsp;&nbsp;&nbsp;llm_create_con
</UL>

<P><STRONG><a name="[15a]"></a>nvds_copy</STRONG> (Thumb, 58 bytes, Stack size 280 bytes, lib.o(i.nvds_copy))
<BR><BR>[Stack]<UL><LI>Max Depth = 304<LI>Call Chain = nvds_copy &rArr; sector_erase_flash_patch
</UL>
<BR>[Calls]<UL><LI><a href="#[15b]">&gt;&gt;</a>&nbsp;&nbsp;&nbsp;sector_erase_flash_patch
</UL>
<BR>[Called By]<UL><LI><a href="#[15c]">&gt;&gt;</a>&nbsp;&nbsp;&nbsp;nvds_restore_backup
<LI><a href="#[33]">&gt;&gt;</a>&nbsp;&nbsp;&nbsp;nvds_erase
</UL>

<P><STRONG><a name="[33]"></a>nvds_erase</STRONG> (Thumb, 40 bytes, Stack size 16 bytes, lib.o(i.nvds_erase))
<BR><BR>[Stack]<UL><LI>Max Depth = 320<LI>Call Chain = nvds_erase &rArr; nvds_copy &rArr; sector_erase_flash_patch
</UL>
<BR>[Calls]<UL><LI><a href="#[15b]">&gt;&gt;</a>&nbsp;&nbsp;&nbsp;sector_erase_flash_patch
<LI><a href="#[15a]">&gt;&gt;</a>&nbsp;&nbsp;&nbsp;nvds_copy
</UL>
<BR>[Address Reference Count : 1]<UL><LI> lib.o(i.plf_init)
</UL>
<P><STRONG><a name="[34]"></a>nvds_read</STRONG> (Thumb, 138 bytes, Stack size 40 bytes, lib.o(i.nvds_read))
<BR><BR>[Stack]<UL><LI>Max Depth = 68<LI>Call Chain = nvds_read &rArr; flash_on &rArr; __aeabi_uidivmod
</UL>
<BR>[Calls]<UL><LI><a href="#[c1]">&gt;&gt;</a>&nbsp;&nbsp;&nbsp;__aeabi_memcpy
<LI><a href="#[be]">&gt;&gt;</a>&nbsp;&nbsp;&nbsp;is_flash_off
<LI><a href="#[bf]">&gt;&gt;</a>&nbsp;&nbsp;&nbsp;flash_on
</UL>
<BR>[Address Reference Count : 1]<UL><LI> lib.o(i.plf_init)
</UL>
<P><STRONG><a name="[15c]"></a>nvds_restore_backup</STRONG> (Thumb, 98 bytes, Stack size 272 bytes, lib.o(i.nvds_restore_backup))
<BR><BR>[Stack]<UL><LI>Max Depth = 576<LI>Call Chain = nvds_restore_backup &rArr; nvds_copy &rArr; sector_erase_flash_patch
</UL>
<BR>[Calls]<UL><LI><a href="#[db]">&gt;&gt;</a>&nbsp;&nbsp;&nbsp;memcmp
<LI><a href="#[15a]">&gt;&gt;</a>&nbsp;&nbsp;&nbsp;nvds_copy
</UL>
<BR>[Called By]<UL><LI><a href="#[154]">&gt;&gt;</a>&nbsp;&nbsp;&nbsp;plf_init
</UL>

<P><STRONG><a name="[32]"></a>nvds_write</STRONG> (Thumb, 78 bytes, Stack size 32 bytes, lib.o(i.nvds_write))
<BR><BR>[Stack]<UL><LI>Max Depth = 72<LI>Call Chain = nvds_write &rArr; __nvds_wrtie
</UL>
<BR>[Calls]<UL><LI><a href="#[c0]">&gt;&gt;</a>&nbsp;&nbsp;&nbsp;__nvds_wrtie
</UL>
<BR>[Address Reference Count : 1]<UL><LI> lib.o(i.plf_init)
</UL>
<P><STRONG><a name="[39]"></a>plf_reset_cb</STRONG> (Thumb, 12 bytes, Stack size 0 bytes, lib.o(i.plf_reset_cb))
<BR>[Address Reference Count : 1]<UL><LI> lib.o(i.plf_init)
</UL>
<P><STRONG><a name="[15f]"></a>powerup_calibration</STRONG> (Thumb, 282 bytes, Stack size 24 bytes, lib.o(i.powerup_calibration))
<BR><BR>[Stack]<UL><LI>Max Depth = 24<LI>Call Chain = powerup_calibration
</UL>
<BR>[Calls]<UL><LI><a href="#[136]">&gt;&gt;</a>&nbsp;&nbsp;&nbsp;syscon_SetPGCR1WithMask
<LI><a href="#[15e]">&gt;&gt;</a>&nbsp;&nbsp;&nbsp;dp_dp_SetRegWithMask
<LI><a href="#[13f]">&gt;&gt;</a>&nbsp;&nbsp;&nbsp;delay
<LI><a href="#[162]">&gt;&gt;</a>&nbsp;&nbsp;&nbsp;cal_cal_SetCAL1WithMask
<LI><a href="#[161]">&gt;&gt;</a>&nbsp;&nbsp;&nbsp;cal_cal_SetCAL0WithMask
</UL>
<BR>[Called By]<UL><LI><a href="#[154]">&gt;&gt;</a>&nbsp;&nbsp;&nbsp;plf_init
</UL>

<P><STRONG><a name="[15b]"></a>sector_erase_flash_patch</STRONG> (Thumb, 38 bytes, Stack size 24 bytes, lib.o(i.sector_erase_flash_patch))
<BR><BR>[Stack]<UL><LI>Max Depth = 24<LI>Call Chain = sector_erase_flash_patch
</UL>
<BR>[Called By]<UL><LI><a href="#[33]">&gt;&gt;</a>&nbsp;&nbsp;&nbsp;nvds_erase
<LI><a href="#[15a]">&gt;&gt;</a>&nbsp;&nbsp;&nbsp;nvds_copy
</UL>

<P><STRONG><a name="[2f]"></a>smp_rtx_ind_handler_patch</STRONG> (Thumb, 70 bytes, Stack size 24 bytes, lib.o(i.smp_rtx_ind_handler_patch))
<BR><BR>[Stack]<UL><LI>Max Depth = 24<LI>Call Chain = smp_rtx_ind_handler_patch
</UL>
<BR>[Address Reference Count : 1]<UL><LI> lib.o(i.ble_init)
</UL>
<P><STRONG><a name="[135]"></a>syscon_SetIvrefX32WithMask</STRONG> (Thumb, 14 bytes, Stack size 0 bytes, lib.o(i.syscon_SetIvrefX32WithMask))
<BR><BR>[Called By]<UL><LI><a href="#[154]">&gt;&gt;</a>&nbsp;&nbsp;&nbsp;plf_init
<LI><a href="#[134]">&gt;&gt;</a>&nbsp;&nbsp;&nbsp;dc_dc_enable
</UL>

<P><STRONG><a name="[136]"></a>syscon_SetPGCR1WithMask</STRONG> (Thumb, 14 bytes, Stack size 0 bytes, lib.o(i.syscon_SetPGCR1WithMask))
<BR><BR>[Called By]<UL><LI><a href="#[154]">&gt;&gt;</a>&nbsp;&nbsp;&nbsp;plf_init
<LI><a href="#[134]">&gt;&gt;</a>&nbsp;&nbsp;&nbsp;dc_dc_enable
<LI><a href="#[13d]">&gt;&gt;</a>&nbsp;&nbsp;&nbsp;sleep_post_process
<LI><a href="#[15f]">&gt;&gt;</a>&nbsp;&nbsp;&nbsp;powerup_calibration
</UL>

<P><STRONG><a name="[13e]"></a>syscon_SetPGCR2WithMask</STRONG> (Thumb, 14 bytes, Stack size 0 bytes, lib.o(i.syscon_SetPGCR2WithMask))
<BR><BR>[Called By]<UL><LI><a href="#[154]">&gt;&gt;</a>&nbsp;&nbsp;&nbsp;plf_init
<LI><a href="#[bf]">&gt;&gt;</a>&nbsp;&nbsp;&nbsp;flash_on
</UL>

<P><STRONG><a name="[15d]"></a>syscon_SetXtalBuckWithMask</STRONG> (Thumb, 14 bytes, Stack size 0 bytes, lib.o(i.syscon_SetXtalBuckWithMask))
<BR><BR>[Called By]<UL><LI><a href="#[154]">&gt;&gt;</a>&nbsp;&nbsp;&nbsp;plf_init
</UL>

<P><STRONG><a name="[12f]"></a>task_gap_desc_register</STRONG> (Thumb, 242 bytes, Stack size 40 bytes, lib.o(i.task_gap_desc_register))
<BR><BR>[Stack]<UL><LI>Max Depth = 40<LI>Call Chain = task_gap_desc_register
</UL>
<BR>[Calls]<UL><LI><a href="#[126]">&gt;&gt;</a>&nbsp;&nbsp;&nbsp;__aeabi_memcpy4
</UL>
<BR>[Called By]<UL><LI><a href="#[12d]">&gt;&gt;</a>&nbsp;&nbsp;&nbsp;ble_init
</UL>

<P><STRONG><a name="[12e]"></a>task_gatt_desc_register</STRONG> (Thumb, 132 bytes, Stack size 32 bytes, lib.o(i.task_gatt_desc_register))
<BR><BR>[Stack]<UL><LI>Max Depth = 32<LI>Call Chain = task_gatt_desc_register
</UL>
<BR>[Calls]<UL><LI><a href="#[126]">&gt;&gt;</a>&nbsp;&nbsp;&nbsp;__aeabi_memcpy4
</UL>
<BR>[Called By]<UL><LI><a href="#[12d]">&gt;&gt;</a>&nbsp;&nbsp;&nbsp;ble_init
</UL>

<P><STRONG><a name="[c2]"></a>_fp_digits</STRONG> (Thumb, 316 bytes, Stack size 56 bytes, printfa.o(i._fp_digits), UNUSED)
<BR><BR>[Calls]<UL><LI><a href="#[8a]">&gt;&gt;</a>&nbsp;&nbsp;&nbsp;__aeabi_dmul
<LI><a href="#[83]">&gt;&gt;</a>&nbsp;&nbsp;&nbsp;__aeabi_dadd
<LI><a href="#[92]">&gt;&gt;</a>&nbsp;&nbsp;&nbsp;__aeabi_ddiv
<LI><a href="#[93]">&gt;&gt;</a>&nbsp;&nbsp;&nbsp;__aeabi_d2ulz
<LI><a href="#[c3]">&gt;&gt;</a>&nbsp;&nbsp;&nbsp;__aeabi_cdrcmple
<LI><a href="#[c4]">&gt;&gt;</a>&nbsp;&nbsp;&nbsp;__aeabi_uldivmod
</UL>
<BR>[Called By]<UL><LI><a href="#[bc]">&gt;&gt;</a>&nbsp;&nbsp;&nbsp;_printf_core
</UL>

<P><STRONG><a name="[bc]"></a>_printf_core</STRONG> (Thumb, 1754 bytes, Stack size 128 bytes, printfa.o(i._printf_core), UNUSED)
<BR><BR>[Calls]<UL><LI><a href="#[c5]">&gt;&gt;</a>&nbsp;&nbsp;&nbsp;_printf_pre_padding
<LI><a href="#[c6]">&gt;&gt;</a>&nbsp;&nbsp;&nbsp;_printf_post_padding
<LI><a href="#[c2]">&gt;&gt;</a>&nbsp;&nbsp;&nbsp;_fp_digits
<LI><a href="#[c7]">&gt;&gt;</a>&nbsp;&nbsp;&nbsp;__aeabi_uidivmod
<LI><a href="#[c4]">&gt;&gt;</a>&nbsp;&nbsp;&nbsp;__aeabi_uldivmod
</UL>
<BR>[Called By]<UL><LI><a href="#[bb]">&gt;&gt;</a>&nbsp;&nbsp;&nbsp;__0printf
</UL>

<P><STRONG><a name="[c6]"></a>_printf_post_padding</STRONG> (Thumb, 32 bytes, Stack size 24 bytes, printfa.o(i._printf_post_padding), UNUSED)
<BR><BR>[Called By]<UL><LI><a href="#[bc]">&gt;&gt;</a>&nbsp;&nbsp;&nbsp;_printf_core
</UL>

<P><STRONG><a name="[c5]"></a>_printf_pre_padding</STRONG> (Thumb, 44 bytes, Stack size 40 bytes, printfa.o(i._printf_pre_padding), UNUSED)
<BR><BR>[Called By]<UL><LI><a href="#[bc]">&gt;&gt;</a>&nbsp;&nbsp;&nbsp;_printf_core
</UL>
<P>
<H3>
Undefined Global Symbols
</H3><HR></body></html>
