Component: ARM Compiler 5.05 (build 41) Tool: armlink [4d0eb9]

==============================================================================

Section Cross References

    startup.o(RESET) refers to startup.o(STACK) for __initial_sp
    startup.o(RESET) refers to startup.o(.text) for Reset_Handler
    startup.o(RESET) refers to gpio.o(i.GPIO_IRQHandler) for GPIO_IRQHandler
    startup.o(RESET) refers to lib.o(i.BLE_IRQHandler) for BLE_IRQHandler
    startup.o(RESET) refers to sleep.o(i.OSC_EN_IRQHandler) for OSC_EN_IRQHandler
    startup.o(RESET) refers to dma.o(i.DMA_IRQHandler) for DMA_IRQHandler
    startup.o(RESET) refers to uart.o(i.UART0_TX_IRQHandler) for UART0_TX_IRQHandler
    startup.o(RESET) refers to uart.o(i.UART0_RX_IRQHandler) for UART0_RX_IRQHandler
    startup.o(RESET) refers to spi.o(i.SPI0_TX_IRQHandler) for SPI0_TX_IRQHandler
    startup.o(RESET) refers to spi.o(i.SPI0_RX_IRQHandler) for SPI0_RX_IRQHandler
    startup.o(RESET) refers to timer.o(i.TIMER1_IRQHandler) for TIMER1_IRQHandler
    startup.o(RESET) refers to timer.o(i.TIMER2_IRQHandler) for TIMER2_IRQHandler
    startup.o(RESET) refers to timer.o(i.TIMER3_IRQHandler) for TIMER3_IRQHandler
    startup.o(.text) refers to entry.o(.ARM.Collect$$$$00000000) for __main
    app_main.o(i.assert_err) refers to printf8.o(i.__0printf$8) for __2printf
    app_main.o(i.assert_warn) refers to printf8.o(i.__0printf$8) for __2printf
    app_main.o(i.main) refers to lib.o(i.dc_dc_enable) for dc_dc_enable
    app_main.o(i.main) refers to lib.o(i.plf_init) for plf_init
    app_main.o(i.main) refers to system.o(i.SystemInit) for SystemInit
    app_main.o(i.main) refers to app_main.o(i.prf_register) for prf_register
    app_main.o(i.main) refers to lib.o(i.ble_init) for ble_init
    app_main.o(i.main) refers to app_env.o(i.app_init) for app_init
    app_main.o(i.main) refers to usr_design.o(i.usr_init) for usr_init
    app_main.o(i.main) refers to sleep.o(i.sleep_init) for sleep_init
    app_main.o(i.main) refers to sleep.o(i.wakeup_by_sleep_timer) for wakeup_by_sleep_timer
    app_main.o(i.main) refers to lib.o(i.ke_schedule) for ke_schedule
    app_main.o(i.main) refers to sleep.o(i.usr_sleep) for usr_sleep
    app_main.o(i.main) refers to lib.o(i.ble_sleep) for ble_sleep
    app_main.o(i.main) refers to led.o(i.led_set) for led_set
    app_main.o(i.main) refers to sleep.o(i.enter_sleep) for enter_sleep
    app_main.o(i.main) refers to app_main.o(.bss) for ble_heap
    app_main.o(i.main) refers to sleep.o(i.sleep_cb) for sleep_cb
    app_main.o(i.prf_register) refers to prf_utils.o(i.prf_init) for prf_init
    app_main.o(i.prf_register) refers to prf_utils.o(i.prf_dispatch_disconnect) for prf_dispatch_disconnect
    system.o(i.SystemInit) refers to system.o(i.timer_clock_off) for timer_clock_off
    system.o(i.SystemInit) refers to system.o(i.uart_clock_off) for uart_clock_off
    system.o(i.SystemInit) refers to system.o(i.spi_clock_off) for spi_clock_off
    system.o(i.SystemInit) refers to system.o(i.syscon_SetCRSS) for syscon_SetCRSS
    system.o(i.SystemInit) refers to system.o(i.syscon_SetCRSC) for syscon_SetCRSC
    system.o(i.SystemInit) refers to syscon.o(i.syscon_set_sysclk_src) for syscon_set_sysclk_src
    system.o(i.SystemInit) refers to syscon.o(i.syscon_set_ahb_clk) for syscon_set_ahb_clk
    system.o(i.SystemInit) refers to syscon.o(i.syscon_set_ble_clk) for syscon_set_ble_clk
    system.o(i.SystemInit) refers to syscon.o(i.syscon_set_apb_clk) for syscon_set_apb_clk
    system.o(i.SystemInit) refers to syscon.o(i.syscon_set_timer_clk) for syscon_set_timer_clk
    system.o(i.SystemInit) refers to syscon.o(i.syscon_set_usart_clk) for syscon_set_usart_clk
    system.o(i.SystemInit) refers to system.o(i.syscon_SetPGCR1WithMask) for syscon_SetPGCR1WithMask
    system.o(i.SystemInit) refers to system.o(i.syscon_SetCMDCRWithMask) for syscon_SetCMDCRWithMask
    system.o(i.SystemInit) refers to system.o(i.SystemIOCfg) for SystemIOCfg
    system.o(i.SystemInit) refers to gpio.o(i.gpio_init) for gpio_init
    system.o(i.SystemInit) refers to led.o(i.led_init) for led_init
    system.o(i.SystemInit) refers to uart.o(i.uart_init) for uart_init
    system.o(i.SystemInit) refers to system.o(i.uart_uart_SetCRWithMask) for uart_uart_SetCRWithMask
    system.o(i.SystemInit) refers to sleep.o(.data) for sleep_env
    system.o(i.spi_clock_off) refers to system.o(i.syscon_SetCRSS) for syscon_SetCRSS
    system.o(i.timer_clock_off) refers to system.o(i.syscon_SetCRSS) for syscon_SetCRSS
    system.o(i.uart_clock_off) refers to system.o(i.syscon_SetCRSS) for syscon_SetCRSS
    pff.o(i.check_fs) refers to diskio.o(i.disk_readp) for disk_readp
    pff.o(i.clust2sect) refers to pff.o(.data) for FatFs
    pff.o(i.create_name) refers to pff.o(i.mem_set) for mem_set
    pff.o(i.dir_find) refers to pff.o(i.dir_rewind) for dir_rewind
    pff.o(i.dir_find) refers to diskio.o(i.disk_readp) for disk_readp
[...]
    i.syscon_set_timer_clk                   0x10007cd4   Section        0  syscon.o(i.syscon_set_timer_clk)
    i.syscon_set_usart_clk                   0x10007d0c   Section        0  syscon.o(i.syscon_set_usart_clk)
    i.task_app_desc_register                 0x10007d90   Section        0  app_task.o(i.task_app_desc_register)
    i.task_gap_desc_register                 0x10007dcc   Section        0  lib.o(i.task_gap_desc_register)
    task_gap_desc_register                   0x10007dcd   Thumb Code   242  lib.o(i.task_gap_desc_register)
    i.task_gatt_desc_register                0x10007f2c   Section        0  lib.o(i.task_gatt_desc_register)
    task_gatt_desc_register                  0x10007f2d   Thumb Code   132  lib.o(i.task_gatt_desc_register)
    i.timer_clock_off                        0x10007ff8   Section        0  system.o(i.timer_clock_off)
    timer_clock_off                          0x10007ff9   Thumb Code    50  system.o(i.timer_clock_off)
    i.timer_timer_ClrIntFlag                 0x10008038   Section        0  timer.o(i.timer_timer_ClrIntFlag)
    timer_timer_ClrIntFlag                   0x10008039   Thumb Code     4  timer.o(i.timer_timer_ClrIntFlag)
    i.timer_timer_GetIntFlag                 0x1000803c   Section        0  timer.o(i.timer_timer_GetIntFlag)
    timer_timer_GetIntFlag                   0x1000803d   Thumb Code     6  timer.o(i.timer_timer_GetIntFlag)
    i.uart_clock_off                         0x10008044   Section        0  system.o(i.uart_clock_off)
    uart_clock_off                           0x10008045   Thumb Code    50  system.o(i.uart_clock_off)
    i.uart_init                              0x10008080   Section        0  uart.o(i.uart_init)
    i.uart_process_tx_byte                   0x1000814c   Section        0  uart.o(i.uart_process_tx_byte)
    uart_process_tx_byte                     0x1000814d   Thumb Code   114  uart.o(i.uart_process_tx_byte)
    i.uart_read                              0x100081c4   Section        0  uart.o(i.uart_read)
    i.uart_receive_data                      0x10008210   Section        0  uart.o(i.uart_receive_data)
    uart_receive_data                        0x10008211   Thumb Code    66  uart.o(i.uart_receive_data)
    i.uart_rx_int_enable                     0x10008252   Section        0  uart.o(i.uart_rx_int_enable)
    uart_rx_int_enable                       0x10008253   Thumb Code    22  uart.o(i.uart_rx_int_enable)
    i.uart_tx_int_enable                     0x10008268   Section        0  uart.o(i.uart_tx_int_enable)
    uart_tx_int_enable                       0x10008269   Thumb Code    70  uart.o(i.uart_tx_int_enable)
    i.uart_uart_ClrIntFlag                   0x100082b8   Section        0  uart.o(i.uart_uart_ClrIntFlag)
    uart_uart_ClrIntFlag                     0x100082b9   Thumb Code     4  uart.o(i.uart_uart_ClrIntFlag)
    i.uart_uart_GetIntFlag                   0x100082bc   Section        0  uart.o(i.uart_uart_GetIntFlag)
    uart_uart_GetIntFlag                     0x100082bd   Thumb Code     6  uart.o(i.uart_uart_GetIntFlag)
    i.uart_uart_SetCRWithMask                0x100082c2   Section        0  system.o(i.uart_uart_SetCRWithMask)
    uart_uart_SetCRWithMask                  0x100082c3   Thumb Code    22  system.o(i.uart_uart_SetCRWithMask)
    i.uart_uart_SetCRWithMask                0x100082d8   Section        0  uart.o(i.uart_uart_SetCRWithMask)
    uart_uart_SetCRWithMask                  0x100082d9   Thumb Code    22  uart.o(i.uart_uart_SetCRWithMask)
    i.uart_uart_SetTXD                       0x100082ee   Section        0  uart.o(i.uart_uart_SetTXD)
    uart_uart_SetTXD                         0x100082ef   Thumb Code     4  uart.o(i.uart_uart_SetTXD)
    i.usr_init                               0x100082f2   Section        0  usr_design.o(i.usr_init)
    i.usr_sleep                              0x100082f4   Section        0  sleep.o(i.usr_sleep)
    i.usr_sleep_restore                      0x100082f8   Section        0  usr_design.o(i.usr_sleep_restore)
    i.wakeup_by_sleep_timer                  0x100082fc   Section        0  sleep.o(i.wakeup_by_sleep_timer)
    .constdata                               0x1000836c   Section      520  app_task.o(.constdata)
    .constdata                               0x10008574   Section       51  uart.o(.constdata)
    .constdata                               0x100085a8   Section       40  lib.o(.constdata)
    .constdata                               0x100085d0   Section      129  ctype_o.o(.constdata)
    .constdata                               0x10008654   Section        4  ctype_o.o(.constdata)
    table                                    0x10008654   Data           4  ctype_o.o(.constdata)
    .conststring                             0x10008658   Section       69  app_gap_task.o(.conststring)
    .conststring                             0x100086a0   Section      238  app_gatt_task.o(.conststring)
    .conststring                             0x10008790   Section       85  app_smp_task.o(.conststring)
    .data                                    0x100087f8   Section       80  app_menu.o(.data)
    .data                                    0x10008848   Section        2  app_task.o(.data)
    .data                                    0x1000884a   Section        8  app_gap_task.o(.data)
    .data                                    0x10008852   Section        1  app_gatt_task.o(.data)
    TransmitEnableFlag                       0x10008852   Data           1  app_gatt_task.o(.data)
    .data                                    0x10008854   Section        4  gpio.o(.data)
    gpio_env                                 0x10008854   Data           4  gpio.o(.data)
    .data                                    0x10008858   Section       25  sleep.o(.data)
    .data                                    0x10008874   Section       12  syscon.o(.data)
    .data                                    0x10008880   Section       24  timer.o(.data)
    .data                                    0x10008898   Section        4  dma.o(.data)
    dma_env                                  0x10008898   Data           4  dma.o(.data)
    .data                                    0x1000889c   Section        8  retarget.o(.data)
    .data                                    0x100088a4   Section       72  lib.o(.data)
    ext_ctrl                                 0x100088a4   Data           1  lib.o(.data)
    acc                                      0x100088a5   Data           1  lib.o(.data)
    dc_dc_flag                               0x100088a6   Data           1  lib.o(.data)
    l2cm_default_handler                     0x100088bc   Data           8  lib.o(.data)
    gap_default_handler                      0x100088c4   Data           8  lib.o(.data)
    gatt_default_handler_new                 0x100088cc   Data           8  lib.o(.data)
    smpc_default_handler_new                 0x100088d4   Data           8  lib.o(.data)
    llm_default_handler_new                  0x100088dc   Data           8  lib.o(.data)
    llc_default_handler_new                  0x100088e4   Data           8  lib.o(.data)
    .data                                    0x100088ec   Section        4  rand.o(.data)
    _rand_state                              0x100088ec   Data           4  rand.o(.data)
    .data                                    0x100088f0   Section        4  errno.o(.data)
    _errno                                   0x100088f0   Data           4  errno.o(.data)
    .bss                                     0x100088f4   Section     2852  app_main.o(.bss)
    ble_heap                                 0x100088f4   Data        2852  app_main.o(.bss)
    .bss                                     0x10009418   Section     1264  app_env.o(.bss)
    .bss                                     0x10009908   Section     5620  app_menu.o(.bss)
    .bss                                     0x1000aefc   Section      256  app_sys.o(.bss)
    .bss                                     0x1000affc   Section      320  uart.o(.bss)
    uart0_env                                0x1000affc   Data          24  uart.o(.bss)
    uart1_env                                0x1000b014   Data          24  uart.o(.bss)
    .bss                                     0x1000b13c   Section       56  spi.o(.bss)
    spi0_env                                 0x1000b13c   Data          28  spi.o(.bss)
    spi1_env                                 0x1000b158   Data          28  spi.o(.bss)
    .bss                                     0x1000b174   Section     2192  lib.o(.bss)
    gap_state_handler_new                    0x1000b174   Data          80  lib.o(.bss)
    gatt_state_handler_new                   0x1000b1c4   Data          16  lib.o(.bss)
    attc_connected_new                       0x1000b1d4   Data         104  lib.o(.bss)
    attc_state_handler_new                   0x1000b23c   Data          40  lib.o(.bss)
    atts_resource_init_state_new             0x1000b264   Data          32  lib.o(.bss)
    atts_state_handler_new                   0x1000b284   Data          24  lib.o(.bss)
    llm_default_state_new                    0x1000b29c   Data         304  lib.o(.bss)
    llc_default_state_new                    0x1000b3cc   Data         296  lib.o(.bss)
    l2cm_default_state_new                   0x1000b4f4   Data          72  lib.o(.bss)
    gap_scan_new                             0x1000b53c   Data          80  lib.o(.bss)
    gap_default_state_new                    0x1000b58c   Data         368  lib.o(.bss)
    gap_connsetup_new                        0x1000b6fc   Data          48  lib.o(.bss)
    gatt_default_state_new                   0x1000b82c   Data         272  lib.o(.bss)
    smpc_default_state_new                   0x1000b93c   Data         200  lib.o(.bss)
    STACK                                    0x1000ba08   Section      512  startup.o(STACK)

    Global Symbols

    Symbol Name                              Value     Ov Type        Size  Object(Section)

    BuildAttributes$$THM_ISAv3M$S$PE$A:L22$X:L11$S22$IEEE1$IW$USESV6$~STKCKD$USESV7$~SHL$OSPACE$ROPI$EBA8$MICROLIB$REQ8$PRES8$EABIv2 0x00000000   Number         0  anon$$obj.o ABSOLUTE
    __ARM_use_no_argv                        0x00000000   Number         0  app_main.o ABSOLUTE
    __use_no_errno                           0x00000000   Number         0  useno.o ABSOLUTE
    __use_no_exception_handling              0x00000000   Number         0  useno.o ABSOLUTE
    __use_no_fp                              0x00000000   Number         0  useno.o ABSOLUTE
    __use_no_heap                            0x00000000   Number         0  useno.o ABSOLUTE
    __use_no_heap_region                     0x00000000   Number         0  useno.o ABSOLUTE
    __use_no_semihosting                     0x00000000   Number         0  useno.o ABSOLUTE
    __use_no_semihosting_swi                 0x00000000   Number         0  useno.o ABSOLUTE
    __use_no_signal_handling                 0x00000000   Number         0  useno.o ABSOLUTE
    _printf_a                                0x00000000   Number         0  stubs.o ABSOLUTE
    _printf_c                                0x00000000   Number         0  stubs.o ABSOLUTE
    _printf_charcount                        0x00000000   Number         0  stubs.o ABSOLUTE
    _printf_d                                0x00000000   Number         0  stubs.o ABSOLUTE
    _printf_e                                0x00000000   Number         0  stubs.o ABSOLUTE
    _printf_f                                0x00000000   Number         0  stubs.o ABSOLUTE
    _printf_flags                            0x00000000   Number         0  stubs.o ABSOLUTE
    _printf_fp_dec                           0x00000000   Number         0  stubs.o ABSOLUTE
    _printf_fp_hex                           0x00000000   Number         0  stubs.o ABSOLUTE
    _printf_g                                0x00000000   Number         0  stubs.o ABSOLUTE
    _printf_i                                0x00000000   Number         0  stubs.o ABSOLUTE
    _printf_int_dec                          0x00000000   Number         0  stubs.o ABSOLUTE
    _printf_l                                0x00000000   Number         0  stubs.o ABSOLUTE
    _printf_lc                               0x00000000   Number         0  stubs.o ABSOLUTE
    _printf_ll                               0x00000000   Number         0  stubs.o ABSOLUTE
    _printf_lld                              0x00000000   Number         0  stubs.o ABSOLUTE
    _printf_lli                              0x00000000   Number         0  stubs.o ABSOLUTE
    _printf_llo                              0x00000000   Number         0  stubs.o ABSOLUTE
    _printf_llu                              0x00000000   Number         0  stubs.o ABSOLUTE
    _printf_llx                              0x00000000   Number         0  stubs.o ABSOLUTE
    _printf_longlong_dec                     0x00000000   Number         0  stubs.o ABSOLUTE
    _printf_longlong_hex                     0x00000000   Number         0  stubs.o ABSOLUTE
    _printf_longlong_oct                     0x00000000   Number         0  stubs.o ABSOLUTE
    _printf_ls                               0x00000000   Number         0  stubs.o ABSOLUTE
    _printf_mbtowc                           0x00000000   Number         0  stubs.o ABSOLUTE
    _printf_n                                0x00000000   Number         0  stubs.o ABSOLUTE
    _printf_o                                0x00000000   Number         0  stubs.o ABSOLUTE
    _printf_p                                0x00000000   Number         0  stubs.o ABSOLUTE
    _printf_percent                          0x00000000   Number         0  stubs.o ABSOLUTE
    _printf_pre_padding                      0x00000000   Number         0  stubs.o ABSOLUTE
    _printf_return_value                     0x00000000   Number         0  stubs.o ABSOLUTE
    _printf_s                                0x00000000   Number         0  stubs.o ABSOLUTE
    _printf_sizespec                         0x00000000   Number         0  stubs.o ABSOLUTE
    _printf_str                              0x00000000   Number         0  stubs.o ABSOLUTE
    _printf_truncate_signed                  0x00000000   Number         0  stubs.o ABSOLUTE
    _printf_truncate_unsigned                0x00000000   Number         0  stubs.o ABSOLUTE
    _printf_u                                0x00000000   Number         0  stubs.o ABSOLUTE
    _printf_wc                               0x00000000   Number         0  stubs.o ABSOLUTE
    _printf_wctomb                           0x00000000   Number         0  stubs.o ABSOLUTE
    _printf_widthprec                        0x00000000   Number         0  stubs.o ABSOLUTE
    _printf_x                                0x00000000   Number         0  stubs.o ABSOLUTE
    __cpp_initialize__aeabi_                  - Undefined Weak Reference
    __cxa_finalize                            - Undefined Weak Reference
    __decompress                              - Undefined Weak Reference
    _clock_init                               - Undefined Weak Reference
    _microlib_exit                            - Undefined Weak Reference
    __Vectors_Size                           0x000000c0   Number         0  startup.o ABSOLUTE
    __Vectors                                0x10000000   Data           4  startup.o(RESET)
    __Vectors_End                            0x100000c0   Data           0  startup.o(RESET)
    __main                                   0x100000c1   Thumb Code     0  entry.o(.ARM.Collect$$$$00000000)
    _main_stk                                0x100000c1   Thumb Code     0  entry2.o(.ARM.Collect$$$$00000001)
    _main_scatterload                        0x100000c5   Thumb Code     0  entry5.o(.ARM.Collect$$$$00000004)
    __main_after_scatterload                 0x100000c9   Thumb Code     0  entry5.o(.ARM.Collect$$$$00000004)
    _main_clock                              0x100000c9   Thumb Code     0  entry7b.o(.ARM.Collect$$$$00000008)
    _main_cpp_init                           0x100000c9   Thumb Code     0  entry8b.o(.ARM.Collect$$$$0000000A)
    _main_init                               0x100000c9   Thumb Code     0  entry9a.o(.ARM.Collect$$$$0000000B)
    __rt_final_cpp                           0x100000d1   Thumb Code     0  entry10a.o(.ARM.Collect$$$$0000000D)
    __rt_final_exit                          0x100000d1   Thumb Code     0  entry11a.o(.ARM.Collect$$$$0000000F)
    Reset_Handler                            0x100000d5   Thumb Code    14  startup.o(.text)
    NMI_Handler                              0x100000e3   Thumb Code     2  startup.o(.text)
    HardFault_Handler                        0x100000e5   Thumb Code     2  startup.o(.text)
    MemManage_Handler                        0x100000e7   Thumb Code     2  startup.o(.text)
    BusFault_Handler                         0x100000e9   Thumb Code     2  startup.o(.text)
    UsageFault_Handler                       0x100000eb   Thumb Code     2  startup.o(.text)
    SVC_Handler                              0x100000ed   Thumb Code     2  startup.o(.text)
    DebugMon_Handler                         0x100000ef   Thumb Code     2  startup.o(.text)
    PendSV_Handler                           0x100000f1   Thumb Code     2  startup.o(.text)
    SysTick_Handler                          0x100000f3   Thumb Code     2  startup.o(.text)
    ADC_IRQHandler                           0x100000f5   Thumb Code     0  startup.o(.text)
    CALIB_IRQHandler                         0x100000f5   Thumb Code     0  startup.o(.text)
    COMPARATOR0_IRQHandler                   0x100000f5   Thumb Code     0  startup.o(.text)
    COMPARATOR1_IRQHandler                   0x100000f5   Thumb Code     0  startup.o(.text)
    I2C_IRQHandler                           0x100000f5   Thumb Code     0  startup.o(.text)
    PWM0_IRQHandler                          0x100000f5   Thumb Code     0  startup.o(.text)
    PWM1_IRQHandler                          0x100000f5   Thumb Code     0  startup.o(.text)
    RTC_CAP_IRQHandler                       0x100000f5   Thumb Code     0  startup.o(.text)
    RTC_IRQHandler                           0x100000f5   Thumb Code     0  startup.o(.text)
    SPI1_RX_IRQHandler                       0x100000f5   Thumb Code     0  startup.o(.text)
    SPI1_TX_IRQHandler                       0x100000f5   Thumb Code     0  startup.o(.text)
    TIMER0_IRQHandler                        0x100000f5   Thumb Code     0  startup.o(.text)
    TUNER_RX_IRQHandler                      0x100000f5   Thumb Code     0  startup.o(.text)
    TUNER_SETTING_IRQHandler                 0x100000f5   Thumb Code     0  startup.o(.text)
    TUNER_TX_IRQHandler                      0x100000f5   Thumb Code     0  startup.o(.text)
    UART1_RX_IRQHandler                      0x100000f5   Thumb Code     0  startup.o(.text)
    UART1_TX_IRQHandler                      0x100000f5   Thumb Code     0  startup.o(.text)
    WDT_IRQHandler                           0x100000f5   Thumb Code     0  startup.o(.text)
    __rd_ble_reg                             0x10000105   Thumb Code     4  math.o(.text)
    __wr_ble_reg                             0x10000109   Thumb Code     4  math.o(.text)
    __aeabi_lmul                             0x1000010d   Thumb Code   166  math.o(.text)
    __aeabi_uldivmod                         0x100001b3   Thumb Code   256  math.o(.text)
    __aeabi_uidiv                            0x100002b3   Thumb Code     0  uidiv.o(.text)
    __aeabi_uidivmod                         0x100002b3   Thumb Code    44  uidiv.o(.text)
    __aeabi_lasr                             0x100002df   Thumb Code    38  llsshr.o(.text)
    _ll_sshift_r                             0x100002df   Thumb Code     0  llsshr.o(.text)
    rand                                     0x10000305   Thumb Code    18  rand.o(.text)
    srand                                    0x10000317   Thumb Code     6  rand.o(.text)
    __aeabi_memcpy                           0x10000329   Thumb Code    36  memcpya.o(.text)
    __aeabi_memcpy4                          0x10000329   Thumb Code     0  memcpya.o(.text)
    __aeabi_memcpy8                          0x10000329   Thumb Code     0  memcpya.o(.text)
    __aeabi_memset                           0x1000034d   Thumb Code    14  memseta.o(.text)
    __aeabi_memset4                          0x1000034d   Thumb Code     0  memseta.o(.text)
    __aeabi_memset8                          0x1000034d   Thumb Code     0  memseta.o(.text)
    __aeabi_memclr                           0x1000035b   Thumb Code     4  memseta.o(.text)
    __aeabi_memclr4                          0x1000035b   Thumb Code     0  memseta.o(.text)
    __aeabi_memclr8                          0x1000035b   Thumb Code     0  memseta.o(.text)
    _memset$wrapper                          0x1000035f   Thumb Code    18  memseta.o(.text)
    memcmp                                   0x10000371   Thumb Code    26  memcmp.o(.text)
    strcpy                                   0x1000038b   Thumb Code    18  strcpy.o(.text)
    strncmp                                  0x1000039d   Thumb Code    30  strncmp.o(.text)
    atoi                                     0x100003bb   Thumb Code    26  atoi.o(.text)
    __aeabi_dadd                             0x100003d5   Thumb Code   328  dadd.o(.text)
    __aeabi_dsub                             0x1000051d   Thumb Code    12  dadd.o(.text)
    __aeabi_drsub                            0x10000529   Thumb Code    12  dadd.o(.text)
    __aeabi_dmul                             0x10000539   Thumb Code   202  dmul.o(.text)
    __aeabi_i2d                              0x10000609   Thumb Code    34  dflti.o(.text)
    __aeabi_ui2d                             0x10000631   Thumb Code    24  dfltui.o(.text)
    __aeabi_d2iz                             0x1000064d   Thumb Code    62  dfixi.o(.text)
    __aeabi_cdcmpeq                          0x10000695   Thumb Code     0  cdcmple.o(.text)
    __aeabi_cdcmple                          0x10000695   Thumb Code    38  cdcmple.o(.text)
    __aeabi_llsl                             0x100006bd   Thumb Code    32  llshl.o(.text)
    _ll_shift_l                              0x100006bd   Thumb Code     0  llshl.o(.text)
    __aeabi_llsr                             0x100006dd   Thumb Code    34  llushr.o(.text)
    _ll_ushift_r                             0x100006dd   Thumb Code     0  llushr.o(.text)
    strtol                                   0x10000701   Thumb Code   108  strtol.o(.text)
    __I$use$fp                               0x10000771   Thumb Code     0  iusefp.o(.text)
    _double_round                            0x10000771   Thumb Code    26  depilogue.o(.text)
    _double_epilogue                         0x1000078b   Thumb Code   164  depilogue.o(.text)
    __scatterload                            0x10000831   Thumb Code    28  init.o(.text)
    __scatterload_rt2                        0x10000831   Thumb Code     0  init.o(.text)
    __rt_ctype_table                         0x10000855   Thumb Code     4  ctype_o.o(.text)
    _strtoul                                 0x1000085d   Thumb Code   166  _strtoul.o(.text)
    _chval                                   0x10000903   Thumb Code    30  _chval.o(.text)
    BLE_IRQHandler                           0x10000921   Thumb Code   150  lib.o(i.BLE_IRQHandler)
    DMA_IRQHandler                           0x100009cd   Thumb Code    66  dma.o(i.DMA_IRQHandler)
    GPIO_IRQHandler                          0x10000a19   Thumb Code    60  gpio.o(i.GPIO_IRQHandler)
    OSC_EN_IRQHandler                        0x10000a6d   Thumb Code    16  sleep.o(i.OSC_EN_IRQHandler)
    SPI0_RX_IRQHandler                       0x10000a85   Thumb Code   166  spi.o(i.SPI0_RX_IRQHandler)
    SPI0_TX_IRQHandler                       0x10000b35   Thumb Code   108  spi.o(i.SPI0_TX_IRQHandler)
    SystemInit                               0x10000bdd   Thumb Code   416  system.o(i.SystemInit)
    TIMER1_IRQHandler                        0x10000da9   Thumb Code    84  timer.o(i.TIMER1_IRQHandler)
    TIMER2_IRQHandler                        0x10000e05   Thumb Code    84  timer.o(i.TIMER2_IRQHandler)
    TIMER3_IRQHandler                        0x10000e61   Thumb Code    84  timer.o(i.TIMER3_IRQHandler)
    UART0_RX_IRQHandler                      0x10000ebd   Thumb Code   164  uart.o(i.UART0_RX_IRQHandler)
    UART0_TX_IRQHandler                      0x10000f69   Thumb Code    28  uart.o(i.UART0_TX_IRQHandler)
    UartPutc                                 0x10000f8d   Thumb Code    16  uart.o(i.UartPutc)
    __0printf$8                              0x10000fa1   Thumb Code    24  printf8.o(i.__0printf$8)
    __1printf$8                              0x10000fa1   Thumb Code     0  printf8.o(i.__0printf$8)
    __2printf                                0x10000fa1   Thumb Code     0  printf8.o(i.__0printf$8)
    __ARM_clz                                0x10000fc1   Thumb Code    46  depilogue.o(i.__ARM_clz)
    __ARM_common_switch8                     0x10000fef   Thumb Code    28  app_menu.o(i.__ARM_common_switch8)
    __aeabi_errno_addr                       0x1000100d   Thumb Code     4  errno.o(i.__aeabi_errno_addr)
    __rt_errno_addr                          0x1000100d   Thumb Code     0  errno.o(i.__aeabi_errno_addr)
    __nvds_get                               0x10001015   Thumb Code    44  lib.o(i.__nvds_get)
    __scatterload_copy                       0x10001129   Thumb Code    14  handlers.o(i.__scatterload_copy)
    __scatterload_null                       0x10001137   Thumb Code     2  handlers.o(i.__scatterload_null)
    __scatterload_zeroinit                   0x10001139   Thumb Code    14  handlers.o(i.__scatterload_zeroinit)
    app_add_bonded_dev                       0x100015bd   Thumb Code    52  app_util.o(i.app_add_bonded_dev)
    app_check_update_conn_param              0x100015f5   Thumb Code     6  app_util.o(i.app_check_update_conn_param)
    app_correct_rssi                         0x100015fd   Thumb Code    92  app_gap_task.o(i.app_correct_rssi)
    app_create_server_service_DB             0x1000166d   Thumb Code     2  app_util.o(i.app_create_server_service_DB)
    app_device_setup                         0x1000166f   Thumb Code    22  app_gap_task.o(i.app_device_setup)
    app_enable_server_service                0x10001685   Thumb Code     2  app_util.o(i.app_enable_server_service)
    app_find_bonded_dev                      0x100016dd   Thumb Code    50  app_util.o(i.app_find_bonded_dev)
    app_gap_adv_req_cmp_evt_handler          0x10001719   Thumb Code    38  app_gap_task.o(i.app_gap_adv_req_cmp_evt_handler)
    app_gap_adv_start_req                    0x10001765   Thumb Code   144  app_gap.o(i.app_gap_adv_start_req)
    app_gap_adv_stop_req                     0x100017fd   Thumb Code    30  app_gap.o(i.app_gap_adv_stop_req)
    app_gap_bond_req                         0x10001825   Thumb Code    74  app_gap.o(i.app_gap_bond_req)
    app_gap_bond_req_cmp_ind_handler         0x1000187d   Thumb Code   114  app_gap_task.o(i.app_gap_bond_req_cmp_ind_handler)
    app_gap_bond_req_ind_handler             0x100018f5   Thumb Code   108  app_gap_task.o(i.app_gap_bond_req_ind_handler)
    app_gap_bond_resp                        0x10001969   Thumb Code    60  app_gap.o(i.app_gap_bond_resp)
    app_gap_cancel_conn_req_cmp_evt_handler  0x100019ad   Thumb Code     8  app_gap_task.o(i.app_gap_cancel_conn_req_cmp_evt_handler)
    app_gap_change_param_req                 0x100019b5   Thumb Code    44  app_gap.o(i.app_gap_change_param_req)
    app_gap_change_param_req_cmp_handler     0x100019e9   Thumb Code    22  app_gap_task.o(i.app_gap_change_param_req_cmp_handler)
    app_gap_channel_map_cmp_handler          0x10001a01   Thumb Code    40  app_gap_task.o(i.app_gap_channel_map_cmp_handler)
    app_gap_channel_map_req                  0x10001a39   Thumb Code    44  app_gap.o(i.app_gap_channel_map_req)
    app_gap_dev_inq_cancel_req               0x10001a6d   Thumb Code    34  app_gap.o(i.app_gap_dev_inq_cancel_req)
    app_gap_dev_inq_cmp_handler              0x10001a99   Thumb Code   124  app_gap_task.o(i.app_gap_dev_inq_cmp_handler)
    app_gap_dev_inq_req                      0x10001b3d   Thumb Code    60  app_gap.o(i.app_gap_dev_inq_req)
    app_gap_dev_inq_result_handler           0x10001b89   Thumb Code   242  app_gap_task.o(i.app_gap_dev_inq_result_handler)
    app_gap_discon_cmp_evt_handler           0x10001c99   Thumb Code   202  app_gap_task.o(i.app_gap_discon_cmp_evt_handler)
    app_gap_discon_req                       0x10001d91   Thumb Code    34  app_gap.o(i.app_gap_discon_req)
    app_gap_le_cancel_conn_req               0x10001dcd   Thumb Code    14  app_gap.o(i.app_gap_le_cancel_conn_req)
    app_gap_le_create_conn_req               0x10001de1   Thumb Code    84  app_gap.o(i.app_gap_le_create_conn_req)
    app_gap_le_create_conn_req_cmp_evt_handler 0x10001e3d   Thumb Code   292  app_gap_task.o(i.app_gap_le_create_conn_req_cmp_evt_handler)
    app_gap_le_rd_remote_feat_req_cmp_handler 0x10001f9d   Thumb Code    52  app_gap_task.o(i.app_gap_le_rd_remote_feat_req_cmp_handler)
    app_gap_name_req_cmp_handler             0x10001ff5   Thumb Code    78  app_gap_task.o(i.app_gap_name_req_cmp_handler)
    app_gap_param_update_req_ind_handler     0x10002089   Thumb Code    46  app_gap_task.o(i.app_gap_param_update_req_ind_handler)
    app_gap_param_update_resp_handler        0x100020b9   Thumb Code    54  app_gap_task.o(i.app_gap_param_update_resp_handler)
    app_gap_rd_remote_ver_info_cmp_handler   0x10002119   Thumb Code    32  app_gap_task.o(i.app_gap_rd_remote_ver_info_cmp_handler)
    app_gap_read_bdaddr_req                  0x1000216d   Thumb Code    14  app_gap.o(i.app_gap_read_bdaddr_req)
    app_gap_read_bdaddr_req_cmp_evt_handler  0x10002185   Thumb Code    62  app_gap_task.o(i.app_gap_read_bdaddr_req_cmp_evt_handler)
    app_gap_read_rssi_req                    0x100021e9   Thumb Code    30  app_gap.o(i.app_gap_read_rssi_req)
    app_gap_read_rssi_req_cmp_handler        0x10002211   Thumb Code    44  app_gap_task.o(i.app_gap_read_rssi_req_cmp_handler)
    app_gap_read_ver_req                     0x10002255   Thumb Code    14  app_gap.o(i.app_gap_read_ver_req)
    app_gap_read_ver_req_cmp_evt_handler     0x1000226d   Thumb Code    44  app_gap_task.o(i.app_gap_read_ver_req_cmp_evt_handler)
    app_gap_ready_evt_handler                0x1000229d   Thumb Code    30  app_gap_task.o(i.app_gap_ready_evt_handler)
    app_gap_reset_req_cmp_handler            0x100022bb   Thumb Code    22  app_gap_task.o(i.app_gap_reset_req_cmp_handler)
    app_gap_scan_req_cmp_evt_handler         0x100022d1   Thumb Code    96  app_gap_task.o(i.app_gap_scan_req_cmp_evt_handler)
    app_gap_set_bondable_mode_req            0x10002351   Thumb Code    30  app_gap.o(i.app_gap_set_bondable_mode_req)
    app_gap_set_devname_req_cmp_evt_handler  0x10002379   Thumb Code    28  app_gap_task.o(i.app_gap_set_devname_req_cmp_evt_handler)
    app_gap_set_mode_req_cmp_evt_handler     0x100023b1   Thumb Code    84  app_gap_task.o(i.app_gap_set_mode_req_cmp_evt_handler)
    app_gap_set_ph_privacy_req_cmp_handler   0x10002441   Thumb Code    34  app_gap_task.o(i.app_gap_set_ph_privacy_req_cmp_handler)
    app_gap_set_privacy_req_cmp_handler      0x100024ad   Thumb Code    34  app_gap_task.o(i.app_gap_set_privacy_req_cmp_handler)
    app_gap_set_random_add_req_cmp_handler   0x10002501   Thumb Code    26  app_gap_task.o(i.app_gap_set_random_add_req_cmp_handler)
    app_gap_set_recon_addr_req_cmp_handler   0x10002539   Thumb Code    34  app_gap_task.o(i.app_gap_set_recon_addr_req_cmp_handler)
    app_gap_set_sec_req                      0x100025ad   Thumb Code    34  app_gap.o(i.app_gap_set_sec_req)
    app_gap_set_sec_req_cmp_evt_handler      0x100025d9   Thumb Code    36  app_gap_task.o(i.app_gap_set_sec_req_cmp_evt_handler)
    app_gap_unpair_req                       0x10002601   Thumb Code    46  app_gap.o(i.app_gap_unpair_req)
    app_gatt_cancel_write_char_resp_handler  0x10002639   Thumb Code    20  app_gatt_task.o(i.app_gatt_cancel_write_char_resp_handler)
    app_gatt_cmp_evt_handler                 0x1000266d   Thumb Code     8  app_gatt_task.o(i.app_gatt_cmp_evt_handler)
    app_gatt_disc_char_all_128_cmp_evt_handler 0x10002675   Thumb Code    66  app_gatt_task.o(i.app_gatt_disc_char_all_128_cmp_evt_handler)
    app_gatt_disc_char_all_cmp_evt_handler   0x100026d9   Thumb Code    64  app_gatt_task.o(i.app_gatt_disc_char_all_cmp_evt_handler)
    app_gatt_disc_char_by_uuid_128_cmp_evt_handler 0x1000271d   Thumb Code    66  app_gatt_task.o(i.app_gatt_disc_char_by_uuid_128_cmp_evt_handler)
    app_gatt_disc_char_by_uuid_cmp_evt_handler 0x10002781   Thumb Code    64  app_gatt_task.o(i.app_gatt_disc_char_by_uuid_cmp_evt_handler)
    app_gatt_disc_char_desc_128_cmp_evt_handler 0x100027c5   Thumb Code    54  app_gatt_task.o(i.app_gatt_disc_char_desc_128_cmp_evt_handler)
    app_gatt_disc_char_desc_cmp_evt_handler  0x10002839   Thumb Code    50  app_gatt_task.o(i.app_gatt_disc_char_desc_cmp_evt_handler)
    app_gatt_disc_cmp_evt_handler            0x100028a1   Thumb Code    20  app_gatt_task.o(i.app_gatt_disc_cmp_evt_handler)
    app_gatt_disc_svc_all_128_cmp_evt_handler 0x100028d5   Thumb Code    56  app_gatt_task.o(i.app_gatt_disc_svc_all_128_cmp_evt_handler)
    app_gatt_disc_svc_all_cmp_evt_handler    0x10002951   Thumb Code   190  app_gatt_task.o(i.app_gatt_disc_svc_all_cmp_evt_handler)
    app_gatt_disc_svc_by_uuid_cmp_evt_handler 0x10002a49   Thumb Code    50  app_gatt_task.o(i.app_gatt_disc_svc_by_uuid_cmp_evt_handler)
    app_gatt_disc_svc_incl_cmp_evt_handler   0x10002aad   Thumb Code   114  app_gatt_task.o(i.app_gatt_disc_svc_incl_cmp_evt_handler)
    app_gatt_disc_svc_req                    0x10002b85   Thumb Code    46  app_gatt.o(i.app_gatt_disc_svc_req)
    app_gatt_handle_value_cfm_handler        0x10002bbd   Thumb Code    24  app_gatt_task.o(i.app_gatt_handle_value_cfm_handler)
    app_gatt_handle_value_ind_handler        0x10002c15   Thumb Code    50  app_gatt_task.o(i.app_gatt_handle_value_ind_handler)
    app_gatt_handle_value_notif_handler      0x10002c8d   Thumb Code   290  app_gatt_task.o(i.app_gatt_handle_value_notif_handler)
    app_gatt_notify_cmp_evt_handler          0x10002df9   Thumb Code    24  app_gatt_task.o(i.app_gatt_notify_cmp_evt_handler)
    app_gatt_read_char_mult_resp_handler     0x10002e3d   Thumb Code    36  app_gatt_task.o(i.app_gatt_read_char_mult_resp_handler)
    app_gatt_read_char_req                   0x10002ebd   Thumb Code    84  app_gatt.o(i.app_gatt_read_char_req)
    app_gatt_read_char_resp_handler          0x10002f19   Thumb Code    64  app_gatt_task.o(i.app_gatt_read_char_resp_handler)
    app_gatt_resource_access_req_handler     0x10002fb9   Thumb Code    36  app_gap_task.o(i.app_gatt_resource_access_req_handler)
    app_gatt_write_char_reliable_resp_handler 0x10002fe5   Thumb Code    36  app_gatt_task.o(i.app_gatt_write_char_reliable_resp_handler)
    app_gatt_write_char_req                  0x10003055   Thumb Code    68  app_gatt.o(i.app_gatt_write_char_req)
    app_gatt_write_char_resp_handler         0x100030a1   Thumb Code     8  app_gatt_task.o(i.app_gatt_write_char_resp_handler)
    app_get_bd_addr_by_conhdl                0x100030a9   Thumb Code    68  app_util.o(i.app_get_bd_addr_by_conhdl)
    app_get_bd_addr_by_idx                   0x100030f1   Thumb Code    46  app_util.o(i.app_get_bd_addr_by_idx)
    app_get_bond_nb                          0x10003125   Thumb Code     6  app_util.o(i.app_get_bond_nb)
    app_get_bond_status                      0x10003131   Thumb Code    42  app_util.o(i.app_get_bond_status)
    app_get_conhdl_by_idx                    0x10003161   Thumb Code    32  app_util.o(i.app_get_conhdl_by_idx)
    app_get_link_nb                          0x10003189   Thumb Code     6  app_util.o(i.app_get_link_nb)
    app_get_link_status_by_idx               0x10003195   Thumb Code    26  app_util.o(i.app_get_link_status_by_idx)
    app_get_lk_sec_status                    0x100031b5   Thumb Code    52  app_util.o(i.app_get_lk_sec_status)
    app_get_local_service_flag               0x100031ed   Thumb Code     4  app_util.o(i.app_get_local_service_flag)
    app_get_qpp_client_service_status        0x100031f1   Thumb Code     6  app_util.o(i.app_get_qpp_client_service_status)
    app_get_rec_idx_by_conhdl                0x100031f9   Thumb Code    38  app_util.o(i.app_get_rec_idx_by_conhdl)
    app_get_role                             0x10003225   Thumb Code     6  app_util.o(i.app_get_role)
    app_i_to_array                           0x10003231   Thumb Code    72  app_util.o(i.app_i_to_array)
    app_init                                 0x10003279   Thumb Code    24  app_env.o(i.app_init)
    app_init_local_smp_key                   0x10003295   Thumb Code    22  app_util.o(i.app_init_local_smp_key)
    app_menu_cb                              0x100032b1   Thumb Code   114  app_menu.o(i.app_menu_cb)
    app_menu_hdl                             0x100042f5   Thumb Code   144  app_menu.o(i.app_menu_hdl)
    app_menu_show                            0x10004389   Thumb Code   166  app_menu.o(i.app_menu_show)
    app_parser_adv_data                      0x100052a9   Thumb Code   156  app_util.o(i.app_parser_adv_data)
    app_qppc_enable_req                      0x10005345   Thumb Code    62  app_qppc.o(i.app_qppc_enable_req)
    app_set_adv_data                         0x10005389   Thumb Code   128  app_util.o(i.app_set_adv_data)
    app_set_client_service_status            0x10005419   Thumb Code    16  app_util.o(i.app_set_client_service_status)
    app_set_link_status_by_conhdl            0x10005429   Thumb Code   168  app_util.o(i.app_set_link_status_by_conhdl)
    app_set_role                             0x100054d9   Thumb Code     6  app_util.o(i.app_set_role)
    app_set_scan_rsp_data                    0x100054e5   Thumb Code   146  app_util.o(i.app_set_scan_rsp_data)
    app_smpc_chk_bd_addr_req_ind_handler     0x100056c1   Thumb Code    54  app_smp_task.o(i.app_smpc_chk_bd_addr_req_ind_handler)
    app_smpc_chk_bd_addr_req_rsp             0x100056f9   Thumb Code    56  app_smp.o(i.app_smpc_chk_bd_addr_req_rsp)
    app_smpc_irk_req_ind_handler             0x10005739   Thumb Code   212  app_smp_task.o(i.app_smpc_irk_req_ind_handler)
    app_smpc_irk_req_rsp                     0x10005811   Thumb Code    66  app_smp.o(i.app_smpc_irk_req_rsp)
    app_smpc_key_ind_handler                 0x1000585d   Thumb Code   184  app_smp_task.o(i.app_smpc_key_ind_handler)
    app_smpc_ltk_req_ind_handler             0x10005939   Thumb Code   226  app_smp_task.o(i.app_smpc_ltk_req_ind_handler)
    app_smpc_ltk_req_rsp                     0x10005a55   Thumb Code    74  app_smp.o(i.app_smpc_ltk_req_rsp)
    app_smpc_sec_started_ind_handler         0x10005aa9   Thumb Code    42  app_smp_task.o(i.app_smpc_sec_started_ind_handler)
    app_smpc_timeout_evt_handler             0x10005ad9   Thumb Code    42  app_smp_task.o(i.app_smpc_timeout_evt_handler)
    app_smpc_tk_req_ind_handler              0x10005b25   Thumb Code   102  app_smp_task.o(i.app_smpc_tk_req_ind_handler)
    app_smpc_tk_req_rsp                      0x10005bc5   Thumb Code    50  app_smp.o(i.app_smpc_tk_req_rsp)
    app_smpm_set_key_cfm_handler             0x10005c01   Thumb Code    52  app_smp_task.o(i.app_smpm_set_key_cfm_handler)
    app_smpm_set_key_req                     0x10005c39   Thumb Code    42  app_smp.o(i.app_smpm_set_key_req)
    app_task_msg_hdl                         0x10005c6d   Thumb Code     2  usr_design.o(i.app_task_msg_hdl)
    app_uart_init                            0x10005cb5   Thumb Code    22  app_sys.o(i.app_uart_init)
    ble_init                                 0x10005ddd   Thumb Code   396  lib.o(i.ble_init)
    ble_sleep                                0x10005fd9   Thumb Code    42  lib.o(i.ble_sleep)
    check_ble_wakeup                         0x10006021   Thumb Code    14  lib.o(i.check_ble_wakeup)
    co_buf_rx_get                            0x10006081   Thumb Code    10  lib.o(i.co_buf_rx_get)
    config_work_mode                         0x10006091   Thumb Code    74  lib.o(i.config_work_mode)
    dc_dc_enable                             0x100060f5   Thumb Code    50  lib.o(i.dc_dc_enable)
    drv_uart_putChar                         0x100061b1   Thumb Code   152  uart.o(i.drv_uart_putChar)
    enter_sleep                              0x1000624d   Thumb Code   226  sleep.o(i.enter_sleep)
    foo1                                     0x100063e1   Thumb Code     2  lib.o(i.foo1)
    fputc                                    0x100063e3   Thumb Code    14  retarget.o(i.fputc)
    fw_ble_sleep                             0x100063f1   Thumb Code   134  lib.o(i.fw_ble_sleep)
    gpio_init                                0x100066ad   Thumb Code    34  gpio.o(i.gpio_init)
    gpio_set_direction_field                 0x100066d9   Thumb Code    40  gpio.o(i.gpio_set_direction_field)
    gpio_write_pin                           0x10006701   Thumb Code    46  gpio.o(i.gpio_write_pin)
    ke_schedule                              0x10006745   Thumb Code    60  lib.o(i.ke_schedule)
    ke_time                                  0x10006791   Thumb Code    34  lib.o(i.ke_time)
    led_init                                 0x10006865   Thumb Code    64  led.o(i.led_init)
    led_set                                  0x100068a9   Thumb Code    58  led.o(i.led_set)
    lld_evt_scan_create                      0x10006c6d   Thumb Code    24  lib.o(i.lld_evt_scan_create)
    main                                     0x10006f45   Thumb Code   296  app_main.o(i.main)
    plf_init                                 0x1000724d   Thumb Code   614  lib.o(i.plf_init)
    prf_dispatch_disconnect                  0x100076c1   Thumb Code     2  prf_utils.o(i.prf_dispatch_disconnect)
    prf_init                                 0x100076c3   Thumb Code     2  prf_utils.o(i.prf_init)
    restore_ble_setting                      0x100076e5   Thumb Code    68  lib.o(i.restore_ble_setting)
    rwble_slot_2_lpcycles                    0x10007739   Thumb Code    32  lib.o(i.rwble_slot_2_lpcycles)
    set_dbg_info                             0x1000778d   Thumb Code    10  lib.o(i.set_dbg_info)
    sleep_cb                                 0x1000779d   Thumb Code    48  sleep.o(i.sleep_cb)
    sleep_init                               0x100077d5   Thumb Code    40  sleep.o(i.sleep_init)
    sleep_post_process                       0x10007809   Thumb Code    90  lib.o(i.sleep_post_process)
    syscon_set_ahb_clk                       0x10007b0d   Thumb Code    64  syscon.o(i.syscon_set_ahb_clk)
    syscon_set_apb_clk                       0x10007b59   Thumb Code    62  syscon.o(i.syscon_set_apb_clk)
    syscon_set_ble_clk                       0x10007ba1   Thumb Code    66  syscon.o(i.syscon_set_ble_clk)
    syscon_set_sysclk_src                    0x10007bed   Thumb Code   210  syscon.o(i.syscon_set_sysclk_src)
    syscon_set_timer_clk                     0x10007cd5   Thumb Code    50  syscon.o(i.syscon_set_timer_clk)
    syscon_set_usart_clk                     0x10007d0d   Thumb Code   112  syscon.o(i.syscon_set_usart_clk)
    task_app_desc_register                   0x10007d91   Thumb Code    44  app_task.o(i.task_app_desc_register)
    uart_init                                0x10008081   Thumb Code   172  uart.o(i.uart_init)
    uart_read                                0x100081c5   Thumb Code    58  uart.o(i.uart_read)
    usr_init                                 0x100082f3   Thumb Code     2  usr_design.o(i.usr_init)
    usr_sleep                                0x100082f5   Thumb Code     4  sleep.o(i.usr_sleep)
    usr_sleep_restore                        0x100082f9   Thumb Code     2  usr_design.o(i.usr_sleep_restore)
    wakeup_by_sleep_timer                    0x100082fd   Thumb Code   104  sleep.o(i.wakeup_by_sleep_timer)
    app_default_state                        0x1000836c   Data         472  app_task.o(.constdata)
    app_state_handler                        0x10008544   Data          40  app_task.o(.constdata)
    app_default_handler                      0x1000856c   Data           8  app_task.o(.constdata)
    uart_divider                             0x10008574   Data          51  uart.o(.constdata)
    __ctype_table                            0x100085d0   Data         129  ctype_o.o(.constdata)
    Region$$Table$$Base                      0x100087e8   Number         0  anon$$obj.o(Region$$Table)
    Region$$Table$$Limit                     0x100087f8   Number         0  anon$$obj.o(Region$$Table)
    ack                                      0x100087f8   Data           4  app_menu.o(.data)
    begin                                    0x100087fc   Data           6  app_menu.o(.data)
    end                                      0x10008802   Data           4  app_menu.o(.data)
    connect                                  0x10008806   Data           8  app_menu.o(.data)
    scan                                     0x1000880e   Data           5  app_menu.o(.data)
    start                                    0x10008813   Data           6  app_menu.o(.data)
    stop                                     0x10008819   Data           5  app_menu.o(.data)
    check                                    0x1000881e   Data           6  app_menu.o(.data)
    rssi                                     0x10008824   Data           5  app_menu.o(.data)
    send1                                    0x10008829   Data           6  app_menu.o(.data)
    send2                                    0x1000882f   Data           6  app_menu.o(.data)
    send3                                    0x10008835   Data           6  app_menu.o(.data)
    n                                        0x1000883b   Data           4  app_menu.o(.data)
    vSetMapCount                             0x1000883f   Data           1  app_menu.o(.data)
    con_st                                   0x10008840   Data           1  app_menu.o(.data)
    con_st_nb                                0x10008841   Data           1  app_menu.o(.data)
    menu_lvl                                 0x10008842   Data           1  app_menu.o(.data)
    z                                        0x10008843   Data           1  app_menu.o(.data)
    QnConNum                                 0x10008844   Data           1  app_menu.o(.data)
    j                                        0x10008845   Data           1  app_menu.o(.data)
    StartReqFlag                             0x10008846   Data           1  app_menu.o(.data)
    accelModeEnabled                         0x10008847   Data           1  app_menu.o(.data)
    app_state                                0x10008848   Data           2  app_task.o(.data)
    ScanResp                                 0x1000884a   Data           1  app_gap_task.o(.data)
    ConnResp                                 0x1000884b   Data           1  app_gap_task.o(.data)
    expectedNodMask                          0x1000884c   Data           1  app_gap_task.o(.data)
    chmap                                    0x1000884d   Data           5  app_gap_task.o(.data)
    sleep_env                                0x10008858   Data          20  sleep.o(.data)
    PGCR1_restore                            0x1000886c   Data           4  sleep.o(.data)
    low_power_mode_en                        0x10008870   Data           1  sleep.o(.data)
    g_SystemClock                            0x10008874   Data           4  syscon.o(.data)
    g_AhbClock                               0x10008878   Data           4  syscon.o(.data)
    g_ApbClock                               0x1000887c   Data           4  syscon.o(.data)
    timer1_env                               0x10008880   Data           8  timer.o(.data)
    timer2_env                               0x10008888   Data           8  timer.o(.data)
    timer3_env                               0x10008890   Data           8  timer.o(.data)
    __stdout                                 0x1000889c   Data           4  retarget.o(.data)
    __stdin                                  0x100088a0   Data           4  retarget.o(.data)
    ke_evt_hdlr                              0x100088a8   Data           4  lib.o(.data)
    ke_env                                   0x100088ac   Data           4  lib.o(.data)
    rwble_env                                0x100088b0   Data           4  lib.o(.data)
    LLM_AA_CT2                               0x100088b4   Data           4  lib.o(.data)
    LLM_AA_CT1                               0x100088b8   Data           4  lib.o(.data)
    app_env                                  0x10009418   Data        1264  app_env.o(.bss)
    nod                                      0x10009908   Data          54  app_menu.o(.bss)
    buf                                      0x1000993e   Data         108  app_menu.o(.bss)
    chmapBuf                                 0x100099aa   Data          10  app_menu.o(.bss)
    chmapArray                               0x100099b4   Data          40  app_menu.o(.bss)
    chmapArray_default                       0x100099dc   Data          40  app_menu.o(.bss)
    qn                                       0x10009a04   Data        5256  app_menu.o(.bss)
    nodConfigArray                           0x1000ae8c   Data         112  app_menu.o(.bss)
    app_uart_env                             0x1000aefc   Data         256  app_sys.o(.bss)
    uartMemBuf                               0x1000b02c   Data         272  uart.o(.bss)
    gatt_idle_new                            0x1000b72c   Data         256  lib.o(.bss)
    __initial_sp                             0x1000bc08   Data           0  startup.o(STACK)



==============================================================================

Memory Map of the image

  Image Entry point : 0x100000c1

  Load Region LR_ROM1 (Base: 0x10000000, Size: 0x000088f4, Max: 0x0000cdb0, ABSOLUTE)

    Execution Region APP_CODE (Base: 0x10000000, Size: 0x0000bc08, Max: 0x0000cdb0, ABSOLUTE)

    Base Addr    Size         Type   Attr      Idx    E Section Name        Object

    0x10000000   0x000000c0   Data   RO            3    RESET               startup.o
    0x100000c0   0x00000000   Code   RO         3364  * .ARM.Collect$$$$00000000  mc_p.l(entry.o)
    0x100000c0   0x00000004   Code   RO         3665    .ARM.Collect$$$$00000001  mc_p.l(entry2.o)
    0x100000c4   0x00000004   Code   RO         3668    .ARM.Collect$$$$00000004  mc_p.l(entry5.o)
    0x100000c8   0x00000000   Code   RO         3670    .ARM.Collect$$$$00000008  mc_p.l(entry7b.o)
    0x100000c8   0x00000000   Code   RO         3672    .ARM.Collect$$$$0000000A  mc_p.l(entry8b.o)
    0x100000c8   0x00000008   Code   RO         3673    .ARM.Collect$$$$0000000B  mc_p.l(entry9a.o)
    0x100000d0   0x00000000   Code   RO         3675    .ARM.Collect$$$$0000000D  mc_p.l(entry10a.o)
    0x100000d0   0x00000000   Code   RO         3677    .ARM.Collect$$$$0000000F  mc_p.l(entry11a.o)
    0x100000d0   0x00000004   Code   RO         3666    .ARM.Collect$$$$00002712  mc_p.l(entry2.o)
    0x100000d4   0x00000030   Code   RO            4    .text               startup.o
    0x10000104   0x000001ae   Code   RO         3362    .text               qn9020b2_lib_allroles.lib(math.o)
    0x100002b2   0x0000002c   Code   RO         3367    .text               mc_p.l(uidiv.o)
    0x100002de   0x00000026   Code   RO         3371    .text               mc_p.l(llsshr.o)
    0x10000304   0x00000024   Code   RO         3373    .text               mc_p.l(rand.o)
    0x10000328   0x00000024   Code   RO         3376    .text               mc_p.l(memcpya.o)
    0x1000034c   0x00000024   Code   RO         3378    .text               mc_p.l(memseta.o)
    0x10000370   0x0000001a   Code   RO         3382    .text               mc_p.l(memcmp.o)
    0x1000038a   0x00000012   Code   RO         3384    .text               mc_p.l(strcpy.o)
    0x1000039c   0x0000001e   Code   RO         3386    .text               mc_p.l(strncmp.o)
    0x100003ba   0x0000001a   Code   RO         3651    .text               mc_p.l(atoi.o)
    0x100003d4   0x00000164   Code   RO         3653    .text               mf_p.l(dadd.o)
    0x10000538   0x000000d0   Code   RO         3655    .text               mf_p.l(dmul.o)
    0x10000608   0x00000028   Code   RO         3657    .text               mf_p.l(dflti.o)
    0x10000630   0x0000001c   Code   RO         3659    .text               mf_p.l(dfltui.o)
    0x1000064c   0x00000048   Code   RO         3661    .text               mf_p.l(dfixi.o)
    0x10000694   0x00000028   Code   RO         3663    .text               mf_p.l(cdcmple.o)
    0x100006bc   0x00000020   Code   RO         3679    .text               mc_p.l(llshl.o)
    0x100006dc   0x00000022   Code   RO         3681    .text               mc_p.l(llushr.o)
    0x100006fe   0x00000002   PAD
    0x10000700   0x00000070   Code   RO         3690    .text               mc_p.l(strtol.o)
    0x10000770   0x00000000   Code   RO         3692    .text               mc_p.l(iusefp.o)
    0x10000770   0x000000be   Code   RO         3693    .text               mf_p.l(depilogue.o)
    0x1000082e   0x00000002   PAD
    0x10000830   0x00000024   Code   RO         3703    .text               mc_p.l(init.o)
    0x10000854   0x00000008   Code   RO         3705    .text               mc_p.l(ctype_o.o)
    0x1000085c   0x000000a6   Code   RO         3733    .text               mc_p.l(_strtoul.o)
    0x10000902   0x0000001e   Code   RO         3735    .text               mc_p.l(_chval.o)
    0x10000920   0x000000ac   Code   RO         3213    i.BLE_IRQHandler    qn9020b2_lib_allroles.lib(lib.o)
    0x100009cc   0x0000004c   Code   RO         2898    i.DMA_IRQHandler    dma.o
    0x10000a18   0x00000040   Code   RO         2428    i.GPIO_IRQHandler   gpio.o
    0x10000a58   0x00000014   Code   RO         2248    i.NVIC_EnableIRQ    uart.o
    0x10000a6c   0x00000018   Code   RO         2570    i.OSC_EN_IRQHandler  sleep.o
    0x10000a84   0x000000b0   Code   RO         3005    i.SPI0_RX_IRQHandler  spi.o
    0x10000b34   0x00000074   Code   RO         3006    i.SPI0_TX_IRQHandler  spi.o
    0x10000ba8   0x00000034   Code   RO          292    i.SystemIOCfg       system.o
    0x10000bdc   0x000001cc   Code   RO          293    i.SystemInit        system.o
    0x10000da8   0x0000005c   Code   RO         2769    i.TIMER1_IRQHandler  timer.o
    0x10000e04   0x0000005c   Code   RO         2770    i.TIMER2_IRQHandler  timer.o
    0x10000e60   0x0000005c   Code   RO         2771    i.TIMER3_IRQHandler  timer.o
    0x10000ebc   0x000000ac   Code   RO         2249    i.UART0_RX_IRQHandler  uart.o
    0x10000f68   0x00000024   Code   RO         2250    i.UART0_TX_IRQHandler  uart.o
    0x10000f8c   0x00000014   Code   RO         2252    i.UartPutc          uart.o
    0x10000fa0   0x00000020   Code   RO         3597    i.__0printf$8       mc_p.l(printf8.o)
    0x10000fc0   0x0000002e   Code   RO         3695    i.__ARM_clz         mf_p.l(depilogue.o)
    0x10000fee   0x0000001c   Code   RO          814    i.__ARM_common_switch8  app_menu.o
    0x1000100a   0x00000002   PAD
    0x1000100c   0x00000008   Code   RO         3683    i.__aeabi_errno_addr  mc_p.l(errno.o)
    0x10001014   0x00000034   Code   RO         3215    i.__nvds_get        qn9020b2_lib_allroles.lib(lib.o)
    0x10001048   0x000000e0   Code   RO         3218    i.__nvds_wrtie      qn9020b2_lib_allroles.lib(lib.o)
    0x10001128   0x0000000e   Code   RO         3739    i.__scatterload_copy  mc_p.l(handlers.o)
    0x10001136   0x00000002   Code   RO         3740    i.__scatterload_null  mc_p.l(handlers.o)
    0x10001138   0x0000000e   Code   RO         3741    i.__scatterload_zeroinit  mc_p.l(handlers.o)
    0x10001146   0x00000002   PAD
    0x10001148   0x00000428   Code   RO         3604    i._printf_core      mc_p.l(printf8.o)
    0x10001570   0x00000020   Code   RO         3605    i._printf_post_padding  mc_p.l(printf8.o)
    0x10001590   0x0000002c   Code   RO         3606    i._printf_pre_padding  mc_p.l(printf8.o)
    0x100015bc   0x00000038   Code   RO          949    i.app_add_bonded_dev  app_util.o
    0x100015f4   0x00000006   Code   RO          950    i.app_check_update_conn_param  app_util.o
    0x100015fa   0x00000002   PAD
    0x100015fc   0x00000070   Code   RO         1334    i.app_correct_rssi  app_gap_task.o
    0x1000166c   0x00000002   Code   RO          952    i.app_create_server_service_DB  app_util.o
    0x1000166e   0x00000016   Code   RO         1335    i.app_device_setup  app_gap_task.o
    0x10001684   0x00000002   Code   RO          953    i.app_enable_server_service  app_util.o
    0x10001686   0x00000002   PAD
    0x10001688   0x00000054   Code   RO          566    i.app_env_init      app_env.o
    0x100016dc   0x0000003c   Code   RO          954    i.app_find_bonded_dev  app_util.o
    0x10001718   0x0000004c   Code   RO         1336    i.app_gap_adv_req_cmp_evt_handler  app_gap_task.o
    0x10001764   0x00000098   Code   RO         1152    i.app_gap_adv_start_req  app_gap.o
    0x100017fc   0x00000028   Code   RO         1153    i.app_gap_adv_stop_req  app_gap.o
    0x10001824   0x00000058   Code   RO         1154    i.app_gap_bond_req  app_gap.o
    0x1000187c   0x00000078   Code   RO         1337    i.app_gap_bond_req_cmp_ind_handler  app_gap_task.o
    0x100018f4   0x00000074   Code   RO         1338    i.app_gap_bond_req_ind_handler  app_gap_task.o
    0x10001968   0x00000044   Code   RO         1155    i.app_gap_bond_resp  app_gap.o
    0x100019ac   0x00000008   Code   RO         1339    i.app_gap_cancel_conn_req_cmp_evt_handler  app_gap_task.o
    0x100019b4   0x00000034   Code   RO         1156    i.app_gap_change_param_req  app_gap.o
    0x100019e8   0x00000016   Code   RO         1340    i.app_gap_change_param_req_cmp_handler  app_gap_task.o
    0x100019fe   0x00000002   PAD
    0x10001a00   0x00000038   Code   RO         1341    i.app_gap_channel_map_cmp_handler  app_gap_task.o
    0x10001a38   0x00000034   Code   RO         1157    i.app_gap_channel_map_req  app_gap.o
    0x10001a6c   0x0000002c   Code   RO         1158    i.app_gap_dev_inq_cancel_req  app_gap.o
    0x10001a98   0x000000a4   Code   RO         1342    i.app_gap_dev_inq_cmp_handler  app_gap_task.o
    0x10001b3c   0x0000004c   Code   RO         1159    i.app_gap_dev_inq_req  app_gap.o
    0x10001b88   0x00000110   Code   RO         1343    i.app_gap_dev_inq_result_handler  app_gap_task.o
    0x10001c98   0x000000f8   Code   RO         1344    i.app_gap_discon_cmp_evt_handler  app_gap_task.o
    0x10001d90   0x0000002c   Code   RO         1160    i.app_gap_discon_req  app_gap.o
    0x10001dbc   0x00000010   Code   RO          567    i.app_gap_init      app_env.o
    0x10001dcc   0x00000014   Code   RO         1161    i.app_gap_le_cancel_conn_req  app_gap.o
    0x10001de0   0x0000005c   Code   RO         1162    i.app_gap_le_create_conn_req  app_gap.o
    0x10001e3c   0x00000160   Code   RO         1345    i.app_gap_le_create_conn_req_cmp_evt_handler  app_gap_task.o
    0x10001f9c   0x00000058   Code   RO         1346    i.app_gap_le_rd_remote_feat_req_cmp_handler  app_gap_task.o
    0x10001ff4   0x00000094   Code   RO         1347    i.app_gap_name_req_cmp_handler  app_gap_task.o
    0x10002088   0x0000002e   Code   RO         1348    i.app_gap_param_update_req_ind_handler  app_gap_task.o
    0x100020b6   0x00000002   PAD
    0x100020b8   0x00000060   Code   RO         1349    i.app_gap_param_update_resp_handler  app_gap_task.o
    0x10002118   0x00000054   Code   RO         1350    i.app_gap_rd_remote_ver_info_cmp_handler  app_gap_task.o
    0x1000216c   0x00000018   Code   RO         1167    i.app_gap_read_bdaddr_req  app_gap.o
    0x10002184   0x00000064   Code   RO         1351    i.app_gap_read_bdaddr_req_cmp_evt_handler  app_gap_task.o
    0x100021e8   0x00000028   Code   RO         1168    i.app_gap_read_rssi_req  app_gap.o
    0x10002210   0x00000044   Code   RO         1352    i.app_gap_read_rssi_req_cmp_handler  app_gap_task.o
    0x10002254   0x00000018   Code   RO         1169    i.app_gap_read_ver_req  app_gap.o
    0x1000226c   0x00000030   Code   RO         1353    i.app_gap_read_ver_req_cmp_evt_handler  app_gap_task.o
    0x1000229c   0x0000001e   Code   RO         1354    i.app_gap_ready_evt_handler  app_gap_task.o
    0x100022ba   0x00000016   Code   RO         1355    i.app_gap_reset_req_cmp_handler  app_gap_task.o
    0x100022d0   0x00000080   Code   RO         1356    i.app_gap_scan_req_cmp_evt_handler  app_gap_task.o
    0x10002350   0x00000028   Code   RO         1172    i.app_gap_set_bondable_mode_req  app_gap.o
    0x10002378   0x00000038   Code   RO         1357    i.app_gap_set_devname_req_cmp_evt_handler  app_gap_task.o
    0x100023b0   0x00000090   Code   RO         1358    i.app_gap_set_mode_req_cmp_evt_handler  app_gap_task.o
    0x10002440   0x0000006c   Code   RO         1359    i.app_gap_set_ph_privacy_req_cmp_handler  app_gap_task.o
    0x100024ac   0x00000054   Code   RO         1360    i.app_gap_set_privacy_req_cmp_handler  app_gap_task.o
    0x10002500   0x00000038   Code   RO         1361    i.app_gap_set_random_add_req_cmp_handler  app_gap_task.o
    0x10002538   0x00000074   Code   RO         1362    i.app_gap_set_recon_addr_req_cmp_handler  app_gap_task.o
    0x100025ac   0x0000002c   Code   RO         1178    i.app_gap_set_sec_req  app_gap.o
    0x100025d8   0x00000028   Code   RO         1363    i.app_gap_set_sec_req_cmp_evt_handler  app_gap_task.o
    0x10002600   0x00000038   Code   RO         1179    i.app_gap_unpair_req  app_gap.o
    0x10002638   0x00000034   Code   RO         1620    i.app_gatt_cancel_write_char_resp_handler  app_gatt_task.o
    0x1000266c   0x00000008   Code   RO         1621    i.app_gatt_cmp_evt_handler  app_gatt_task.o
    0x10002674   0x00000064   Code   RO         1622    i.app_gatt_disc_char_all_128_cmp_evt_handler  app_gatt_task.o
    0x100026d8   0x00000044   Code   RO         1623    i.app_gatt_disc_char_all_cmp_evt_handler  app_gatt_task.o
    0x1000271c   0x00000064   Code   RO         1624    i.app_gatt_disc_char_by_uuid_128_cmp_evt_handler  app_gatt_task.o
    0x10002780   0x00000044   Code   RO         1625    i.app_gatt_disc_char_by_uuid_cmp_evt_handler  app_gatt_task.o
    0x100027c4   0x00000074   Code   RO         1626    i.app_gatt_disc_char_desc_128_cmp_evt_handler  app_gatt_task.o
    0x10002838   0x00000068   Code   RO         1627    i.app_gatt_disc_char_desc_cmp_evt_handler  app_gatt_task.o
    0x100028a0   0x00000034   Code   RO         1628    i.app_gatt_disc_cmp_evt_handler  app_gatt_task.o
    0x100028d4   0x0000007c   Code   RO         1629    i.app_gatt_disc_svc_all_128_cmp_evt_handler  app_gatt_task.o
    0x10002950   0x000000f8   Code   RO         1630    i.app_gatt_disc_svc_all_cmp_evt_handler  app_gatt_task.o
    0x10002a48   0x00000064   Code   RO         1631    i.app_gatt_disc_svc_by_uuid_cmp_evt_handler  app_gatt_task.o
    0x10002aac   0x000000d8   Code   RO         1632    i.app_gatt_disc_svc_incl_cmp_evt_handler  app_gatt_task.o
    0x10002b84   0x00000038   Code   RO         1545    i.app_gatt_disc_svc_req  app_gatt.o
    0x10002bbc   0x00000058   Code   RO         1633    i.app_gatt_handle_value_cfm_handler  app_gatt_task.o
    0x10002c14   0x00000078   Code   RO         1634    i.app_gatt_handle_value_ind_handler  app_gatt_task.o
    0x10002c8c   0x0000016c   Code   RO         1635    i.app_gatt_handle_value_notif_handler  app_gatt_task.o
    0x10002df8   0x00000044   Code   RO         1636    i.app_gatt_notify_cmp_evt_handler  app_gatt_task.o
    0x10002e3c   0x00000080   Code   RO         1637    i.app_gatt_read_char_mult_resp_handler  app_gatt_task.o
    0x10002ebc   0x0000005c   Code   RO         1549    i.app_gatt_read_char_req  app_gatt.o
    0x10002f18   0x000000a0   Code   RO         1638    i.app_gatt_read_char_resp_handler  app_gatt_task.o
    0x10002fb8   0x0000002c   Code   RO         1364    i.app_gatt_resource_access_req_handler  app_gap_task.o
    0x10002fe4   0x00000070   Code   RO         1639    i.app_gatt_write_char_reliable_resp_handler  app_gatt_task.o
    0x10003054   0x0000004c   Code   RO         1551    i.app_gatt_write_char_req  app_gatt.o
    0x100030a0   0x00000008   Code   RO         1640    i.app_gatt_write_char_resp_handler  app_gatt_task.o
    0x100030a8   0x00000048   Code   RO          955    i.app_get_bd_addr_by_conhdl  app_util.o
    0x100030f0   0x00000034   Code   RO          956    i.app_get_bd_addr_by_idx  app_util.o
    0x10003124   0x0000000c   Code   RO          957    i.app_get_bond_nb   app_util.o
    0x10003130   0x00000030   Code   RO          958    i.app_get_bond_status  app_util.o
    0x10003160   0x00000028   Code   RO          962    i.app_get_conhdl_by_idx  app_util.o
    0x10003188   0x0000000c   Code   RO          963    i.app_get_link_nb   app_util.o
    0x10003194   0x00000020   Code   RO          964    i.app_get_link_status_by_idx  app_util.o
    0x100031b4   0x00000038   Code   RO          965    i.app_get_lk_sec_status  app_util.o
    0x100031ec   0x00000004   Code   RO          966    i.app_get_local_service_flag  app_util.o
    0x100031f0   0x00000006   Code   RO          967    i.app_get_qpp_client_service_status  app_util.o
    0x100031f6   0x00000002   PAD
    0x100031f8   0x0000002c   Code   RO          968    i.app_get_rec_idx_by_conhdl  app_util.o
    0x10003224   0x0000000c   Code   RO          970    i.app_get_role      app_util.o
    0x10003230   0x00000048   Code   RO          971    i.app_i_to_array    app_util.o
    0x10003278   0x0000001c   Code   RO          568    i.app_init          app_env.o
    0x10003294   0x0000001c   Code   RO          972    i.app_init_local_smp_key  app_util.o
    0x100032b0   0x00000088   Code   RO          608    i.app_menu_cb       app_menu.o
    0x10003338   0x000000c0   Code   RO          609    i.app_menu_handler_gap  app_menu.o
    0x100033f8   0x00000294   Code   RO          610    i.app_menu_handler_gap_dev_select  app_menu.o
    0x1000368c   0x00000050   Code   RO          611    i.app_menu_handler_gatt  app_menu.o
    0x100036dc   0x00000068   Code   RO          612    i.app_menu_handler_gatt_ext  app_menu.o
    0x10003744   0x000000b4   Code   RO          613    i.app_menu_handler_gatt_ext_evt_notif  app_menu.o
    0x100037f8   0x00000030   Code   RO          614    i.app_menu_handler_gatt_ext_read  app_menu.o
    0x10003828   0x00000030   Code   RO          615    i.app_menu_handler_gatt_ext_write_cmd  app_menu.o
    0x10003858   0x00000074   Code   RO          616    i.app_menu_handler_gatt_ext_write_req  app_menu.o
    0x100038cc   0x00000002   Code   RO          617    i.app_menu_handler_gatt_send_data  app_menu.o
    0x100038ce   0x00000002   PAD
    0x100038d0   0x00000838   Code   RO          618    i.app_menu_handler_main  app_menu.o
    0x10004108   0x00000098   Code   RO          619    i.app_menu_handler_qppc  app_menu.o
    0x100041a0   0x00000040   Code   RO          620    i.app_menu_handler_smp  app_menu.o
    0x100041e0   0x0000005c   Code   RO          621    i.app_menu_handler_smp_iocap_set  app_menu.o
    0x1000423c   0x00000064   Code   RO          622    i.app_menu_handler_smp_sec_lvl_set  app_menu.o
    0x100042a0   0x00000054   Code   RO          623    i.app_menu_handler_smp_tk_input  app_menu.o
    0x100042f4   0x00000094   Code   RO          624    i.app_menu_hdl      app_menu.o
    0x10004388   0x000000ac   Code   RO          625    i.app_menu_show     app_menu.o
    0x10004434   0x00000144   Code   RO          626    i.app_menu_show_gap  app_menu.o
    0x10004578   0x0000014c   Code   RO          627    i.app_menu_show_gap_bond_record  app_menu.o
    0x100046c4   0x0000015c   Code   RO          628    i.app_menu_show_gap_dev_record  app_menu.o
    0x10004820   0x0000011c   Code   RO          629    i.app_menu_show_gap_inq_record  app_menu.o
    0x1000493c   0x000000c4   Code   RO          630    i.app_menu_show_gatt  app_menu.o
    0x10004a00   0x000000f8   Code   RO          631    i.app_menu_show_gatt_disp_all_svc  app_menu.o
    0x10004af8   0x0000011c   Code   RO          632    i.app_menu_show_gatt_ext  app_menu.o
    0x10004c14   0x000000f8   Code   RO          633    i.app_menu_show_gatt_ext_evt_notif  app_menu.o
    0x10004d0c   0x00000074   Code   RO          634    i.app_menu_show_gatt_ext_read  app_menu.o
    0x10004d80   0x00000080   Code   RO          635    i.app_menu_show_gatt_ext_write_cmd  app_menu.o
    0x10004e00   0x000000ac   Code   RO          636    i.app_menu_show_gatt_ext_write_req  app_menu.o
    0x10004eac   0x00000002   Code   RO          637    i.app_menu_show_line  app_menu.o
    0x10004eae   0x00000002   PAD
    0x10004eb0   0x00000088   Code   RO          638    i.app_menu_show_main  app_menu.o
    0x10004f38   0x00000088   Code   RO          639    i.app_menu_show_qppc  app_menu.o
    0x10004fc0   0x00000168   Code   RO          640    i.app_menu_show_smp  app_menu.o
    0x10005128   0x000000c8   Code   RO          641    i.app_menu_show_smp_iocap_set  app_menu.o
    0x100051f0   0x00000088   Code   RO          642    i.app_menu_show_smp_sec_lvl_set  app_menu.o
    0x10005278   0x00000028   Code   RO          643    i.app_menu_show_smp_tk_input  app_menu.o
    0x100052a0   0x00000008   Code   RO          644    i.app_menu_show_start  app_menu.o
    0x100052a8   0x0000009c   Code   RO          973    i.app_parser_adv_data  app_util.o
    0x10005344   0x00000044   Code   RO         1906    i.app_qppc_enable_req  app_qppc.o
    0x10005388   0x00000090   Code   RO          974    i.app_set_adv_data  app_util.o
    0x10005418   0x00000010   Code   RO          975    i.app_set_client_service_status  app_util.o
    0x10005428   0x000000b0   Code   RO          976    i.app_set_link_status_by_conhdl  app_util.o
    0x100054d8   0x0000000c   Code   RO          978    i.app_set_role      app_util.o
    0x100054e4   0x00000098   Code   RO          979    i.app_set_scan_rsp_data  app_util.o
    0x1000557c   0x00000144   Code   RO          569    i.app_smp_init      app_env.o
    0x100056c0   0x00000036   Code   RO         1814    i.app_smpc_chk_bd_addr_req_ind_handler  app_smp_task.o
    0x100056f6   0x00000002   PAD
    0x100056f8   0x00000040   Code   RO         1764    i.app_smpc_chk_bd_addr_req_rsp  app_smp.o
    0x10005738   0x000000d8   Code   RO         1815    i.app_smpc_irk_req_ind_handler  app_smp_task.o
    0x10005810   0x0000004c   Code   RO         1765    i.app_smpc_irk_req_rsp  app_smp.o
    0x1000585c   0x000000dc   Code   RO         1816    i.app_smpc_key_ind_handler  app_smp_task.o
    0x10005938   0x0000011c   Code   RO         1817    i.app_smpc_ltk_req_ind_handler  app_smp_task.o
    0x10005a54   0x00000054   Code   RO         1766    i.app_smpc_ltk_req_rsp  app_smp.o
    0x10005aa8   0x00000030   Code   RO         1818    i.app_smpc_sec_started_ind_handler  app_smp_task.o
    0x10005ad8   0x0000004c   Code   RO         1819    i.app_smpc_timeout_evt_handler  app_smp_task.o
    0x10005b24   0x000000a0   Code   RO         1820    i.app_smpc_tk_req_ind_handler  app_smp_task.o
    0x10005bc4   0x0000003c   Code   RO         1768    i.app_smpc_tk_req_rsp  app_smp.o
    0x10005c00   0x00000038   Code   RO         1821    i.app_smpm_set_key_cfm_handler  app_smp_task.o
    0x10005c38   0x00000034   Code   RO         1769    i.app_smpm_set_key_req  app_smp.o
    0x10005c6c   0x00000002   Code   RO          417    i.app_task_msg_hdl  usr_design.o
    0x10005c6e   0x00000002   PAD
    0x10005c70   0x00000044   Code   RO          917    i.app_uart_data_ind_handler  app_task.o
    0x10005cb4   0x00000024   Code   RO          889    i.app_uart_init     app_sys.o
    0x10005cd8   0x00000090   Code   RO          890    i.app_uart_rx_done  app_sys.o
    0x10005d68   0x00000028   Code   RO         3219    i.attc_rd_blob_req_handler_patch  qn9020b2_lib_allroles.lib(lib.o)
    0x10005d90   0x0000004c   Code   RO         3220    i.atts_req_error_ind_handler_patch  qn9020b2_lib_allroles.lib(lib.o)
    0x10005ddc   0x000001fc   Code   RO         3224    i.ble_init          qn9020b2_lib_allroles.lib(lib.o)
    0x10005fd8   0x00000030   Code   RO         3225    i.ble_sleep         qn9020b2_lib_allroles.lib(lib.o)
    0x10006008   0x0000000c   Code   RO         3226    i.cal_cal_SetCAL0WithMask  qn9020b2_lib_allroles.lib(lib.o)
    0x10006014   0x0000000c   Code   RO         3227    i.cal_cal_SetCAL1WithMask  qn9020b2_lib_allroles.lib(lib.o)
    0x10006020   0x00000014   Code   RO         3228    i.check_ble_wakeup  qn9020b2_lib_allroles.lib(lib.o)
    0x10006034   0x0000004c   Code   RO          645    i.clearNodConfigArray  app_menu.o
    0x10006080   0x00000010   Code   RO         3229    i.co_buf_rx_get     qn9020b2_lib_allroles.lib(lib.o)
    0x10006090   0x00000064   Code   RO         3230    i.config_work_mode  qn9020b2_lib_allroles.lib(lib.o)
    0x100060f4   0x0000003c   Code   RO         3231    i.dc_dc_enable      qn9020b2_lib_allroles.lib(lib.o)
    0x10006130   0x0000002c   Code   RO         3232    i.default_enter_sleep_cb  qn9020b2_lib_allroles.lib(lib.o)
    0x1000615c   0x0000001c   Code   RO         3233    i.default_exit_sleep_cb  qn9020b2_lib_allroles.lib(lib.o)
    0x10006178   0x00000010   Code   RO         3234    i.delay             qn9020b2_lib_allroles.lib(lib.o)
    0x10006188   0x00000010   Code   RO         2899    i.dev_allow_sleep   dma.o
    0x10006198   0x00000004   Code   RO         2903    i.dma_dma_ClrIntStatus  dma.o
    0x1000619c   0x00000014   Code   RO         3235    i.dp_dp_SetRegWithMask  qn9020b2_lib_allroles.lib(lib.o)
    0x100061b0   0x0000009c   Code   RO         2253    i.drv_uart_putChar  uart.o
    0x1000624c   0x000000f8   Code   RO         2572    i.enter_sleep       sleep.o
    0x10006344   0x0000009c   Code   RO         3236    i.flash_on          qn9020b2_lib_allroles.lib(lib.o)
    0x100063e0   0x00000002   Code   RO         3237    i.foo1              qn9020b2_lib_allroles.lib(lib.o)
    0x100063e2   0x0000000e   Code   RO         3163    i.fputc             retarget.o
    0x100063f0   0x0000009c   Code   RO         3238    i.fw_ble_sleep      qn9020b2_lib_allroles.lib(lib.o)
    0x1000648c   0x0000006c   Code   RO         3239    i.gap_discon_ind_handler_patch  qn9020b2_lib_allroles.lib(lib.o)
    0x100064f8   0x00000060   Code   RO         3240    i.gap_set_mode_req_handler_patch  qn9020b2_lib_allroles.lib(lib.o)
    0x10006558   0x00000048   Code   RO         3241    i.gatt_read_char_req_handler_patch  qn9020b2_lib_allroles.lib(lib.o)
    0x100065a0   0x000000fc   Code   RO         3242    i.gatt_write_char_req_handler_patch  qn9020b2_lib_allroles.lib(lib.o)
    0x1000669c   0x00000004   Code   RO         2432    i.gpio_gpio_ClrOutEnable  gpio.o
    0x100066a0   0x00000004   Code   RO         2435    i.gpio_gpio_SetOutEnable  gpio.o
    0x100066a4   0x00000008   Code   RO         2436    i.gpio_gpio_SetOutputData  gpio.o
    0x100066ac   0x0000002c   Code   RO         2437    i.gpio_init         gpio.o
    0x100066d8   0x00000028   Code   RO         2442    i.gpio_set_direction_field  gpio.o
    0x10006700   0x0000002e   Code   RO         2447    i.gpio_write_pin    gpio.o
    0x1000672e   0x00000002   PAD
    0x10006730   0x00000014   Code   RO         3243    i.is_flash_off      qn9020b2_lib_allroles.lib(lib.o)
    0x10006744   0x0000004c   Code   RO         3244    i.ke_schedule       qn9020b2_lib_allroles.lib(lib.o)
    0x10006790   0x00000028   Code   RO         3245    i.ke_time           qn9020b2_lib_allroles.lib(lib.o)
    0x100067b8   0x0000005c   Code   RO         3247    i.l2cc_data_packet_ind_handler_patch  qn9020b2_lib_allroles.lib(lib.o)
    0x10006814   0x00000050   Code   RO         3248    i.l2cc_data_send_rsp_handler_patch  qn9020b2_lib_allroles.lib(lib.o)
    0x10006864   0x00000044   Code   RO         3124    i.led_init          led.o
    0x100068a8   0x0000003a   Code   RO         3126    i.led_set           led.o
    0x100068e2   0x00000002   PAD
    0x100068e4   0x00000080   Code   RO         3249    i.llc_disc_evt_complete_handler_patch  qn9020b2_lib_allroles.lib(lib.o)
    0x10006964   0x00000138   Code   RO         3250    i.llc_le_con_update_cmd_handler_new  qn9020b2_lib_allroles.lib(lib.o)
    0x10006a9c   0x00000120   Code   RO         3251    i.lld_con_start     qn9020b2_lib_allroles.lib(lib.o)
    0x10006bbc   0x000000b0   Code   RO         3252    i.lld_evt_periodic_alloc  qn9020b2_lib_allroles.lib(lib.o)
    0x10006c6c   0x0000001c   Code   RO         3253    i.lld_evt_scan_create  qn9020b2_lib_allroles.lib(lib.o)
    0x10006c88   0x0000003c   Code   RO         3254    i.lld_sleep_lpcycles_2_us  qn9020b2_lib_allroles.lib(lib.o)
    0x10006cc4   0x00000128   Code   RO         3255    i.llm_create_con    qn9020b2_lib_allroles.lib(lib.o)
    0x10006dec   0x00000094   Code   RO         3256    i.llm_create_con_cmd_complete_handler_patch  qn9020b2_lib_allroles.lib(lib.o)
    0x10006e80   0x00000038   Code   RO         3257    i.llm_le_create_con_cmd_handler_new  qn9020b2_lib_allroles.lib(lib.o)
    0x10006eb8   0x00000020   Code   RO         3258    i.llm_le_create_con_stat_evt_handler_patch  qn9020b2_lib_allroles.lib(lib.o)
    0x10006ed8   0x0000006c   Code   RO         3259    i.llm_util_aa_gen   qn9020b2_lib_allroles.lib(lib.o)
    0x10006f44   0x00000148   Code   RO           15    i.main              app_main.o
    0x1000708c   0x00000040   Code   RO         3260    i.nvds_copy         qn9020b2_lib_allroles.lib(lib.o)
    0x100070cc   0x0000002c   Code   RO         3261    i.nvds_erase        qn9020b2_lib_allroles.lib(lib.o)
    0x100070f8   0x00000094   Code   RO         3263    i.nvds_read         qn9020b2_lib_allroles.lib(lib.o)
    0x1000718c   0x00000070   Code   RO         3264    i.nvds_restore_backup  qn9020b2_lib_allroles.lib(lib.o)
    0x100071fc   0x0000004e   Code   RO         3265    i.nvds_write        qn9020b2_lib_allroles.lib(lib.o)
    0x1000724a   0x00000002   PAD
    0x1000724c   0x00000314   Code   RO         3267    i.plf_init          qn9020b2_lib_allroles.lib(lib.o)
    0x10007560   0x00000010   Code   RO         3268    i.plf_reset_cb      qn9020b2_lib_allroles.lib(lib.o)
    0x10007570   0x00000150   Code   RO         3269    i.powerup_calibration  qn9020b2_lib_allroles.lib(lib.o)
    0x100076c0   0x00000002   Code   RO         2049    i.prf_dispatch_disconnect  prf_utils.o
    0x100076c2   0x00000002   Code   RO         2052    i.prf_init          prf_utils.o
    0x100076c4   0x00000020   Code   RO           16    i.prf_register      app_main.o
    0x100076e4   0x00000054   Code   RO         3272    i.restore_ble_setting  qn9020b2_lib_allroles.lib(lib.o)
    0x10007738   0x00000024   Code   RO         3273    i.rwble_slot_2_lpcycles  qn9020b2_lib_allroles.lib(lib.o)
    0x1000775c   0x00000030   Code   RO         3274    i.sector_erase_flash_patch  qn9020b2_lib_allroles.lib(lib.o)
    0x1000778c   0x00000010   Code   RO         3276    i.set_dbg_info      qn9020b2_lib_allroles.lib(lib.o)
    0x1000779c   0x00000038   Code   RO         2574    i.sleep_cb          sleep.o
    0x100077d4   0x00000034   Code   RO         2575    i.sleep_init        sleep.o
    0x10007808   0x0000005a   Code   RO         3277    i.sleep_post_process  qn9020b2_lib_allroles.lib(lib.o)
    0x10007862   0x00000002   PAD
    0x10007864   0x00000058   Code   RO         3278    i.smp_rtx_ind_handler_patch  qn9020b2_lib_allroles.lib(lib.o)
    0x100078bc   0x0000003c   Code   RO          294    i.spi_clock_off     system.o
    0x100078f8   0x0000002c   Code   RO         3012    i.spi_rx_data       spi.o
    0x10007924   0x00000014   Code   RO         3013    i.spi_rx_int_enable  spi.o
    0x10007938   0x00000006   Code   RO         3014    i.spi_spi_GetSR     spi.o
    0x1000793e   0x00000016   Code   RO         3015    i.spi_spi_SetCR0WithMask  spi.o
    0x10007954   0x00000004   Code   RO         3016    i.spi_spi_SetTXD    spi.o
    0x10007958   0x00000040   Code   RO         3018    i.spi_tx_data       spi.o
    0x10007998   0x00000050   Code   RO         3019    i.spi_tx_int_enable  spi.o
    0x100079e8   0x00000016   Code   RO          295    i.syscon_SetCMDCRWithMask  system.o
    0x100079fe   0x00000016   Code   RO         2576    i.syscon_SetCMDCRWithMask  sleep.o
    0x10007a14   0x00000016   Code   RO         2675    i.syscon_SetCMDCRWithMask  syscon.o
    0x10007a2a   0x00000004   Code   RO          296    i.syscon_SetCRSC    system.o
    0x10007a2e   0x00000004   Code   RO         2254    i.syscon_SetCRSC    uart.o
    0x10007a32   0x00000004   Code   RO          297    i.syscon_SetCRSS    system.o
    0x10007a36   0x0000001a   Code   RO         2577    i.syscon_SetIvrefX32WithMask  sleep.o
    0x10007a50   0x0000000e   Code   RO         3279    i.syscon_SetIvrefX32WithMask  qn9020b2_lib_allroles.lib(lib.o)
    0x10007a5e   0x0000001a   Code   RO         2578    i.syscon_SetPGCR0WithMask  sleep.o
    0x10007a78   0x0000001a   Code   RO          298    i.syscon_SetPGCR1WithMask  system.o
    0x10007a92   0x0000001a   Code   RO         2579    i.syscon_SetPGCR1WithMask  sleep.o
    0x10007aac   0x0000001a   Code   RO         2676    i.syscon_SetPGCR1WithMask  syscon.o
    0x10007ac6   0x0000000e   Code   RO         3280    i.syscon_SetPGCR1WithMask  qn9020b2_lib_allroles.lib(lib.o)
    0x10007ad4   0x0000001a   Code   RO         2580    i.syscon_SetPGCR2WithMask  sleep.o
    0x10007aee   0x0000000e   Code   RO         3281    i.syscon_SetPGCR2WithMask  qn9020b2_lib_allroles.lib(lib.o)
    0x10007afc   0x0000000e   Code   RO         3282    i.syscon_SetXtalBuckWithMask  qn9020b2_lib_allroles.lib(lib.o)
    0x10007b0a   0x00000002   PAD
    0x10007b0c   0x0000004c   Code   RO         2681    i.syscon_set_ahb_clk  syscon.o
    0x10007b58   0x00000048   Code   RO         2682    i.syscon_set_apb_clk  syscon.o
    0x10007ba0   0x0000004c   Code   RO         2683    i.syscon_set_ble_clk  syscon.o
    0x10007bec   0x000000e8   Code   RO         2684    i.syscon_set_sysclk_src  syscon.o
    0x10007cd4   0x00000038   Code   RO         2685    i.syscon_set_timer_clk  syscon.o
    0x10007d0c   0x00000084   Code   RO         2686    i.syscon_set_usart_clk  syscon.o
    0x10007d90   0x0000003c   Code   RO          918    i.task_app_desc_register  app_task.o
    0x10007dcc   0x00000160   Code   RO         3283    i.task_gap_desc_register  qn9020b2_lib_allroles.lib(lib.o)
    0x10007f2c   0x000000cc   Code   RO         3284    i.task_gatt_desc_register  qn9020b2_lib_allroles.lib(lib.o)
    0x10007ff8   0x00000040   Code   RO          299    i.timer_clock_off   system.o
    0x10008038   0x00000004   Code   RO         2780    i.timer_timer_ClrIntFlag  timer.o
    0x1000803c   0x00000006   Code   RO         2781    i.timer_timer_GetIntFlag  timer.o
    0x10008042   0x00000002   PAD
    0x10008044   0x0000003c   Code   RO          300    i.uart_clock_off    system.o
    0x10008080   0x000000cc   Code   RO         2262    i.uart_init         uart.o
    0x1000814c   0x00000078   Code   RO         2264    i.uart_process_tx_byte  uart.o
    0x100081c4   0x0000004c   Code   RO         2265    i.uart_read         uart.o
    0x10008210   0x00000042   Code   RO         2266    i.uart_receive_data  uart.o
    0x10008252   0x00000016   Code   RO         2267    i.uart_rx_int_enable  uart.o
    0x10008268   0x00000050   Code   RO         2269    i.uart_tx_int_enable  uart.o
    0x100082b8   0x00000004   Code   RO         2270    i.uart_uart_ClrIntFlag  uart.o
    0x100082bc   0x00000006   Code   RO         2271    i.uart_uart_GetIntFlag  uart.o
    0x100082c2   0x00000016   Code   RO          301    i.uart_uart_SetCRWithMask  system.o
    0x100082d8   0x00000016   Code   RO         2272    i.uart_uart_SetCRWithMask  uart.o
    0x100082ee   0x00000004   Code   RO         2273    i.uart_uart_SetTXD  uart.o
    0x100082f2   0x00000002   Code   RO          418    i.usr_init          usr_design.o
    0x100082f4   0x00000004   Code   RO         2581    i.usr_sleep         sleep.o
    0x100082f8   0x00000002   Code   RO          419    i.usr_sleep_restore  usr_design.o
    0x100082fa   0x00000002   PAD
    0x100082fc   0x00000070   Code   RO         2583    i.wakeup_by_sleep_timer  sleep.o
    0x1000836c   0x00000208   Data   RO          919    .constdata          app_task.o
    0x10008574   0x00000033   Data   RO         2276    .constdata          uart.o
    0x100085a7   0x00000001   PAD
    0x100085a8   0x00000028   Data   RO         3286    .constdata          qn9020b2_lib_allroles.lib(lib.o)
    0x100085d0   0x00000081   Data   RO         3706    .constdata          mc_p.l(ctype_o.o)
    0x10008651   0x00000003   PAD
    0x10008654   0x00000004   Data   RO         3707    .constdata          mc_p.l(ctype_o.o)
    0x10008658   0x00000045   Data   RO         1365    .conststring        app_gap_task.o
    0x1000869d   0x00000003   PAD
    0x100086a0   0x000000ee   Data   RO         1641    .conststring        app_gatt_task.o
    0x1000878e   0x00000002   PAD
    0x10008790   0x00000055   Data   RO         1822    .conststring        app_smp_task.o
    0x100087e5   0x00000003   PAD
    0x100087e8   0x00000010   Data   RO         3737    Region$$Table       anon$$obj.o
    0x100087f8   0x00000050   Data   RW          647    .data               app_menu.o
    0x10008848   0x00000002   Data   RW          920    .data               app_task.o
    0x1000884a   0x00000008   Data   RW         1366    .data               app_gap_task.o
    0x10008852   0x00000001   Data   RW         1642    .data               app_gatt_task.o
    0x10008853   0x00000001   PAD
    0x10008854   0x00000004   Data   RW         2449    .data               gpio.o
    0x10008858   0x00000019   Data   RW         2584    .data               sleep.o
    0x10008871   0x00000003   PAD
    0x10008874   0x0000000c   Data   RW         2687    .data               syscon.o
    0x10008880   0x00000018   Data   RW         2785    .data               timer.o
    0x10008898   0x00000004   Data   RW         2914    .data               dma.o
    0x1000889c   0x00000008   Data   RW         3164    .data               retarget.o
    0x100088a4   0x00000048   Data   RW         3287    .data               qn9020b2_lib_allroles.lib(lib.o)
    0x100088ec   0x00000004   Data   RW         3374    .data               mc_p.l(rand.o)
    0x100088f0   0x00000004   Data   RW         3686    .data               mc_p.l(errno.o)
    0x100088f4   0x00000b24   Zero   RW           17    .bss                app_main.o
    0x10009418   0x000004f0   Zero   RW          570    .bss                app_env.o
    0x10009908   0x000015f4   Zero   RW          646    .bss                app_menu.o
    0x1000aefc   0x00000100   Zero   RW          891    .bss                app_sys.o
    0x1000affc   0x00000140   Zero   RW         2275    .bss                uart.o
    0x1000b13c   0x00000038   Zero   RW         3022    .bss                spi.o
    0x1000b174   0x00000890   Zero   RW         3285    .bss                qn9020b2_lib_allroles.lib(lib.o)
    0x1000ba04   0x00000004   PAD
    0x1000ba08   0x00000200   Zero   RW            1    STACK               startup.o


==============================================================================

Image component sizes


      Code (inc. data)   RO Data    RW Data    ZI Data      Debug   Object Name

       452         78          0          0       1264       4684   app_env.o
       956        166          0          0          0      10737   app_gap.o
      3074        908         69          8          0      23963   app_gap_task.o
       224         26          0          0          0       3443   app_gatt.o
      2404       1050        238          1          0      17395   app_gatt_task.o
       360         46          0          0       2852      97663   app_main.o
      8284       3054          0         80       5620      25997   app_menu.o
        68          6          0          0          0        898   app_qppc.o
       336         48          0          0          0       3778   app_smp.o
      1114        200         85          0          0       6547   app_smp_task.o
       180         32          0          0        256       1559   app_sys.o
       128         26        520          2          0       1965   app_task.o
      1272        114          0          0          0      14934   app_util.o
        96         14          0          4          0      15665   dma.o
       210         14          0          4          0      20006   gpio.o
       126         12          0          0          0       1049   led.o
         4          0          0          0          0       1045   prf_utils.o
        14          0          0          8          0       2398   retarget.o
       622         58          0         25          0      23874   sleep.o
       532         28          0          0         56      20350   spi.o
        48         14        192          0        512        840   startup.o
       692         80          0         12          0      20263   syscon.o
       774         90          0          0          0      35120   system.o
       286         24          0         24          0      18143   timer.o
      1012         96         51          0        320      34104   uart.o
         6          0          0          0          0       1330   usr_design.o

    ----------------------------------------------------------------------
     23302       6184       1180        172      10880     407750   Object Totals
         0          0         16          0          0          0   (incl. Generated)
        28          0          9          4          0          0   (incl. Padding)

    ----------------------------------------------------------------------

      Code (inc. data)   RO Data    RW Data    ZI Data      Debug   Library Member Name

        30          0          0          0          0         60   _chval.o
       166          0          0          0          0         84   _strtoul.o
        26          0          0          0          0         72   atoi.o
         8          4        133          0          0         60   ctype_o.o
         0          0          0          0          0          0   entry.o
         0          0          0          0          0          0   entry10a.o
         0          0          0          0          0          0   entry11a.o
         8          4          0          0          0          0   entry2.o
         4          0          0          0          0          0   entry5.o
         0          0          0          0          0          0   entry7b.o
         0          0          0          0          0          0   entry8b.o
         8          4          0          0          0          0   entry9a.o
         8          4          0          4          0         60   errno.o
        30          0          0          0          0          0   handlers.o
        36          8          0          0          0         68   init.o
         0          0          0          0          0          0   iusefp.o
        32          0          0          0          0         68   llshl.o
        38          0          0          0          0         68   llsshr.o
        34          0          0          0          0         68   llushr.o
        26          0          0          0          0         72   memcmp.o
        36          0          0          0          0         60   memcpya.o
        36          0          0          0          0        100   memseta.o
      1172         52          0          0          0        324   printf8.o
        36         12          0          4          0        120   rand.o
        18          0          0          0          0         60   strcpy.o
        30          0          0          0          0         72   strncmp.o
       112          4          0          0          0         76   strtol.o
        44          0          0          0          0         72   uidiv.o
        40          2          0          0          0         68   cdcmple.o
       356          4          0          0          0        140   dadd.o
       236          0          0          0          0        216   depilogue.o
        72         10          0          0          0         72   dfixi.o
        40          6          0          0          0         68   dflti.o
        28          4          0          0          0         68   dfltui.o
       208          6          0          0          0         88   dmul.o
      6790       1130         40         72       2192       4316   lib.o
       430          0          0          0          0        116   math.o

    ----------------------------------------------------------------------
     10150       1254        176         80       2196       6716   Library Totals
        12          0          3          0          4          0   (incl. Padding)

    ----------------------------------------------------------------------

      Code (inc. data)   RO Data    RW Data    ZI Data      Debug   Library Name

      1938         92        133          8          0       1564   mc_p.l
       980         32          0          0          0        720   mf_p.l
      7220       1130         40         72       2192       4432   qn9020b2_lib_allroles.lib

    ----------------------------------------------------------------------
     10150       1254        176         80       2196       6716   Library Totals

    ----------------------------------------------------------------------

==============================================================================


      Code (inc. data)   RO Data    RW Data    ZI Data      Debug   

     33452       7438       1356        252      13076     400566   Grand Totals
     33452       7438       1356        252      13076     400566   ELF Image Totals
     33452       7438       1356        252          0          0   ROM Totals

==============================================================================

    Total RO  Size (Code + RO Data)                34808 (  33.99kB)
    Total RW  Size (RW Data + ZI Data)             13328 (  13.02kB)
    Total ROM Size (Code + RO Data + RW Data)      35060 (  34.24kB)

==============================================================================

